DEBUG:paramiko.transport:starting thread (client mode): 0xfc4e8a90
DEBUG:paramiko.transport:Local version/idstring: SSH-2.0-paramiko_2.7.2
DEBUG:paramiko.transport:Remote version/idstring: SSH-1.99-Cisco-2.0
INFO:paramiko.transport:Connected (version 1.99, client Cisco-2.0)
DEBUG:paramiko.transport:kex algos:['ecdh-sha2-nistp521', 'ecdh-sha2-nistp384', 'ecdh-sha2-nistp256', 'diffie-hellman-group14-sha1'] server key:['ssh-rsa'] client encrypt:['aes128-ctr', 'aes192-ctr', 'aes256-ctr', 'aes128-gcm@openssh.com', 'aes256-gcm@openssh.com'] server encrypt:['aes128-ctr', 'aes192-ctr', 'aes256-ctr', 'aes128-gcm@openssh.com', 'aes256-gcm@openssh.com'] client mac:['hmac-sha2-512', 'hmac-sha2-256', 'hmac-sha1'] server mac:['hmac-sha2-512', 'hmac-sha2-256', 'hmac-sha1'] client compress:['none'] server compress:['none'] client lang:[''] server lang:[''] kex follows?False
DEBUG:paramiko.transport:Kex agreed: ecdh-sha2-nistp256
DEBUG:paramiko.transport:HostKey agreed: ssh-rsa
DEBUG:paramiko.transport:Cipher agreed: aes128-ctr
DEBUG:paramiko.transport:MAC agreed: hmac-sha2-256
DEBUG:paramiko.transport:Compression agreed: none
DEBUG:paramiko.transport:kex engine KexNistp256 specified hash_algo <built-in function openssl_sha256>
DEBUG:paramiko.transport:Switch to new keys ...
DEBUG:paramiko.transport:Adding ssh-rsa host key for [10.10.20.70]:2231: b'0b7fe057af98893860da3ac18b449501'
DEBUG:paramiko.transport:userauth is OK
INFO:paramiko.transport:Authentication (password) successful!
DEBUG:paramiko.transport:[chan 0] Max packet in: 32768 bytes
DEBUG:paramiko.transport:[chan 0] Max packet out: 32768 bytes
DEBUG:paramiko.transport:Secsh channel 0 opened.
DEBUG:paramiko.transport:[chan 0] Sesch channel 0 request ok
DEBUG:paramiko.transport:[chan 0] Sesch channel 0 request ok
DEBUG:netmiko:read_channel: 


DEBUG:netmiko:read_channel: 
DEBUG:netmiko:read_channel: RP/0/RP0/CPU0:r2#
DEBUG:netmiko:read_channel: 
DEBUG:netmiko:read_channel: 
DEBUG:netmiko:read_channel: 
DEBUG:netmiko:write_channel: b'\n'
DEBUG:netmiko:read_channel: 
DEBUG:netmiko:read_channel: 
DEBUG:netmiko:write_channel: b'\n'
DEBUG:netmiko:read_channel: 
DEBUG:netmiko:write_channel: b'\n'
DEBUG:netmiko:read_channel: 
DEBUG:netmiko:write_channel: b'\n'
DEBUG:netmiko:read_channel: 
DEBUG:netmiko:write_channel: b'\n'
DEBUG:netmiko:read_channel: 
DEBUG:netmiko:write_channel: b'\n'
DEBUG:netmiko:read_channel: 
DEBUG:netmiko:write_channel: b'\n'
DEBUG:netmiko:read_channel: 
DEBUG:netmiko:write_channel: b'\n'
DEBUG:netmiko:read_channel: 
DEBUG:netmiko:write_channel: b'\n'
DEBUG:netmiko:read_channel: 
DEBUG:netmiko:write_channel: b'\n'
DEBUG:netmiko:read_channel: 
DEBUG:netmiko:write_channel: b'\n'
DEBUG:netmiko:read_channel: 
DEBUG:netmiko:write_channel: b'\n'
DEBUG:netmiko:write_channel: b'\n'
DEBUG:netmiko:Pattern is: [#\$]
DEBUG:netmiko:_read_channel_expect read_data: 

DEBUG:netmiko:_read_channel_expect read_data: RP/0/RP0/CPU0:r2#
DEBUG:netmiko:Pattern found: [#\$] 
RP/0/RP0/CPU0:r2#
DEBUG:netmiko:write_channel: b'exit\n'
DEBUG:paramiko.transport:starting thread (client mode): 0xf28dcba8
DEBUG:paramiko.transport:Local version/idstring: SSH-2.0-paramiko_2.7.2
DEBUG:paramiko.transport:Remote version/idstring: SSH-1.99-Cisco-2.0
INFO:paramiko.transport:Connected (version 1.99, client Cisco-2.0)
DEBUG:paramiko.transport:kex algos:['ecdh-sha2-nistp521', 'ecdh-sha2-nistp384', 'ecdh-sha2-nistp256', 'diffie-hellman-group14-sha1'] server key:['ssh-rsa'] client encrypt:['aes128-ctr', 'aes192-ctr', 'aes256-ctr', 'aes128-gcm@openssh.com', 'aes256-gcm@openssh.com'] server encrypt:['aes128-ctr', 'aes192-ctr', 'aes256-ctr', 'aes128-gcm@openssh.com', 'aes256-gcm@openssh.com'] client mac:['hmac-sha2-512', 'hmac-sha2-256', 'hmac-sha1'] server mac:['hmac-sha2-512', 'hmac-sha2-256', 'hmac-sha1'] client compress:['none'] server compress:['none'] client lang:[''] server lang:[''] kex follows?False
DEBUG:paramiko.transport:Kex agreed: ecdh-sha2-nistp256
DEBUG:paramiko.transport:HostKey agreed: ssh-rsa
DEBUG:paramiko.transport:Cipher agreed: aes128-ctr
DEBUG:paramiko.transport:MAC agreed: hmac-sha2-256
DEBUG:paramiko.transport:Compression agreed: none
DEBUG:paramiko.transport:kex engine KexNistp256 specified hash_algo <built-in function openssl_sha256>
DEBUG:paramiko.transport:Switch to new keys ...
DEBUG:paramiko.transport:Adding ssh-rsa host key for [10.10.20.70]:2231: b'0b7fe057af98893860da3ac18b449501'
DEBUG:paramiko.transport:userauth is OK
INFO:paramiko.transport:Authentication (password) successful!
DEBUG:paramiko.transport:[chan 0] Max packet in: 32768 bytes
DEBUG:paramiko.transport:[chan 0] Max packet out: 32768 bytes
DEBUG:paramiko.transport:Secsh channel 0 opened.
DEBUG:paramiko.transport:[chan 0] Sesch channel 0 request ok
DEBUG:paramiko.transport:[chan 0] Sesch channel 0 request ok
DEBUG:netmiko:read_channel: 

RP/0/RP0/CPU0:r2#
DEBUG:netmiko:read_channel: 
DEBUG:netmiko:read_channel: 
DEBUG:netmiko:read_channel: 
DEBUG:netmiko:write_channel: b'\n'
DEBUG:netmiko:read_channel: 
DEBUG:netmiko:read_channel: 
DEBUG:netmiko:write_channel: b'\n'
DEBUG:netmiko:read_channel: 
DEBUG:netmiko:write_channel: b'\n'
DEBUG:netmiko:read_channel: 
RP/0/RP0/CPU0:r2#
DEBUG:netmiko:read_channel: 
DEBUG:netmiko:read_channel: 
DEBUG:netmiko:In disable_paging
DEBUG:netmiko:Command: terminal length 0

DEBUG:netmiko:write_channel: b'terminal length 0\n'
DEBUG:netmiko:Pattern is: RP\/0\/RP0\/CPU0\:r2
DEBUG:netmiko:_read_channel_expect read_data: 

DEBUG:netmiko:_read_channel_expect read_data: RP/0/RP0/CPU0:r2#
RP/0/RP0/CPU0:r2#
DEBUG:netmiko:Pattern found: RP\/0\/RP0\/CPU0\:r2 
RP/0/RP0/CPU0:r2#
RP/0/RP0/CPU0:r2#
DEBUG:netmiko:
RP/0/RP0/CPU0:r2#
RP/0/RP0/CPU0:r2#
DEBUG:netmiko:Exiting disable_paging
DEBUG:netmiko:write_channel: b'terminal width 511\n'
DEBUG:netmiko:Pattern is: RP\/0\/RP0\/CPU0\:r2
DEBUG:netmiko:_read_channel_expect read_data: terminal length 0

DEBUG:netmiko:_read_channel_expect read_data: Tue Oct 13 11:22:56.754 UTC
RP/0/RP0/CPU0:r2#
DEBUG:netmiko:Pattern found: RP\/0\/RP0\/CPU0\:r2 terminal length 0
Tue Oct 13 11:22:56.754 UTC
RP/0/RP0/CPU0:r2#
DEBUG:netmiko:read_channel: terminal width 511
Tue Oct 13 11:22:57.090 UTC

DEBUG:netmiko:read_channel: 
DEBUG:netmiko:write_channel: b'\n'
DEBUG:netmiko:read_channel: RP/0/RP0/CPU0:r2#
DEBUG:netmiko:read_channel: 
DEBUG:netmiko:read_channel: 
DEBUG:netmiko:write_channel: b'xml\n'
DEBUG:netmiko:read_channel: 
RP/0/RP0/CPU0:r2#
DEBUG:netmiko:read_channel: 
DEBUG:netmiko:read_channel: xml
Tue Oct 13 11:22:57.691 UTC
XML> 
DEBUG:netmiko:read_channel: 
DEBUG:netmiko:read_channel: 
DEBUG:netmiko:read_channel: 
DEBUG:netmiko:write_channel: b'<?xml version="1.0" encoding="UTF-8"?><Request MajorVersion="1" MinorVersion="0"><Lock/></Request>\n'
DEBUG:netmiko:read_channel: 
DEBUG:netmiko:read_channel: 
DEBUG:netmiko:read_channel: <?xml version="1.0" encoding="UTF-8"?>
<Response MajorVersion="1" MinorVersion="0"><Lock/><ResultSummary ErrorCount="0"/></Response>
XML> 
DEBUG:netmiko:read_channel: 
DEBUG:netmiko:write_channel: b'<?xml version="1.0" encoding="UTF-8"?><Request MajorVersion="1" MinorVersion="0"><CLI><Configuration>\n\ninterface MgmtEth0/RP0/CPU0/0\n description *** MANAGEMENT INTERFACE ***\n ipv4 address dhcp\n!\ninterface GigabitEthernet0/0/0/0\n shutdown\n!\ninterface GigabitEthernet0/0/0/1\n shutdown\n!\ninterface GigabitEthernet0/0/0/2\n shutdown\n!\ninterface GigabitEthernet0/0/0/3\n shutdown\n!\ninterface GigabitEthernet0/0/0/4\n shutdown\n!\nrouter static\n address-family ipv4 unicast\n  0.0.0.0/0 192.168.122.1\n !\n!\nxml agent\n!\nnetconf-yang agent\n ssh\n!\nssh server v2\nssh server netconf vrf default\nend\n\n</Configuration></CLI></Request>\n'
DEBUG:netmiko:read_channel: 
DEBUG:netmiko:read_channel: 
DEBUG:netmiko:read_channel: <?xml version="1.0" encoding="UTF-8"?>
<Response MajorVersion="1" MinorVersion="0"><CLI><Configuration/></CLI><ResultSummary ErrorCount="0"/></Response>
XML> 
DEBUG:netmiko:read_channel: 
DEBUG:netmiko:write_channel: b'<?xml version="1.0" encoding="UTF-8"?><Request MajorVersion="1" MinorVersion="0"><CLI><Configuration>show configuration changes diff</Configuration></CLI></Request>\n'
DEBUG:netmiko:read_channel: 
DEBUG:netmiko:read_channel: 
DEBUG:netmiko:read_channel: 
DEBUG:netmiko:read_channel: 
DEBUG:netmiko:read_channel: 
DEBUG:netmiko:read_channel: <?xml version="1.0" encoding="UTF-8"?>
<Response MajorVersion="1" MinorVersion="0"><CLI><Configuration>
Building configuration...
!! IOS XR Configuration version = 6.4.1
-  hostname r2
-  banner motd ;
--------------------------------------------------------------------------
  Router 2 (Cisco IOS XR Sandbox)
--------------------------------------------------------------------------
;
-  service timestamps log datetime msec
-  service timestamps debug datetime msec
-  username admin
-   group root-lr
-   group cisco-support
-   secret 5 $1$A4C9$oaNorr6BXDruE4gDd086L.
-  !
-  line console
-   timestamp disable
-   exec-timeout 0 0
-  !
-  call-home
-   service active
-   contact smart-licensing
-   profile CiscoTAC-1
-    active
-    destination transport-method email
-    destination transport-method http
-   !
-  !
-  xml agent tty
-   iteration off
-  !
+  xml agent
+  !
end

</Configuration></CLI><ResultSummary ErrorCount="0"/></Response>
XML> 
DEBUG:netmiko:read_channel: 
DEBUG:netmiko:write_channel: b'<?xml version="1.0" encoding="UTF-8"?><Request MajorVersion="1" MinorVersion="0"><Clear/></Request>\n'
DEBUG:netmiko:read_channel: 
DEBUG:netmiko:read_channel: 
DEBUG:netmiko:read_channel: <?xml version="1.0" encoding="UTF-8"?>
<Response MajorVersion="1" MinorVersion="0"><Clear/><ResultSummary ErrorCount="0"/></Response>
DEBUG:netmiko:read_channel: 
DEBUG:netmiko:read_channel: 
DEBUG:netmiko:read_channel: 
XML> 
DEBUG:netmiko:read_channel: 
DEBUG:netmiko:write_channel: b'<?xml version="1.0" encoding="UTF-8"?><Request MajorVersion="1" MinorVersion="0"><Unlock/></Request>\n'
DEBUG:netmiko:read_channel: 
DEBUG:netmiko:read_channel: 
DEBUG:netmiko:read_channel: 
DEBUG:netmiko:read_channel: 
DEBUG:netmiko:read_channel: <?xml version="1.0" encoding="UTF-8"?>
<Response MajorVersion="1" MinorVersion="0"><Unlock/><ResultSummary ErrorCount="0"/></Response>
XML> 
DEBUG:paramiko.transport:[chan 0] EOF sent (0)
DEBUG:paramiko.transport:starting thread (client mode): 0xbfb92ba8
DEBUG:paramiko.transport:Local version/idstring: SSH-2.0-paramiko_2.7.2
DEBUG:paramiko.transport:Remote version/idstring: SSH-1.99-Cisco-2.0
INFO:paramiko.transport:Connected (version 1.99, client Cisco-2.0)
DEBUG:paramiko.transport:kex algos:['ecdh-sha2-nistp521', 'ecdh-sha2-nistp384', 'ecdh-sha2-nistp256', 'diffie-hellman-group14-sha1'] server key:['ssh-rsa'] client encrypt:['aes128-ctr', 'aes192-ctr', 'aes256-ctr', 'aes128-gcm@openssh.com', 'aes256-gcm@openssh.com'] server encrypt:['aes128-ctr', 'aes192-ctr', 'aes256-ctr', 'aes128-gcm@openssh.com', 'aes256-gcm@openssh.com'] client mac:['hmac-sha2-512', 'hmac-sha2-256', 'hmac-sha1'] server mac:['hmac-sha2-512', 'hmac-sha2-256', 'hmac-sha1'] client compress:['none'] server compress:['none'] client lang:[''] server lang:[''] kex follows?False
DEBUG:paramiko.transport:Kex agreed: ecdh-sha2-nistp256
DEBUG:paramiko.transport:HostKey agreed: ssh-rsa
DEBUG:paramiko.transport:Cipher agreed: aes128-ctr
DEBUG:paramiko.transport:MAC agreed: hmac-sha2-256
DEBUG:paramiko.transport:Compression agreed: none
DEBUG:paramiko.transport:kex engine KexNistp256 specified hash_algo <built-in function openssl_sha256>
DEBUG:paramiko.transport:Switch to new keys ...
DEBUG:paramiko.transport:Adding ssh-rsa host key for [10.10.20.70]:2231: b'0b7fe057af98893860da3ac18b449501'
DEBUG:paramiko.transport:userauth is OK
INFO:paramiko.transport:Authentication (password) successful!
DEBUG:paramiko.transport:[chan 0] Max packet in: 32768 bytes
DEBUG:paramiko.transport:[chan 0] Max packet out: 32768 bytes
DEBUG:paramiko.transport:Secsh channel 0 opened.
DEBUG:paramiko.transport:[chan 0] Sesch channel 0 request ok
DEBUG:paramiko.transport:[chan 0] Sesch channel 0 request ok
DEBUG:netmiko:read_channel: 

RP/0/RP0/CPU0:r2#
DEBUG:netmiko:read_channel: 
DEBUG:netmiko:read_channel: 
DEBUG:netmiko:read_channel: 
DEBUG:netmiko:write_channel: b'\n'
DEBUG:netmiko:read_channel: 
DEBUG:netmiko:read_channel: 
DEBUG:netmiko:write_channel: b'\n'
DEBUG:netmiko:read_channel: 
DEBUG:netmiko:write_channel: b'\n'
DEBUG:netmiko:read_channel: 

DEBUG:netmiko:write_channel: b'\n'
DEBUG:netmiko:read_channel: 
DEBUG:netmiko:write_channel: b'\n'
DEBUG:netmiko:read_channel: 
DEBUG:netmiko:write_channel: b'\n'
DEBUG:netmiko:read_channel: 
DEBUG:netmiko:write_channel: b'\n'
DEBUG:netmiko:read_channel: 
DEBUG:netmiko:write_channel: b'\n'
DEBUG:netmiko:read_channel: 
DEBUG:netmiko:write_channel: b'\n'
DEBUG:netmiko:read_channel: RP/0/RP0/CPU0:r2#
RP/0/RP0/CPU0:r2#
RP/0/RP0/CPU0:r2#

DEBUG:netmiko:read_channel: 
DEBUG:netmiko:read_channel: 
DEBUG:netmiko:In disable_paging
DEBUG:netmiko:Command: terminal length 0

DEBUG:netmiko:write_channel: b'terminal length 0\n'
DEBUG:netmiko:Pattern is: RP\/0\/RP0\/CPU0\:r2
DEBUG:netmiko:_read_channel_expect read_data: RP/0/RP0/CPU0:r2#
RP/0/RP0/CPU0:r2#
RP/0/RP0/CPU0:r2#
RP/0/RP0/CPU0:r2#
DEBUG:netmiko:Pattern found: RP\/0\/RP0\/CPU0\:r2 RP/0/RP0/CPU0:r2#
RP/0/RP0/CPU0:r2#
RP/0/RP0/CPU0:r2#
RP/0/RP0/CPU0:r2#
DEBUG:netmiko:RP/0/RP0/CPU0:r2#
RP/0/RP0/CPU0:r2#
RP/0/RP0/CPU0:r2#
RP/0/RP0/CPU0:r2#
DEBUG:netmiko:Exiting disable_paging
DEBUG:netmiko:write_channel: b'terminal width 511\n'
DEBUG:netmiko:Pattern is: RP\/0\/RP0\/CPU0\:r2
DEBUG:netmiko:_read_channel_expect read_data: 
RP/0/RP0/CPU0:r2#
DEBUG:netmiko:Pattern found: RP\/0\/RP0\/CPU0\:r2 
RP/0/RP0/CPU0:r2#
DEBUG:netmiko:read_channel: 
RP/0/RP0/CPU0:r2#terminal length 0
Tue Oct 13 11:24:41.622 UTC
RP/0/RP0/CPU0:r2#terminal width 511

DEBUG:netmiko:read_channel: 
DEBUG:netmiko:write_channel: b'\n'
DEBUG:netmiko:read_channel: 
DEBUG:netmiko:read_channel: 
DEBUG:netmiko:write_channel: b'\n'
DEBUG:netmiko:read_channel: Tue Oct 13 11:24:41.916 UTC
RP/0/RP0/CPU0:r2#
DEBUG:netmiko:read_channel: 
DEBUG:netmiko:read_channel: 
DEBUG:netmiko:write_channel: b'xml\n'
DEBUG:netmiko:read_channel: 
DEBUG:netmiko:read_channel: 
RP/0/RP0/CPU0:r2#
RP/0/RP0/CPU0:r2#xml
Tue Oct 13 11:24:43.162 UTC
XML> 
DEBUG:netmiko:read_channel: 
DEBUG:netmiko:read_channel: 
DEBUG:netmiko:read_channel: 
DEBUG:netmiko:write_channel: b'<?xml version="1.0" encoding="UTF-8"?><Request MajorVersion="1" MinorVersion="0"><Lock/></Request>\n'
DEBUG:netmiko:read_channel: 
DEBUG:netmiko:read_channel: 
DEBUG:netmiko:read_channel: 
DEBUG:netmiko:read_channel: 
DEBUG:netmiko:read_channel: 
DEBUG:netmiko:read_channel: 
DEBUG:netmiko:read_channel: 
DEBUG:netmiko:read_channel: <?xml version="1.0" encoding="UTF-8"?>
<Response MajorVersion="1" MinorVersion="0"><Lock/><ResultSummary ErrorCount="0"/></Response>
XML> 
DEBUG:netmiko:read_channel: 
DEBUG:netmiko:write_channel: b'<?xml version="1.0" encoding="UTF-8"?><Request MajorVersion="1" MinorVersion="0"><CLI><Configuration>\nTue Oct 13 11:02:09.728 UTC\nBuilding configuration...\n!! IOS XR Configuration version = 6.4.1\n!! Last configuration change at Tue Oct 13 09:23:43 2020 by admin\n!\nhostname r2\nbanner motd ;\n--------------------------------------------------------------------------\n  Router 2 (Cisco IOS XR Sandbox)\n--------------------------------------------------------------------------\n;\nservice timestamps log datetime msec\nservice timestamps debug datetime msec\nusername admin\n group root-lr\n group cisco-support\n secret 5 $1$A4C9$oaNorr6BXDruE4gDd086L.\n!\nline console\n timestamp disable\n exec-timeout 0 0\n!\ncall-home\n service active\n contact smart-licensing\n profile CiscoTAC-1\n  active\n  destination transport-method http\n !\n!\ninterface MgmtEth0/RP0/CPU0/0\n description *** MANAGEMENT INTERFACE ***\n ipv4 address dhcp\n!\ninterface GigabitEthernet0/0/0/0\n shutdown\n!\ninterface GigabitEthernet0/0/0/1\n shutdown\n!\ninterface GigabitEthernet0/0/0/2\n shutdown\n!\ninterface GigabitEthernet0/0/0/3\n shutdown\n!\ninterface GigabitEthernet0/0/0/4\n shutdown\n!\nrouter static\n address-family ipv4 unicast\n  0.0.0.0/0 192.168.122.1\n !\n!\nxml agent tty\n iteration off\n!\nnetconf-yang agent\n ssh\n!\nssh server v2\nssh server netconf vrf default\nend\n</Configuration></CLI></Request>\n'
DEBUG:netmiko:read_channel: 
DEBUG:netmiko:read_channel: 
DEBUG:netmiko:read_channel: 
DEBUG:netmiko:read_channel: <?xml version="1.0" encoding="UTF-8"?>
<Response MajorVersion="1" MinorVersion="0"><CLI><Configuration>
Tue Oct 13 11:02:09.728 UTC
 ^
% Invalid input detected at &apos;^&apos; marker.
Building configuration...
  ^
% Invalid input detected at &apos;^&apos; marker.
</Configuration></CLI><ResultSummary ErrorCount="0"/></Response>
XML> 
DEBUG:netmiko:read_channel: 
DEBUG:netmiko:write_channel: b'<?xml version="1.0" encoding="UTF-8"?><Request MajorVersion="1" MinorVersion="0"><Clear/></Request>\n'
DEBUG:netmiko:read_channel: 
DEBUG:netmiko:read_channel: 
DEBUG:netmiko:read_channel: 
DEBUG:netmiko:read_channel: 
DEBUG:netmiko:read_channel: 
DEBUG:netmiko:read_channel: 
DEBUG:netmiko:read_channel: 
DEBUG:netmiko:read_channel: 
DEBUG:netmiko:read_channel: 
DEBUG:netmiko:read_channel: 
DEBUG:netmiko:read_channel: 
DEBUG:netmiko:read_channel: 
DEBUG:netmiko:read_channel: 
DEBUG:netmiko:read_channel: 
DEBUG:netmiko:read_channel: 
DEBUG:netmiko:read_channel: 
DEBUG:netmiko:read_channel: 
DEBUG:netmiko:read_channel: 
DEBUG:netmiko:read_channel: 
DEBUG:netmiko:read_channel: 
DEBUG:netmiko:read_channel: 
DEBUG:netmiko:read_channel: 
DEBUG:netmiko:read_channel: 
DEBUG:netmiko:read_channel: 
DEBUG:netmiko:read_channel: 
DEBUG:netmiko:read_channel: 
DEBUG:netmiko:read_channel: 
DEBUG:netmiko:read_channel: 
DEBUG:netmiko:read_channel: 
DEBUG:netmiko:read_channel: 
DEBUG:netmiko:read_channel: 
DEBUG:netmiko:read_channel: 
DEBUG:netmiko:read_channel: 
DEBUG:netmiko:read_channel: 
DEBUG:netmiko:read_channel: 
DEBUG:netmiko:read_channel: 
DEBUG:netmiko:read_channel: 
DEBUG:netmiko:read_channel: 
DEBUG:netmiko:read_channel: 
DEBUG:netmiko:read_channel: 
DEBUG:netmiko:read_channel: 
DEBUG:netmiko:read_channel: 
DEBUG:netmiko:read_channel: 
DEBUG:netmiko:read_channel: 
DEBUG:netmiko:read_channel: 
DEBUG:netmiko:read_channel: 
DEBUG:netmiko:read_channel: <?xml version="1.0" encoding="UTF-8"?>
<Response MajorVersion="1" MinorVersion="0"><Clear/><ResultSummary ErrorCount="0"/></Response>
XML> 
DEBUG:netmiko:read_channel: 
DEBUG:netmiko:write_channel: b'\r\n'
DEBUG:netmiko:read_channel: 
DEBUG:netmiko:write_channel: b'\r\n'
DEBUG:netmiko:read_channel: 
DEBUG:netmiko:write_channel: b'\r\n'
DEBUG:netmiko:read_channel: 
DEBUG:netmiko:write_channel: b'\r\n'
DEBUG:netmiko:read_channel: 
DEBUG:netmiko:write_channel: b'\r\n'
DEBUG:netmiko:read_channel: 
DEBUG:netmiko:write_channel: b'\r\n'
DEBUG:netmiko:read_channel: 
DEBUG:netmiko:write_channel: b'\r\n'
DEBUG:netmiko:read_channel: 
DEBUG:netmiko:write_channel: b'\r\n'
DEBUG:netmiko:read_channel: 
DEBUG:netmiko:write_channel: b'\r\n'
DEBUG:netmiko:read_channel: 
DEBUG:netmiko:write_channel: b'\r\n'
DEBUG:netmiko:read_channel: 
DEBUG:netmiko:write_channel: b'\r\n'
DEBUG:netmiko:read_channel: 
DEBUG:netmiko:write_channel: b'\r\n'
DEBUG:netmiko:read_channel: 
DEBUG:netmiko:write_channel: b'\r\n'
DEBUG:netmiko:read_channel: 
DEBUG:netmiko:write_channel: b'\r\n'
DEBUG:netmiko:read_channel: 
DEBUG:netmiko:write_channel: b'\r\n'
DEBUG:netmiko:read_channel: 
DEBUG:netmiko:write_channel: b'\r\n'
DEBUG:netmiko:read_channel: 
DEBUG:netmiko:write_channel: b'\r\n'
DEBUG:netmiko:read_channel: 
DEBUG:netmiko:write_channel: b'\r\n'
DEBUG:netmiko:read_channel: 
DEBUG:netmiko:write_channel: b'\r\n'
DEBUG:netmiko:read_channel: 
DEBUG:netmiko:write_channel: b'\r\n'
DEBUG:netmiko:write_channel: b'\r\n'
DEBUG:netmiko:read_channel: 
DEBUG:netmiko:read_channel: 
DEBUG:netmiko:write_channel: b'\r\n'
DEBUG:netmiko:read_channel: 
DEBUG:netmiko:write_channel: b'\r\n'
DEBUG:netmiko:read_channel: 
DEBUG:netmiko:write_channel: b'\r\n'
DEBUG:netmiko:read_channel: 
DEBUG:netmiko:write_channel: b'\r\n'
DEBUG:netmiko:read_channel: 
DEBUG:netmiko:write_channel: b'\r\n'
DEBUG:netmiko:read_channel: 
DEBUG:netmiko:write_channel: b'\r\n'
DEBUG:netmiko:read_channel: 
DEBUG:netmiko:write_channel: b'\r\n'
DEBUG:netmiko:read_channel: 
DEBUG:netmiko:write_channel: b'\r\n'
DEBUG:netmiko:read_channel: 
DEBUG:netmiko:write_channel: b'\r\n'
DEBUG:netmiko:read_channel: 
DEBUG:netmiko:write_channel: b'\r\n'
DEBUG:netmiko:read_channel: 
DEBUG:netmiko:write_channel: b'\r\n'
DEBUG:netmiko:read_channel: 
DEBUG:netmiko:write_channel: b'\r\n'
DEBUG:netmiko:read_channel: 
DEBUG:netmiko:write_channel: b'\r\n'
DEBUG:netmiko:read_channel: 
DEBUG:netmiko:write_channel: b'\r\n'
DEBUG:netmiko:read_channel: 
DEBUG:netmiko:write_channel: b'\r\n'
DEBUG:netmiko:read_channel: 
DEBUG:netmiko:write_channel: b'\r\n'
DEBUG:netmiko:read_channel: 
DEBUG:netmiko:write_channel: b'\r\n'
DEBUG:netmiko:read_channel: 
DEBUG:netmiko:write_channel: b'\r\n'
DEBUG:netmiko:read_channel: 
DEBUG:netmiko:write_channel: b'\r\n'
DEBUG:netmiko:read_channel: 
DEBUG:netmiko:write_channel: b'\r\n'
DEBUG:netmiko:write_channel: b'\r\n'
DEBUG:netmiko:read_channel: 
DEBUG:netmiko:read_channel: 
DEBUG:netmiko:write_channel: b'\r\n'
DEBUG:netmiko:read_channel: 
RP/0/0/CPU0:PE1#
RP/0/0/CPU0:PE1#
DEBUG:netmiko:read_channel: 
DEBUG:netmiko:read_channel: 
DEBUG:netmiko:write_channel: b'\r\n'
DEBUG:netmiko:read_channel: 
RP/0/0/CPU0:PE1#
RP/0/0/CPU0:PE1#
DEBUG:netmiko:read_channel: 
DEBUG:netmiko:read_channel: 
DEBUG:netmiko:read_channel: 
DEBUG:netmiko:write_channel: b'\r\n'
DEBUG:netmiko:read_channel: 
RP/0/0/CPU0:PE1#
RP/0/0/CPU0:PE1#
DEBUG:netmiko:read_channel: 
DEBUG:netmiko:read_channel: 
DEBUG:netmiko:In disable_paging
DEBUG:netmiko:Command: terminal length 0

DEBUG:netmiko:write_channel: b'terminal length 0\r\n'
DEBUG:netmiko:Pattern is: RP\/0\/0\/CPU0\:PE1
DEBUG:netmiko:read_channel: 
DEBUG:netmiko:read_channel: terminal length 0
Tue Oct 13 11:31:16.905 UTC

DEBUG:netmiko:read_channel: RP/0/0/CPU0:PE1#
RP/0/0/CPU0:PE1#
DEBUG:netmiko:Pattern found: RP\/0\/0\/CPU0\:PE1 terminal length 0
Tue Oct 13 11:31:16.905 UTC
RP/0/0/CPU0:PE1#
RP/0/0/CPU0:PE1#
DEBUG:netmiko:terminal length 0
Tue Oct 13 11:31:16.905 UTC
RP/0/0/CPU0:PE1#
RP/0/0/CPU0:PE1#
DEBUG:netmiko:Exiting disable_paging
DEBUG:netmiko:write_channel: b'terminal width 511\r\n'
DEBUG:netmiko:Pattern is: RP\/0\/0\/CPU0\:PE1
DEBUG:netmiko:read_channel: 
DEBUG:netmiko:read_channel: terminal width 511
Tue Oct 13 11:31:17.115 UTC
RP/0/0/CPU0:PE1#
RP/0/0/CPU0:PE1#
DEBUG:netmiko:Pattern found: RP\/0\/0\/CPU0\:PE1 terminal width 511
Tue Oct 13 11:31:17.115 UTC
RP/0/0/CPU0:PE1#
RP/0/0/CPU0:PE1#
DEBUG:netmiko:read_channel: 
DEBUG:netmiko:read_channel: 
DEBUG:netmiko:write_channel: b'\r\n'
DEBUG:netmiko:read_channel: 
RP/0/0/CPU0:PE1#
RP/0/0/CPU0:PE1#
DEBUG:netmiko:read_channel: 
DEBUG:netmiko:read_channel: 
DEBUG:netmiko:write_channel: b'show run\r\n'
DEBUG:netmiko:read_channel: 
DEBUG:netmiko:read_channel: show run
Tue Oct 13 11:31:17.915 UTC
Building configuration...
!! IOS XR Configuration 6.1.3
!! Last configuration change at Tue Oct 13 06:38:45 2020 by developer
!
hostname PE1
logging console disable
domain name ios-xr.local
line template user
 transport preferred ssh
!
line console
 exec-timeout 0 0
 absolute-timeout 0
 session-timeout 0
!
line default
 exec-timeout 0 0
 absolute-timeout 0
 session-timeout 0
 transport input ssh
!
interface Bundle-Ether33
 description ===TEST1====
 mtu 9216
 mlacp switchover type revertive
 bundle maximum-active links 2
 bundle minimum-active links 1
!
interface Bundle-Ether33.1
 description 95014353 National Bank Of Kenya-Nakuru
 vrf NBK
 ipv4 address 1.1.1.1 255.255.255.252
 encapsulation dot1q 3021 second-dot1q 3302
!
interface Bundle-Ether33.2
 description 95014354 National Bank Of Kenya Nakuru Hospital ATM
 vrf NBK
 ipv4 address 2.2.2.2 255.255.255.252
 encapsulation dot1q 3021 second-dot1q 3303
!
interface Bundle-Ether33.3
 description 95014450_Jamii_Bora_Bank-Nakuru_Backup
 vrf JAMII_BORA
 ipv4 address 172.30.17.53 255.255.255.252
 encapsulation dot1q 3021 second-dot1q 3304
!
interface Bundle-Ether33.4
 description 95015815 NBK-Westside Mall Nakuru ATM
 vrf NBK
 ipv4 address 172.30.17.77 255.255.255.252
 encapsulation dot1q 3021 second-dot1q 3311
!
interface Bundle-Ether33.5
 description NACC Nakuru
 vrf NACC
 ipv4 address 5.5.5.5 255.255.255.252
 encapsulation dot1q 3021 second-dot1q 3314
!
interface MgmtEth0/0/CPU0/0
 ipv4 address 10.10.20.71 255.255.255.0
!
interface GigabitEthernet0/0/0/0
 bundle id 33 mode on
!
interface GigabitEthernet0/0/0/1
 bundle id 33 mode on
!
interface GigabitEthernet0/0/0/2
 shutdown
!
interface GigabitEthernet0/0/0/3
 shutdown
!
interface GigabitEthernet0/0/0/4
 shutdown
!
interface GigabitEthernet0/0/0/5
 shutdown
!
interface GigabitEthernet0/0/0/6
 shutdown
!
interface GigabitEthernet0/0/0/7
 shutdown
!
router eigrp 200
 address-family ipv4
 !
 vrf NBK
  address-family ipv4
   default-metric 1024 100 255 1 1500
   autonomous-system 500
   redistribute connected
   redistribute static
   interface Bundle-Ether33.1
   !
   interface Bundle-Ether33.2
   !
   interface Bundle-Ether33.4
   !
  !
 !
!
ssh server v2
end

RP/0/0/CPU0:PE1#

DEBUG:paramiko.transport:starting thread (client mode): 0xa5bfe780
DEBUG:paramiko.transport:Local version/idstring: SSH-2.0-paramiko_2.7.2
DEBUG:paramiko.transport:Remote version/idstring: SSH-1.99-Cisco-2.0
INFO:paramiko.transport:Connected (version 1.99, client Cisco-2.0)
DEBUG:paramiko.transport:kex algos:['ecdh-sha2-nistp521', 'ecdh-sha2-nistp384', 'ecdh-sha2-nistp256', 'diffie-hellman-group14-sha1'] server key:['ssh-rsa'] client encrypt:['aes128-ctr', 'aes192-ctr', 'aes256-ctr', 'aes128-gcm@openssh.com', 'aes256-gcm@openssh.com'] server encrypt:['aes128-ctr', 'aes192-ctr', 'aes256-ctr', 'aes128-gcm@openssh.com', 'aes256-gcm@openssh.com'] client mac:['hmac-sha2-512', 'hmac-sha2-256', 'hmac-sha1'] server mac:['hmac-sha2-512', 'hmac-sha2-256', 'hmac-sha1'] client compress:['none'] server compress:['none'] client lang:[''] server lang:[''] kex follows?False
DEBUG:paramiko.transport:Kex agreed: ecdh-sha2-nistp256
DEBUG:paramiko.transport:HostKey agreed: ssh-rsa
DEBUG:paramiko.transport:Cipher agreed: aes128-ctr
DEBUG:paramiko.transport:MAC agreed: hmac-sha2-256
DEBUG:paramiko.transport:Compression agreed: none
DEBUG:paramiko.transport:kex engine KexNistp256 specified hash_algo <built-in function openssl_sha256>
DEBUG:paramiko.transport:Switch to new keys ...
DEBUG:paramiko.transport:Adding ssh-rsa host key for [10.10.20.70]:2231: b'0b7fe057af98893860da3ac18b449501'
DEBUG:paramiko.transport:userauth is OK
INFO:paramiko.transport:Authentication (password) successful!
DEBUG:paramiko.transport:[chan 0] Max packet in: 32768 bytes
DEBUG:paramiko.transport:[chan 0] Max packet out: 32768 bytes
DEBUG:paramiko.transport:Secsh channel 0 opened.
DEBUG:paramiko.transport:[chan 0] Sesch channel 0 request ok
DEBUG:paramiko.transport:[chan 0] Sesch channel 0 request ok
DEBUG:netmiko:read_channel: 

RP/0/RP0/CPU0:r2#
DEBUG:netmiko:read_channel: 
DEBUG:netmiko:read_channel: 
DEBUG:netmiko:read_channel: 
DEBUG:netmiko:write_channel: b'\n'
DEBUG:netmiko:read_channel: 
DEBUG:netmiko:read_channel: 
DEBUG:netmiko:write_channel: b'\n'
DEBUG:netmiko:read_channel: 
DEBUG:netmiko:write_channel: b'\n'
DEBUG:netmiko:read_channel: 

DEBUG:netmiko:write_channel: b'\n'
DEBUG:netmiko:read_channel: RP/0/RP0/CPU0:r2#
DEBUG:netmiko:read_channel: 
DEBUG:netmiko:read_channel: 
DEBUG:netmiko:In disable_paging
DEBUG:netmiko:Command: terminal length 0

DEBUG:netmiko:write_channel: b'terminal length 0\n'
DEBUG:netmiko:Pattern is: RP\/0\/RP0\/CPU0\:r2
DEBUG:netmiko:_read_channel_expect read_data: 


DEBUG:netmiko:_read_channel_expect read_data: RP/0/RP0/CPU0:r2#
RP/0/RP0/CPU0:r2#
RP/0/RP0/CPU0:r2#terminal length 0

DEBUG:netmiko:Pattern found: RP\/0\/RP0\/CPU0\:r2 

RP/0/RP0/CPU0:r2#
RP/0/RP0/CPU0:r2#
RP/0/RP0/CPU0:r2#terminal length 0

DEBUG:netmiko:

RP/0/RP0/CPU0:r2#
RP/0/RP0/CPU0:r2#
RP/0/RP0/CPU0:r2#terminal length 0

DEBUG:netmiko:Exiting disable_paging
DEBUG:netmiko:write_channel: b'terminal width 511\n'
DEBUG:netmiko:Pattern is: RP\/0\/RP0\/CPU0\:r2
DEBUG:netmiko:_read_channel_expect read_data: Tue Oct 13 11:31:14.618 UTC

DEBUG:netmiko:_read_channel_expect read_data: RP/0/RP0/CPU0:r2#terminal width 511
Tue Oct 13 11:31:14.912 UTC

DEBUG:netmiko:Pattern found: RP\/0\/RP0\/CPU0\:r2 Tue Oct 13 11:31:14.618 UTC
RP/0/RP0/CPU0:r2#terminal width 511
Tue Oct 13 11:31:14.912 UTC

DEBUG:netmiko:read_channel: RP/0/RP0/CPU0:r2#
DEBUG:netmiko:read_channel: 
DEBUG:netmiko:write_channel: b'\n'
DEBUG:netmiko:read_channel: 
DEBUG:netmiko:read_channel: 
DEBUG:netmiko:write_channel: b'\n'
DEBUG:netmiko:read_channel: 
DEBUG:netmiko:write_channel: b'\n'
DEBUG:netmiko:read_channel: 
RP/0/RP0/CPU0:r2#
DEBUG:netmiko:read_channel: 
DEBUG:netmiko:read_channel: 
RP/0/RP0/CPU0:r2#
RP/0/RP0/CPU0:r2#
DEBUG:netmiko:write_channel: b'show run\n'
DEBUG:netmiko:read_channel: 
DEBUG:netmiko:read_channel: 
DEBUG:netmiko:read_channel: show run
Tue Oct 13 11:31:16.296 UTC

DEBUG:netmiko:read_channel: 
DEBUG:netmiko:read_channel: Building configuration...
!! IOS XR Configuration version = 6.4.1
!! Last configuration change at Tue Oct 13 09:23:43 2020 by admin
!

DEBUG:netmiko:read_channel: hostname r2

DEBUG:netmiko:read_channel: 
DEBUG:netmiko:read_channel: 
DEBUG:netmiko:read_channel: 
DEBUG:netmiko:read_channel: 
DEBUG:netmiko:read_channel: 
DEBUG:netmiko:read_channel: banner motd ;
--------------------------------------------------------------------------
  Router 2 (Cisco IOS XR Sandbox)
--------------------------------------------------------------------------
;
service timestamps log datetime msec
service timestamps debug datetime msec
username admin
 group root-lr
 group cisco-support
 secret 5 $1$A4C9$oaNorr6BXDruE4gDd086L.
!
line console
 timestamp disable
 exec-timeout 0 0
!
call-home
 service active
 contact smart-licensing
 profile CiscoTAC-1
  active
  destination transport-method http
 !
!
interface MgmtEth0/RP0/CPU0/0
 description *** MANAGEMENT INTERFACE ***
 ipv4 address dhcp
!
interface GigabitEthernet0/0/0/0
 shutdown
!
interface GigabitEthernet0/0/0/1
 shutdown
!
interface GigabitEthernet0/0/0/2
 shutdown
!
interface GigabitEthernet0/0/0/3
 shutdown
!
interface GigabitEthernet0/0/0/4
 shutdown
!
router static
 address-family ipv4 unicast
  0.0.0.0/0 192.168.122.1
 !
!
xml agent tty
 iteration off
!
netconf-yang agent
 ssh
!
ssh server v2
ssh server netconf vrf default
end

DEBUG:netmiko:read_channel: 
DEBUG:netmiko:read_channel: 
RP/0/RP0/CPU0:r2#
DEBUG:netmiko:read_channel: 
DEBUG:netmiko:write_channel: b'\r\n'
DEBUG:netmiko:read_channel: 
RP/0/0/CPU0:PE1#
RP/0/0/CPU0:PE1#
DEBUG:netmiko:read_channel: 
DEBUG:netmiko:read_channel: 
DEBUG:netmiko:write_channel: b'\r\n'
DEBUG:netmiko:read_channel: 
RP/0/0/CPU0:PE1#
RP/0/0/CPU0:PE1#
DEBUG:netmiko:read_channel: 
DEBUG:netmiko:read_channel: 
DEBUG:netmiko:read_channel: 
DEBUG:netmiko:write_channel: b'\r\n'
DEBUG:netmiko:read_channel: 
RP/0/0/CPU0:PE1#
RP/0/0/CPU0:PE1#
DEBUG:netmiko:read_channel: 
DEBUG:netmiko:read_channel: 
DEBUG:netmiko:In disable_paging
DEBUG:netmiko:Command: terminal length 0

DEBUG:netmiko:write_channel: b'terminal length 0\r\n'
DEBUG:netmiko:Pattern is: RP\/0\/0\/CPU0\:PE1
DEBUG:netmiko:read_channel: 
DEBUG:netmiko:read_channel: terminal length 0
Tue Oct 13 11:56:30.411 UTC
RP/0/0/CPU0:PE1#
RP/0/0/CPU0:PE1#
DEBUG:netmiko:Pattern found: RP\/0\/0\/CPU0\:PE1 terminal length 0
Tue Oct 13 11:56:30.411 UTC
RP/0/0/CPU0:PE1#
RP/0/0/CPU0:PE1#
DEBUG:netmiko:terminal length 0
Tue Oct 13 11:56:30.411 UTC
RP/0/0/CPU0:PE1#
RP/0/0/CPU0:PE1#
DEBUG:netmiko:Exiting disable_paging
DEBUG:netmiko:write_channel: b'terminal width 511\r\n'
DEBUG:netmiko:Pattern is: RP\/0\/0\/CPU0\:PE1
DEBUG:netmiko:read_channel: 
DEBUG:netmiko:read_channel: terminal width 511
Tue Oct 13 11:56:30.511 UTC
RP/0/0/CPU0:PE1#
RP/0/0/CPU0:PE1#
DEBUG:netmiko:Pattern found: RP\/0\/0\/CPU0\:PE1 terminal width 511
Tue Oct 13 11:56:30.511 UTC
RP/0/0/CPU0:PE1#
RP/0/0/CPU0:PE1#
DEBUG:netmiko:read_channel: 
DEBUG:netmiko:read_channel: 
DEBUG:netmiko:write_channel: b'\r\n'
DEBUG:netmiko:read_channel: 
RP/0/0/CPU0:PE1#
RP/0/0/CPU0:PE1#
DEBUG:netmiko:read_channel: 
DEBUG:netmiko:read_channel: 
DEBUG:netmiko:write_channel: b'show run | b interfaces\r\n'
DEBUG:netmiko:read_channel: 
DEBUG:netmiko:read_channel: show run | b interfaces
Tue Oct 13 11:56:31.331 UTC
Building configuration...

DEBUG:netmiko:read_channel: [KRP/0/0/CPU0:PE1#
RP/0/0/CPU0:PE1#
DEBUG:paramiko.transport:starting thread (client mode): 0x58695780
DEBUG:paramiko.transport:Local version/idstring: SSH-2.0-paramiko_2.7.2
DEBUG:paramiko.transport:Remote version/idstring: SSH-1.99-Cisco-2.0
INFO:paramiko.transport:Connected (version 1.99, client Cisco-2.0)
DEBUG:paramiko.transport:kex algos:['ecdh-sha2-nistp521', 'ecdh-sha2-nistp384', 'ecdh-sha2-nistp256', 'diffie-hellman-group14-sha1'] server key:['ssh-rsa'] client encrypt:['aes128-ctr', 'aes192-ctr', 'aes256-ctr', 'aes128-gcm@openssh.com', 'aes256-gcm@openssh.com'] server encrypt:['aes128-ctr', 'aes192-ctr', 'aes256-ctr', 'aes128-gcm@openssh.com', 'aes256-gcm@openssh.com'] client mac:['hmac-sha2-512', 'hmac-sha2-256', 'hmac-sha1'] server mac:['hmac-sha2-512', 'hmac-sha2-256', 'hmac-sha1'] client compress:['none'] server compress:['none'] client lang:[''] server lang:[''] kex follows?False
DEBUG:paramiko.transport:Kex agreed: ecdh-sha2-nistp256
DEBUG:paramiko.transport:HostKey agreed: ssh-rsa
DEBUG:paramiko.transport:Cipher agreed: aes128-ctr
DEBUG:paramiko.transport:MAC agreed: hmac-sha2-256
DEBUG:paramiko.transport:Compression agreed: none
DEBUG:paramiko.transport:kex engine KexNistp256 specified hash_algo <built-in function openssl_sha256>
DEBUG:paramiko.transport:Switch to new keys ...
DEBUG:paramiko.transport:Adding ssh-rsa host key for [10.10.20.70]:2231: b'0b7fe057af98893860da3ac18b449501'
DEBUG:paramiko.transport:userauth is OK
INFO:paramiko.transport:Authentication (password) successful!
DEBUG:paramiko.transport:[chan 0] Max packet in: 32768 bytes
DEBUG:paramiko.transport:[chan 0] Max packet out: 32768 bytes
DEBUG:paramiko.transport:Secsh channel 0 opened.
DEBUG:paramiko.transport:[chan 0] Sesch channel 0 request ok
DEBUG:paramiko.transport:[chan 0] Sesch channel 0 request ok
DEBUG:netmiko:read_channel: 

RP/0/RP0/CPU0:r2#
DEBUG:netmiko:read_channel: 
DEBUG:netmiko:read_channel: 
DEBUG:netmiko:read_channel: 
DEBUG:netmiko:write_channel: b'\n'
DEBUG:netmiko:read_channel: 
DEBUG:netmiko:read_channel: 
DEBUG:netmiko:write_channel: b'\n'
DEBUG:netmiko:read_channel: 
DEBUG:netmiko:write_channel: b'\n'
DEBUG:netmiko:read_channel: 
RP/0/RP0/CPU0:r2#
DEBUG:netmiko:read_channel: 
DEBUG:netmiko:read_channel: 
DEBUG:netmiko:In disable_paging
DEBUG:netmiko:Command: terminal length 0

DEBUG:netmiko:write_channel: b'terminal length 0\n'
DEBUG:netmiko:Pattern is: RP\/0\/RP0\/CPU0\:r2
DEBUG:netmiko:_read_channel_expect read_data: 

DEBUG:netmiko:_read_channel_expect read_data: 
RP/0/RP0/CPU0:r2#

DEBUG:netmiko:Pattern found: RP\/0\/RP0\/CPU0\:r2 

RP/0/RP0/CPU0:r2#

DEBUG:netmiko:

RP/0/RP0/CPU0:r2#

DEBUG:netmiko:Exiting disable_paging
DEBUG:netmiko:write_channel: b'terminal width 511\n'
DEBUG:netmiko:Pattern is: RP\/0\/RP0\/CPU0\:r2
DEBUG:netmiko:_read_channel_expect read_data: RP/0/RP0/CPU0:r2#
DEBUG:netmiko:Pattern found: RP\/0\/RP0\/CPU0\:r2 RP/0/RP0/CPU0:r2#
DEBUG:netmiko:read_channel: terminal length 0
Tue Oct 13 11:56:25.091 UTC
RP/0/RP0/CPU0:r2#terminal width 511
Tue Oct 13 11:56:25.405 UTC
RP/0/RP0/CPU0:r2#
DEBUG:netmiko:read_channel: 
DEBUG:netmiko:write_channel: b'\n'
DEBUG:netmiko:read_channel: 
DEBUG:netmiko:read_channel: 
DEBUG:netmiko:write_channel: b'\n'
DEBUG:netmiko:read_channel: 
DEBUG:netmiko:write_channel: b'\n'
DEBUG:netmiko:read_channel: 
DEBUG:netmiko:write_channel: b'\n'
DEBUG:netmiko:read_channel: 
DEBUG:netmiko:write_channel: b'\n'
DEBUG:netmiko:read_channel: 
RP/0/RP0/CPU0:r2#
DEBUG:netmiko:read_channel: 
DEBUG:netmiko:read_channel: 
RP/0/RP0/CPU0:r2#
RP/0/RP0/CPU0:r2#
RP/0/RP0/CPU0:r2#

DEBUG:netmiko:write_channel: b'show run\n'
DEBUG:netmiko:read_channel: 
DEBUG:netmiko:read_channel: RP/0/RP0/CPU0:r2#
DEBUG:netmiko:read_channel: 
DEBUG:netmiko:write_channel: b'\r\n'
DEBUG:netmiko:read_channel: 
RP/0/0/CPU0:PE1#
RP/0/0/CPU0:PE1#
DEBUG:netmiko:read_channel: 
DEBUG:netmiko:read_channel: 
DEBUG:netmiko:write_channel: b'\r\n'
DEBUG:netmiko:read_channel: 
RP/0/0/CPU0:PE1#
RP/0/0/CPU0:PE1#
DEBUG:netmiko:read_channel: 
DEBUG:netmiko:read_channel: 
DEBUG:netmiko:read_channel: 
DEBUG:netmiko:write_channel: b'\r\n'
DEBUG:netmiko:read_channel: 
RP/0/0/CPU0:PE1#
RP/0/0/CPU0:PE1#
DEBUG:netmiko:read_channel: 
DEBUG:netmiko:read_channel: 
DEBUG:netmiko:In disable_paging
DEBUG:netmiko:Command: terminal length 0

DEBUG:netmiko:write_channel: b'terminal length 0\r\n'
DEBUG:netmiko:Pattern is: RP\/0\/0\/CPU0\:PE1
DEBUG:netmiko:read_channel: 
DEBUG:netmiko:read_channel: terminal length 0
Tue Oct 13 11:57:40.266 UTC
RP/0/0/CPU0:PE1#
RP/0/0/CPU0:PE1#
DEBUG:netmiko:Pattern found: RP\/0\/0\/CPU0\:PE1 terminal length 0
Tue Oct 13 11:57:40.266 UTC
RP/0/0/CPU0:PE1#
RP/0/0/CPU0:PE1#
DEBUG:netmiko:terminal length 0
Tue Oct 13 11:57:40.266 UTC
RP/0/0/CPU0:PE1#
RP/0/0/CPU0:PE1#
DEBUG:netmiko:Exiting disable_paging
DEBUG:netmiko:write_channel: b'terminal width 511\r\n'
DEBUG:netmiko:Pattern is: RP\/0\/0\/CPU0\:PE1
DEBUG:netmiko:read_channel: 
DEBUG:netmiko:read_channel: terminal width 511
Tue Oct 13 11:57:40.366 UTC
RP/0/0/CPU0:PE1#
RP/0/0/CPU0:PE1#
DEBUG:netmiko:Pattern found: RP\/0\/0\/CPU0\:PE1 terminal width 511
Tue Oct 13 11:57:40.366 UTC
RP/0/0/CPU0:PE1#
RP/0/0/CPU0:PE1#
DEBUG:netmiko:read_channel: 
DEBUG:netmiko:read_channel: 
DEBUG:netmiko:write_channel: b'\r\n'
DEBUG:netmiko:read_channel: 
RP/0/0/CPU0:PE1#
RP/0/0/CPU0:PE1#
DEBUG:netmiko:read_channel: 
DEBUG:netmiko:read_channel: 
DEBUG:netmiko:write_channel: b'show run | b interface\r\n'
DEBUG:netmiko:read_channel: 
DEBUG:netmiko:read_channel: show run | b interface
Tue Oct 13 11:57:41.316 UTC

DEBUG:netmiko:read_channel: Building configuration...
[Kinterface Bundle-Ether33
 description ===TEST1====
 mtu 9216
 mlacp switchover type revertive
 bundle maximum-active links 2
 bundle minimum-active links 1
!
interface Bundle-Ether33.1
 description 95014353 National Bank Of Kenya-Nakuru
 vrf NBK
 ipv4 address 1.1.1.1 255.255.255.252
 encapsulation dot1q 3021 second-dot1q 3302
!
interface Bundle-Ether33.2
 description 95014354 National Bank Of Kenya Nakuru Hospital ATM
 vrf NBK
 ipv4 address 2.2.2.2 255.255.255.252
 encapsulation dot1q 3021 second-dot1q 3303
!
interface Bundle-Ether33.3
 description 95014450_Jamii_Bora_Bank-Nakuru_Backup
 vrf JAMII_BORA
 ipv4 address 172.30.17.53 255.255.255.252
 encapsulation dot1q 3021 second-dot1q 3304
!
interface Bundle-Ether33.4
 description 95015815 NBK-Westside Mall Nakuru ATM
 vrf NBK
 ipv4 address 172.30.17.77 255.255.255.252
 encapsulation dot1q 3021 second-dot1q 3311
!
interface Bundle-Ether33.5
 description NACC Nakuru
 vrf NACC
 ipv4 address 5.5.5.5 255.255.255.252
 encapsulation dot1q 3021 second-dot1q 3314
!
interface MgmtEth0/0/CPU0/0
 ipv4 address 10.10.20.71 255.255.255.0
!
interface GigabitEthernet0/0/0/0
 bundle id 33 mode on
!
interface GigabitEthernet0/0/0/1
 bundle id 33 mode on
!
interface GigabitEthernet0/0/0/2
 shutdown
!
interface GigabitEthernet0/0/0/3
 shutdown
!
interface GigabitEthernet0/0/0/4
 shutdown
!
inter
DEBUG:netmiko:read_channel: face GigabitEthernet0/0/0/5
 shutdown
!
interface GigabitEthernet0/0/0/6
 shutdown
!
interface GigabitEthernet0/0/0/7
 shutdown
!
router eigrp 200
 address-family ipv4
 !
 vrf NBK
  address-family ipv4
   default-metric 1024 100 255 1 1500
   autonomous-system 500
   redistribute connected
   redistribute static
   interface Bundle-Ether33.1
   !
   interface Bundle-Ether33.2
   !
   interface Bundle-Ether33.4
   !
  !
 !
!
ssh server v2
end

[KRP/0/0/CPU0:PE1#
RP/0/0/CPU0:PE1#
DEBUG:paramiko.transport:starting thread (client mode): 0xe9b28780
DEBUG:paramiko.transport:Local version/idstring: SSH-2.0-paramiko_2.7.2
DEBUG:paramiko.transport:Remote version/idstring: SSH-1.99-Cisco-2.0
INFO:paramiko.transport:Connected (version 1.99, client Cisco-2.0)
DEBUG:paramiko.transport:kex algos:['ecdh-sha2-nistp521', 'ecdh-sha2-nistp384', 'ecdh-sha2-nistp256', 'diffie-hellman-group14-sha1'] server key:['ssh-rsa'] client encrypt:['aes128-ctr', 'aes192-ctr', 'aes256-ctr', 'aes128-gcm@openssh.com', 'aes256-gcm@openssh.com'] server encrypt:['aes128-ctr', 'aes192-ctr', 'aes256-ctr', 'aes128-gcm@openssh.com', 'aes256-gcm@openssh.com'] client mac:['hmac-sha2-512', 'hmac-sha2-256', 'hmac-sha1'] server mac:['hmac-sha2-512', 'hmac-sha2-256', 'hmac-sha1'] client compress:['none'] server compress:['none'] client lang:[''] server lang:[''] kex follows?False
DEBUG:paramiko.transport:Kex agreed: ecdh-sha2-nistp256
DEBUG:paramiko.transport:HostKey agreed: ssh-rsa
DEBUG:paramiko.transport:Cipher agreed: aes128-ctr
DEBUG:paramiko.transport:MAC agreed: hmac-sha2-256
DEBUG:paramiko.transport:Compression agreed: none
DEBUG:paramiko.transport:kex engine KexNistp256 specified hash_algo <built-in function openssl_sha256>
DEBUG:paramiko.transport:Switch to new keys ...
DEBUG:paramiko.transport:Adding ssh-rsa host key for [10.10.20.70]:2231: b'0b7fe057af98893860da3ac18b449501'
DEBUG:paramiko.transport:userauth is OK
INFO:paramiko.transport:Authentication (password) successful!
DEBUG:paramiko.transport:[chan 0] Max packet in: 32768 bytes
DEBUG:paramiko.transport:[chan 0] Max packet out: 32768 bytes
DEBUG:paramiko.transport:Secsh channel 0 opened.
DEBUG:paramiko.transport:[chan 0] Sesch channel 0 request ok
DEBUG:paramiko.transport:[chan 0] Sesch channel 0 request ok
DEBUG:netmiko:read_channel: 

RP/0/RP0/CPU0:r2#
DEBUG:netmiko:read_channel: 
DEBUG:netmiko:read_channel: 
DEBUG:netmiko:read_channel: 
DEBUG:netmiko:write_channel: b'\n'
DEBUG:netmiko:read_channel: 
DEBUG:netmiko:read_channel: 
DEBUG:netmiko:write_channel: b'\n'
DEBUG:netmiko:read_channel: 
DEBUG:netmiko:write_channel: b'\n'
DEBUG:netmiko:read_channel: 
RP/0/RP0/CPU0:r2#
DEBUG:netmiko:read_channel: 
DEBUG:netmiko:read_channel: 

DEBUG:netmiko:In disable_paging
DEBUG:netmiko:Command: terminal length 0

DEBUG:netmiko:write_channel: b'terminal length 0\n'
DEBUG:netmiko:Pattern is: RP\/0\/RP0\/CPU0\:r2
DEBUG:netmiko:_read_channel_expect read_data: RP/0/RP0/CPU0:r2#

DEBUG:netmiko:Pattern found: RP\/0\/RP0\/CPU0\:r2 RP/0/RP0/CPU0:r2#

DEBUG:netmiko:RP/0/RP0/CPU0:r2#

DEBUG:netmiko:Exiting disable_paging
DEBUG:netmiko:write_channel: b'terminal width 511\n'
DEBUG:netmiko:Pattern is: RP\/0\/RP0\/CPU0\:r2
DEBUG:netmiko:_read_channel_expect read_data: RP/0/RP0/CPU0:r2#
DEBUG:netmiko:Pattern found: RP\/0\/RP0\/CPU0\:r2 RP/0/RP0/CPU0:r2#
DEBUG:netmiko:read_channel: terminal length 0
Tue Oct 13 11:57:35.345 UTC

DEBUG:netmiko:read_channel: 
DEBUG:netmiko:write_channel: b'\n'
DEBUG:netmiko:read_channel: 
DEBUG:netmiko:read_channel: 
DEBUG:netmiko:write_channel: b'\n'
DEBUG:netmiko:read_channel: 
DEBUG:netmiko:write_channel: b'\n'
DEBUG:netmiko:read_channel: 
DEBUG:netmiko:write_channel: b'\n'
DEBUG:netmiko:read_channel: 
DEBUG:netmiko:write_channel: b'\n'
DEBUG:netmiko:read_channel: 
DEBUG:netmiko:write_channel: b'\n'
DEBUG:netmiko:read_channel: RP/0/RP0/CPU0:r2#terminal width 511
Tue Oct 13 11:57:35.654 UTC
RP/0/RP0/CPU0:r2#
RP/0/RP0/CPU0:r2#
RP/0/RP0/CPU0:r2#
RP/0/RP0/CPU0:r2#
DEBUG:netmiko:read_channel: 
DEBUG:netmiko:read_channel: 

RP/0/RP0/CPU0:r2#
RP/0/RP0/CPU0:r2#
DEBUG:netmiko:write_channel: b'show run\n'
DEBUG:netmiko:read_channel: 
DEBUG:netmiko:read_channel: 
RP/0/RP0/CPU0:r2#
DEBUG:netmiko:read_channel: 
DEBUG:netmiko:write_channel: b'\r\n'
DEBUG:netmiko:read_channel: 
RP/0/0/CPU0:PE1#
RP/0/0/CPU0:PE1#
DEBUG:netmiko:read_channel: 
DEBUG:netmiko:read_channel: 
DEBUG:netmiko:write_channel: b'\r\n'
DEBUG:netmiko:read_channel: 
RP/0/0/CPU0:PE1#
RP/0/0/CPU0:PE1#
DEBUG:netmiko:read_channel: 
DEBUG:netmiko:read_channel: 
DEBUG:netmiko:read_channel: 
DEBUG:netmiko:write_channel: b'\r\n'
DEBUG:netmiko:read_channel: 
RP/0/0/CPU0:PE1#
RP/0/0/CPU0:PE1#
DEBUG:netmiko:read_channel: 
DEBUG:netmiko:read_channel: 
DEBUG:netmiko:In disable_paging
DEBUG:netmiko:Command: terminal length 0

DEBUG:netmiko:write_channel: b'terminal length 0\r\n'
DEBUG:netmiko:Pattern is: RP\/0\/0\/CPU0\:PE1
DEBUG:netmiko:read_channel: 
DEBUG:netmiko:read_channel: terminal length 0
Tue Oct 13 11:58:52.711 UTC
RP/0/0/CPU0:PE1#
RP/0/0/CPU0:PE1#
DEBUG:netmiko:Pattern found: RP\/0\/0\/CPU0\:PE1 terminal length 0
Tue Oct 13 11:58:52.711 UTC
RP/0/0/CPU0:PE1#
RP/0/0/CPU0:PE1#
DEBUG:netmiko:terminal length 0
Tue Oct 13 11:58:52.711 UTC
RP/0/0/CPU0:PE1#
RP/0/0/CPU0:PE1#
DEBUG:netmiko:Exiting disable_paging
DEBUG:netmiko:write_channel: b'terminal width 511\r\n'
DEBUG:netmiko:Pattern is: RP\/0\/0\/CPU0\:PE1
DEBUG:netmiko:read_channel: 
DEBUG:netmiko:read_channel: terminal width 511
Tue Oct 13 11:58:52.811 UTC
RP/0/0/CPU0:PE1#
RP/0/0/CPU0:PE1#
DEBUG:netmiko:Pattern found: RP\/0\/0\/CPU0\:PE1 terminal width 511
Tue Oct 13 11:58:52.811 UTC
RP/0/0/CPU0:PE1#
RP/0/0/CPU0:PE1#
DEBUG:netmiko:read_channel: 
DEBUG:netmiko:read_channel: 
DEBUG:netmiko:write_channel: b'\r\n'
DEBUG:netmiko:read_channel: 
RP/0/0/CPU0:PE1#
RP/0/0/CPU0:PE1#
DEBUG:netmiko:read_channel: 
DEBUG:netmiko:read_channel: 
DEBUG:netmiko:write_channel: b'show run | b interface\r\n'
DEBUG:netmiko:read_channel: 
DEBUG:netmiko:read_channel: show run | b interface
Tue Oct 13 11:58:53.631 UTC
Building configuration...
[Kinterface Bundle-Ether33
 description ===TEST1====
 mtu 9216
 mlacp switchover type revertive
 bundle maximum-active links 2
 bundle minimum-active links 1
!
interface Bundle-Ether33.1
 description 95014353 National Bank Of Kenya-Nakuru
 vrf NBK
 ipv4 address 1.1.1.1 255.255.255.252
 encapsulation dot1q 3021 second-dot1q 3302
!
interface Bundle-Ether33.2
 description 95014354 National Bank Of Kenya Nakuru Hospital ATM
 vrf NBK
 ipv4 address 2.2.2.2 255.255.255.252
 encapsulation dot1q 3021 second-dot1q 3303
!
interface Bundle-Ether33.3
 description 95014450_Jamii_Bora_Bank-Nakuru_Backup
 vrf JAMII_BORA
 ipv4 address 172.30.17.53 255.255.255.252
 encapsulation dot1q 3021 second-dot1q 3304
!
interface Bundle-Ether33.4
 description 95015815 NBK-Westside Mall Nakuru ATM
 vrf NBK
 ipv4 address 172.30.17.77 255.255.255.252
 encapsulation dot1q 3021 second-dot1q 3311
!
interface Bundle-Ether33.5
 description NACC Nakuru
 vrf NACC
 ipv4 address 5.5.5.5 255.255.255.252
 encapsulation dot1q 3021 second-dot1q 3314
!
interface MgmtEth0/0/CPU0/0
 ipv4 address 10.10.20.71 255.255.255.0
!
interface GigabitEthernet0/0/0/0
 bundle id 33 mode on
!
interface GigabitEthernet0/0/0/1
 bundle id 33 mode on
!
interface GigabitEthernet0/0/0/2
 shutdown
!
interface GigabitEthernet0/0/0/3
 shutdown
!
interface GigabitEthernet0/0/0/4
 shutdown
!
interface GigabitEthernet0/0/0/5
 shutdown
!
interface GigabitEthernet0/0/0/6
 shutdown
!
interface GigabitEthernet0/0/0/7
 shutdown
!
router eigrp 200
 address-family ipv4
 !
 vrf NBK
  address-family ipv4
   default-metric 1024 100 255 1 1500
   autonomous-system 500
   redistribute connected
   redistribute static
   interface Bundle-Ether33.1
   !
   interface Bundle-Ether33.2
   !
   interface Bundle-Ether33.4
   !
  !
 !
!
ssh server v2
end

[KRP/0/0/CPU0:PE1#
RP/0/0/CPU0:PE1#
DEBUG:paramiko.transport:starting thread (client mode): 0xdc589780
DEBUG:paramiko.transport:Local version/idstring: SSH-2.0-paramiko_2.7.2
DEBUG:paramiko.transport:Remote version/idstring: SSH-1.99-Cisco-2.0
INFO:paramiko.transport:Connected (version 1.99, client Cisco-2.0)
DEBUG:paramiko.transport:kex algos:['ecdh-sha2-nistp521', 'ecdh-sha2-nistp384', 'ecdh-sha2-nistp256', 'diffie-hellman-group14-sha1'] server key:['ssh-rsa'] client encrypt:['aes128-ctr', 'aes192-ctr', 'aes256-ctr', 'aes128-gcm@openssh.com', 'aes256-gcm@openssh.com'] server encrypt:['aes128-ctr', 'aes192-ctr', 'aes256-ctr', 'aes128-gcm@openssh.com', 'aes256-gcm@openssh.com'] client mac:['hmac-sha2-512', 'hmac-sha2-256', 'hmac-sha1'] server mac:['hmac-sha2-512', 'hmac-sha2-256', 'hmac-sha1'] client compress:['none'] server compress:['none'] client lang:[''] server lang:[''] kex follows?False
DEBUG:paramiko.transport:Kex agreed: ecdh-sha2-nistp256
DEBUG:paramiko.transport:HostKey agreed: ssh-rsa
DEBUG:paramiko.transport:Cipher agreed: aes128-ctr
DEBUG:paramiko.transport:MAC agreed: hmac-sha2-256
DEBUG:paramiko.transport:Compression agreed: none
DEBUG:paramiko.transport:kex engine KexNistp256 specified hash_algo <built-in function openssl_sha256>
DEBUG:paramiko.transport:Switch to new keys ...
DEBUG:paramiko.transport:Adding ssh-rsa host key for [10.10.20.70]:2231: b'0b7fe057af98893860da3ac18b449501'
DEBUG:paramiko.transport:userauth is OK
INFO:paramiko.transport:Authentication (password) successful!
DEBUG:paramiko.transport:[chan 0] Max packet in: 32768 bytes
DEBUG:paramiko.transport:[chan 0] Max packet out: 32768 bytes
DEBUG:paramiko.transport:Secsh channel 0 opened.
DEBUG:paramiko.transport:[chan 0] Sesch channel 0 request ok
DEBUG:paramiko.transport:[chan 0] Sesch channel 0 request ok
DEBUG:netmiko:read_channel: 

RP/0/RP0/CPU0:r2#
DEBUG:netmiko:read_channel: 
DEBUG:netmiko:read_channel: 
DEBUG:netmiko:read_channel: 
DEBUG:netmiko:write_channel: b'\n'
DEBUG:netmiko:read_channel: 
DEBUG:netmiko:read_channel: 
DEBUG:netmiko:write_channel: b'\n'
DEBUG:netmiko:read_channel: 
DEBUG:netmiko:write_channel: b'\n'
DEBUG:netmiko:read_channel: 

DEBUG:netmiko:write_channel: b'\n'
DEBUG:netmiko:read_channel: 
DEBUG:netmiko:write_channel: b'\n'
DEBUG:netmiko:read_channel: 
DEBUG:netmiko:write_channel: b'\n'
DEBUG:netmiko:read_channel: 
DEBUG:netmiko:write_channel: b'\n'
DEBUG:netmiko:read_channel: 
DEBUG:netmiko:write_channel: b'\n'
DEBUG:netmiko:read_channel: 
DEBUG:netmiko:write_channel: b'\n'
DEBUG:netmiko:read_channel: 
DEBUG:netmiko:write_channel: b'\n'
DEBUG:netmiko:read_channel: 
DEBUG:netmiko:write_channel: b'\n'
DEBUG:netmiko:read_channel: 
DEBUG:netmiko:write_channel: b'\n'
DEBUG:netmiko:write_channel: b'\n'
DEBUG:netmiko:Pattern is: [#\$]
DEBUG:netmiko:_read_channel_expect read_data: RP/0/RP0/CPU0:r2#
DEBUG:netmiko:Pattern found: [#\$] RP/0/RP0/CPU0:r2#
DEBUG:netmiko:write_channel: b'exit\n'
DEBUG:paramiko.transport:EOF in transport thread
DEBUG:netmiko:read_channel: 
DEBUG:netmiko:write_channel: b'\r\n'
DEBUG:netmiko:read_channel: 
RP/0/0/CPU0:PE1#
RP/0/0/CPU0:PE1#
DEBUG:netmiko:read_channel: 
DEBUG:netmiko:read_channel: 
DEBUG:netmiko:write_channel: b'\r\n'
DEBUG:netmiko:read_channel: 
RP/0/0/CPU0:PE1#
RP/0/0/CPU0:PE1#
DEBUG:netmiko:read_channel: 
DEBUG:netmiko:read_channel: 
DEBUG:netmiko:read_channel: 
DEBUG:netmiko:write_channel: b'\r\n'
DEBUG:netmiko:read_channel: 
RP/0/0/CPU0:PE1#
RP/0/0/CPU0:PE1#
DEBUG:netmiko:read_channel: 
DEBUG:netmiko:read_channel: 
DEBUG:netmiko:In disable_paging
DEBUG:netmiko:Command: terminal length 0

DEBUG:netmiko:write_channel: b'terminal length 0\r\n'
DEBUG:netmiko:Pattern is: RP\/0\/0\/CPU0\:PE1
DEBUG:netmiko:read_channel: 
DEBUG:netmiko:read_channel: terminal length 0
Tue Oct 13 12:01:05.162 UTC
RP/0/0/CPU0:PE1#
RP/0/0/CPU0:PE1#
DEBUG:netmiko:Pattern found: RP\/0\/0\/CPU0\:PE1 terminal length 0
Tue Oct 13 12:01:05.162 UTC
RP/0/0/CPU0:PE1#
RP/0/0/CPU0:PE1#
DEBUG:netmiko:terminal length 0
Tue Oct 13 12:01:05.162 UTC
RP/0/0/CPU0:PE1#
RP/0/0/CPU0:PE1#
DEBUG:netmiko:Exiting disable_paging
DEBUG:netmiko:write_channel: b'terminal width 511\r\n'
DEBUG:netmiko:Pattern is: RP\/0\/0\/CPU0\:PE1
DEBUG:netmiko:read_channel: 
DEBUG:netmiko:read_channel: terminal width 511
Tue Oct 13 12:01:05.262 UTC
RP/0/0/CPU0:PE1#
RP/0/0/CPU0:PE1#
DEBUG:netmiko:Pattern found: RP\/0\/0\/CPU0\:PE1 terminal width 511
Tue Oct 13 12:01:05.262 UTC
RP/0/0/CPU0:PE1#
RP/0/0/CPU0:PE1#
DEBUG:netmiko:read_channel: 
DEBUG:netmiko:read_channel: 
DEBUG:netmiko:write_channel: b'\r\n'
DEBUG:netmiko:read_channel: 
RP/0/0/CPU0:PE1#
RP/0/0/CPU0:PE1#
DEBUG:netmiko:read_channel: 
DEBUG:netmiko:read_channel: 
DEBUG:netmiko:write_channel: b'show run | b interface\r\n'
DEBUG:netmiko:read_channel: 
DEBUG:netmiko:read_channel: show run | b interface
Tue Oct 13 12:01:06.082 UTC
Building configuration...
[Kinterface Bundle-Ether33
 description ===TEST1====
 mtu 9216
 mlacp switchover type revertive
 bundle maximum-active links 2
 bundle minimum-active links 1
!
interface Bundle-Ether33.1
 description 95014353 National Bank Of Kenya-Nakuru
 vrf NBK
 ipv4 address 1.1.1.1 255.255.255.252
 encapsulation dot1q 3021 second-dot1q 3302
!
interface Bundle-Ether33.2
 description 95014354 National Bank Of Kenya Nakuru Hospital ATM
 vrf NBK
 ipv4 address 2.2.2.2 255.255.255.252
 encapsulation dot1q 3021 second-dot1q 3303
!
interface Bundle-Ether33.3
 description 95014450_Jamii_Bora_Bank-Nakuru_Backup
 vrf JAMII_BORA
 ipv4 address 172.30.17.53 255.255.255.252
 encapsulation dot1q 3021 second-dot1q 3304
!
interface Bundle-Ether33.4
 description 95015815 NBK-Westside Mall Nakuru ATM
 vrf NBK
 ipv4 address 172.30.17.77 255.255.255.252
 encapsulation dot1q 3021 second-dot1q 3311
!
interface Bundle-Ether33.5
 description NACC Nakuru
 vrf NACC
 ipv4 address 5.5.5.5 255.255.255.252
 encapsulation dot1q 3021 second-dot1q 3314
!
interface MgmtEth0/0/CPU0/0
 ipv4 address 10.10.20.71 255.255.255.0
!
interface GigabitEthernet0/0/0/0
 bundle id 33 mode on
!
interface GigabitEthernet0/0/0/1
 bundle id 33 mode on
!
interface GigabitEthernet0/0/0/2
 shutdown
!
interface GigabitEthernet0/0/0/3
 shutdown
!
interface GigabitEthernet0/0/0/4
 shutdown
!
interface GigabitEthernet0/0/0/5
 shutdown
!
interface GigabitEthernet0/0/0/6
 shutdown
!
interface GigabitEthernet0/0/0/7
 shutdown
!
router eigrp 200
 address-family ipv4
 !
 vrf NBK
  address-family ipv4
   default-metric 1024 100 255 1 1500
   autonomous-system 500
   redistribute connected
   redistribute static
   interface Bundle-Ether33.1
   !
   interface Bundle-Ether33.2
   !
   interface Bundle-Ether33.4
   !
  !
 !
!
ssh server v2
end

[KRP/0/0/CPU0:PE1#
RP/0/0/CPU0:PE1#
DEBUG:paramiko.transport:starting thread (client mode): 0x228a3780
DEBUG:paramiko.transport:Local version/idstring: SSH-2.0-paramiko_2.7.2
DEBUG:paramiko.transport:Remote version/idstring: SSH-1.99-Cisco-2.0
INFO:paramiko.transport:Connected (version 1.99, client Cisco-2.0)
DEBUG:paramiko.transport:kex algos:['ecdh-sha2-nistp521', 'ecdh-sha2-nistp384', 'ecdh-sha2-nistp256', 'diffie-hellman-group14-sha1'] server key:['ssh-rsa'] client encrypt:['aes128-ctr', 'aes192-ctr', 'aes256-ctr', 'aes128-gcm@openssh.com', 'aes256-gcm@openssh.com'] server encrypt:['aes128-ctr', 'aes192-ctr', 'aes256-ctr', 'aes128-gcm@openssh.com', 'aes256-gcm@openssh.com'] client mac:['hmac-sha2-512', 'hmac-sha2-256', 'hmac-sha1'] server mac:['hmac-sha2-512', 'hmac-sha2-256', 'hmac-sha1'] client compress:['none'] server compress:['none'] client lang:[''] server lang:[''] kex follows?False
DEBUG:paramiko.transport:Kex agreed: ecdh-sha2-nistp256
DEBUG:paramiko.transport:HostKey agreed: ssh-rsa
DEBUG:paramiko.transport:Cipher agreed: aes128-ctr
DEBUG:paramiko.transport:MAC agreed: hmac-sha2-256
DEBUG:paramiko.transport:Compression agreed: none
DEBUG:paramiko.transport:kex engine KexNistp256 specified hash_algo <built-in function openssl_sha256>
DEBUG:paramiko.transport:Switch to new keys ...
DEBUG:paramiko.transport:Adding ssh-rsa host key for [10.10.20.70]:2231: b'0b7fe057af98893860da3ac18b449501'
DEBUG:paramiko.transport:userauth is OK
INFO:paramiko.transport:Authentication (password) successful!
DEBUG:paramiko.transport:[chan 0] Max packet in: 32768 bytes
DEBUG:paramiko.transport:[chan 0] Max packet out: 32768 bytes
DEBUG:paramiko.transport:Secsh channel 0 opened.
DEBUG:paramiko.transport:[chan 0] Sesch channel 0 request ok
DEBUG:paramiko.transport:[chan 0] Sesch channel 0 request ok
DEBUG:netmiko:read_channel: 

RP/0/RP0/CPU0:r2#
DEBUG:netmiko:read_channel: 
DEBUG:netmiko:read_channel: 
DEBUG:netmiko:read_channel: 
DEBUG:netmiko:write_channel: b'\n'
DEBUG:netmiko:read_channel: 
DEBUG:netmiko:read_channel: 
DEBUG:netmiko:write_channel: b'\n'
DEBUG:netmiko:read_channel: 
DEBUG:netmiko:write_channel: b'\n'
DEBUG:netmiko:read_channel: 
RP/0/RP0/CPU0:r2#
DEBUG:netmiko:read_channel: 
DEBUG:netmiko:read_channel: 

RP/0/RP0/CPU0:r2#
RP/0/RP0/CPU0:r2#
DEBUG:netmiko:In disable_paging
DEBUG:netmiko:Command: terminal length 0

DEBUG:netmiko:write_channel: b'terminal length 0\n'
DEBUG:netmiko:Pattern is: RP\/0\/RP0\/CPU0\:r2
DEBUG:netmiko:_read_channel_expect read_data: terminal length 0

DEBUG:netmiko:_read_channel_expect read_data: Tue Oct 13 12:01:00.316 UTC

DEBUG:netmiko:_read_channel_expect read_data: RP/0/RP0/CPU0:r2#
DEBUG:netmiko:Pattern found: RP\/0\/RP0\/CPU0\:r2 terminal length 0
Tue Oct 13 12:01:00.316 UTC
RP/0/RP0/CPU0:r2#
DEBUG:netmiko:terminal length 0
Tue Oct 13 12:01:00.316 UTC
RP/0/RP0/CPU0:r2#
DEBUG:netmiko:Exiting disable_paging
DEBUG:netmiko:write_channel: b'terminal width 511\n'
DEBUG:netmiko:Pattern is: RP\/0\/RP0\/CPU0\:r2
DEBUG:netmiko:_read_channel_expect read_data: terminal width 511

DEBUG:netmiko:_read_channel_expect read_data: Tue Oct 13 12:01:01.421 UTC
RP/0/RP0/CPU0:r2#
DEBUG:netmiko:Pattern found: RP\/0\/RP0\/CPU0\:r2 terminal width 511
Tue Oct 13 12:01:01.421 UTC
RP/0/RP0/CPU0:r2#
DEBUG:netmiko:read_channel: 
DEBUG:netmiko:read_channel: 
DEBUG:netmiko:write_channel: b'\n'
DEBUG:netmiko:read_channel: 
DEBUG:netmiko:read_channel: 
DEBUG:netmiko:write_channel: b'\n'
DEBUG:netmiko:read_channel: 
DEBUG:netmiko:write_channel: b'\n'
DEBUG:netmiko:read_channel: 
RP/0/RP0/CPU0:r2#
DEBUG:netmiko:read_channel: 
DEBUG:netmiko:read_channel: 

RP/0/RP0/CPU0:r2#
RP/0/RP0/CPU0:r2#
DEBUG:netmiko:write_channel: b'show run\n'
DEBUG:netmiko:read_channel: 
DEBUG:netmiko:read_channel: 
DEBUG:netmiko:read_channel: show run
Tue Oct 13 12:01:02.824 UTC

DEBUG:netmiko:read_channel: 
DEBUG:netmiko:read_channel: Building configuration...
!! IOS XR Configuration version = 6.4.1
!! Last configuration change at Tue Oct 13 09:23:43 2020 by admin
!
hostname r2
banner motd ;
--------------------------------------------------------------------------
  Router 2 (Cisco IOS XR Sandbox)
--------------------------------------------------------------------------
;
service timestamps log datetime msec
service timestamps debug datetime msec
username admin
 group root-lr
 group cisco-support
 secret 5 $1$A4C9$oaNorr6BXDruE4gDd086L.
!
line console
 timestamp disable
 exec-timeout 0 0
!
call-home
 service active
 contact smart-licensing
 profile CiscoTAC-1
  active
  destination transport-method http
 !
!
interface MgmtEth0/RP0/CPU0/0
 description *** MANAGEMENT INTERFACE ***
 ipv4 address dhcp
!
interface GigabitEthernet0/0/0/0
 shutdown
!
interface GigabitEthernet0/0/0/1
 shutdown
!
interface GigabitEthernet0/0/0/2
 shutdown
!
interface GigabitEthernet0/0/0/3
 shutdown
!
interface GigabitEthernet0/0/0/4
 shutdown
!
router static
 address-family ipv4 unicast
  0.0.0.0/0 192.168.122.1
 !
!
xml agent tty
 iteration off
!
netconf-yang agent
 ssh
!
ssh server v2
ssh server netconf vrf default
end


DEBUG:netmiko:read_channel: RP/0/RP0/CPU0:r2#
DEBUG:netmiko:read_channel: 
DEBUG:netmiko:write_channel: b'\r\n'
DEBUG:netmiko:read_channel: 
RP/0/0/CPU0:PE1#
RP/0/0/CPU0:PE1#
DEBUG:netmiko:read_channel: 
DEBUG:netmiko:read_channel: 
DEBUG:netmiko:write_channel: b'\r\n'
DEBUG:netmiko:read_channel: 
RP/0/0/CPU0:PE1#
RP/0/0/CPU0:PE1#
DEBUG:netmiko:read_channel: 
DEBUG:netmiko:read_channel: 
DEBUG:netmiko:read_channel: 
DEBUG:netmiko:write_channel: b'\r\n'
DEBUG:netmiko:read_channel: 
RP/0/0/CPU0:PE1#
RP/0/0/CPU0:PE1#
DEBUG:netmiko:read_channel: 
DEBUG:netmiko:read_channel: 
DEBUG:netmiko:In disable_paging
DEBUG:netmiko:Command: terminal length 0

DEBUG:netmiko:write_channel: b'terminal length 0\r\n'
DEBUG:netmiko:Pattern is: RP\/0\/0\/CPU0\:PE1
DEBUG:netmiko:read_channel: 
DEBUG:netmiko:read_channel: terminal length 0
Tue Oct 13 12:06:53.578 UTC
RP/0/0/CPU0:PE1#
RP/0/0/CPU0:PE1#
DEBUG:netmiko:Pattern found: RP\/0\/0\/CPU0\:PE1 terminal length 0
Tue Oct 13 12:06:53.578 UTC
RP/0/0/CPU0:PE1#
RP/0/0/CPU0:PE1#
DEBUG:netmiko:terminal length 0
Tue Oct 13 12:06:53.578 UTC
RP/0/0/CPU0:PE1#
RP/0/0/CPU0:PE1#
DEBUG:netmiko:Exiting disable_paging
DEBUG:netmiko:write_channel: b'terminal width 511\r\n'
DEBUG:netmiko:Pattern is: RP\/0\/0\/CPU0\:PE1
DEBUG:netmiko:read_channel: 
DEBUG:netmiko:read_channel: terminal width 511
Tue Oct 13 12:06:53.678 UTC
RP/0/0/CPU0:PE1#
RP/0/0/CPU0:PE1#
DEBUG:netmiko:Pattern found: RP\/0\/0\/CPU0\:PE1 terminal width 511
Tue Oct 13 12:06:53.678 UTC
RP/0/0/CPU0:PE1#
RP/0/0/CPU0:PE1#
DEBUG:netmiko:read_channel: 
DEBUG:netmiko:read_channel: 
DEBUG:netmiko:write_channel: b'\r\n'
DEBUG:netmiko:read_channel: 
RP/0/0/CPU0:PE1#
RP/0/0/CPU0:PE1#
DEBUG:netmiko:read_channel: 
DEBUG:netmiko:read_channel: 
DEBUG:netmiko:write_channel: b'show run | b interface\r\n'
DEBUG:netmiko:read_channel: 
DEBUG:netmiko:read_channel: show run | b interface
Tue Oct 13 12:06:54.498 UTC
Building configuration...
[Kinterface Bundle-Ether33
 description ===TEST1====
 mtu 9216
 mlacp switchover type revertive
 bundle maximum-active links 2
 bundle minimum-active links 1
!
interface Bundle-Ether33.1
 description 95014353 National Bank Of Kenya-Nakuru
 vrf NBK
 ipv4 address 1.1.1.1 255.255.255.252
 encapsulation dot1q 3021 second-dot1q 3302
!
interface Bundle-Ether33.2
 description 95014354 National Bank Of Kenya Nakuru Hospital ATM
 vrf NBK
 ipv4 address 2.2.2.2 255.255.255.252
 encapsulation dot1q 3021 second-dot1q 3303
!
interface Bundle-Ether33.3
 description 95014450_Jamii_Bora_Bank-Nakuru_Backup
 vrf JAMII_BORA
 ipv4 address 172.30.17.53 255.255.255.252
 encapsulation dot1q 3021 second-dot1q 3304
!
interface Bundle-Ether33.4
 description 95015815 NBK-Westside Mall Nakuru ATM
 vrf NBK
 ipv4 address 172.30.17.77 255.255.255.252
 encapsulation dot1q 3021 second-dot1q 3311
!
interface Bundle-Ether33.5
 description NACC Nakuru
 vrf NACC
 ipv4 address 5.5.5.5 255.255.255.252
 encapsulation dot1q 3021 second-dot1q 3314
!
interface MgmtEth0/0/CPU0/0
 ipv4 address 10.10.20.71 255.255.255.0
!
interface GigabitEthernet0/0/0/0
 bundle id 33 mode on
!
interface GigabitEthernet0/0/0/1
 bundle id 33 mode on
!
interface GigabitEthernet0/0/0/2
 shutdown
!
interface GigabitEthernet0/0/0/3
 shutdown
!
interface GigabitEthernet0/0/0/4
 shutdown
!
interface GigabitEthernet0/0/0/5
 shutdown
!
interface GigabitEthernet0/0/0/6
 shutdown
!
interface GigabitEthernet0/0/0/7
 shutdown
!
router eigrp 200
 address-family ipv4
 !
 vrf NBK
  address-family ipv4
   default-metric 1024 100 255 1 1500
   autonomous-system 500
   redistribute connected
   redistribute static
   interface Bundle-Ether33.1
   !
   interface Bundle-Ether33.2
   !
   interface Bundle-Ether33.4
   !
  !
 !
!
ssh server v2
end

[KRP/0/0/CPU0:PE1#
RP/0/0/CPU0:PE1#
DEBUG:paramiko.transport:starting thread (client mode): 0xf051710
DEBUG:paramiko.transport:Local version/idstring: SSH-2.0-paramiko_2.7.2
DEBUG:paramiko.transport:Remote version/idstring: SSH-1.99-Cisco-2.0
INFO:paramiko.transport:Connected (version 1.99, client Cisco-2.0)
DEBUG:paramiko.transport:kex algos:['ecdh-sha2-nistp521', 'ecdh-sha2-nistp384', 'ecdh-sha2-nistp256', 'diffie-hellman-group14-sha1'] server key:['ssh-rsa'] client encrypt:['aes128-ctr', 'aes192-ctr', 'aes256-ctr', 'aes128-gcm@openssh.com', 'aes256-gcm@openssh.com'] server encrypt:['aes128-ctr', 'aes192-ctr', 'aes256-ctr', 'aes128-gcm@openssh.com', 'aes256-gcm@openssh.com'] client mac:['hmac-sha2-512', 'hmac-sha2-256', 'hmac-sha1'] server mac:['hmac-sha2-512', 'hmac-sha2-256', 'hmac-sha1'] client compress:['none'] server compress:['none'] client lang:[''] server lang:[''] kex follows?False
DEBUG:paramiko.transport:Kex agreed: ecdh-sha2-nistp256
DEBUG:paramiko.transport:HostKey agreed: ssh-rsa
DEBUG:paramiko.transport:Cipher agreed: aes128-ctr
DEBUG:paramiko.transport:MAC agreed: hmac-sha2-256
DEBUG:paramiko.transport:Compression agreed: none
DEBUG:paramiko.transport:kex engine KexNistp256 specified hash_algo <built-in function openssl_sha256>
DEBUG:paramiko.transport:Switch to new keys ...
DEBUG:paramiko.transport:Adding ssh-rsa host key for [10.10.20.70]:2231: b'0b7fe057af98893860da3ac18b449501'
DEBUG:paramiko.transport:userauth is OK
INFO:paramiko.transport:Authentication (password) successful!
DEBUG:paramiko.transport:[chan 0] Max packet in: 32768 bytes
DEBUG:paramiko.transport:[chan 0] Max packet out: 32768 bytes
DEBUG:paramiko.transport:Secsh channel 0 opened.
DEBUG:paramiko.transport:[chan 0] Sesch channel 0 request ok
DEBUG:paramiko.transport:[chan 0] Sesch channel 0 request ok
DEBUG:netmiko:read_channel: 


DEBUG:netmiko:read_channel: 
DEBUG:netmiko:read_channel: RP/0/RP0/CPU0:r2#
DEBUG:netmiko:read_channel: 
DEBUG:netmiko:read_channel: 
DEBUG:netmiko:read_channel: 
DEBUG:netmiko:write_channel: b'\n'
DEBUG:netmiko:read_channel: 
DEBUG:netmiko:read_channel: 
DEBUG:netmiko:write_channel: b'\n'
DEBUG:netmiko:read_channel: 
DEBUG:netmiko:write_channel: b'\n'
DEBUG:netmiko:read_channel: 
DEBUG:netmiko:write_channel: b'\n'
DEBUG:netmiko:read_channel: 
DEBUG:netmiko:write_channel: b'\n'
DEBUG:netmiko:read_channel: 
DEBUG:netmiko:write_channel: b'\n'
DEBUG:netmiko:read_channel: 
DEBUG:netmiko:write_channel: b'\n'
DEBUG:netmiko:read_channel: 
DEBUG:netmiko:write_channel: b'\n'
DEBUG:netmiko:read_channel: 
DEBUG:netmiko:write_channel: b'\n'
DEBUG:netmiko:read_channel: 
RP/0/RP0/CPU0:r2#
RP/0/RP0/CPU0:r2#
RP/0/RP0/CPU0:r2#
RP/0/RP0/CPU0:r2#
RP/0/RP0/CPU0:r2#
RP/0/RP0/CPU0:r2#
RP/0/RP0/CPU0:r2#
DEBUG:netmiko:read_channel: 
DEBUG:netmiko:read_channel: 
DEBUG:netmiko:In disable_paging
DEBUG:netmiko:Command: terminal length 0

DEBUG:netmiko:write_channel: b'terminal length 0\n'
DEBUG:netmiko:Pattern is: RP\/0\/RP0\/CPU0\:r2
DEBUG:netmiko:_read_channel_expect read_data: 
RP/0/RP0/CPU0:r2#
DEBUG:netmiko:Pattern found: RP\/0\/RP0\/CPU0\:r2 
RP/0/RP0/CPU0:r2#
DEBUG:netmiko:
RP/0/RP0/CPU0:r2#
DEBUG:netmiko:Exiting disable_paging
DEBUG:netmiko:write_channel: b'terminal width 511\n'
DEBUG:netmiko:Pattern is: RP\/0\/RP0\/CPU0\:r2
DEBUG:netmiko:_read_channel_expect read_data: 
RP/0/RP0/CPU0:r2#
DEBUG:netmiko:Pattern found: RP\/0\/RP0\/CPU0\:r2 
RP/0/RP0/CPU0:r2#
DEBUG:netmiko:read_channel: 
DEBUG:netmiko:read_channel: 
DEBUG:netmiko:write_channel: b'\n'
DEBUG:netmiko:read_channel: 
DEBUG:netmiko:read_channel: 
DEBUG:netmiko:write_channel: b'\n'
DEBUG:netmiko:read_channel: 
DEBUG:netmiko:write_channel: b'\n'
DEBUG:netmiko:read_channel: 
DEBUG:netmiko:write_channel: b'\n'
DEBUG:netmiko:read_channel: 
DEBUG:netmiko:write_channel: b'\n'
DEBUG:netmiko:read_channel: 
DEBUG:netmiko:write_channel: b'\n'
DEBUG:netmiko:read_channel: 
DEBUG:netmiko:write_channel: b'\n'
DEBUG:netmiko:read_channel: 
DEBUG:netmiko:write_channel: b'\n'
DEBUG:netmiko:read_channel: terminal length 0
Tue Oct 13 12:06:52.322 UTC

DEBUG:netmiko:read_channel: 
DEBUG:netmiko:read_channel: 
DEBUG:netmiko:write_channel: b'show run\n'
DEBUG:netmiko:read_channel: 
DEBUG:netmiko:read_channel: 
DEBUG:netmiko:read_channel: 
DEBUG:netmiko:read_channel: 
DEBUG:netmiko:read_channel: RP/0/RP0/CPU0:r2#terminal width 511
Tue Oct 13 12:06:52.609 UTC
RP/0/RP0/CPU0:r2#

RP/0/RP0/CPU0:r2#


DEBUG:netmiko:read_channel: 
DEBUG:netmiko:read_channel: 
DEBUG:netmiko:read_channel: 
DEBUG:netmiko:read_channel: RP/0/RP0/CPU0:r2#

RP/0/RP0/CPU0:r2#

RP/0/RP0/CPU0:r2#
RP/0/RP0/CPU0:r2#
RP/0/RP0/CPU0:r2#
RP/0/RP0/CPU0:r2#
RP/0/RP0/CPU0:r2#show run

DEBUG:netmiko:read_channel: Tue Oct 13 12:06:54.753 UTC
Building configuration...
!! IOS XR Configuration version = 6.4.1
!! Last configuration change at Tue Oct 13 09:23:43 2020 by admin
!
hostname r2

DEBUG:netmiko:read_channel: 
DEBUG:netmiko:read_channel: banner motd ;
--------------------------------------------------------------------------
  Router 2 (Cisco IOS XR Sandbox)
--------------------------------------------------------------------------
;
service timestamps log datetime msec
service timestamps debug datetime msec
username admin
 group root-lr
 group cisco-support
 secret 5 $1$A4C9$oaNorr6BXDruE4gDd086L.
!
line console
 timestamp disable
 exec-timeout 0 0
!
call-home
 service active
 contact smart-licensing
 profile CiscoTAC-1
  active
  destination transport-method http
 !
!
interface MgmtEth0/RP0/CPU0/0
 description *** MANAGEMENT INTERFACE ***
 ipv4 address dhcp
!
interface GigabitEthernet0/0/0/0
 shutdown
!
interface GigabitEthernet0/0/0/1
 shutdown
!
interface GigabitEthernet0/0/0/2
 shutdown
!
interface GigabitEthernet0/0/0/3
 shutdown
!
interface GigabitEthernet0/0/0/4
 shutdown
!
router static
 address-family ipv4 unicast
  0.0.0.0/0 192.168.122.1
 !
!
xml agent tty
 iteration off
!
netconf-yang agent
 ssh
!
ssh server v2
ssh server netconf vrf default
end

RP/0/RP0/CPU0:r2#
DEBUG:netmiko:read_channel: 
DEBUG:netmiko:read_channel: 
DEBUG:netmiko:read_channel: 
DEBUG:netmiko:read_channel: 
DEBUG:netmiko:read_channel: 
DEBUG:netmiko:read_channel: 
DEBUG:netmiko:read_channel: 
DEBUG:netmiko:read_channel: 
DEBUG:netmiko:read_channel: 
DEBUG:netmiko:read_channel: 
DEBUG:netmiko:read_channel: 
DEBUG:netmiko:read_channel: 
DEBUG:netmiko:read_channel: 
DEBUG:netmiko:read_channel: 
DEBUG:netmiko:read_channel: 
DEBUG:netmiko:read_channel: 
DEBUG:netmiko:read_channel: 
DEBUG:netmiko:read_channel: 
DEBUG:netmiko:read_channel: 
DEBUG:netmiko:read_channel: 
DEBUG:netmiko:read_channel: 
DEBUG:netmiko:read_channel: 
DEBUG:netmiko:read_channel: 
DEBUG:netmiko:read_channel: 
DEBUG:netmiko:read_channel: 
DEBUG:netmiko:read_channel: 
DEBUG:netmiko:read_channel: 
DEBUG:netmiko:read_channel: 
DEBUG:netmiko:read_channel: 
DEBUG:netmiko:read_channel: 
DEBUG:netmiko:read_channel: 
DEBUG:netmiko:read_channel: 
DEBUG:netmiko:read_channel: 
DEBUG:netmiko:read_channel: 
DEBUG:netmiko:read_channel: 
DEBUG:netmiko:read_channel: 
DEBUG:netmiko:read_channel: 
DEBUG:netmiko:read_channel: 
DEBUG:netmiko:read_channel: 
DEBUG:netmiko:read_channel: 
DEBUG:netmiko:read_channel: 
DEBUG:netmiko:read_channel: 
DEBUG:netmiko:read_channel: 
DEBUG:netmiko:read_channel: 
DEBUG:netmiko:read_channel: 
DEBUG:netmiko:read_channel: 
DEBUG:netmiko:read_channel: 
DEBUG:netmiko:read_channel: 
DEBUG:netmiko:read_channel: 
DEBUG:netmiko:read_channel: 
DEBUG:netmiko:read_channel: 
DEBUG:netmiko:read_channel: 
DEBUG:netmiko:read_channel: 
DEBUG:netmiko:read_channel: 
DEBUG:netmiko:read_channel: 
DEBUG:netmiko:read_channel: 
DEBUG:netmiko:read_channel: 
DEBUG:netmiko:read_channel: 
DEBUG:netmiko:read_channel: 
DEBUG:netmiko:read_channel: 
DEBUG:netmiko:read_channel: 
DEBUG:netmiko:read_channel: 
DEBUG:netmiko:read_channel: 
DEBUG:netmiko:read_channel: 
DEBUG:netmiko:read_channel: 
DEBUG:netmiko:read_channel: 
DEBUG:netmiko:read_channel: 
DEBUG:netmiko:read_channel: 
DEBUG:netmiko:read_channel: 
DEBUG:netmiko:read_channel: 
DEBUG:netmiko:read_channel: 
DEBUG:netmiko:read_channel: 
DEBUG:netmiko:read_channel: 
DEBUG:netmiko:read_channel: 
DEBUG:netmiko:read_channel: 
DEBUG:netmiko:read_channel: 
DEBUG:netmiko:read_channel: 
DEBUG:netmiko:read_channel: 
DEBUG:netmiko:read_channel: 
DEBUG:netmiko:read_channel: 
DEBUG:netmiko:read_channel: 
DEBUG:netmiko:read_channel: 
DEBUG:netmiko:read_channel: 
DEBUG:netmiko:read_channel: 
DEBUG:netmiko:read_channel: 
DEBUG:netmiko:read_channel: 
DEBUG:netmiko:read_channel: 
DEBUG:netmiko:read_channel: 
DEBUG:netmiko:read_channel: 
DEBUG:netmiko:read_channel: 
DEBUG:netmiko:read_channel: 
DEBUG:netmiko:read_channel: 
DEBUG:netmiko:read_channel: 
DEBUG:netmiko:read_channel: 
DEBUG:netmiko:read_channel: 
DEBUG:netmiko:read_channel: 
DEBUG:netmiko:read_channel: 
DEBUG:netmiko:read_channel: 
DEBUG:netmiko:read_channel: 
DEBUG:netmiko:read_channel: 
DEBUG:netmiko:read_channel: 
DEBUG:netmiko:read_channel: 
DEBUG:netmiko:read_channel: 
DEBUG:netmiko:read_channel: 
DEBUG:netmiko:read_channel: 
DEBUG:netmiko:read_channel: 
DEBUG:netmiko:read_channel: 
DEBUG:netmiko:read_channel: 
DEBUG:netmiko:read_channel: 
DEBUG:netmiko:read_channel: 
DEBUG:netmiko:read_channel: 
DEBUG:netmiko:read_channel: 
DEBUG:netmiko:read_channel: 
DEBUG:netmiko:read_channel: 
DEBUG:netmiko:read_channel: 
DEBUG:netmiko:read_channel: 
DEBUG:netmiko:read_channel: 
DEBUG:netmiko:read_channel: 
DEBUG:netmiko:read_channel: 
DEBUG:netmiko:read_channel: 
DEBUG:netmiko:read_channel: 
DEBUG:netmiko:read_channel: 
DEBUG:netmiko:read_channel: 
DEBUG:netmiko:read_channel: 
DEBUG:netmiko:read_channel: 
DEBUG:netmiko:read_channel: 
DEBUG:netmiko:read_channel: 
DEBUG:netmiko:read_channel: 
DEBUG:netmiko:read_channel: 
DEBUG:netmiko:read_channel: 
DEBUG:netmiko:read_channel: 
DEBUG:netmiko:read_channel: 
DEBUG:netmiko:read_channel: 
DEBUG:netmiko:read_channel: 
DEBUG:netmiko:read_channel: 
DEBUG:netmiko:read_channel: 
DEBUG:netmiko:read_channel: 
DEBUG:netmiko:read_channel: 
DEBUG:netmiko:read_channel: 
DEBUG:netmiko:read_channel: 
DEBUG:netmiko:read_channel: 
DEBUG:netmiko:read_channel: 
DEBUG:netmiko:read_channel: 
DEBUG:netmiko:read_channel: 
DEBUG:netmiko:read_channel: 
DEBUG:netmiko:read_channel: 
DEBUG:netmiko:read_channel: 
DEBUG:netmiko:read_channel: 
DEBUG:netmiko:read_channel: 
DEBUG:netmiko:read_channel: 
DEBUG:netmiko:read_channel: 
DEBUG:netmiko:read_channel: 
DEBUG:netmiko:read_channel: 
DEBUG:netmiko:read_channel: 
DEBUG:netmiko:read_channel: 
DEBUG:netmiko:read_channel: 
DEBUG:netmiko:read_channel: 
DEBUG:netmiko:read_channel: 
DEBUG:netmiko:read_channel: 
DEBUG:netmiko:read_channel: 
DEBUG:netmiko:read_channel: 
DEBUG:netmiko:read_channel: 
DEBUG:netmiko:read_channel: 
DEBUG:netmiko:read_channel: 
DEBUG:netmiko:read_channel: 
DEBUG:netmiko:read_channel: 
DEBUG:netmiko:read_channel: 
DEBUG:netmiko:read_channel: 
DEBUG:netmiko:read_channel: 
DEBUG:netmiko:read_channel: 
DEBUG:netmiko:read_channel: 
DEBUG:netmiko:read_channel: 
DEBUG:netmiko:read_channel: 
DEBUG:netmiko:read_channel: 
DEBUG:netmiko:read_channel: 
DEBUG:netmiko:read_channel: 
DEBUG:netmiko:read_channel: 
DEBUG:netmiko:read_channel: 
DEBUG:netmiko:read_channel: 
DEBUG:netmiko:read_channel: 
DEBUG:netmiko:read_channel: 
DEBUG:netmiko:read_channel: 
DEBUG:netmiko:read_channel: 
DEBUG:netmiko:read_channel: 
DEBUG:netmiko:read_channel: 
DEBUG:netmiko:read_channel: 
DEBUG:netmiko:read_channel: 
DEBUG:netmiko:read_channel: 
DEBUG:netmiko:read_channel: 
DEBUG:netmiko:read_channel: 
DEBUG:netmiko:read_channel: 
DEBUG:netmiko:read_channel: 
DEBUG:netmiko:read_channel: 
DEBUG:netmiko:read_channel: 
DEBUG:netmiko:read_channel: 
DEBUG:netmiko:read_channel: 
DEBUG:netmiko:read_channel: 
DEBUG:netmiko:read_channel: 
DEBUG:netmiko:read_channel: 
DEBUG:netmiko:read_channel: 
DEBUG:netmiko:read_channel: 
DEBUG:netmiko:read_channel: 
DEBUG:netmiko:read_channel: 
DEBUG:netmiko:read_channel: 
DEBUG:netmiko:read_channel: 
DEBUG:netmiko:read_channel: 
DEBUG:netmiko:read_channel: 
DEBUG:netmiko:read_channel: 
DEBUG:netmiko:read_channel: 
DEBUG:netmiko:read_channel: 
DEBUG:netmiko:read_channel: 
DEBUG:netmiko:read_channel: 
DEBUG:netmiko:read_channel: 
DEBUG:netmiko:read_channel: 
DEBUG:netmiko:read_channel: 
DEBUG:netmiko:read_channel: 
DEBUG:netmiko:read_channel: 
DEBUG:netmiko:read_channel: 
DEBUG:netmiko:read_channel: 
DEBUG:netmiko:read_channel: 
DEBUG:netmiko:read_channel: 
DEBUG:netmiko:read_channel: 
DEBUG:netmiko:read_channel: 
DEBUG:netmiko:read_channel: 
DEBUG:netmiko:read_channel: 
DEBUG:netmiko:read_channel: 
DEBUG:netmiko:read_channel: 
DEBUG:netmiko:read_channel: 
DEBUG:netmiko:read_channel: 
DEBUG:netmiko:read_channel: 
DEBUG:netmiko:read_channel: 
DEBUG:netmiko:read_channel: 
DEBUG:netmiko:read_channel: 
DEBUG:netmiko:read_channel: 
DEBUG:netmiko:read_channel: 
DEBUG:netmiko:read_channel: 
DEBUG:netmiko:read_channel: 
DEBUG:netmiko:read_channel: 
DEBUG:netmiko:read_channel: 
DEBUG:netmiko:read_channel: 
DEBUG:netmiko:read_channel: 
DEBUG:netmiko:read_channel: 
DEBUG:netmiko:read_channel: 
DEBUG:netmiko:read_channel: 
DEBUG:netmiko:read_channel: 
DEBUG:netmiko:read_channel: 
DEBUG:netmiko:read_channel: 
DEBUG:netmiko:read_channel: 
DEBUG:netmiko:read_channel: 
DEBUG:netmiko:read_channel: 
DEBUG:netmiko:read_channel: 
DEBUG:netmiko:read_channel: 
DEBUG:netmiko:read_channel: 
DEBUG:netmiko:read_channel: 
DEBUG:netmiko:read_channel: 
DEBUG:netmiko:read_channel: 
DEBUG:netmiko:read_channel: 
DEBUG:netmiko:read_channel: 
DEBUG:netmiko:read_channel: 
DEBUG:netmiko:read_channel: 
DEBUG:netmiko:read_channel: 
DEBUG:netmiko:read_channel: 
DEBUG:netmiko:read_channel: 
DEBUG:netmiko:read_channel: 
DEBUG:netmiko:read_channel: 
DEBUG:netmiko:read_channel: 
DEBUG:netmiko:read_channel: 
DEBUG:netmiko:read_channel: 
DEBUG:netmiko:read_channel: 
DEBUG:netmiko:read_channel: 
DEBUG:netmiko:read_channel: 
DEBUG:netmiko:read_channel: 
DEBUG:netmiko:read_channel: 
DEBUG:netmiko:read_channel: 
DEBUG:netmiko:read_channel: 
DEBUG:netmiko:read_channel: 
DEBUG:netmiko:read_channel: 
DEBUG:netmiko:read_channel: 
DEBUG:netmiko:read_channel: 
DEBUG:netmiko:read_channel: 
DEBUG:netmiko:read_channel: 
DEBUG:netmiko:read_channel: 
DEBUG:netmiko:read_channel: 
DEBUG:netmiko:read_channel: 
DEBUG:netmiko:read_channel: 
DEBUG:netmiko:read_channel: 
DEBUG:netmiko:read_channel: 
DEBUG:netmiko:read_channel: 
DEBUG:netmiko:read_channel: 
DEBUG:netmiko:read_channel: 
DEBUG:netmiko:read_channel: 
DEBUG:netmiko:read_channel: 
DEBUG:netmiko:read_channel: 
DEBUG:netmiko:read_channel: 
DEBUG:netmiko:read_channel: 
DEBUG:netmiko:read_channel: 
DEBUG:netmiko:read_channel: 
DEBUG:netmiko:read_channel: 
DEBUG:netmiko:read_channel: 
DEBUG:netmiko:read_channel: 
DEBUG:netmiko:read_channel: 
DEBUG:netmiko:read_channel: 
DEBUG:netmiko:read_channel: 
DEBUG:netmiko:read_channel: 
DEBUG:netmiko:read_channel: 
DEBUG:netmiko:read_channel: 
DEBUG:netmiko:read_channel: 
DEBUG:netmiko:read_channel: 
DEBUG:netmiko:read_channel: 
DEBUG:netmiko:read_channel: 
DEBUG:netmiko:read_channel: 
DEBUG:netmiko:read_channel: 
DEBUG:netmiko:read_channel: 
DEBUG:netmiko:read_channel: 
DEBUG:netmiko:read_channel: 
DEBUG:netmiko:read_channel: 
DEBUG:netmiko:read_channel: 
DEBUG:netmiko:read_channel: 
DEBUG:netmiko:read_channel: 
DEBUG:netmiko:read_channel: 
DEBUG:netmiko:read_channel: 
DEBUG:netmiko:read_channel: 
DEBUG:netmiko:read_channel: 
DEBUG:netmiko:read_channel: 
DEBUG:netmiko:read_channel: 
DEBUG:netmiko:read_channel: 
DEBUG:netmiko:read_channel: 
DEBUG:netmiko:read_channel: 
DEBUG:netmiko:read_channel: 
DEBUG:netmiko:read_channel: 
DEBUG:netmiko:read_channel: 
DEBUG:netmiko:read_channel: 
DEBUG:netmiko:read_channel: 
DEBUG:netmiko:read_channel: 
DEBUG:netmiko:read_channel: 
DEBUG:netmiko:read_channel: 
DEBUG:netmiko:read_channel: 
DEBUG:netmiko:read_channel: 
DEBUG:netmiko:read_channel: 
DEBUG:netmiko:read_channel: 
DEBUG:netmiko:read_channel: 
DEBUG:netmiko:read_channel: 
DEBUG:netmiko:read_channel: 
DEBUG:netmiko:read_channel: 
DEBUG:netmiko:read_channel: 
DEBUG:netmiko:read_channel: 
DEBUG:netmiko:read_channel: 
DEBUG:netmiko:read_channel: 
DEBUG:netmiko:read_channel: 
DEBUG:netmiko:read_channel: 
DEBUG:netmiko:read_channel: 
DEBUG:netmiko:read_channel: 
DEBUG:netmiko:read_channel: 
DEBUG:netmiko:read_channel: 
DEBUG:netmiko:read_channel: 
DEBUG:netmiko:read_channel: 
DEBUG:netmiko:read_channel: 
DEBUG:netmiko:read_channel: 
DEBUG:netmiko:read_channel: 
DEBUG:netmiko:read_channel: 
DEBUG:netmiko:read_channel: 
DEBUG:netmiko:read_channel: 
DEBUG:netmiko:read_channel: 
DEBUG:netmiko:read_channel: 
DEBUG:netmiko:read_channel: 
DEBUG:netmiko:read_channel: 
DEBUG:netmiko:read_channel: 
DEBUG:netmiko:read_channel: 
DEBUG:netmiko:read_channel: 
DEBUG:netmiko:read_channel: 
DEBUG:netmiko:read_channel: 
DEBUG:netmiko:read_channel: 
DEBUG:netmiko:read_channel: 
DEBUG:netmiko:read_channel: 
DEBUG:netmiko:read_channel: 
DEBUG:netmiko:read_channel: 
DEBUG:netmiko:read_channel: 
DEBUG:netmiko:read_channel: 
DEBUG:netmiko:read_channel: 
DEBUG:netmiko:read_channel: 
DEBUG:netmiko:read_channel: 
DEBUG:netmiko:read_channel: 
DEBUG:netmiko:read_channel: 
DEBUG:netmiko:read_channel: 
DEBUG:netmiko:read_channel: 
DEBUG:netmiko:read_channel: 
DEBUG:netmiko:read_channel: 
DEBUG:netmiko:read_channel: 
DEBUG:netmiko:read_channel: 
DEBUG:netmiko:read_channel: 
DEBUG:netmiko:read_channel: 
DEBUG:netmiko:read_channel: 
DEBUG:netmiko:read_channel: 
DEBUG:netmiko:read_channel: 
DEBUG:netmiko:read_channel: 
DEBUG:netmiko:read_channel: 
DEBUG:netmiko:read_channel: 
DEBUG:netmiko:read_channel: 
DEBUG:netmiko:read_channel: 
DEBUG:netmiko:read_channel: 
DEBUG:netmiko:read_channel: 
DEBUG:netmiko:read_channel: 
DEBUG:netmiko:read_channel: 
DEBUG:netmiko:read_channel: 
DEBUG:netmiko:read_channel: 
DEBUG:netmiko:read_channel: 
DEBUG:netmiko:read_channel: 
DEBUG:netmiko:read_channel: 
DEBUG:netmiko:read_channel: 
DEBUG:netmiko:read_channel: 
DEBUG:netmiko:read_channel: 
DEBUG:netmiko:read_channel: 
DEBUG:netmiko:read_channel: 
DEBUG:netmiko:read_channel: 
DEBUG:netmiko:read_channel: 
DEBUG:netmiko:read_channel: 
DEBUG:netmiko:read_channel: 
DEBUG:netmiko:read_channel: 
DEBUG:netmiko:read_channel: 
DEBUG:netmiko:read_channel: 
DEBUG:netmiko:read_channel: 
DEBUG:netmiko:read_channel: 
DEBUG:netmiko:read_channel: 
DEBUG:netmiko:read_channel: 
DEBUG:netmiko:read_channel: 
DEBUG:netmiko:read_channel: 
DEBUG:netmiko:read_channel: 
DEBUG:netmiko:read_channel: 
DEBUG:netmiko:read_channel: 
DEBUG:netmiko:read_channel: 
DEBUG:netmiko:read_channel: 
DEBUG:netmiko:read_channel: 
DEBUG:netmiko:read_channel: 
DEBUG:netmiko:read_channel: 
DEBUG:netmiko:read_channel: 
DEBUG:netmiko:read_channel: 
DEBUG:netmiko:read_channel: 
DEBUG:netmiko:read_channel: 
DEBUG:netmiko:read_channel: 
DEBUG:netmiko:read_channel: 
DEBUG:netmiko:read_channel: 
DEBUG:netmiko:read_channel: 
DEBUG:netmiko:read_channel: 
DEBUG:netmiko:read_channel: 
DEBUG:netmiko:read_channel: 
DEBUG:netmiko:read_channel: 
DEBUG:netmiko:read_channel: 
DEBUG:netmiko:read_channel: 
DEBUG:netmiko:read_channel: 
DEBUG:netmiko:read_channel: 
DEBUG:netmiko:read_channel: 
DEBUG:netmiko:read_channel: 
DEBUG:netmiko:read_channel: 
DEBUG:netmiko:read_channel: 
DEBUG:netmiko:read_channel: 
DEBUG:netmiko:read_channel: 
DEBUG:netmiko:read_channel: 
DEBUG:netmiko:read_channel: 
DEBUG:netmiko:read_channel: 
DEBUG:netmiko:read_channel: 
DEBUG:netmiko:read_channel: 
DEBUG:netmiko:read_channel: 
DEBUG:netmiko:read_channel: 
DEBUG:netmiko:read_channel: 
DEBUG:netmiko:read_channel: 
DEBUG:netmiko:read_channel: 
DEBUG:netmiko:read_channel: 
DEBUG:netmiko:read_channel: 
DEBUG:netmiko:read_channel: 
DEBUG:netmiko:read_channel: 
DEBUG:netmiko:read_channel: 
DEBUG:netmiko:read_channel: 
DEBUG:netmiko:read_channel: 
DEBUG:netmiko:read_channel: 
DEBUG:netmiko:read_channel: 
DEBUG:netmiko:read_channel: 
DEBUG:netmiko:read_channel: 
DEBUG:netmiko:read_channel: 
DEBUG:netmiko:read_channel: 
DEBUG:netmiko:read_channel: 
DEBUG:netmiko:read_channel: 
DEBUG:netmiko:read_channel: 
DEBUG:netmiko:read_channel: 
DEBUG:netmiko:read_channel: 
DEBUG:netmiko:read_channel: 
DEBUG:netmiko:read_channel: 
DEBUG:netmiko:read_channel: 
DEBUG:netmiko:read_channel: 
DEBUG:netmiko:read_channel: 
DEBUG:netmiko:write_channel: b'\r\n'
DEBUG:netmiko:read_channel: 
RP/0/0/CPU0:PE1#
RP/0/0/CPU0:PE1#
DEBUG:netmiko:read_channel: 
DEBUG:netmiko:read_channel: 
DEBUG:netmiko:write_channel: b'\r\n'
DEBUG:netmiko:read_channel: 
RP/0/0/CPU0:PE1#
RP/0/0/CPU0:PE1#
DEBUG:netmiko:read_channel: 
DEBUG:netmiko:read_channel: 
DEBUG:netmiko:read_channel: 
DEBUG:netmiko:write_channel: b'\r\n'
DEBUG:netmiko:read_channel: 
RP/0/0/CPU0:PE1#
RP/0/0/CPU0:PE1#
DEBUG:netmiko:read_channel: 
DEBUG:netmiko:read_channel: 
DEBUG:netmiko:In disable_paging
DEBUG:netmiko:Command: terminal length 0

DEBUG:netmiko:write_channel: b'terminal length 0\r\n'
DEBUG:netmiko:Pattern is: RP\/0\/0\/CPU0\:PE1
DEBUG:netmiko:read_channel: 
DEBUG:netmiko:read_channel: terminal length 0
Tue Oct 13 12:15:56.341 UTC
RP/0/0/CPU0:PE1#
RP/0/0/CPU0:PE1#
DEBUG:netmiko:Pattern found: RP\/0\/0\/CPU0\:PE1 terminal length 0
Tue Oct 13 12:15:56.341 UTC
RP/0/0/CPU0:PE1#
RP/0/0/CPU0:PE1#
DEBUG:netmiko:terminal length 0
Tue Oct 13 12:15:56.341 UTC
RP/0/0/CPU0:PE1#
RP/0/0/CPU0:PE1#
DEBUG:netmiko:Exiting disable_paging
DEBUG:netmiko:write_channel: b'terminal width 511\r\n'
DEBUG:netmiko:Pattern is: RP\/0\/0\/CPU0\:PE1
DEBUG:netmiko:read_channel: 
DEBUG:netmiko:read_channel: terminal width 511
Tue Oct 13 12:15:56.441 UTC
RP/0/0/CPU0:PE1#
RP/0/0/CPU0:PE1#
DEBUG:netmiko:Pattern found: RP\/0\/0\/CPU0\:PE1 terminal width 511
Tue Oct 13 12:15:56.441 UTC
RP/0/0/CPU0:PE1#
RP/0/0/CPU0:PE1#
DEBUG:netmiko:read_channel: 
DEBUG:netmiko:read_channel: 
DEBUG:netmiko:write_channel: b'\r\n'
DEBUG:netmiko:read_channel: 
RP/0/0/CPU0:PE1#
RP/0/0/CPU0:PE1#
DEBUG:netmiko:read_channel: 
DEBUG:netmiko:read_channel: 
DEBUG:netmiko:write_channel: b'show run | b interface\r\n'
DEBUG:netmiko:read_channel: 
DEBUG:netmiko:read_channel: show run | b interface
Tue Oct 13 12:15:57.261 UTC
Building configuration...
[Kinterface Bundle-Ether33
 description ===TEST1====
 mtu 9216
 mlacp switchover type revertive
 bundle maximum-active links 2
 bundle minimum-active links 1
!
interface Bundle-Ether33.1
 description 95014353 National Bank Of Kenya-Nakuru
 vrf NBK
 ipv4 address 1.1.1.1 255.255.255.252
 encapsulation dot1q 3021 second-dot1q 3302
!
interface Bundle-Ether33.2
 description 95014354 National Bank Of Kenya Nakuru Hospital ATM
 vrf NBK
 ipv4 address 2.2.2.2 255.255.255.252
 encapsulation dot1q 3021 second-dot1q 3303
!
interface Bundle-Ether33.3
 description 95014450_Jamii_Bora_Bank-Nakuru_Backup
 vrf JAMII_BORA
 ipv4 address 172.30.17.53 255.255.255.252
 encapsulation dot1q 3021 second-dot1q 3304
!
interface Bundle-Ether33.4
 description 95015815 NBK-Westside Mall Nakuru ATM
 vrf NBK
 ipv4 address 172.30.17.77 255.255.255.252
 encapsulation dot1q 3021 second-dot1q 3311
!
interface Bundle-Ether33.5
 description NACC Nakuru
 vrf NACC
 ipv4 address 5.5.5.5 255.255.255.252
 encapsulation dot1q 3021 second-dot1q 3314
!
interface MgmtEth0/0/CPU0/0
 ipv4 address 10.10.20.71 255.255.255.0
!
interface GigabitEthernet0/0/0/0
 bundle id 33 mode on
!
interface GigabitEthernet0/0/0/1
 bundle id 33 mode on
!
interface GigabitEthernet0/0/0/2
 shutdown
!
interface GigabitEthernet0/0/0/3
 shutdown
!
interface GigabitEthernet0/0/0/4
 shutdown
!
interface GigabitEthernet0/0/0/5
 shutdown
!
interface GigabitEthernet0/0/0/6
 shutdown
!
interface GigabitEthernet0/0/0/7
 shutdown
!
router eigrp 200
 address-family ipv4
 !
 vrf NBK
  address-family ipv4
   default-metric 1024 100 255 1 1500
   autonomous-system 500
   redistribute connected
   redistribute static

DEBUG:netmiko:read_channel:    interface Bundle-Ether33.1
   !
   interface Bundle-Ether33.2
   !
   interface Bundle-Ether33.4
   !
  !
 !
!
ssh server v2
end

[KRP/0/0/CPU0:PE1#
RP/0/0/CPU0:PE1#
DEBUG:paramiko.transport:starting thread (client mode): 0x56e79780
DEBUG:paramiko.transport:Local version/idstring: SSH-2.0-paramiko_2.7.2
DEBUG:paramiko.transport:Remote version/idstring: SSH-1.99-Cisco-2.0
INFO:paramiko.transport:Connected (version 1.99, client Cisco-2.0)
DEBUG:paramiko.transport:kex algos:['ecdh-sha2-nistp521', 'ecdh-sha2-nistp384', 'ecdh-sha2-nistp256', 'diffie-hellman-group14-sha1'] server key:['ssh-rsa'] client encrypt:['aes128-ctr', 'aes192-ctr', 'aes256-ctr', 'aes128-gcm@openssh.com', 'aes256-gcm@openssh.com'] server encrypt:['aes128-ctr', 'aes192-ctr', 'aes256-ctr', 'aes128-gcm@openssh.com', 'aes256-gcm@openssh.com'] client mac:['hmac-sha2-512', 'hmac-sha2-256', 'hmac-sha1'] server mac:['hmac-sha2-512', 'hmac-sha2-256', 'hmac-sha1'] client compress:['none'] server compress:['none'] client lang:[''] server lang:[''] kex follows?False
DEBUG:paramiko.transport:Kex agreed: ecdh-sha2-nistp256
DEBUG:paramiko.transport:HostKey agreed: ssh-rsa
DEBUG:paramiko.transport:Cipher agreed: aes128-ctr
DEBUG:paramiko.transport:MAC agreed: hmac-sha2-256
DEBUG:paramiko.transport:Compression agreed: none
DEBUG:paramiko.transport:kex engine KexNistp256 specified hash_algo <built-in function openssl_sha256>
DEBUG:paramiko.transport:Switch to new keys ...
DEBUG:paramiko.transport:Adding ssh-rsa host key for [10.10.20.70]:2231: b'0b7fe057af98893860da3ac18b449501'
DEBUG:paramiko.transport:userauth is OK
INFO:paramiko.transport:Authentication (password) successful!
DEBUG:paramiko.transport:[chan 0] Max packet in: 32768 bytes
DEBUG:paramiko.transport:[chan 0] Max packet out: 32768 bytes
DEBUG:paramiko.transport:Secsh channel 0 opened.
DEBUG:paramiko.transport:[chan 0] Sesch channel 0 request ok
DEBUG:paramiko.transport:[chan 0] Sesch channel 0 request ok
DEBUG:netmiko:read_channel: 

RP/0/RP0/CPU0:r2#
DEBUG:netmiko:read_channel: 
DEBUG:netmiko:read_channel: 
DEBUG:netmiko:read_channel: 
DEBUG:netmiko:write_channel: b'\n'
DEBUG:netmiko:read_channel: 
DEBUG:netmiko:read_channel: 
DEBUG:netmiko:write_channel: b'\n'
DEBUG:netmiko:read_channel: 
DEBUG:netmiko:write_channel: b'\n'
DEBUG:netmiko:read_channel: 
RP/0/RP0/CPU0:r2#
DEBUG:netmiko:read_channel: 
DEBUG:netmiko:read_channel: 
DEBUG:netmiko:In disable_paging
DEBUG:netmiko:Command: terminal length 0

DEBUG:netmiko:write_channel: b'terminal length 0\n'
DEBUG:netmiko:Pattern is: RP\/0\/RP0\/CPU0\:r2
DEBUG:netmiko:_read_channel_expect read_data: 
RP/0/RP0/CPU0:r2#

DEBUG:netmiko:Pattern found: RP\/0\/RP0\/CPU0\:r2 
RP/0/RP0/CPU0:r2#

DEBUG:netmiko:
RP/0/RP0/CPU0:r2#

DEBUG:netmiko:Exiting disable_paging
DEBUG:netmiko:write_channel: b'terminal width 511\n'
DEBUG:netmiko:Pattern is: RP\/0\/RP0\/CPU0\:r2
DEBUG:netmiko:_read_channel_expect read_data: RP/0/RP0/CPU0:r2#
DEBUG:netmiko:Pattern found: RP\/0\/RP0\/CPU0\:r2 RP/0/RP0/CPU0:r2#
DEBUG:netmiko:read_channel: terminal length 0

DEBUG:netmiko:read_channel: 
DEBUG:netmiko:write_channel: b'\n'
DEBUG:netmiko:read_channel: 
DEBUG:netmiko:read_channel: 
DEBUG:netmiko:write_channel: b'\n'
DEBUG:netmiko:read_channel: 
DEBUG:netmiko:write_channel: b'\n'
DEBUG:netmiko:read_channel: 
DEBUG:netmiko:write_channel: b'\n'
DEBUG:netmiko:read_channel: Tue Oct 13 12:15:51.686 UTC
terminal width 511
RP/0/RP0/CPU0:r2#terminal width 511
Tue Oct 13 12:15:51.838 UTC
RP/0/RP0/CPU0:r2#
DEBUG:netmiko:read_channel: 
DEBUG:netmiko:read_channel: 
RP/0/RP0/CPU0:r2#
RP/0/RP0/CPU0:r2#

RP/0/RP0/CPU0:r2#
RP/0/RP0/CPU0:r2#
DEBUG:netmiko:write_channel: b'show run\n'
DEBUG:netmiko:read_channel: 
DEBUG:netmiko:read_channel: 
DEBUG:netmiko:read_channel: 
DEBUG:netmiko:read_channel: show run
Tue Oct 13 12:15:52.558 UTC

DEBUG:netmiko:read_channel: Building configuration...
!! IOS XR Configuration version = 6.4.1
!! Last configuration change at Tue Oct 13 09:23:43 2020 by admin
!

DEBUG:netmiko:read_channel: hostname r2
banner motd ;
--------------------------------------------------------------------------
  Router 2 (Cisco IOS XR Sandbox)
--------------------------------------------------------------------------
;
service timestamps log datetime msec
service timestamps debug datetime msec
username admin
 group root-lr
 group cisco-support
 secret 5 $1$A4C9$oaNorr6BXDruE4gDd086L.
!
line console
 timestamp disable
 exec-timeout 0 0
!
call-home
 service active
 contact smart-licensing
 profile CiscoTAC-1
  active
  destination transport-method http
 !
!
interface MgmtEth0/RP0/CPU0/0
 description *** MANAGEMENT INTERFACE ***
 ipv4 address dhcp
!
interface GigabitEthernet0/0/0/0
 shutdown
!
interface GigabitEthernet0/0/0/1
 shutdown
!
interface GigabitEthernet0/0/0/2
 shutdown
!
interface GigabitEthernet0/0/0/3
 shutdown
!
interface GigabitEthernet0/0/0/4
 shutdown
!
router static
 address-family ipv4 unicast
  0.0.0.0/0 192.168.122.1
 !
!
xml agent tty
 iteration off
!
DEBUG:netmiko:read_channel: 
DEBUG:netmiko:read_channel: 
DEBUG:netmiko:read_channel: 
DEBUG:netmiko:read_channel: 
netconf-yang agent
 ssh
!
ssh server v2
ssh server netconf vrf default
end


DEBUG:netmiko:read_channel: RP/0/RP0/CPU0:r2#
DEBUG:paramiko.transport:starting thread (client mode): 0x95145ba8
DEBUG:paramiko.transport:Local version/idstring: SSH-2.0-paramiko_2.7.2
DEBUG:paramiko.transport:Remote version/idstring: SSH-1.99-Cisco-2.0
INFO:paramiko.transport:Connected (version 1.99, client Cisco-2.0)
DEBUG:paramiko.transport:kex algos:['ecdh-sha2-nistp521', 'ecdh-sha2-nistp384', 'ecdh-sha2-nistp256', 'diffie-hellman-group14-sha1'] server key:['ssh-rsa'] client encrypt:['aes128-ctr', 'aes192-ctr', 'aes256-ctr', 'aes128-gcm@openssh.com', 'aes256-gcm@openssh.com'] server encrypt:['aes128-ctr', 'aes192-ctr', 'aes256-ctr', 'aes128-gcm@openssh.com', 'aes256-gcm@openssh.com'] client mac:['hmac-sha2-512', 'hmac-sha2-256', 'hmac-sha1'] server mac:['hmac-sha2-512', 'hmac-sha2-256', 'hmac-sha1'] client compress:['none'] server compress:['none'] client lang:[''] server lang:[''] kex follows?False
DEBUG:paramiko.transport:Kex agreed: ecdh-sha2-nistp256
DEBUG:paramiko.transport:HostKey agreed: ssh-rsa
DEBUG:paramiko.transport:Cipher agreed: aes128-ctr
DEBUG:paramiko.transport:MAC agreed: hmac-sha2-256
DEBUG:paramiko.transport:Compression agreed: none
DEBUG:paramiko.transport:kex engine KexNistp256 specified hash_algo <built-in function openssl_sha256>
DEBUG:paramiko.transport:Switch to new keys ...
DEBUG:paramiko.transport:Adding ssh-rsa host key for [10.10.20.70]:2231: b'0b7fe057af98893860da3ac18b449501'
DEBUG:paramiko.transport:userauth is OK
INFO:paramiko.transport:Authentication (password) successful!
DEBUG:paramiko.transport:[chan 0] Max packet in: 32768 bytes
DEBUG:paramiko.transport:[chan 0] Max packet out: 32768 bytes
DEBUG:paramiko.transport:Secsh channel 0 opened.
DEBUG:paramiko.transport:[chan 0] Sesch channel 0 request ok
DEBUG:paramiko.transport:[chan 0] Sesch channel 0 request ok
DEBUG:netmiko:read_channel: 

RP/0/RP0/CPU0:r2#
DEBUG:netmiko:read_channel: 
DEBUG:netmiko:read_channel: 
DEBUG:netmiko:read_channel: 
DEBUG:netmiko:write_channel: b'\n'
DEBUG:netmiko:read_channel: 
DEBUG:netmiko:read_channel: 
DEBUG:netmiko:write_channel: b'\n'
DEBUG:netmiko:read_channel: 
DEBUG:netmiko:write_channel: b'\n'
DEBUG:netmiko:read_channel: 
RP/0/RP0/CPU0:r2#
DEBUG:netmiko:read_channel: 
DEBUG:netmiko:read_channel: 
DEBUG:netmiko:In disable_paging
DEBUG:netmiko:Command: terminal length 0

DEBUG:netmiko:write_channel: b'terminal length 0\n'
DEBUG:netmiko:Pattern is: RP\/0\/RP0\/CPU0\:r2
DEBUG:netmiko:_read_channel_expect read_data: 

DEBUG:netmiko:_read_channel_expect read_data: RP/0/RP0/CPU0:r2#
RP/0/RP0/CPU0:r2#
DEBUG:netmiko:Pattern found: RP\/0\/RP0\/CPU0\:r2 
RP/0/RP0/CPU0:r2#
RP/0/RP0/CPU0:r2#
DEBUG:netmiko:
RP/0/RP0/CPU0:r2#
RP/0/RP0/CPU0:r2#
DEBUG:netmiko:Exiting disable_paging
DEBUG:netmiko:write_channel: b'terminal width 511\n'
DEBUG:netmiko:Pattern is: RP\/0\/RP0\/CPU0\:r2
DEBUG:netmiko:_read_channel_expect read_data: terminal length 0

DEBUG:netmiko:_read_channel_expect read_data: Tue Oct 13 12:50:05.130 UTC
RP/0/RP0/CPU0:r2#terminal width 511

DEBUG:netmiko:Pattern found: RP\/0\/RP0\/CPU0\:r2 terminal length 0
Tue Oct 13 12:50:05.130 UTC
RP/0/RP0/CPU0:r2#terminal width 511

DEBUG:netmiko:read_channel: Tue Oct 13 12:50:06.903 UTC
RP/0/RP0/CPU0:r2#
DEBUG:netmiko:read_channel: 
DEBUG:netmiko:write_channel: b'\n'
DEBUG:netmiko:read_channel: 
DEBUG:netmiko:read_channel: 
DEBUG:netmiko:write_channel: b'\n'
DEBUG:netmiko:read_channel: 
DEBUG:netmiko:write_channel: b'\n'
DEBUG:netmiko:read_channel: 
RP/0/RP0/CPU0:r2#
DEBUG:netmiko:read_channel: 
DEBUG:netmiko:read_channel: 
DEBUG:netmiko:write_channel: b'xml\n'
DEBUG:netmiko:read_channel: 
DEBUG:netmiko:read_channel: 
RP/0/RP0/CPU0:r2#
RP/0/RP0/CPU0:r2#xml
Tue Oct 13 12:50:08.218 UTC
XML> 
DEBUG:netmiko:read_channel: 
DEBUG:netmiko:read_channel: 
DEBUG:netmiko:read_channel: 
DEBUG:netmiko:write_channel: b'<?xml version="1.0" encoding="UTF-8"?><Request MajorVersion="1" MinorVersion="0"><Lock/></Request>\n'
DEBUG:netmiko:read_channel: 
DEBUG:netmiko:read_channel: 
DEBUG:netmiko:read_channel: <?xml version="1.0" encoding="UTF-8"?>
<Response MajorVersion="1" MinorVersion="0"><Lock/><ResultSummary ErrorCount="0"/></Response>
DEBUG:netmiko:read_channel: 
DEBUG:netmiko:read_channel: 
DEBUG:netmiko:read_channel: 
DEBUG:netmiko:read_channel: 
DEBUG:netmiko:read_channel: 
XML> 
DEBUG:netmiko:read_channel: 
DEBUG:netmiko:write_channel: b'<?xml version="1.0" encoding="UTF-8"?><Request MajorVersion="1" MinorVersion="0"><CLI><Configuration>interface Bundle-Ether33\n description ===TEST1====\n mtu 9216\n mlacp switchover type revertive\n bundle maximum-active links 2\n bundle minimum-active links 1\n!\ninterface Bundle-Ether33.1\n description 95014353 National Bank Of Kenya-Nakuru\n vrf NBK\n ipv4 address 1.1.1.1 255.255.255.252\n encapsulation dot1q 3021 second-dot1q 3302\n!\ninterface Bundle-Ether33.2\n description 95014354 National Bank Of Kenya Nakuru Hospital ATM\n vrf NBK\n ipv4 address 2.2.2.2 255.255.255.252\n encapsulation dot1q 3021 second-dot1q 3303\n!\ninterface Bundle-Ether33.3\n description 95014450_Jamii_Bora_Bank-Nakuru_Backup\n vrf JAMII_BORA\n ipv4 address 172.30.17.53 255.255.255.252\n encapsulation dot1q 3021 second-dot1q 3304\n!\ninterface Bundle-Ether33.4\n description 95015815 NBK-Westside Mall Nakuru ATM\n vrf NBK\n ipv4 address 172.30.17.77 255.255.255.252\n encapsulation dot1q 3021 second-dot1q 3311\n!\ninterface Bundle-Ether33.5\n description NACC Nakuru\n vrf NACC\n ipv4 address 5.5.5.5 255.255.255.252\n encapsulation dot1q 3021 second-dot1q 3314\n!\ninterface MgmtEth0/0/CPU0/0\n ipv4 address 10.10.20.71 255.255.255.0\n!\ninterface GigabitEthernet0/0/0/0\n bundle id 33 mode on\n!\ninterface GigabitEthernet0/0/0/1\n bundle id 33 mode on\n!\ninterface GigabitEthernet0/0/0/2\n shutdown\n!\ninterface GigabitEthernet0/0/0/3\n shutdown\n!\ninterface GigabitEthernet0/0/0/4\n shutdown\n!\ninterface GigabitEthernet0/0/0/5\n shutdown\n!\ninterface GigabitEthernet0/0/0/6\n shutdown\n!\ninterface GigabitEthernet0/0/0/7\n shutdown\n!\nrouter eigrp 200\n address-family ipv4\n !\n vrf NBK\n  address-family ipv4\n   default-metric 1024 100 255 1 1500\n   autonomous-system 500\n   redistribute connected\n   redistribute static\n   interface Bundle-Ether33.1\n   !\n   interface Bundle-Ether33.2\n   !\n   interface Bundle-Ether33.4\n   !\n  !\n !\n!\nssh server v2\nend\n\n\n</Configuration></CLI></Request>\n'
DEBUG:netmiko:read_channel: 
DEBUG:netmiko:read_channel: 
DEBUG:netmiko:read_channel: 
DEBUG:netmiko:read_channel: 
DEBUG:netmiko:read_channel: 
DEBUG:netmiko:read_channel: <?xml version="1.0" encoding="UTF-8"?>
<Response MajorVersion="1" MinorVersion="0"><CLI><Configuration/></CLI><ResultSummary ErrorCount="0"/></Response>
XML> 
DEBUG:netmiko:read_channel: 
DEBUG:netmiko:write_channel: b'<?xml version="1.0" encoding="UTF-8"?><Request MajorVersion="1" MinorVersion="0"><CLI><Configuration>show configuration changes diff</Configuration></CLI></Request>\n'
DEBUG:netmiko:read_channel: 
DEBUG:netmiko:read_channel: 
DEBUG:netmiko:read_channel: 
DEBUG:netmiko:read_channel: 
DEBUG:netmiko:read_channel: 
DEBUG:netmiko:read_channel: <?xml version="1.0" encoding="UTF-8"?>
<Response MajorVersion="1" MinorVersion="0"><CLI><Configuration>
Building configuration...
!! IOS XR Configuration version = 6.4.1
-  hostname r2
-  banner motd ;
--------------------------------------------------------------------------
  Router 2 (Cisco IOS XR Sandbox)
--------------------------------------------------------------------------
;
-  service timestamps log datetime msec
-  service timestamps debug datetime msec
-  username admin
-   group root-lr
-   group cisco-support
-   secret 5 $1$A4C9$oaNorr6BXDruE4gDd086L.
-  !
-  line console
-   timestamp disable
-   exec-timeout 0 0
-  !
-  call-home
-   service active
-   contact smart-licensing
-   profile CiscoTAC-1
-    active
-    destination transport-method email
-    destination transport-method http
-   !
-  !
+  interface Bundle-Ether33
+   description ===TEST1====
+   mtu 9216
+   mlacp switchover type revertive
+   bundle maximum-active links 2
+   bundle minimum-active links 1
+  !
+  interface Bundle-Ether33.1
+   description 95014353 National Bank Of Kenya-Nakuru
+   vrf NBK
+   ipv4 address 1.1.1.1 255.255.255.252
+   encapsulation dot1q 3021 second-dot1q 3302
+  !
+  interface Bundle-Ether33.2
+   description 95014354 National Bank Of Kenya Nakuru Hospital ATM
+   vrf NBK
+   ipv4 address 2.2.2.2 255.255.255.252
+   encapsulation dot1q 3021 second-dot1q 3303
+  !
+  interface Bundle-Ether33.3
+   description 95014450_Jamii_Bora_Bank-Nakuru_Backup
+   vrf JAMII_BORA
+   ipv4 address 172.30.17.53 255.255.255.252
+   encapsulation dot1q 3021 second-dot1q 3304
+  !
+  interface Bundle-Ether33.4
+   description 95015815 NBK-Westside Mall Nakuru ATM
+   vrf NBK
+   ipv4 address 172.30.17.77 255.255.255.252
+   encapsulation dot1q 3021 second-dot1q 3311
+  !
+  interface Bundle-Ether33.5
+   description NACC Nakuru
+   vrf NACC
+   ipv4 address 5.5.5.5 255.255.255.252
+   encapsulation dot1q 3021 second-dot1q 3314
+  !
-  
DEBUG:netmiko:read_channel: interface MgmtEth0/RP0/CPU0/0
-   description *** MANAGEMENT INTERFACE ***
-   ipv4 address dhcp
-  !
+  interface MgmtEth0/0/CPU0/0
+   ipv4 address 10.10.20.71 255.255.255.0
+  !
+  interface GigabitEthernet0/0/0/0
+   bundle id 33 mode on
-   shutdown
-  !
+  interface GigabitEthernet0/0/0/1
+   bundle id 33 mode on
-   shutdown
-  !
+  interface GigabitEthernet0/0/0/5
+   shutdown
+  !
+  interface GigabitEthernet0/0/0/6
+   shutdown
+  !
+  interface GigabitEthernet0/0/0/7
+   shutdown
+  !
-  router static
-   address-family ipv4 unicast
-    0.0.0.0/0 192.168.122.1
-   !
-  !
-  xml agent tty
-   iteration off
-  !
-  netconf-yang agent
-   ssh
-  !
-  ssh server netconf vrf default
+  router eigrp 200
+   address-family ipv4
+   !
+   vrf NBK
+    address-family ipv4
+     default-metric 1024 100 255 1 1500
+     autonomous-system 500
+     redistribute connected
+     redistribute static
+     interface Bundle-Ether33.1
+     !
+     interface Bundle-Ether33.2
+     !
+     interface Bundle-Ether33.4
+     !
+    !
+   !
+  !
end

</Configuration></CLI><ResultSummary ErrorCount="0"/></Response>
XML> 
DEBUG:netmiko:read_channel: 
DEBUG:netmiko:write_channel: b'<?xml version="1.0" encoding="UTF-8"?><Request MajorVersion="1" MinorVersion="0"><Clear/></Request>\n'
DEBUG:netmiko:read_channel: 
DEBUG:netmiko:read_channel: 
DEBUG:netmiko:read_channel: 
DEBUG:netmiko:read_channel: 
DEBUG:netmiko:read_channel: 
DEBUG:netmiko:read_channel: 
DEBUG:netmiko:read_channel: 
DEBUG:netmiko:read_channel: <?xml version="1.0" encoding="UTF-8"?>
<Response MajorVersion="1" MinorVersion="0"><Clear/><ResultSummary ErrorCount="0"/></Response>
XML> 
DEBUG:netmiko:read_channel: 
DEBUG:netmiko:write_channel: b'<?xml version="1.0" encoding="UTF-8"?><Request MajorVersion="1" MinorVersion="0"><Unlock/></Request>\n'
DEBUG:netmiko:read_channel: 
DEBUG:netmiko:read_channel: 
DEBUG:netmiko:read_channel: <?xml version="1.0" encoding="UTF-8"?>
<Response MajorVersion="1" MinorVersion="0"><Unlock/><ResultSummary ErrorCount="0"/></Response>
XML> 
DEBUG:paramiko.transport:[chan 0] EOF sent (0)
DEBUG:paramiko.transport:starting thread (client mode): 0xf52b1ba8
DEBUG:paramiko.transport:Local version/idstring: SSH-2.0-paramiko_2.7.2
DEBUG:paramiko.transport:Remote version/idstring: SSH-1.99-Cisco-2.0
INFO:paramiko.transport:Connected (version 1.99, client Cisco-2.0)
DEBUG:paramiko.transport:kex algos:['ecdh-sha2-nistp521', 'ecdh-sha2-nistp384', 'ecdh-sha2-nistp256', 'diffie-hellman-group14-sha1'] server key:['ssh-rsa'] client encrypt:['aes128-ctr', 'aes192-ctr', 'aes256-ctr', 'aes128-gcm@openssh.com', 'aes256-gcm@openssh.com'] server encrypt:['aes128-ctr', 'aes192-ctr', 'aes256-ctr', 'aes128-gcm@openssh.com', 'aes256-gcm@openssh.com'] client mac:['hmac-sha2-512', 'hmac-sha2-256', 'hmac-sha1'] server mac:['hmac-sha2-512', 'hmac-sha2-256', 'hmac-sha1'] client compress:['none'] server compress:['none'] client lang:[''] server lang:[''] kex follows?False
DEBUG:paramiko.transport:Kex agreed: ecdh-sha2-nistp256
DEBUG:paramiko.transport:HostKey agreed: ssh-rsa
DEBUG:paramiko.transport:Cipher agreed: aes128-ctr
DEBUG:paramiko.transport:MAC agreed: hmac-sha2-256
DEBUG:paramiko.transport:Compression agreed: none
DEBUG:paramiko.transport:kex engine KexNistp256 specified hash_algo <built-in function openssl_sha256>
DEBUG:paramiko.transport:Switch to new keys ...
DEBUG:paramiko.transport:Adding ssh-rsa host key for [10.10.20.70]:2231: b'0b7fe057af98893860da3ac18b449501'
DEBUG:paramiko.transport:userauth is OK
INFO:paramiko.transport:Authentication (password) successful!
DEBUG:paramiko.transport:[chan 0] Max packet in: 32768 bytes
DEBUG:paramiko.transport:[chan 0] Max packet out: 32768 bytes
DEBUG:paramiko.transport:Secsh channel 0 opened.
DEBUG:paramiko.transport:[chan 0] Sesch channel 0 request ok
DEBUG:paramiko.transport:[chan 0] Sesch channel 0 request ok
DEBUG:netmiko:read_channel: 

RP/0/RP0/CPU0:r2#
DEBUG:netmiko:read_channel: 
DEBUG:netmiko:read_channel: 
DEBUG:netmiko:read_channel: 
DEBUG:netmiko:write_channel: b'\n'
DEBUG:netmiko:read_channel: 
DEBUG:netmiko:read_channel: 
DEBUG:netmiko:write_channel: b'\n'
DEBUG:netmiko:read_channel: 
DEBUG:netmiko:write_channel: b'\n'
DEBUG:netmiko:read_channel: 
RP/0/RP0/CPU0:r2#
DEBUG:netmiko:read_channel: 
DEBUG:netmiko:read_channel: 
DEBUG:netmiko:In disable_paging
DEBUG:netmiko:Command: terminal length 0

DEBUG:netmiko:write_channel: b'terminal length 0\n'
DEBUG:netmiko:Pattern is: RP\/0\/RP0\/CPU0\:r2
DEBUG:netmiko:_read_channel_expect read_data: 
RP/0/RP0/CPU0:r2#
DEBUG:netmiko:Pattern found: RP\/0\/RP0\/CPU0\:r2 
RP/0/RP0/CPU0:r2#
DEBUG:netmiko:
RP/0/RP0/CPU0:r2#
DEBUG:netmiko:Exiting disable_paging
DEBUG:netmiko:write_channel: b'terminal width 511\n'
DEBUG:netmiko:Pattern is: RP\/0\/RP0\/CPU0\:r2
DEBUG:netmiko:_read_channel_expect read_data: 
RP/0/RP0/CPU0:r2#terminal length 0
Tue Oct 13 12:51:21.859 UTC

DEBUG:netmiko:Pattern found: RP\/0\/RP0\/CPU0\:r2 
RP/0/RP0/CPU0:r2#terminal length 0
Tue Oct 13 12:51:21.859 UTC

DEBUG:netmiko:read_channel: RP/0/RP0/CPU0:r2#terminal width 511
Tue Oct 13 12:51:22.358 UTC

DEBUG:netmiko:read_channel: 
DEBUG:netmiko:write_channel: b'\n'
DEBUG:netmiko:read_channel: RP/0/RP0/CPU0:r2#
DEBUG:netmiko:read_channel: 
DEBUG:netmiko:read_channel: 
DEBUG:netmiko:write_channel: b'xml\n'
DEBUG:netmiko:read_channel: 
DEBUG:netmiko:read_channel: 
RP/0/RP0/CPU0:r2#xml
Tue Oct 13 12:51:23.074 UTC
XML> 
DEBUG:netmiko:read_channel: 
DEBUG:netmiko:read_channel: 
DEBUG:netmiko:read_channel: 
DEBUG:netmiko:write_channel: b'<?xml version="1.0" encoding="UTF-8"?><Request MajorVersion="1" MinorVersion="0"><Lock/></Request>\n'
DEBUG:netmiko:read_channel: 
DEBUG:netmiko:read_channel: 
DEBUG:netmiko:read_channel: <?xml version="1.0" encoding="UTF-8"?>
<Response MajorVersion="1" MinorVersion="0"><Lock/><ResultSummary ErrorCount="0"/></Response>
XML> 
DEBUG:netmiko:read_channel: 
DEBUG:netmiko:write_channel: b'<?xml version="1.0" encoding="UTF-8"?><Request MajorVersion="1" MinorVersion="0"><CLI><Configuration>interface Bundle-Ether33\n description ===TEST1====\n mtu 9216\n mlacp switchover type revertive\n bundle maximum-active links 2\n bundle minimum-active links 1\n!\ninterface Bundle-Ether33.1\n description 95014353 National Bank Of Kenya-Nakuru\n vrf NBK\n ipv4 address 1.1.1.1 255.255.255.252\n encapsulation dot1q 3021 second-dot1q 3302\n!\ninterface Bundle-Ether33.2\n description 95014354 National Bank Of Kenya Nakuru Hospital ATM\n vrf NBK\n ipv4 address 2.2.2.2 255.255.255.252\n encapsulation dot1q 3021 second-dot1q 3303\n!\ninterface Bundle-Ether33.3\n description 95014450_Jamii_Bora_Bank-Nakuru_Backup\n vrf JAMII_BORA\n ipv4 address 172.30.17.53 255.255.255.252\n encapsulation dot1q 3021 second-dot1q 3304\n!\ninterface Bundle-Ether33.4\n description 95015815 NBK-Westside Mall Nakuru ATM\n vrf NBK\n ipv4 address 172.30.17.77 255.255.255.252\n encapsulation dot1q 3021 second-dot1q 3311\n!\ninterface Bundle-Ether33.5\n description NACC Nakuru\n vrf NACC\n ipv4 address 5.5.5.5 255.255.255.252\n encapsulation dot1q 3021 second-dot1q 3314\n!\ninterface MgmtEth0/0/CPU0/0\n ipv4 address 10.10.20.71 255.255.255.0\n!\ninterface GigabitEthernet0/0/0/0\n bundle id 33 mode on\n!\ninterface GigabitEthernet0/0/0/1\n bundle id 33 mode on\n!\ninterface GigabitEthernet0/0/0/2\n shutdown\n!\ninterface GigabitEthernet0/0/0/3\n shutdown\n!\ninterface GigabitEthernet0/0/0/4\n shutdown\n!\ninterface GigabitEthernet0/0/0/5\n shutdown\n!\ninterface GigabitEthernet0/0/0/6\n shutdown\n!\ninterface GigabitEthernet0/0/0/7\n shutdown\n!\nrouter eigrp 200\n address-family ipv4\n !\n vrf NBK\n  address-family ipv4\n   default-metric 1024 100 255 1 1500\n   autonomous-system 500\n   redistribute connected\n   redistribute static\n   interface Bundle-Ether33.1\n   !\n   interface Bundle-Ether33.2\n   !\n   interface Bundle-Ether33.4\n   !\n  !\n !\n!\nssh server v2\nend\n\n\n</Configuration></CLI></Request>\n'
DEBUG:netmiko:read_channel: 
DEBUG:netmiko:read_channel: 
DEBUG:netmiko:read_channel: <?xml version="1.0" encoding="UTF-8"?>
<Response MajorVersion="1" MinorVersion="0"><CLI><Configuration/></CLI><ResultSummary ErrorCount="0"/></Response>
XML> 
DEBUG:paramiko.transport:starting thread (client mode): 0xde80dcc0
DEBUG:paramiko.transport:Local version/idstring: SSH-2.0-paramiko_2.7.2
DEBUG:paramiko.transport:Remote version/idstring: SSH-1.99-Cisco-2.0
INFO:paramiko.transport:Connected (version 1.99, client Cisco-2.0)
DEBUG:paramiko.transport:kex algos:['ecdh-sha2-nistp521', 'ecdh-sha2-nistp384', 'ecdh-sha2-nistp256', 'diffie-hellman-group14-sha1'] server key:['ssh-rsa'] client encrypt:['aes128-ctr', 'aes192-ctr', 'aes256-ctr', 'aes128-gcm@openssh.com', 'aes256-gcm@openssh.com'] server encrypt:['aes128-ctr', 'aes192-ctr', 'aes256-ctr', 'aes128-gcm@openssh.com', 'aes256-gcm@openssh.com'] client mac:['hmac-sha2-512', 'hmac-sha2-256', 'hmac-sha1'] server mac:['hmac-sha2-512', 'hmac-sha2-256', 'hmac-sha1'] client compress:['none'] server compress:['none'] client lang:[''] server lang:[''] kex follows?False
DEBUG:paramiko.transport:Kex agreed: ecdh-sha2-nistp256
DEBUG:paramiko.transport:HostKey agreed: ssh-rsa
DEBUG:paramiko.transport:Cipher agreed: aes128-ctr
DEBUG:paramiko.transport:MAC agreed: hmac-sha2-256
DEBUG:paramiko.transport:Compression agreed: none
DEBUG:paramiko.transport:kex engine KexNistp256 specified hash_algo <built-in function openssl_sha256>
DEBUG:paramiko.transport:Switch to new keys ...
DEBUG:paramiko.transport:Adding ssh-rsa host key for [10.10.20.70]:2231: b'0b7fe057af98893860da3ac18b449501'
DEBUG:paramiko.transport:userauth is OK
INFO:paramiko.transport:Authentication (password) successful!
DEBUG:paramiko.transport:[chan 0] Max packet in: 32768 bytes
DEBUG:paramiko.transport:[chan 0] Max packet out: 32768 bytes
DEBUG:paramiko.transport:Secsh channel 0 opened.
DEBUG:paramiko.transport:[chan 0] Sesch channel 0 request ok
DEBUG:paramiko.transport:[chan 0] Sesch channel 0 request ok
DEBUG:netmiko:read_channel: 

RP/0/RP0/CPU0:r2#
DEBUG:netmiko:read_channel: 
DEBUG:netmiko:read_channel: 
DEBUG:netmiko:read_channel: 
DEBUG:netmiko:write_channel: b'\n'
DEBUG:netmiko:read_channel: 
DEBUG:netmiko:read_channel: 
DEBUG:netmiko:write_channel: b'\n'
DEBUG:netmiko:read_channel: 
DEBUG:netmiko:write_channel: b'\n'
DEBUG:netmiko:read_channel: 
RP/0/RP0/CPU0:r2#
DEBUG:netmiko:read_channel: 
DEBUG:netmiko:read_channel: 
DEBUG:netmiko:In disable_paging
DEBUG:netmiko:Command: terminal length 0

DEBUG:netmiko:write_channel: b'terminal length 0\n'
DEBUG:netmiko:Pattern is: RP\/0\/RP0\/CPU0\:r2
DEBUG:netmiko:_read_channel_expect read_data: 

DEBUG:netmiko:_read_channel_expect read_data: RP/0/RP0/CPU0:r2#
RP/0/RP0/CPU0:r2#
DEBUG:netmiko:Pattern found: RP\/0\/RP0\/CPU0\:r2 
RP/0/RP0/CPU0:r2#
RP/0/RP0/CPU0:r2#
DEBUG:netmiko:
RP/0/RP0/CPU0:r2#
RP/0/RP0/CPU0:r2#
DEBUG:netmiko:Exiting disable_paging
DEBUG:netmiko:write_channel: b'terminal width 511\n'
DEBUG:netmiko:Pattern is: RP\/0\/RP0\/CPU0\:r2
DEBUG:netmiko:_read_channel_expect read_data: terminal length 0

DEBUG:netmiko:_read_channel_expect read_data: Tue Oct 13 12:52:41.641 UTC

DEBUG:netmiko:_read_channel_expect read_data: RP/0/RP0/CPU0:r2#
DEBUG:netmiko:Pattern found: RP\/0\/RP0\/CPU0\:r2 terminal length 0
Tue Oct 13 12:52:41.641 UTC
RP/0/RP0/CPU0:r2#
DEBUG:netmiko:read_channel: terminal width 511
Tue Oct 13 12:52:41.827 UTC
RP/0/RP0/CPU0:r2#
DEBUG:netmiko:read_channel: 
DEBUG:netmiko:write_channel: b'\n'
DEBUG:netmiko:read_channel: 
DEBUG:netmiko:read_channel: 
DEBUG:netmiko:write_channel: b'\n'
DEBUG:netmiko:read_channel: 
DEBUG:netmiko:write_channel: b'\n'
DEBUG:netmiko:read_channel: 
DEBUG:netmiko:write_channel: b'\n'
DEBUG:netmiko:read_channel: 
RP/0/RP0/CPU0:r2#
DEBUG:netmiko:read_channel: 
DEBUG:netmiko:read_channel: 
DEBUG:netmiko:write_channel: b'xml\n'
DEBUG:netmiko:read_channel: 
DEBUG:netmiko:read_channel: 
RP/0/RP0/CPU0:r2#
RP/0/RP0/CPU0:r2#
RP/0/RP0/CPU0:r2#xml
Tue Oct 13 12:52:43.028 UTC
XML> 
DEBUG:netmiko:read_channel: 
DEBUG:netmiko:read_channel: 
DEBUG:netmiko:read_channel: 
DEBUG:netmiko:write_channel: b'<?xml version="1.0" encoding="UTF-8"?><Request MajorVersion="1" MinorVersion="0"><Lock/></Request>\n'
DEBUG:netmiko:read_channel: 
DEBUG:netmiko:read_channel: 
DEBUG:netmiko:read_channel: <?xml version="1.0" encoding="UTF-8"?>
<Response MajorVersion="1" MinorVersion="0"><Lock/><ResultSummary ErrorCount="0"/></Response>
XML> 
DEBUG:netmiko:read_channel: 
DEBUG:netmiko:write_channel: b'<?xml version="1.0" encoding="UTF-8"?><Request MajorVersion="1" MinorVersion="0"><CLI><Configuration>interface Bundle-Ether33\n description ===TEST1====\n mtu 9216\n mlacp switchover type revertive\n bundle maximum-active links 2\n bundle minimum-active links 1\n!\ninterface Bundle-Ether33.1\n description 95014353 National Bank Of Kenya-Nakuru\n vrf NBK\n ipv4 address 1.1.1.1 255.255.255.252\n encapsulation dot1q 3021 second-dot1q 3302\n!\ninterface Bundle-Ether33.2\n description 95014354 National Bank Of Kenya Nakuru Hospital ATM\n vrf NBK\n ipv4 address 2.2.2.2 255.255.255.252\n encapsulation dot1q 3021 second-dot1q 3303\n!\ninterface Bundle-Ether33.3\n description 95014450_Jamii_Bora_Bank-Nakuru_Backup\n vrf JAMII_BORA\n ipv4 address 172.30.17.53 255.255.255.252\n encapsulation dot1q 3021 second-dot1q 3304\n!\ninterface Bundle-Ether33.4\n description 95015815 NBK-Westside Mall Nakuru ATM\n vrf NBK\n ipv4 address 172.30.17.77 255.255.255.252\n encapsulation dot1q 3021 second-dot1q 3311\n!\ninterface Bundle-Ether33.5\n description NACC Nakuru\n vrf NACC\n ipv4 address 5.5.5.5 255.255.255.252\n encapsulation dot1q 3021 second-dot1q 3314\n!\ninterface MgmtEth0/0/CPU0/0\n ipv4 address 10.10.20.71 255.255.255.0\n!\ninterface GigabitEthernet0/0/0/0\n bundle id 33 mode on\n!\ninterface GigabitEthernet0/0/0/1\n bundle id 33 mode on\n!\ninterface GigabitEthernet0/0/0/2\n shutdown\n!\ninterface GigabitEthernet0/0/0/3\n shutdown\n!\ninterface GigabitEthernet0/0/0/4\n shutdown\n!\ninterface GigabitEthernet0/0/0/5\n shutdown\n!\ninterface GigabitEthernet0/0/0/6\n shutdown\n!\ninterface GigabitEthernet0/0/0/7\n shutdown\n!\nrouter eigrp 200\n address-family ipv4\n !\n vrf NBK\n  address-family ipv4\n   default-metric 1024 100 255 1 1500\n   autonomous-system 500\n   redistribute connected\n   redistribute static\n   interface Bundle-Ether33.1\n   !\n   interface Bundle-Ether33.2\n   !\n   interface Bundle-Ether33.4\n   !\n  !\n !\n!\nssh server v2\nend\n\n\n</Configuration></CLI></Request>\n'
DEBUG:netmiko:read_channel: 
DEBUG:netmiko:read_channel: 
DEBUG:netmiko:read_channel: 
DEBUG:netmiko:read_channel: <?xml version="1.0" encoding="UTF-8"?>
<Response MajorVersion="1" MinorVersion="0"><CLI><Configuration/></CLI><ResultSummary ErrorCount="0"/></Response>
XML> 
DEBUG:netmiko:read_channel: 
DEBUG:netmiko:write_channel: b'<?xml version="1.0" encoding="UTF-8"?><Request MajorVersion="1" MinorVersion="0"><CLI><Configuration>show configuration merge</Configuration></CLI></Request>\n'
DEBUG:netmiko:read_channel: 
DEBUG:netmiko:read_channel: 
DEBUG:netmiko:read_channel: 
DEBUG:netmiko:read_channel: 
DEBUG:netmiko:read_channel: 
DEBUG:netmiko:read_channel: <?xml version="1.0" encoding="UTF-8"?>
<Response MajorVersion="1" MinorVersion="0"><CLI><Configuration>
Building configuration...
!! IOS XR Configuration version = 6.4.1
!! Last configuration change at Tue Oct 13 09:23:43 2020 by admin
!
hostname r2
banner motd ;
--------------------------------------------------------------------------
  Router 2 (Cisco IOS XR Sandbox)
--------------------------------------------------------------------------
;
service timestamps log datetime msec
service timestamps debug datetime msec
username admin
 group root-lr
 group cisco-support
 secret 5 $1$A4C9$oaNorr6BXDruE4gDd086L.
!
line console
 timestamp disable
 exec-timeout 0 0
!
call-home
 service active
 contact smart-licensing
 profile CiscoTAC-1
  active
  destination transport-method http
 !
!
interface Bundle-Ether33
 description ===TEST1====
 mtu 9216
 mlacp switchover type revertive
 bundle maximum-active links 2
 bundle minimum-active links 1
!
interface Bundle-Ether33.1
 description 95014353 National Bank Of Kenya-Nakuru
 vrf NBK
 ipv4 address 1.1.1.1 255.255.255.252
 encapsulation dot1q 3021 second-dot1q 3302
!
interface Bundle-Ether33.2
 description 95014354 National Bank Of Kenya Nakuru Hospital ATM
 vrf NBK
 ipv4 address 2.2.2.2 255.255.255.252
 encapsulation dot1q 3021 second-dot1q 3303
!
interface Bundle-Ether33.3
 description 95014450_Jamii_Bora_Bank-Nakuru_Backup
 vrf JAMII_BORA
 ipv4 address 172.30.17.53 255.255.255.252
 encapsulation dot1q 3021 second-dot1q 3304
!
interface Bundle-Ether33.4
 description 95015815 NBK-Westside Mall Nakuru ATM
 vrf NBK
 ipv4 address 172.30.17.77 255.255.255.252
 encapsulation dot1q 3021 second-dot1q 3311
!
interface Bundle-Ether33.5
 description NACC Nakuru
 vrf NACC
 ipv4 address 5.5.5.5 255.255.255.252
 encapsulation dot1q 3021 second-dot1q 3314
!
interface MgmtEth0/RP0/CPU0/0
 description *** MANAGEMENT INTERFACE ***
 ipv4 address dhcp
!
interface MgmtEth0/0/CPU0/0
 ipv4 address 10.10.20.71 255.255.255.0
!
interface GigabitEthernet0/0/0/0
 bundle id 33 mode on
 shutdown
!
interface GigabitEthernet0/0/0/1
 bundle id 33 mode on
 shutdown
!
interface GigabitEthernet0/0/0/2
 shutdown
!
interface GigabitEthernet0/0/0/3
 shutdown
!
interface GigabitEthernet0/0/0/4
 shutdown
!
interface GigabitEthernet0/0/0/5
 shutdown
!
interface GigabitEthernet0/0/0/6
 shutdown
!
interface GigabitEthernet0/0/0/7
 shutdown
!
router static
 address-family ipv4 unicast
  0.0.0.0/0 192.168.122.1
 !
!
xml agent tty
 iteration off
!
netconf-yang agent
 ssh
!
ssh server v2
ssh server netconf vrf default
router eigrp 200
 address-family ipv4
 !
 vrf NBK
  address-family ipv4
   default-metric 1024 100 255 1 1500
   autonomous-system 500
   redistribute connected
   redistribute static
   interface Bundle-Ether33.1
   !
   interface Bundle-Ether33.2
   !
   interface Bundle-Ether33.4
   !
  !
 !
!
end

</Configuration></CLI><ResultSummary ErrorCount="0"/></Response>
XML> 
DEBUG:netmiko:read_channel: 
DEBUG:netmiko:write_channel: b'<?xml version="1.0" encoding="UTF-8"?><Request MajorVersion="1" MinorVersion="0"><CLI><Configuration>show running-config</Configuration></CLI></Request>\n'
DEBUG:netmiko:read_channel: 
DEBUG:netmiko:read_channel: 
DEBUG:netmiko:read_channel: 
DEBUG:netmiko:read_channel: 
DEBUG:netmiko:read_channel: 
DEBUG:netmiko:read_channel: <?xml version="1.0" encoding="UTF-8"?>
<Response MajorVersion="1" MinorVersion="0"><CLI><Configuration>
Building configuration...
!! IOS XR Configuration version = 6.4.1
!! Last configuration change at Tue Oct 13 09:23:43 2020 by admin
!
hostname r2
banner motd ;
--------------------------------------------------------------------------
  Router 2 (Cisco IOS XR Sandbox)
--------------------------------------------------------------------------
;
service timestamps log datetime msec
service timestamps debug datetime msec
username admin
 group root-lr
 group cisco-support
 secret 5 $1$A4C9$oaNorr6BXDruE4gDd086L.
!
line console
 timestamp disable
 exec-timeout 0 0
!
call-home
 service active
 contact smart-licensing
 profile CiscoTAC-1
  active
  destination transport-method http
 !
!
interface MgmtEth0/RP0/CPU0/0
 description *** MANAGEMENT INTERFACE ***
 ipv4 address dhcp
!
interface GigabitEthernet0/0/0/0
 shutdown
!
interface GigabitEthernet0/0/0/1
 shutdown
!
interface GigabitEthernet0/0/0/2
 shutdown
!
interface GigabitEthernet0/0/0/3
 shutdown
!
interface GigabitEthernet0/0/0/4
 shutdown
!
router static
 address-family ipv4 unicast
  0.0.0.0/0 192.168.122.1
 !
!
xml agent tty
 iteration off
!
netconf-yang agent
 ssh
!
ssh server v2
ssh server netconf vrf default
end

</Configuration></CLI><ResultSummary ErrorCount="0"/></Response>
XML> 
DEBUG:netmiko:read_channel: 
DEBUG:netmiko:write_channel: b'<?xml version="1.0" encoding="UTF-8"?><Request MajorVersion="1" MinorVersion="0"><Commit/></Request>\n'
DEBUG:netmiko:read_channel: 
DEBUG:netmiko:read_channel: 
DEBUG:netmiko:read_channel: 
DEBUG:netmiko:read_channel: 
DEBUG:netmiko:read_channel: 
DEBUG:netmiko:read_channel: 
DEBUG:netmiko:read_channel: 
DEBUG:netmiko:read_channel: 
DEBUG:netmiko:read_channel: 
DEBUG:netmiko:read_channel: 
DEBUG:netmiko:read_channel: 
DEBUG:netmiko:read_channel: 
DEBUG:netmiko:read_channel: 
DEBUG:netmiko:read_channel: 
DEBUG:netmiko:read_channel: 
DEBUG:netmiko:read_channel: 
DEBUG:netmiko:read_channel: 
DEBUG:netmiko:read_channel: 
DEBUG:netmiko:read_channel: 
DEBUG:netmiko:read_channel: 
DEBUG:netmiko:read_channel: 
DEBUG:netmiko:read_channel: 
DEBUG:netmiko:read_channel: 
DEBUG:netmiko:read_channel: 
DEBUG:netmiko:read_channel: 
DEBUG:netmiko:read_channel: 
DEBUG:netmiko:read_channel: 
DEBUG:netmiko:read_channel: 
DEBUG:netmiko:read_channel: 
DEBUG:netmiko:read_channel: 
DEBUG:netmiko:read_channel: 
DEBUG:netmiko:read_channel: 
DEBUG:netmiko:read_channel: 
DEBUG:netmiko:read_channel: 
DEBUG:netmiko:read_channel: 
DEBUG:netmiko:read_channel: 
DEBUG:netmiko:read_channel: 
DEBUG:netmiko:read_channel: 
DEBUG:netmiko:read_channel: 
DEBUG:netmiko:read_channel: 
DEBUG:netmiko:read_channel: <?xml version="1.0" encoding="UTF-8"?>
<Response MajorVersion="1" MinorVersion="0"><Commit ErrorCode="0x4081b400" ErrorMsg="&apos;sysdb&apos; detected the &apos;warning&apos; condition &apos;One or more sub-operations failed during a pseudo-atomic complex operation, no changes have been made&apos;"><Configuration OperationType="Set"><InterfaceConfigurationTable MajorVersion="5" MinorVersion="5"><InterfaceConfiguration><Naming><Active>act</Active><InterfaceName>MgmtEth0/0/CPU0/0</InterfaceName></Naming><IPV4Network MajorVersion="6" MinorVersion="7"><Addresses><Primary ErrorCode="0xa0813000" ErrorMsg="&apos;sysdb&apos; detected the &apos;fatal&apos; condition &apos;Failed to send a request to a remote node, location cannot be resolved hence cannot send out the msg&apos;"><Address>10.10.20.71</Address><Netmask>255.255.255.0</Netmask></Primary></Addresses></IPV4Network></InterfaceConfiguration><InterfaceConfiguration><Naming><Active>act</Active><InterfaceName>GigabitEthernet0/0/0/5</InterfaceName></Nami
DEBUG:netmiko:read_channel: 
DEBUG:netmiko:read_channel: 
DEBUG:netmiko:read_channel: 
DEBUG:netmiko:read_channel: 
DEBUG:netmiko:read_channel: 
DEBUG:netmiko:read_channel: 
DEBUG:netmiko:read_channel: ng><Shutdown ErrorCode="0xa0813000" ErrorMsg="&apos;sysdb&apos; detected the &apos;fatal&apos; condition &apos;Failed to send a request to a remote node, location cannot be resolved hence cannot send out the msg&apos;">true</Shutdown></InterfaceConfiguration><InterfaceConfiguration><Naming><Active>act</Active><InterfaceName>GigabitEthernet0/0/0/6</InterfaceName></Naming><Shutdown ErrorCode="0xa0813000" ErrorMsg="&apos;sysdb&apos; detected the &apos;fatal&apos; condition &apos;Failed to send a request to a remote node, location cannot be resolved hence cannot send out the msg&apos;">true</Shutdown></InterfaceConfiguration><InterfaceConfiguration><Naming><Active>act</Active><InterfaceName>GigabitEthernet0/0/0/7</InterfaceName></Naming><Shutdown ErrorCode="0xa0813000" ErrorMsg="&apos;sysdb&apos; detected the &apos;fatal&apos; condition &apos;Failed to send a request to a remote node, location cannot be resolved hence cannot send out the msg&apos;">true</Shutdown></InterfaceConfiguration><InterfaceConfig
DEBUG:netmiko:read_channel: 
DEBUG:netmiko:read_channel: uration><Naming><Active>act</Active><InterfaceName>Bundle-Ether33</InterfaceName></Naming><mLACP MajorVersion="7" MinorVersion="2"><SwitchoverType ErrorCode="0x42f73800" ErrorMsg="&apos;bundlemgr&apos; detected the &apos;warning&apos; condition &apos;The feature is not supported on this platform&apos;">Revertive</SwitchoverType></mLACP></InterfaceConfiguration></InterfaceConfigurationTable></Configuration></Commit><ResultSummary ErrorCount="1"/></Response>
XML> 
DEBUG:paramiko.transport:starting thread (client mode): 0xab0afba8
DEBUG:paramiko.transport:Local version/idstring: SSH-2.0-paramiko_2.7.2
DEBUG:paramiko.transport:Remote version/idstring: SSH-1.99-Cisco-2.0
INFO:paramiko.transport:Connected (version 1.99, client Cisco-2.0)
DEBUG:paramiko.transport:kex algos:['ecdh-sha2-nistp521', 'ecdh-sha2-nistp384', 'ecdh-sha2-nistp256', 'diffie-hellman-group14-sha1'] server key:['ssh-rsa'] client encrypt:['aes128-ctr', 'aes192-ctr', 'aes256-ctr', 'aes128-gcm@openssh.com', 'aes256-gcm@openssh.com'] server encrypt:['aes128-ctr', 'aes192-ctr', 'aes256-ctr', 'aes128-gcm@openssh.com', 'aes256-gcm@openssh.com'] client mac:['hmac-sha2-512', 'hmac-sha2-256', 'hmac-sha1'] server mac:['hmac-sha2-512', 'hmac-sha2-256', 'hmac-sha1'] client compress:['none'] server compress:['none'] client lang:[''] server lang:[''] kex follows?False
DEBUG:paramiko.transport:Kex agreed: ecdh-sha2-nistp256
DEBUG:paramiko.transport:HostKey agreed: ssh-rsa
DEBUG:paramiko.transport:Cipher agreed: aes128-ctr
DEBUG:paramiko.transport:MAC agreed: hmac-sha2-256
DEBUG:paramiko.transport:Compression agreed: none
DEBUG:paramiko.transport:kex engine KexNistp256 specified hash_algo <built-in function openssl_sha256>
DEBUG:paramiko.transport:Switch to new keys ...
DEBUG:paramiko.transport:Adding ssh-rsa host key for [10.10.20.70]:2231: b'0b7fe057af98893860da3ac18b449501'
DEBUG:paramiko.transport:userauth is OK
INFO:paramiko.transport:Authentication (password) successful!
DEBUG:paramiko.transport:[chan 0] Max packet in: 32768 bytes
DEBUG:paramiko.transport:[chan 0] Max packet out: 32768 bytes
DEBUG:paramiko.transport:Secsh channel 0 opened.
DEBUG:paramiko.transport:[chan 0] Sesch channel 0 request ok
DEBUG:paramiko.transport:[chan 0] Sesch channel 0 request ok
DEBUG:netmiko:read_channel: 


DEBUG:netmiko:read_channel: 
DEBUG:netmiko:read_channel: 
DEBUG:netmiko:read_channel: 
DEBUG:netmiko:write_channel: b'\n'
DEBUG:netmiko:read_channel: 
DEBUG:netmiko:read_channel: 
DEBUG:netmiko:write_channel: b'\n'
DEBUG:netmiko:read_channel: 
DEBUG:netmiko:write_channel: b'\n'
DEBUG:netmiko:read_channel: 
DEBUG:netmiko:write_channel: b'\n'
DEBUG:netmiko:read_channel: 
DEBUG:netmiko:write_channel: b'\n'
DEBUG:netmiko:read_channel: 
DEBUG:netmiko:write_channel: b'\n'
DEBUG:netmiko:read_channel: 
DEBUG:netmiko:write_channel: b'\n'
DEBUG:netmiko:read_channel: 
DEBUG:netmiko:write_channel: b'\n'
DEBUG:netmiko:read_channel: 
DEBUG:netmiko:write_channel: b'\n'
DEBUG:netmiko:read_channel: 
DEBUG:netmiko:write_channel: b'\n'
DEBUG:netmiko:read_channel: 
DEBUG:netmiko:write_channel: b'\n'
DEBUG:netmiko:read_channel: 
DEBUG:netmiko:write_channel: b'\n'
DEBUG:netmiko:write_channel: b'\n'
DEBUG:netmiko:Pattern is: [#\$]
DEBUG:netmiko:_read_channel_expect read_data: RP/0/RP0/CPU0:r2#
DEBUG:netmiko:Pattern found: [#\$] RP/0/RP0/CPU0:r2#
DEBUG:netmiko:write_channel: b'exit\n'
DEBUG:paramiko.transport:starting thread (client mode): 0x66671ba8
DEBUG:paramiko.transport:Local version/idstring: SSH-2.0-paramiko_2.7.2
DEBUG:paramiko.transport:Remote version/idstring: SSH-1.99-Cisco-2.0
INFO:paramiko.transport:Connected (version 1.99, client Cisco-2.0)
DEBUG:paramiko.transport:kex algos:['ecdh-sha2-nistp521', 'ecdh-sha2-nistp384', 'ecdh-sha2-nistp256', 'diffie-hellman-group14-sha1'] server key:['ssh-rsa'] client encrypt:['aes128-ctr', 'aes192-ctr', 'aes256-ctr', 'aes128-gcm@openssh.com', 'aes256-gcm@openssh.com'] server encrypt:['aes128-ctr', 'aes192-ctr', 'aes256-ctr', 'aes128-gcm@openssh.com', 'aes256-gcm@openssh.com'] client mac:['hmac-sha2-512', 'hmac-sha2-256', 'hmac-sha1'] server mac:['hmac-sha2-512', 'hmac-sha2-256', 'hmac-sha1'] client compress:['none'] server compress:['none'] client lang:[''] server lang:[''] kex follows?False
DEBUG:paramiko.transport:Kex agreed: ecdh-sha2-nistp256
DEBUG:paramiko.transport:HostKey agreed: ssh-rsa
DEBUG:paramiko.transport:Cipher agreed: aes128-ctr
DEBUG:paramiko.transport:MAC agreed: hmac-sha2-256
DEBUG:paramiko.transport:Compression agreed: none
DEBUG:paramiko.transport:kex engine KexNistp256 specified hash_algo <built-in function openssl_sha256>
DEBUG:paramiko.transport:Switch to new keys ...
DEBUG:paramiko.transport:Adding ssh-rsa host key for [10.10.20.70]:2231: b'0b7fe057af98893860da3ac18b449501'
DEBUG:paramiko.transport:userauth is OK
INFO:paramiko.transport:Authentication (password) successful!
DEBUG:paramiko.transport:[chan 0] Max packet in: 32768 bytes
DEBUG:paramiko.transport:[chan 0] Max packet out: 32768 bytes
DEBUG:paramiko.transport:Secsh channel 0 opened.
DEBUG:paramiko.transport:[chan 0] Sesch channel 0 request ok
DEBUG:paramiko.transport:[chan 0] Sesch channel 0 request ok
DEBUG:netmiko:read_channel: 

RP/0/RP0/CPU0:r2#
DEBUG:netmiko:read_channel: 
DEBUG:netmiko:read_channel: 
DEBUG:netmiko:read_channel: 
DEBUG:netmiko:write_channel: b'\n'
DEBUG:netmiko:read_channel: 
DEBUG:netmiko:read_channel: 
DEBUG:netmiko:write_channel: b'\n'
DEBUG:netmiko:read_channel: 
DEBUG:netmiko:write_channel: b'\n'
DEBUG:netmiko:read_channel: 
RP/0/RP0/CPU0:r2#
DEBUG:netmiko:read_channel: 
DEBUG:netmiko:read_channel: 
DEBUG:netmiko:In disable_paging
DEBUG:netmiko:Command: terminal length 0

DEBUG:netmiko:write_channel: b'terminal length 0\n'
DEBUG:netmiko:Pattern is: RP\/0\/RP0\/CPU0\:r2
DEBUG:netmiko:_read_channel_expect read_data: 
RP/0/RP0/CPU0:r2#
DEBUG:netmiko:Pattern found: RP\/0\/RP0\/CPU0\:r2 
RP/0/RP0/CPU0:r2#
DEBUG:netmiko:
RP/0/RP0/CPU0:r2#
DEBUG:netmiko:Exiting disable_paging
DEBUG:netmiko:write_channel: b'terminal width 511\n'
DEBUG:netmiko:Pattern is: RP\/0\/RP0\/CPU0\:r2
DEBUG:netmiko:_read_channel_expect read_data: 

DEBUG:netmiko:_read_channel_expect read_data: RP/0/RP0/CPU0:r2#terminal length 0

DEBUG:netmiko:Pattern found: RP\/0\/RP0\/CPU0\:r2 
RP/0/RP0/CPU0:r2#terminal length 0

DEBUG:netmiko:read_channel: Tue Oct 13 13:01:41.864 UTC
RP/0/RP0/CPU0:r2#
DEBUG:netmiko:read_channel: 
DEBUG:netmiko:write_channel: b'\n'
DEBUG:netmiko:read_channel: terminal width 511
Tue Oct 13 13:01:42.160 UTC
RP/0/RP0/CPU0:r2#
DEBUG:netmiko:read_channel: 
DEBUG:netmiko:read_channel: 
DEBUG:netmiko:write_channel: b'xml\n'
DEBUG:netmiko:read_channel: 
RP/0/RP0/CPU0:r2#
DEBUG:netmiko:read_channel: 
DEBUG:netmiko:read_channel: xml
Tue Oct 13 13:01:42.696 UTC
XML> 
DEBUG:netmiko:read_channel: 
DEBUG:netmiko:read_channel: 
DEBUG:netmiko:read_channel: 
DEBUG:netmiko:write_channel: b'<?xml version="1.0" encoding="UTF-8"?><Request MajorVersion="1" MinorVersion="0"><Lock/></Request>\n'
DEBUG:netmiko:read_channel: 
DEBUG:netmiko:read_channel: 
DEBUG:netmiko:read_channel: <?xml version="1.0" encoding="UTF-8"?>
<Response MajorVersion="1" MinorVersion="0"><Lock/><ResultSummary ErrorCount="0"/></Response>
DEBUG:netmiko:read_channel: 
DEBUG:netmiko:read_channel: 
DEBUG:netmiko:read_channel: 
XML> 
DEBUG:netmiko:read_channel: 
DEBUG:netmiko:write_channel: b'<?xml version="1.0" encoding="UTF-8"?><Request MajorVersion="1" MinorVersion="0"><CLI><Configuration>interface Bundle-Ether33\n description ===TEST1====\n mtu 9216\n mlacp switchover type revertive\n bundle maximum-active links 2\n bundle minimum-active links 1\n!\ninterface Bundle-Ether33.1\n description 95014353 National Bank Of Kenya-Nakuru\n vrf NBK\n ipv4 address 1.1.1.1 255.255.255.252\n encapsulation dot1q 3021 second-dot1q 3302\n!\ninterface Bundle-Ether33.2\n description 95014354 National Bank Of Kenya Nakuru Hospital ATM\n vrf NBK\n ipv4 address 2.2.2.2 255.255.255.252\n encapsulation dot1q 3021 second-dot1q 3303\n!\ninterface Bundle-Ether33.3\n description 95014450_Jamii_Bora_Bank-Nakuru_Backup\n vrf JAMII_BORA\n ipv4 address 172.30.17.53 255.255.255.252\n encapsulation dot1q 3021 second-dot1q 3304\n!\ninterface Bundle-Ether33.4\n description 95015815 NBK-Westside Mall Nakuru ATM\n vrf NBK\n ipv4 address 172.30.17.77 255.255.255.252\n encapsulation dot1q 3021 second-dot1q 3311\n!\ninterface Bundle-Ether33.5\n description NACC Nakuru\n vrf NACC\n ipv4 address 5.5.5.5 255.255.255.252\n encapsulation dot1q 3021 second-dot1q 3314\n!\ninterface MgmtEth0/0/CPU0/0\n ipv4 address 10.10.20.71 255.255.255.0\n!\ninterface GigabitEthernet0/0/0/0\n bundle id 33 mode on\n!\ninterface GigabitEthernet0/0/0/1\n bundle id 33 mode on\n!\ninterface GigabitEthernet0/0/0/2\n shutdown\n!\ninterface GigabitEthernet0/0/0/3\n shutdown\n!\ninterface GigabitEthernet0/0/0/4\n shutdown\n!\ninterface GigabitEthernet0/0/0/5\n shutdown\n!\ninterface GigabitEthernet0/0/0/6\n shutdown\n!\ninterface GigabitEthernet0/0/0/7\n shutdown\n!\nrouter eigrp 200\n address-family ipv4\n !\n vrf NBK\n  address-family ipv4\n   default-metric 1024 100 255 1 1500\n   autonomous-system 500\n   redistribute connected\n   redistribute static\n   interface Bundle-Ether33.1\n   !\n   interface Bundle-Ether33.2\n   !\n   interface Bundle-Ether33.4\n   !\n  !\n !\n!\nssh server v2\nend\n\n\n</Configuration></CLI></Request>\n'
DEBUG:netmiko:read_channel: 
DEBUG:netmiko:read_channel: 
DEBUG:netmiko:read_channel: <?xml version="1.0" encoding="UTF-8"?>
<Response MajorVersion="1" MinorVersion="0"><CLI><Configuration/></CLI><ResultSummary ErrorCount="0"/></Response>
XML> 
DEBUG:netmiko:read_channel: 
DEBUG:netmiko:write_channel: b'<?xml version="1.0" encoding="UTF-8"?><Request MajorVersion="1" MinorVersion="0"><CLI><Configuration>show configuration merge</Configuration></CLI></Request>\n'
DEBUG:netmiko:read_channel: 
DEBUG:netmiko:read_channel: 
DEBUG:netmiko:read_channel: 
DEBUG:netmiko:read_channel: 
DEBUG:netmiko:read_channel: 
DEBUG:netmiko:read_channel: <?xml version="1.0" encoding="UTF-8"?>
<Response MajorVersion="1" MinorVersion="0"><CLI><Configuration>
Building configuration...
!! IOS XR Configuration version = 6.4.1
!! Last configuration change at Tue Oct 13 09:23:43 2020 by admin
!
hostname r2
banner motd ;
--------------------------------------------------------------------------
  Router 2 (Cisco IOS XR Sandbox)
--------------------------------------------------------------------------
;
service timestamps log datetime msec
service timestamps debug datetime msec
username admin
 group root-lr
 group cisco-support
 secret 5 $1$A4C9$oaNorr6BXDruE4gDd086L.
!
line console
 timestamp disable
 exec-timeout 0 0
!
call-home
 service active
 contact smart-licensing
 profile CiscoTAC-1
  active
  destination transport-method http
 !
!
interface Bundle-Ether33
 description ===TEST1====
 mtu 9216
 mlacp switchover type revertive
 bundle maximum-active links 2
 bundle minimum-active links 1
!
interface Bundle-Ether33.1
 description 95014353 National Bank Of Kenya-Nakuru
 vrf NBK
 ipv4 address 1.1.1.1 255.255.255.252
 encapsulation dot1q 3021 second-dot1q 3302
!
interface Bundle-Ether33.2
 description 95014354 National Bank Of Kenya Nakuru Hospital ATM
 vrf NBK
 ipv4 address 2.2.2.2 255.255.255.252
 encapsulation dot1q 3021 second-dot1q 3303
!
interface Bundle-Ether33.3
 description 95014450_Jamii_Bora_Bank-Nakuru_Backup
 vrf JAMII_BORA
 ipv4 address 172.30.17.53 255.255.255.252
 encapsulation dot1q 3021 second-dot1q 3304
!
interface Bundle-Ether33.4
 description 95015815 NBK-Westside Mall Nakuru ATM
 vrf NBK
 ipv4 address 172.30.17.77 255.255.255.252
 encapsulation dot1q 3021 second-dot1q 3311
!
interface Bundle-Ether33.5
 description NACC Nakuru
 vrf NACC
 ipv4 address 5.5.5.5 255.255.255.252
 encapsulation dot1q 3021 second-dot1q 3314
!
interface MgmtEth0/RP0/CPU0/0
 description *** MANAGEMENT INTERFACE ***
 ipv4 address dhcp
!
interface MgmtEth0/0/CPU0/0
 ipv4 address 10.10.20
DEBUG:netmiko:read_channel: .71 255.255.255.0
!
interface GigabitEthernet0/0/0/0
 bundle id 33 mode on
 shutdown
!
interface GigabitEthernet0/0/0/1
 bundle id 33 mode on
 shutdown
!
interface GigabitEthernet0/0/0/2
 shutdown
!
interface GigabitEthernet0/0/0/3
 shutdown
!
interface GigabitEthernet0/0/0/4
 shutdown
!
interface GigabitEthernet0/0/0/5
 shutdown
!
interface GigabitEthernet0/0/0/6
 shutdown
!
interface GigabitEthernet0/0/0/7
 shutdown
!
router static
 address-family ipv4 unicast
  0.0.0.0/0 192.168.122.1
 !
!
xml agent tty
 iteration off
!
netconf-yang agent
 ssh
!
ssh server v2
ssh server netconf vrf default
router eigrp 200
 address-family ipv4
 !
 vrf NBK
  address-family ipv4
   default-metric 1024 100 255 1 1500
   autonomous-system 500
   redistribute connected
   redistribute static
   interface Bundle-Ether33.1
   !
   interface Bundle-Ether33.2
   !
   interface Bundle-Ether33.4
   !
  !
 !
!
end

</Configuration></CLI><ResultSummary ErrorCount="0"/></Response>
XML> 
DEBUG:netmiko:read_channel: 
DEBUG:netmiko:write_channel: b'<?xml version="1.0" encoding="UTF-8"?><Request MajorVersion="1" MinorVersion="0"><CLI><Configuration>show running-config</Configuration></CLI></Request>\n'
DEBUG:netmiko:read_channel: 
DEBUG:netmiko:read_channel: 
DEBUG:netmiko:read_channel: 
DEBUG:netmiko:read_channel: 
DEBUG:netmiko:read_channel: 
DEBUG:netmiko:read_channel: 
DEBUG:netmiko:read_channel: 
DEBUG:netmiko:read_channel: 
DEBUG:netmiko:read_channel: 
DEBUG:netmiko:read_channel: <?xml version="1.0" encoding="UTF-8"?>
<Response MajorVersion="1" MinorVersion="0"><CLI><Configuration>
Building configuration...
!! IOS XR Configuration version = 6.4.1
!! Last configuration change at Tue Oct 13 09:23:43 2020 by admin
!
hostname r2
banner motd ;
--------------------------------------------------------------------------
  Router 2 (Cisco IOS XR Sandbox)
--------------------------------------------------------------------------
;
service timestamps log datetime msec
service timestamps debug datetime msec
username admin
 group root-lr
 group cisco-support
 secret 5 $1$A4C9$oaNorr6BXDruE4gDd086L.
!
line console
 timestamp disable
 exec-timeout 0 0
!
call-home
 service active
 contact smart-licensing
 profile CiscoTAC-1
  active
  destination transport-method http
 !
!
interface MgmtEth0/RP0/CPU0/0
 description *** MANAGEMENT INTERFACE ***
 ipv4 address dhcp
!
interface GigabitEthernet0/0/0/0
 shutdown
!
interface GigabitEthernet0/0/0/1
 shutdown
!
interface GigabitEthernet0/0/0/2
 shutdown
!
interface GigabitEthernet0/0/0/3
 shutdown
!
interface GigabitEthernet0/0/0/4
 shutdown
!
router static
 address-family ipv4 unicast
  0.0.0.0/0 192.168.122.1
 !
!
xml agent tty
 iteration off
!
netconf-yang agent
 ssh
!
ssh server v2
ssh server netconf vrf default
end

</Configuration></CLI><ResultSummary ErrorCount="0"/></Response>
XML> 
DEBUG:netmiko:read_channel: 
DEBUG:netmiko:write_channel: b'<?xml version="1.0" encoding="UTF-8"?><Request MajorVersion="1" MinorVersion="0"><Commit/></Request>\n'
DEBUG:netmiko:read_channel: 
DEBUG:netmiko:read_channel: 
DEBUG:netmiko:read_channel: 
DEBUG:netmiko:read_channel: 
DEBUG:netmiko:read_channel: 
DEBUG:netmiko:read_channel: 
DEBUG:netmiko:read_channel: 
DEBUG:netmiko:read_channel: 
DEBUG:netmiko:read_channel: <?xml version="1.0" encoding="UTF-8"?>
<Response MajorVersion="1" MinorVersion="0"><Commit ErrorCode="0x4081b400" ErrorMsg="&apos;sysdb&apos; detected the &apos;warning&apos; condition &apos;One or more sub-operations failed during a pseudo-atomic complex operation, no changes have been made&apos;"><Configuration OperationType="Set"><InterfaceConfigurationTable MajorVersion="5" MinorVersion="5"><InterfaceConfiguration><Naming><Active>act</Active><InterfaceName>MgmtEth0/0/CPU0/0</InterfaceName></Naming><IPV4Network MajorVersion="6" MinorVersion="7"><Addresses><Primary ErrorCode="0xa0813000" ErrorMsg="&apos;sysdb&apos; detected the &apos;fatal&apos; condition &apos;Failed to send a request to a remote node, location cannot be resolved hence cannot send out the msg&apos;"><Address>10.10.20.71</Address><Netmask>255.255.255.0</Netmask></Primary></Addresses></IPV4Network></InterfaceConfiguration><InterfaceConfiguration><Naming><Active>act</Active><InterfaceName>GigabitEthernet0/0/0/5</InterfaceName></Naming><Shutdown ErrorCode="0xa0813000" ErrorMsg="&apos;sysdb&apos; detected the &apos;fatal&apos; condition &apos;Failed to send a request to a remote node, location cannot be resolved hence cannot send out the msg&apos;">true</Shutdown></InterfaceConfiguration><InterfaceConfiguration><Naming><Active>act</Active><InterfaceName>GigabitEthernet0/0/0/6</InterfaceName></Naming><Shutdown ErrorCode="0xa0813000" ErrorMsg="&apos;sysdb&apos; detected the &apos;fatal&apos; condition &apos;Failed to send a request to a remote node, location cannot be resolved hence cannot send out the msg&apos;">true</Shutdown></InterfaceConfiguration><InterfaceConfiguration><Naming><Active>act</Active><InterfaceName>GigabitEthernet0/0/0/7</InterfaceName></Naming><Shutdown ErrorCode="0xa0813000" ErrorMsg="&apos;sysdb&apos; detected the &apos;fatal&apos; condition &apos;Failed to send a request to a remote node, location cannot be resolved hence cannot send out the msg&apos;">true</Shutdown></InterfaceConfiguration><InterfaceConfig
DEBUG:netmiko:read_channel: uration><Naming><Active>act</Active><InterfaceName>Bundle-Ether33</InterfaceName></Naming><mLACP MajorVersion="7" MinorVersion="2"><SwitchoverType ErrorCode="0x42f73800" ErrorMsg="&apos;bundlemgr&apos; detected the &apos;warning&apos; condition &apos;The feature is not supported on this platform&apos;">Revertive</SwitchoverType></mLACP></InterfaceConfiguration></InterfaceConfigurationTable></Configuration></Commit><ResultSummary ErrorCount="1"/></Response>
XML> 
DEBUG:paramiko.transport:starting thread (client mode): 0xd7be9ba8
DEBUG:paramiko.transport:Local version/idstring: SSH-2.0-paramiko_2.7.2
DEBUG:paramiko.transport:Remote version/idstring: SSH-1.99-Cisco-2.0
INFO:paramiko.transport:Connected (version 1.99, client Cisco-2.0)
DEBUG:paramiko.transport:kex algos:['ecdh-sha2-nistp521', 'ecdh-sha2-nistp384', 'ecdh-sha2-nistp256', 'diffie-hellman-group14-sha1'] server key:['ssh-rsa'] client encrypt:['aes128-ctr', 'aes192-ctr', 'aes256-ctr', 'aes128-gcm@openssh.com', 'aes256-gcm@openssh.com'] server encrypt:['aes128-ctr', 'aes192-ctr', 'aes256-ctr', 'aes128-gcm@openssh.com', 'aes256-gcm@openssh.com'] client mac:['hmac-sha2-512', 'hmac-sha2-256', 'hmac-sha1'] server mac:['hmac-sha2-512', 'hmac-sha2-256', 'hmac-sha1'] client compress:['none'] server compress:['none'] client lang:[''] server lang:[''] kex follows?False
DEBUG:paramiko.transport:Kex agreed: ecdh-sha2-nistp256
DEBUG:paramiko.transport:HostKey agreed: ssh-rsa
DEBUG:paramiko.transport:Cipher agreed: aes128-ctr
DEBUG:paramiko.transport:MAC agreed: hmac-sha2-256
DEBUG:paramiko.transport:Compression agreed: none
DEBUG:paramiko.transport:kex engine KexNistp256 specified hash_algo <built-in function openssl_sha256>
DEBUG:paramiko.transport:Switch to new keys ...
DEBUG:paramiko.transport:Adding ssh-rsa host key for [10.10.20.70]:2231: b'0b7fe057af98893860da3ac18b449501'
DEBUG:paramiko.transport:userauth is OK
INFO:paramiko.transport:Authentication (password) successful!
DEBUG:paramiko.transport:[chan 0] Max packet in: 32768 bytes
DEBUG:paramiko.transport:[chan 0] Max packet out: 32768 bytes
DEBUG:paramiko.transport:Secsh channel 0 opened.
DEBUG:paramiko.transport:[chan 0] Sesch channel 0 request ok
DEBUG:paramiko.transport:[chan 0] Sesch channel 0 request ok
DEBUG:netmiko:read_channel: 

RP/0/RP0/CPU0:r2#
DEBUG:netmiko:read_channel: 
DEBUG:netmiko:read_channel: 
DEBUG:netmiko:read_channel: 
DEBUG:netmiko:write_channel: b'\n'
DEBUG:netmiko:read_channel: 
DEBUG:netmiko:read_channel: 
DEBUG:netmiko:write_channel: b'\n'
DEBUG:netmiko:read_channel: 
DEBUG:netmiko:write_channel: b'\n'
DEBUG:netmiko:read_channel: 
DEBUG:netmiko:write_channel: b'\n'
DEBUG:netmiko:read_channel: 
RP/0/RP0/CPU0:r2#
DEBUG:netmiko:read_channel: 
DEBUG:netmiko:read_channel: 
DEBUG:netmiko:In disable_paging
DEBUG:netmiko:Command: terminal length 0

DEBUG:netmiko:write_channel: b'terminal length 0\n'
DEBUG:netmiko:Pattern is: RP\/0\/RP0\/CPU0\:r2
DEBUG:netmiko:_read_channel_expect read_data: 

DEBUG:netmiko:_read_channel_expect read_data: RP/0/RP0/CPU0:r2#
RP/0/RP0/CPU0:r2#
RP/0/RP0/CPU0:r2#
DEBUG:netmiko:Pattern found: RP\/0\/RP0\/CPU0\:r2 
RP/0/RP0/CPU0:r2#
RP/0/RP0/CPU0:r2#
RP/0/RP0/CPU0:r2#
DEBUG:netmiko:
RP/0/RP0/CPU0:r2#
RP/0/RP0/CPU0:r2#
RP/0/RP0/CPU0:r2#
DEBUG:netmiko:Exiting disable_paging
DEBUG:netmiko:write_channel: b'terminal width 511\n'
DEBUG:netmiko:Pattern is: RP\/0\/RP0\/CPU0\:r2
DEBUG:netmiko:_read_channel_expect read_data: terminal length 0

DEBUG:netmiko:_read_channel_expect read_data: Tue Oct 13 13:03:53.141 UTC
RP/0/RP0/CPU0:r2#
DEBUG:netmiko:Pattern found: RP\/0\/RP0\/CPU0\:r2 terminal length 0
Tue Oct 13 13:03:53.141 UTC
RP/0/RP0/CPU0:r2#
DEBUG:netmiko:read_channel: terminal width 511
Tue Oct 13 13:03:53.425 UTC
RP/0/RP0/CPU0:r2#
DEBUG:netmiko:read_channel: 
DEBUG:netmiko:write_channel: b'\n'
DEBUG:netmiko:read_channel: 
DEBUG:netmiko:read_channel: 
DEBUG:netmiko:write_channel: b'\n'
DEBUG:netmiko:read_channel: 
DEBUG:netmiko:write_channel: b'\n'
DEBUG:netmiko:read_channel: 
DEBUG:netmiko:write_channel: b'\n'
DEBUG:netmiko:read_channel: 
DEBUG:netmiko:write_channel: b'\n'
DEBUG:netmiko:read_channel: 
DEBUG:netmiko:write_channel: b'\n'
DEBUG:netmiko:read_channel: 
DEBUG:netmiko:write_channel: b'\n'
DEBUG:netmiko:read_channel: 
DEBUG:netmiko:write_channel: b'\n'
DEBUG:netmiko:read_channel: 
DEBUG:netmiko:write_channel: b'\n'
DEBUG:netmiko:read_channel: 
DEBUG:netmiko:write_channel: b'\n'
DEBUG:netmiko:read_channel: 
DEBUG:netmiko:write_channel: b'\n'
DEBUG:netmiko:read_channel: 
DEBUG:netmiko:write_channel: b'\n'
DEBUG:paramiko.transport:starting thread (client mode): 0xcf60bba8
DEBUG:paramiko.transport:Local version/idstring: SSH-2.0-paramiko_2.7.2
DEBUG:paramiko.transport:Remote version/idstring: SSH-1.99-Cisco-2.0
INFO:paramiko.transport:Connected (version 1.99, client Cisco-2.0)
DEBUG:paramiko.transport:kex algos:['ecdh-sha2-nistp521', 'ecdh-sha2-nistp384', 'ecdh-sha2-nistp256', 'diffie-hellman-group14-sha1'] server key:['ssh-rsa'] client encrypt:['aes128-ctr', 'aes192-ctr', 'aes256-ctr', 'aes128-gcm@openssh.com', 'aes256-gcm@openssh.com'] server encrypt:['aes128-ctr', 'aes192-ctr', 'aes256-ctr', 'aes128-gcm@openssh.com', 'aes256-gcm@openssh.com'] client mac:['hmac-sha2-512', 'hmac-sha2-256', 'hmac-sha1'] server mac:['hmac-sha2-512', 'hmac-sha2-256', 'hmac-sha1'] client compress:['none'] server compress:['none'] client lang:[''] server lang:[''] kex follows?False
DEBUG:paramiko.transport:Kex agreed: ecdh-sha2-nistp256
DEBUG:paramiko.transport:HostKey agreed: ssh-rsa
DEBUG:paramiko.transport:Cipher agreed: aes128-ctr
DEBUG:paramiko.transport:MAC agreed: hmac-sha2-256
DEBUG:paramiko.transport:Compression agreed: none
DEBUG:paramiko.transport:kex engine KexNistp256 specified hash_algo <built-in function openssl_sha256>
DEBUG:paramiko.transport:Switch to new keys ...
DEBUG:paramiko.transport:Adding ssh-rsa host key for [10.10.20.70]:2231: b'0b7fe057af98893860da3ac18b449501'
DEBUG:paramiko.transport:userauth is OK
INFO:paramiko.transport:Authentication (password) successful!
DEBUG:paramiko.transport:[chan 0] Max packet in: 32768 bytes
DEBUG:paramiko.transport:[chan 0] Max packet out: 32768 bytes
DEBUG:paramiko.transport:Secsh channel 0 opened.
DEBUG:paramiko.transport:[chan 0] Sesch channel 0 request ok
DEBUG:paramiko.transport:[chan 0] Sesch channel 0 request ok
DEBUG:netmiko:read_channel: 

RP/0/RP0/CPU0:r2#
DEBUG:netmiko:read_channel: 
DEBUG:netmiko:read_channel: 
DEBUG:netmiko:read_channel: 
DEBUG:netmiko:write_channel: b'\n'
DEBUG:netmiko:read_channel: 
DEBUG:netmiko:read_channel: 
DEBUG:netmiko:write_channel: b'\n'
DEBUG:netmiko:read_channel: 
DEBUG:netmiko:write_channel: b'\n'
DEBUG:netmiko:read_channel: 
RP/0/RP0/CPU0:r2#
DEBUG:netmiko:read_channel: 
DEBUG:netmiko:read_channel: 

RP/0/RP0/CPU0:r2#
RP/0/RP0/CPU0:r2#
DEBUG:netmiko:In disable_paging
DEBUG:netmiko:Command: terminal length 0

DEBUG:netmiko:write_channel: b'terminal length 0\n'
DEBUG:netmiko:Pattern is: RP\/0\/RP0\/CPU0\:r2
DEBUG:netmiko:_read_channel_expect read_data: terminal length 0

DEBUG:netmiko:_read_channel_expect read_data: Tue Oct 13 13:04:08.213 UTC

DEBUG:netmiko:_read_channel_expect read_data: RP/0/RP0/CPU0:r2#
DEBUG:netmiko:Pattern found: RP\/0\/RP0\/CPU0\:r2 terminal length 0
Tue Oct 13 13:04:08.213 UTC
RP/0/RP0/CPU0:r2#
DEBUG:netmiko:terminal length 0
Tue Oct 13 13:04:08.213 UTC
RP/0/RP0/CPU0:r2#
DEBUG:netmiko:Exiting disable_paging
DEBUG:netmiko:write_channel: b'terminal width 511\n'
DEBUG:netmiko:Pattern is: RP\/0\/RP0\/CPU0\:r2
DEBUG:netmiko:_read_channel_expect read_data: terminal width 511

DEBUG:netmiko:_read_channel_expect read_data: Tue Oct 13 13:04:08.936 UTC
RP/0/RP0/CPU0:r2#
DEBUG:netmiko:Pattern found: RP\/0\/RP0\/CPU0\:r2 terminal width 511
Tue Oct 13 13:04:08.936 UTC
RP/0/RP0/CPU0:r2#
DEBUG:netmiko:read_channel: 
DEBUG:netmiko:read_channel: 
DEBUG:netmiko:write_channel: b'\n'
DEBUG:netmiko:read_channel: 
DEBUG:netmiko:read_channel: 
DEBUG:netmiko:write_channel: b'\n'
DEBUG:netmiko:read_channel: 
DEBUG:netmiko:write_channel: b'\n'
DEBUG:netmiko:read_channel: 
RP/0/RP0/CPU0:r2#
DEBUG:netmiko:read_channel: 
DEBUG:netmiko:read_channel: 
DEBUG:netmiko:write_channel: b'xml\n'
DEBUG:netmiko:read_channel: 
DEBUG:netmiko:read_channel: 
RP/0/RP0/CPU0:r2#
RP/0/RP0/CPU0:r2#xml
Tue Oct 13 13:04:10.646 UTC
XML> 
DEBUG:netmiko:read_channel: 
DEBUG:netmiko:read_channel: 
DEBUG:netmiko:read_channel: 
DEBUG:netmiko:write_channel: b'<?xml version="1.0" encoding="UTF-8"?><Request MajorVersion="1" MinorVersion="0"><Lock/></Request>\n'
DEBUG:netmiko:read_channel: 
DEBUG:netmiko:read_channel: 
DEBUG:netmiko:read_channel: <?xml version="1.0" encoding="UTF-8"?>
<Response MajorVersion="1" MinorVersion="0"><Lock/><ResultSummary ErrorCount="0"/></Response>
XML> 
DEBUG:netmiko:read_channel: 
DEBUG:netmiko:write_channel: b'<?xml version="1.0" encoding="UTF-8"?><Request MajorVersion="1" MinorVersion="0"><CLI><Configuration>interface Bundle-Ether33\n description ===TEST1====\n mtu 9216\n mlacp switchover type revertive\n bundle maximum-active links 2\n bundle minimum-active links 1\n!\ninterface Bundle-Ether33.1\n description 95014353 National Bank Of Kenya-Nakuru\n vrf NBK\n ipv4 address 1.1.1.1 255.255.255.252\n encapsulation dot1q 3021 second-dot1q 3302\n!\ninterface Bundle-Ether33.2\n description 95014354 National Bank Of Kenya Nakuru Hospital ATM\n vrf NBK\n ipv4 address 2.2.2.2 255.255.255.252\n encapsulation dot1q 3021 second-dot1q 3303\n!\ninterface Bundle-Ether33.3\n description 95014450_Jamii_Bora_Bank-Nakuru_Backup\n vrf JAMII_BORA\n ipv4 address 172.30.17.53 255.255.255.252\n encapsulation dot1q 3021 second-dot1q 3304\n!\ninterface Bundle-Ether33.4\n description 95015815 NBK-Westside Mall Nakuru ATM\n vrf NBK\n ipv4 address 172.30.17.77 255.255.255.252\n encapsulation dot1q 3021 second-dot1q 3311\n!\ninterface Bundle-Ether33.5\n description NACC Nakuru\n vrf NACC\n ipv4 address 5.5.5.5 255.255.255.252\n encapsulation dot1q 3021 second-dot1q 3314\n!\n!\ninterface GigabitEthernet0/0/0/0\n bundle id 33 mode on\n!\ninterface GigabitEthernet0/0/0/1\n bundle id 33 mode on\n!\ninterface GigabitEthernet0/0/0/2\n shutdown\n!\ninterface GigabitEthernet0/0/0/3\n shutdown\n!\ninterface GigabitEthernet0/0/0/4\n shutdown\n!\ninterface GigabitEthernet0/0/0/5\n shutdown\n!\ninterface GigabitEthernet0/0/0/6\n shutdown\n!\ninterface GigabitEthernet0/0/0/7\n shutdown\n!\nrouter eigrp 200\n address-family ipv4\n !\n vrf NBK\n  address-family ipv4\n   default-metric 1024 100 255 1 1500\n   autonomous-system 500\n   redistribute connected\n   redistribute static\n   interface Bundle-Ether33.1\n   !\n   interface Bundle-Ether33.2\n   !\n   interface Bundle-Ether33.4\n   !\n  !\n !\n!\n\n\n\n</Configuration></CLI></Request>\n'
DEBUG:netmiko:read_channel: 
DEBUG:netmiko:read_channel: 
DEBUG:netmiko:read_channel: 
DEBUG:netmiko:read_channel: 
DEBUG:netmiko:read_channel: 
DEBUG:netmiko:read_channel: 
DEBUG:netmiko:read_channel: <?xml version="1.0" encoding="UTF-8"?>
<Response MajorVersion="1" MinorVersion="0"><CLI><Configuration/></CLI><ResultSummary ErrorCount="0"/></Response>
XML> 
DEBUG:netmiko:read_channel: 
DEBUG:netmiko:write_channel: b'<?xml version="1.0" encoding="UTF-8"?><Request MajorVersion="1" MinorVersion="0"><CLI><Configuration>show configuration merge</Configuration></CLI></Request>\n'
DEBUG:netmiko:read_channel: 
DEBUG:netmiko:read_channel: 
DEBUG:netmiko:read_channel: 
DEBUG:netmiko:read_channel: 
DEBUG:netmiko:read_channel: 
DEBUG:netmiko:read_channel: <?xml version="1.0" encoding="UTF-8"?>
<Response MajorVersion="1" MinorVersion="0"><CLI><Configuration>
Building configuration...
!! IOS XR Configuration version = 6.4.1
!! Last configuration change at Tue Oct 13 09:23:43 2020 by admin
!
hostname r2
banner motd ;
--------------------------------------------------------------------------
  Router 2 (Cisco IOS XR Sandbox)
--------------------------------------------------------------------------
;
service timestamps log datetime msec
service timestamps debug datetime msec
username admin
 group root-lr
 group cisco-support
 secret 5 $1$A4C9$oaNorr6BXDruE4gDd086L.
!
line console
 timestamp disable
 exec-timeout 0 0
!
call-home
 service active
 contact smart-licensing
 profile CiscoTAC-1
  active
  destination transport-method http
 !
!
interface Bundle-Ether33
 description ===TEST1====
 mtu 9216
 mlacp switchover type revertive
 bundle maximum-active links 2
 bundle minimum-active links 1
!
interface Bundle-Ether33.1
DEBUG:netmiko:read_channel: 
DEBUG:netmiko:read_channel: 
DEBUG:netmiko:read_channel: 
DEBUG:netmiko:read_channel: 
DEBUG:netmiko:read_channel: 
DEBUG:netmiko:read_channel: 
 description 95014353 National Bank Of Kenya-Nakuru
 vrf NBK
 ipv4 address 1.1.1.1 255.255.255.252
 encapsulation dot1q 3021 second-dot1q 3302
!
interface Bundle-Ether33.2
 description 95014354 National Bank Of Kenya Nakuru Hospital ATM
 vrf NBK
 ipv4 address 2.2.2.2 255.255.255.252
 encapsulation dot1q 3021 second-dot1q 3303
!
interface Bundle-Ether33.3
 description 95014450_Jamii_Bora_Bank-Nakuru_Backup
 vrf JAMII_BORA
 ipv4 address 172.30.17.53 255.255.255.252
 encapsulation dot1q 3021 second-dot1q 3304
!
interface Bundle-Ether33.4
 description 95015815 NBK-Westside Mall Nakuru ATM
 vrf NBK
 ipv4 address 172.30.17.77 255.255.255.252
 encapsulation dot1q 3021 second-dot1q 3311
!
interface Bundle-Ether33.5
 description NACC Nakuru
 vrf NACC
 ipv4 address 5.5.5.5 255.255.255.252
 encapsulation dot1q 3021 second-dot1q 3314
!
interface MgmtEth0/RP0/CPU0/0
 description *** MANAGEMENT INTERFACE ***
 ipv4 address dhcp
!
interface GigabitEthernet0/0/0/0
 bundle id 33 mode on
 shutdown
!
interface GigabitEthernet0/0/0/1
 bundle id 33 mode on
 shutdown
!
interface GigabitEthernet0/0/0/2
 shutdown
!
interface GigabitEthernet0/0/0/3
 shutdown
!
interface GigabitEthernet0/0/0/4
 shutdown
!
interface GigabitEthernet0/0/0/5
 shutdown
!
interface GigabitEthernet0/0/0/6
 shutdown
!
interface GigabitEthernet0/0/0/7
 shutdown
!
router static
 address-family ipv4 unicast
  0.0.0.0/0 192.168.122.1
 !
!
xml agent tty
 iteration off
!
netconf-yang agent
 ssh
!
ssh server v2
ssh server netconf vrf default
router eigrp 200
 address-family ipv4
 !
 vrf NBK
  address-family ipv4
   default-metric 1024 100 255 1 1500
   autonomous-system 500
   redistribute connected
   redistribute static
   interface Bundle-Ether33.1
   !
   interface Bundle-Ether33.2
   !
   interface Bundle-Ether33.4
   !
  !
 !
!
end

</Configuration></CLI><ResultSummary ErrorCount="0"/></Response>
XML> 
DEBUG:netmiko:read_channel: 
DEBUG:netmiko:write_channel: b'<?xml version="1.0" encoding="UTF-8"?><Request MajorVersion="1" MinorVersion="0"><CLI><Configuration>show running-config</Configuration></CLI></Request>\n'
DEBUG:netmiko:read_channel: 
DEBUG:netmiko:read_channel: 
DEBUG:netmiko:read_channel: 
DEBUG:netmiko:read_channel: 
DEBUG:netmiko:read_channel: 
DEBUG:netmiko:read_channel: <?xml version="1.0" encoding="UTF-8"?>
<Response MajorVersion="1" MinorVersion="0"><CLI><Configuration>
Building configuration...
!! IOS XR Configuration version = 6.4.1
!! Last configuration change at Tue Oct 13 09:23:43 2020 by admin
!
hostname r2
banner motd ;
--------------------------------------------------------------------------
  Router 2 (Cisco IOS XR Sandbox)
--------------------------------------------------------------------------
;
service timestamps log datetime msec
service timestamps debug datetime msec
username admin
 group root-lr
 group cisco-support
 secret 5 $1$A4C9$oaNorr6BXDruE4gDd086L.
!
line console
 timestamp disable
 exec-timeout 0 0
!
call-home
 service active
 contact smart-licensing
 profile CiscoTAC-1
  active
  destination transport-method http
 !
!
interface MgmtEth0/RP0/CPU0/0
 description *** MANAGEMENT INTERFACE ***
 ipv4 address dhcp
!
interface GigabitEthernet0/0/0/0
 shutdown
!
interface GigabitEthernet0/0/0/1
 shutdown
!
DEBUG:netmiko:read_channel: 
DEBUG:netmiko:read_channel: 
DEBUG:netmiko:read_channel: 
DEBUG:netmiko:read_channel: 
DEBUG:netmiko:read_channel: 
DEBUG:netmiko:read_channel: 
DEBUG:netmiko:read_channel: 
interface GigabitEthernet0/0/0/2
 shutdown
!
interface GigabitEthernet0/0/0/3
 shutdown
!
interface GigabitEthernet0/0/0/4
 shutdown
!
router static
 address-family ipv4 unicast
  0.0.0.0/0 192.168.122.1
 !
!
xml agent tty
 iteration off
!
netconf-yang agent
 ssh
!
ssh server v2
ssh server netconf vrf default
end

</Configuration></CLI><ResultSummary ErrorCount="0"/></Response>
XML> 
DEBUG:netmiko:read_channel: 
DEBUG:netmiko:write_channel: b'<?xml version="1.0" encoding="UTF-8"?><Request MajorVersion="1" MinorVersion="0"><Commit/></Request>\n'
DEBUG:netmiko:read_channel: 
DEBUG:netmiko:read_channel: 
DEBUG:netmiko:read_channel: 
DEBUG:netmiko:read_channel: 
DEBUG:netmiko:read_channel: 
DEBUG:netmiko:read_channel: 
DEBUG:netmiko:read_channel: 
DEBUG:netmiko:read_channel: 
DEBUG:netmiko:read_channel: <?xml version="1.0" encoding="UTF-8"?>
<Response MajorVersion="1" MinorVersion="0"><Commit ErrorCode="0x4081b400" ErrorMsg="&apos;sysdb&apos; detected the &apos;warning&apos; condition &apos;One or more sub-operations failed during a pseudo-atomic complex operation, no changes have been made&apos;"><Configuration OperationType="Set"><InterfaceConfigurationTable MajorVersion="5" MinorVersion="5"><InterfaceConfiguration><Naming><Active>act</Active><InterfaceName>GigabitEthernet0/0/0/5</InterfaceName></Naming><Shutdown ErrorCode="0xa0813000" ErrorMsg="&apos;sysdb&apos; detected the &apos;fatal&apos; condition &apos;Failed to send a request to a remote node, location cannot be resolved hence cannot send out the msg&apos;">true</Shutdown></InterfaceConfiguration><InterfaceConfiguration><Naming><Active>act</Active><InterfaceName>GigabitEthernet0/0/0/6</InterfaceName></Naming><Shutdown ErrorCode="0xa0813000" ErrorMsg="&apos;sysdb&apos; detected the &apos;fatal&apos; condition &apos;Failed to send a request to a remote node, location cannot be resolved hence cannot send out the msg&apos;">true</Shutdown></InterfaceConfiguration><InterfaceConfiguration><Naming><Active>act</Active><InterfaceName>GigabitEthernet0/0/0/7</InterfaceName></Naming><Shutdown ErrorCode="0xa0813000" ErrorMsg="&apos;sysdb&apos; detected the &apos;fatal&apos; condition &apos;Failed to send a request to a remote node, location cannot be resolved hence cannot send out the msg&apos;">true</Shutdown></InterfaceConfiguration><InterfaceConfiguration><Naming><Active>act</Active><InterfaceName>Bundle-Ether33</InterfaceName></Naming><mLACP MajorVersion="7" MinorVersion="2"><SwitchoverType ErrorCode="0x42f73800" ErrorMsg="&apos;bundlemgr&apos; detected the &apos;warning&apos; condition &apos;The feature is not supported on this platform&apos;">Revertive</SwitchoverType></mLACP></InterfaceConfiguration></InterfaceConfigurationTable></Configuration></Commit><ResultSummary ErrorCount="1"/></Response>
DEBUG:netmiko:read_channel: 
DEBUG:netmiko:read_channel: 
DEBUG:netmiko:read_channel: 
DEBUG:netmiko:read_channel: 
DEBUG:netmiko:read_channel: 
DEBUG:netmiko:read_channel: 
XML> 
DEBUG:paramiko.transport:starting thread (client mode): 0x1cd59ba8
DEBUG:paramiko.transport:Local version/idstring: SSH-2.0-paramiko_2.7.2
DEBUG:paramiko.transport:Remote version/idstring: SSH-1.99-Cisco-2.0
INFO:paramiko.transport:Connected (version 1.99, client Cisco-2.0)
DEBUG:paramiko.transport:kex algos:['ecdh-sha2-nistp521', 'ecdh-sha2-nistp384', 'ecdh-sha2-nistp256', 'diffie-hellman-group14-sha1'] server key:['ssh-rsa'] client encrypt:['aes128-ctr', 'aes192-ctr', 'aes256-ctr', 'aes128-gcm@openssh.com', 'aes256-gcm@openssh.com'] server encrypt:['aes128-ctr', 'aes192-ctr', 'aes256-ctr', 'aes128-gcm@openssh.com', 'aes256-gcm@openssh.com'] client mac:['hmac-sha2-512', 'hmac-sha2-256', 'hmac-sha1'] server mac:['hmac-sha2-512', 'hmac-sha2-256', 'hmac-sha1'] client compress:['none'] server compress:['none'] client lang:[''] server lang:[''] kex follows?False
DEBUG:paramiko.transport:Kex agreed: ecdh-sha2-nistp256
DEBUG:paramiko.transport:HostKey agreed: ssh-rsa
DEBUG:paramiko.transport:Cipher agreed: aes128-ctr
DEBUG:paramiko.transport:MAC agreed: hmac-sha2-256
DEBUG:paramiko.transport:Compression agreed: none
DEBUG:paramiko.transport:kex engine KexNistp256 specified hash_algo <built-in function openssl_sha256>
DEBUG:paramiko.transport:Switch to new keys ...
DEBUG:paramiko.transport:Adding ssh-rsa host key for [10.10.20.70]:2231: b'0b7fe057af98893860da3ac18b449501'
DEBUG:paramiko.transport:userauth is OK
INFO:paramiko.transport:Authentication (password) successful!
DEBUG:paramiko.transport:[chan 0] Max packet in: 32768 bytes
DEBUG:paramiko.transport:[chan 0] Max packet out: 32768 bytes
DEBUG:paramiko.transport:Secsh channel 0 opened.
DEBUG:paramiko.transport:[chan 0] Sesch channel 0 request ok
DEBUG:paramiko.transport:[chan 0] Sesch channel 0 request ok
DEBUG:netmiko:read_channel: 

RP/0/RP0/CPU0:r2#
DEBUG:netmiko:read_channel: 
DEBUG:netmiko:read_channel: 
DEBUG:netmiko:read_channel: 
DEBUG:netmiko:write_channel: b'\n'
DEBUG:netmiko:read_channel: 
DEBUG:netmiko:read_channel: 
DEBUG:netmiko:write_channel: b'\n'
DEBUG:netmiko:read_channel: 
DEBUG:netmiko:write_channel: b'\n'
DEBUG:netmiko:read_channel: 
DEBUG:netmiko:write_channel: b'\n'
DEBUG:netmiko:read_channel: 
DEBUG:netmiko:write_channel: b'\n'
DEBUG:netmiko:read_channel: 
DEBUG:netmiko:write_channel: b'\n'
DEBUG:netmiko:read_channel: 
DEBUG:netmiko:write_channel: b'\n'
DEBUG:netmiko:read_channel: 
DEBUG:netmiko:write_channel: b'\n'
DEBUG:netmiko:read_channel: 
RP/0/RP0/CPU0:r2#
DEBUG:netmiko:read_channel: 
DEBUG:netmiko:read_channel: 

RP/0/RP0/CPU0:r2#
RP/0/RP0/CPU0:r2#

RP/0/RP0/CPU0:r2#

RP/0/RP0/CPU0:r2#
RP/0/RP0/CPU0:r2#
DEBUG:netmiko:In disable_paging
DEBUG:netmiko:Command: terminal length 0

DEBUG:netmiko:write_channel: b'terminal length 0\n'
DEBUG:netmiko:Pattern is: RP\/0\/RP0\/CPU0\:r2
DEBUG:netmiko:_read_channel_expect read_data: 

DEBUG:netmiko:_read_channel_expect read_data: 
RP/0/RP0/CPU0:r2#
RP/0/RP0/CPU0:r2#terminal length 0
Tue Oct 13 13:07:46.401 UTC

DEBUG:netmiko:Pattern found: RP\/0\/RP0\/CPU0\:r2 

RP/0/RP0/CPU0:r2#
RP/0/RP0/CPU0:r2#terminal length 0
Tue Oct 13 13:07:46.401 UTC

DEBUG:netmiko:

RP/0/RP0/CPU0:r2#
RP/0/RP0/CPU0:r2#terminal length 0
Tue Oct 13 13:07:46.401 UTC

DEBUG:netmiko:Exiting disable_paging
DEBUG:netmiko:write_channel: b'terminal width 511\n'
DEBUG:netmiko:Pattern is: RP\/0\/RP0\/CPU0\:r2
DEBUG:netmiko:_read_channel_expect read_data: RP/0/RP0/CPU0:r2#
DEBUG:netmiko:Pattern found: RP\/0\/RP0\/CPU0\:r2 RP/0/RP0/CPU0:r2#
DEBUG:netmiko:read_channel: terminal width 511
Tue Oct 13 13:07:46.664 UTC
RP/0/RP0/CPU0:r2#
DEBUG:netmiko:read_channel: 
DEBUG:netmiko:write_channel: b'\n'
DEBUG:netmiko:read_channel: 
DEBUG:netmiko:read_channel: 
DEBUG:netmiko:write_channel: b'\n'
DEBUG:netmiko:read_channel: 
DEBUG:netmiko:write_channel: b'\n'
DEBUG:netmiko:read_channel: 

DEBUG:netmiko:write_channel: b'\n'
DEBUG:netmiko:read_channel: 
DEBUG:netmiko:write_channel: b'\n'
DEBUG:netmiko:read_channel: 
DEBUG:netmiko:write_channel: b'\n'
DEBUG:netmiko:read_channel: 
DEBUG:netmiko:write_channel: b'\n'
DEBUG:netmiko:read_channel: 
DEBUG:netmiko:write_channel: b'\n'
DEBUG:netmiko:read_channel: RP/0/RP0/CPU0:r2#
RP/0/RP0/CPU0:r2#
RP/0/RP0/CPU0:r2#

DEBUG:netmiko:read_channel: 

RP/0/RP0/CPU0:r2#
RP/0/RP0/CPU0:r2#
RP/0/RP0/CPU0:r2#
DEBUG:netmiko:read_channel: 
DEBUG:netmiko:write_channel: b'xml\n'
DEBUG:netmiko:read_channel: 
RP/0/RP0/CPU0:r2#
RP/0/RP0/CPU0:r2#
DEBUG:netmiko:read_channel: 
DEBUG:netmiko:read_channel: xml
Tue Oct 13 13:07:48.063 UTC
XML> 
DEBUG:netmiko:read_channel: 
DEBUG:netmiko:read_channel: 
DEBUG:netmiko:read_channel: 
DEBUG:netmiko:write_channel: b'<?xml version="1.0" encoding="UTF-8"?><Request MajorVersion="1" MinorVersion="0"><Lock/></Request>\n'
DEBUG:netmiko:read_channel: 
DEBUG:netmiko:read_channel: 
DEBUG:netmiko:read_channel: <?xml version="1.0" encoding="UTF-8"?>
<Response MajorVersion="1" MinorVersion="0"><Lock/><ResultSummary ErrorCount="0"/></Response>
XML> 
DEBUG:netmiko:read_channel: 
DEBUG:netmiko:write_channel: b'<?xml version="1.0" encoding="UTF-8"?><Request MajorVersion="1" MinorVersion="0"><CLI><Configuration>interface Bundle-Ether33\n description ===TEST1====\n mtu 9216\n mlacp switchover type revertive\n bundle maximum-active links 2\n bundle minimum-active links 1\n!\n# interface Bundle-Ether33.1\n#  description 95014353 National Bank Of Kenya-Nakuru\n#  vrf NBK\n#  ipv4 address 1.1.1.1 255.255.255.252\n#  encapsulation dot1q 3021 second-dot1q 3302\n# !\n# interface Bundle-Ether33.2\n#  description 95014354 National Bank Of Kenya Nakuru Hospital ATM\n#  vrf NBK\n#  ipv4 address 2.2.2.2 255.255.255.252\n#  encapsulation dot1q 3021 second-dot1q 3303\n# !\n# interface Bundle-Ether33.3\n#  description 95014450_Jamii_Bora_Bank-Nakuru_Backup\n#  vrf JAMII_BORA\n#  ipv4 address 172.30.17.53 255.255.255.252\n#  encapsulation dot1q 3021 second-dot1q 3304\n# !\n# interface Bundle-Ether33.4\n#  description 95015815 NBK-Westside Mall Nakuru ATM\n#  vrf NBK\n#  ipv4 address 172.30.17.77 255.255.255.252\n#  encapsulation dot1q 3021 second-dot1q 3311\n# !\n# interface Bundle-Ether33.5\n#  description NACC Nakuru\n#  vrf NACC\n#  ipv4 address 5.5.5.5 255.255.255.252\n#  encapsulation dot1q 3021 second-dot1q 3314\n# !\n# !\n# interface GigabitEthernet0/0/0/0\n#  bundle id 33 mode on\n# !\n# interface GigabitEthernet0/0/0/1\n#  bundle id 33 mode on\n# !\n# interface GigabitEthernet0/0/0/2\n#  shutdown\n# !\n# interface GigabitEthernet0/0/0/3\n#  shutdown\n# !\n# interface GigabitEthernet0/0/0/4\n#  shutdown\n# !\n# interface GigabitEthernet0/0/0/5\n#  shutdown\n# !\n# interface GigabitEthernet0/0/0/6\n#  shutdown\n# !\n# interface GigabitEthernet0/0/0/7\n#  shutdown\n# !\n# router eigrp 200\n#  address-family ipv4\n#  !\n#  vrf NBK\n#   address-family ipv4\n#    default-metric 1024 100 255 1 1500\n#    autonomous-system 500\n#    redistribute connected\n#    redistribute static\n#    interface Bundle-Ether33.1\n#    !\n#    interface Bundle-Ether33.2\n#    !\n#    interface Bundle-Ether33.4\n#    !\n#   !\n#  !\n# !\n\n\n\n</Configuration></CLI></Request>\n'
DEBUG:netmiko:read_channel: 
DEBUG:netmiko:read_channel: 
DEBUG:netmiko:read_channel: 
DEBUG:netmiko:read_channel: <?xml version="1.0" encoding="UTF-8"?>
<Response MajorVersion="1" MinorVersion="0"><CLI><Configuration>
# interface Bundle-Ether33.1
^
% Invalid input detected at &apos;^&apos; marker.
#  description 95014353 National Bank Of Kenya-Nakuru
^
% Invalid input detected at &apos;^&apos; marker.
#  vrf NBK
^
% Invalid input detected at &apos;^&apos; marker.
#  ipv4 address 1.1.1.1 255.255.255.252
^
% Invalid input detected at &apos;^&apos; marker.
#  encapsulation dot1q 3021 second-dot1q 3302
^
% Invalid input detected at &apos;^&apos; marker.
# !
^
% Invalid input detected at &apos;^&apos; marker.
# interface Bundle-Ether33.2
^
% Invalid input detected at &apos;^&apos; marker.
#  description 95014354 National Bank Of Kenya Nakuru Hospital ATM
^
% Invalid input detected at &apos;^&apos; marker.
#  vrf NBK
^
% Invalid input detected at &apos;^&apos; marker.
#  ipv4 address 2.2.2.2 255.255.255.252
^
% Invalid input detected at &apos;^&apos; marker.
#  encapsulation dot1q 3021 second-dot1q 3303
^
% Invalid input detected at &apos;^&apos; marker.
# !
^
% Invalid input detected at &apos;^&apos; marker.
# interface Bundle-Ether33.3
^
% Invalid input detected at &apos;^&apos; marker.
#  description 95014450_Jamii_Bora_Bank-Nakuru_Backup
^
% Invalid input detected at &apos;^&apos; marker.
#  vrf JAMII_BORA
^
% Invalid input detected at &apos;^&apos; marker.
#  ipv4 address 172.30.17.53 255.255.255.252
^
% Invalid input detected at &apos;^&apos; marker.
#  encapsulation dot1q 3021 second-dot1q 3304
^
% Invalid input detected at &apos;^&apos; marker.
# !
^
% Invalid input detected at &apos;^&apos; marker.
# interface Bundle-Ether33.4
^
% Invalid input detected at &apos;^&apos; marker.
#  description 95015815 NBK-Westside Mall Nakuru ATM
^
% Invalid input detected at &apos;^&apos; marker.
#  vrf NBK
^
% Invalid input detected at &apos;^&apos; marker.
#  ipv4 address 172.30.17.77 255.255.255.252
^
% Invalid input detected at &apos;^&apos; marker.
#  encapsulation dot1q 3021 second-dot1q 3311
^
% Invalid input detected at &apos;^&apos; marker.
# !
^
% Invalid input detected at &apos;^&apos; marker.
# interface Bundle-Ether33.5
^
% Invalid input detected at &apos;^&apos; marker.
#  description NACC Nakuru
^
% Invalid input detected at &apos;^&apos; marker.
#  vrf NACC
^
% Invalid input detected at &apos;^&apos; marker.
#  ipv4 address 5.5.5.5 255.255.255.252
^
% Invalid input detected at &apos;^&apos; marker.
#  encapsulation dot1q 3021 second-dot1q 3314
^
% Invalid input detected at &apos;^&apos; marker.
# !
^
% Invalid input detected at &apos;^&apos; marker.
# !
^
% Invalid input detected at &apos;^&apos; marker.
# interface GigabitEthernet0/0/0/0
^
% Invalid input detected at &apos;^&apos; marker.
#  bundle id 33 mode on
^
% Invalid input detected at &apos;^&apos; marker.
# !
^
% Invalid input detected at &apos;^&apos; marker.
# interface GigabitEthernet0/0/0/1
^
% Invalid input detected at &apos;^&apos; marker.
#  bundle id 33 mode on
^
% Invalid input detected at &apos;^&apos; marker.
# !
^
% Invalid input detected at &apos;^&apos; marker.
# interface GigabitEthernet0/0/0/2
^
% Invalid input detected at &apos;^&apos; marker.
#  shutdown
^
% Invalid input detected at &apos;^&apos; marker.
# !
^
% Invalid input detected at &apos;^&apos; marker.
# interface GigabitEthernet0/0/0/3
^
% Invalid input detected at &apos;^&apos; marker.
#  shutdown
^
% Invalid input detected at &apos;^&apos; marker.
# !
^
% Invalid input detected at &apos;^&apos; marker.
# interface GigabitEthernet0/0/0/4
^
% Invalid input detected at &apos;^&apos; marker.
#  shutdown
^
% Invalid input detected at &apos;^&apos; marker.
# !
^
% Invalid input detected at &apos;^&apos; marker.
# interface GigabitEthernet0/0/0/5
^
% Invalid input detected at &apos;^&apos; marker.
#  shutdown
^
% Invalid input detected at &apos;^&apos; marker.
# !
^
% Invalid input detected at &apos;^&apos; marker.
# 
DEBUG:netmiko:read_channel: interface GigabitEthernet0/0/0/6
^
% Invalid input detected at &apos;^&apos; marker.
#  shutdown
^
% Invalid input detected at &apos;^&apos; marker.
# !
^
% Invalid input detected at &apos;^&apos; marker.
# interface GigabitEthernet0/0/0/7
^
% Invalid input detected at &apos;^&apos; marker.
#  shutdown
^
% Invalid input detected at &apos;^&apos; marker.
# !
^
% Invalid input detected at &apos;^&apos; marker.
# router eigrp 200
^
% Invalid input detected at &apos;^&apos; marker.
#  address-family ipv4
^
% Invalid input detected at &apos;^&apos; marker.
#  !
^
% Invalid input detected at &apos;^&apos; marker.
#  vrf NBK
^
% Invalid input detected at &apos;^&apos; marker.
#   address-family ipv4
^
% Invalid input detected at &apos;^&apos; marker.
#    default-metric 1024 100 255 1 1500
^
% Invalid input detected at &apos;^&apos; marker.
#    autonomous-system 500
^
% Invalid input detected at &apos;^&apos; marker.
#    redistribute connected
^
% Invalid input detected at &apos;^&apos; marker.
#    redistribute static
^
% Invalid input detected at &apos;^&apos; marker.
#    interface Bundle-Ether33.1
^
% Invalid input detected at &apos;^&apos; marker.
#    !
^
% Invalid input detected at &apos;^&apos; marker.
#    interface Bundle-Ether33.2
^
% Invalid input detected at &apos;^&apos; marker.
#    !
^
% Invalid input detected at &apos;^&apos; marker.
#    interface Bundle-Ether33.4
^
% Invalid input detected at &apos;^&apos; marker.
#    !
^
% Invalid input detected at &apos;^&apos; marker.
#   !
^
% Invalid input detected at &apos;^&apos; marker.
#  !
^
% Invalid input detected at &apos;^&apos; marker.
# !
^
% Invalid input detected at &apos;^&apos; marker.
</Configuration></CLI><ResultSummary ErrorCount="0"/></Response>
XML> 
DEBUG:netmiko:read_channel: 
DEBUG:netmiko:write_channel: b'<?xml version="1.0" encoding="UTF-8"?><Request MajorVersion="1" MinorVersion="0"><Clear/></Request>\n'
DEBUG:netmiko:read_channel: 
DEBUG:netmiko:read_channel: 
DEBUG:netmiko:read_channel: <?xml version="1.0" encoding="UTF-8"?>
<Response MajorVersion="1" MinorVersion="0"><Clear/><ResultSummary ErrorCount="0"/></Response>
DEBUG:netmiko:read_channel: 
DEBUG:netmiko:read_channel: 
DEBUG:netmiko:read_channel: 
DEBUG:netmiko:read_channel: 
DEBUG:netmiko:read_channel: 
XML> 
DEBUG:paramiko.transport:starting thread (client mode): 0x80ac8ba8
DEBUG:paramiko.transport:Local version/idstring: SSH-2.0-paramiko_2.7.2
DEBUG:paramiko.transport:Remote version/idstring: SSH-1.99-Cisco-2.0
INFO:paramiko.transport:Connected (version 1.99, client Cisco-2.0)
DEBUG:paramiko.transport:kex algos:['ecdh-sha2-nistp521', 'ecdh-sha2-nistp384', 'ecdh-sha2-nistp256', 'diffie-hellman-group14-sha1'] server key:['ssh-rsa'] client encrypt:['aes128-ctr', 'aes192-ctr', 'aes256-ctr', 'aes128-gcm@openssh.com', 'aes256-gcm@openssh.com'] server encrypt:['aes128-ctr', 'aes192-ctr', 'aes256-ctr', 'aes128-gcm@openssh.com', 'aes256-gcm@openssh.com'] client mac:['hmac-sha2-512', 'hmac-sha2-256', 'hmac-sha1'] server mac:['hmac-sha2-512', 'hmac-sha2-256', 'hmac-sha1'] client compress:['none'] server compress:['none'] client lang:[''] server lang:[''] kex follows?False
DEBUG:paramiko.transport:Kex agreed: ecdh-sha2-nistp256
DEBUG:paramiko.transport:HostKey agreed: ssh-rsa
DEBUG:paramiko.transport:Cipher agreed: aes128-ctr
DEBUG:paramiko.transport:MAC agreed: hmac-sha2-256
DEBUG:paramiko.transport:Compression agreed: none
DEBUG:paramiko.transport:kex engine KexNistp256 specified hash_algo <built-in function openssl_sha256>
DEBUG:paramiko.transport:Switch to new keys ...
DEBUG:paramiko.transport:Adding ssh-rsa host key for [10.10.20.70]:2231: b'0b7fe057af98893860da3ac18b449501'
DEBUG:paramiko.transport:userauth is OK
INFO:paramiko.transport:Authentication (password) successful!
DEBUG:paramiko.transport:[chan 0] Max packet in: 32768 bytes
DEBUG:paramiko.transport:[chan 0] Max packet out: 32768 bytes
DEBUG:paramiko.transport:Secsh channel 0 opened.
DEBUG:paramiko.transport:[chan 0] Sesch channel 0 request ok
DEBUG:paramiko.transport:[chan 0] Sesch channel 0 request ok
DEBUG:netmiko:read_channel: 

RP/0/RP0/CPU0:r2#
DEBUG:netmiko:read_channel: 
DEBUG:netmiko:read_channel: 
DEBUG:netmiko:read_channel: 
DEBUG:netmiko:write_channel: b'\n'
DEBUG:netmiko:read_channel: 
DEBUG:netmiko:read_channel: 
DEBUG:netmiko:write_channel: b'\n'
DEBUG:netmiko:read_channel: 
DEBUG:netmiko:write_channel: b'\n'
DEBUG:netmiko:read_channel: 
DEBUG:netmiko:write_channel: b'\n'
DEBUG:netmiko:read_channel: 
RP/0/RP0/CPU0:r2#
DEBUG:netmiko:read_channel: 
DEBUG:netmiko:read_channel: 
DEBUG:netmiko:In disable_paging
DEBUG:netmiko:Command: terminal length 0

DEBUG:netmiko:write_channel: b'terminal length 0\n'
DEBUG:netmiko:Pattern is: RP\/0\/RP0\/CPU0\:r2
DEBUG:netmiko:_read_channel_expect read_data: 
RP/0/RP0/CPU0:r2#

DEBUG:netmiko:Pattern found: RP\/0\/RP0\/CPU0\:r2 
RP/0/RP0/CPU0:r2#

DEBUG:netmiko:
RP/0/RP0/CPU0:r2#

DEBUG:netmiko:Exiting disable_paging
DEBUG:netmiko:write_channel: b'terminal width 511\n'
DEBUG:netmiko:Pattern is: RP\/0\/RP0\/CPU0\:r2
DEBUG:netmiko:_read_channel_expect read_data: RP/0/RP0/CPU0:r2#
RP/0/RP0/CPU0:r2#
DEBUG:netmiko:Pattern found: RP\/0\/RP0\/CPU0\:r2 RP/0/RP0/CPU0:r2#
RP/0/RP0/CPU0:r2#
DEBUG:netmiko:read_channel: 
DEBUG:netmiko:read_channel: 
DEBUG:netmiko:write_channel: b'\n'
DEBUG:netmiko:read_channel: terminal length 0
Tue Oct 13 13:08:46.927 UTC
RP/0/RP0/CPU0:r2#
DEBUG:netmiko:read_channel: 
DEBUG:netmiko:read_channel: 
DEBUG:netmiko:write_channel: b'xml\n'
DEBUG:netmiko:read_channel: 
DEBUG:netmiko:read_channel: terminal width 511

Tue Oct 13 13:08:47.218 UTC
RP/0/RP0/CPU0:r2#
RP/0/RP0/CPU0:r2#xml
Tue Oct 13 13:08:47.522 UTC
XML> 
DEBUG:netmiko:read_channel: 
DEBUG:netmiko:read_channel: 
DEBUG:netmiko:read_channel: 
DEBUG:netmiko:write_channel: b'<?xml version="1.0" encoding="UTF-8"?><Request MajorVersion="1" MinorVersion="0"><Lock/></Request>\n'
DEBUG:netmiko:read_channel: 
DEBUG:netmiko:read_channel: 
DEBUG:netmiko:read_channel: 
DEBUG:netmiko:read_channel: <?xml version="1.0" encoding="UTF-8"?>
<Response MajorVersion="1" MinorVersion="0"><Lock/><ResultSummary ErrorCount="0"/></Response>
XML> 
DEBUG:netmiko:read_channel: 
DEBUG:netmiko:write_channel: b'<?xml version="1.0" encoding="UTF-8"?><Request MajorVersion="1" MinorVersion="0"><CLI><Configuration>interface Bundle-Ether33\n description ===TEST1====\n mtu 9216\n mlacp switchover type revertive\n bundle maximum-active links 2\n bundle minimum-active links 1\n!\n\n\n\n</Configuration></CLI></Request>\n'
DEBUG:netmiko:read_channel: 
DEBUG:netmiko:read_channel: 
DEBUG:netmiko:read_channel: 
DEBUG:netmiko:read_channel: <?xml version="1.0" encoding="UTF-8"?>
<Response MajorVersion="1" MinorVersion="0"><CLI><Configuration/></CLI><ResultSummary ErrorCount="0"/></Response>
XML> 
DEBUG:netmiko:read_channel: 
DEBUG:netmiko:write_channel: b'<?xml version="1.0" encoding="UTF-8"?><Request MajorVersion="1" MinorVersion="0"><CLI><Configuration>show configuration merge</Configuration></CLI></Request>\n'
DEBUG:netmiko:read_channel: 
DEBUG:netmiko:read_channel: 
DEBUG:netmiko:read_channel: 
DEBUG:netmiko:read_channel: 
DEBUG:netmiko:read_channel: 
DEBUG:netmiko:read_channel: <?xml version="1.0" encoding="UTF-8"?>
<Response MajorVersion="1" MinorVersion="0"><CLI><Configuration>
Building configuration...
!! IOS XR Configuration version = 6.4.1
!! Last configuration change at Tue Oct 13 09:23:43 2020 by admin
!
hostname r2
banner motd ;
--------------------------------------------------------------------------
  Router 2 (Cisco IOS XR Sandbox)
--------------------------------------------------------------------------
;
service timestamps log datetime msec
service timestamps debug datetime msec
username admin
 group root-lr
 group cisco-support
 secret 5 $1$A4C9$oaNorr6BXDruE4gDd086L.
!
line console
 timestamp disable
 exec-timeout 0 0
!
call-home
 service active
 contact smart-licensing
 profile CiscoTAC-1
  active
  destination transport-method http
 !
!
interface Bundle-Ether33
 description ===TEST1====
 mtu 9216
 mlacp switchover type revertive
 bundle maximum-active links 2
 bundle minimum-active links 1
!
interface MgmtEth0/RP0/CPU0/0
 description *** MANAGEMENT INTERFACE ***
 ipv4 address dhcp
!
interface GigabitEthernet0/0/0/0
 shutdown
!
interface GigabitEthernet0/0/0/1
 shutdown
!
interface GigabitEthernet0/0/0/2
 shutdown
!
interface GigabitEthernet0/0/0/3
 shutdown
!
interface GigabitEthernet0/0/0/4
 shutdown
!
router static
 address-family ipv4 unicast
  0.0.0.0/0 192.168.122.1
 !
!
xml agent tty
 iteration off
!
netconf-yang agent
 ssh
!
ssh server v2
ssh server netconf vrf default
end

</Configuration></CLI><ResultSummary ErrorCount="0"/></Response>
XML> 
DEBUG:netmiko:read_channel: 
DEBUG:netmiko:write_channel: b'<?xml version="1.0" encoding="UTF-8"?><Request MajorVersion="1" MinorVersion="0"><CLI><Configuration>show running-config</Configuration></CLI></Request>\n'
DEBUG:netmiko:read_channel: 
DEBUG:netmiko:read_channel: 
DEBUG:netmiko:read_channel: 
DEBUG:netmiko:read_channel: 
DEBUG:netmiko:read_channel: 
DEBUG:netmiko:read_channel: <?xml version="1.0" encoding="UTF-8"?>
<Response MajorVersion="1" MinorVersion="0"><CLI><Configuration>
Building configuration...
!! IOS XR Configuration version = 6.4.1
!! Last configuration change at Tue Oct 13 09:23:43 2020 by admin
!
hostname r2
banner motd ;
--------------------------------------------------------------------------
  Router 2 (Cisco IOS XR Sandbox)
--------------------------------------------------------------------------
;
service timestamps log datetime msec
service timestamps debug datetime msec
username admin
 group root-lr
 group cisco-support
 secret 5 $1$A4C9$oaNorr6BXDruE4gDd086L.
!
line console
 timestamp disable
 exec-timeout 0 0
!
call-home
 service active
 contact smart-licensing
 profile CiscoTAC-1
  active
  destination transport-method http
 !
!
interface MgmtEth0/RP0/CPU0/0
 description *** MANAGEMENT INTERFACE ***
 ipv4 address dhcp
!
interface GigabitEthernet0/0/0/0
 shutdown
!
interface GigabitEthernet0/0/0/1
 shutdown
!
interface GigabitEthernet0/0/0/2
 shutdown
!
interface GigabitEthernet0/0/0/3
 shutdown
!
interface GigabitEthernet0/0/0/4
 shutdown
!
router static
 address-family ipv4 unicast
  0.0.0.0/0 192.168.122.1
 !
!
xml agent tty
 iteration off
!
netconf-yang agent
 ssh
!
ssh server v2
ssh server netconf vrf default
end

</Configuration></CLI><ResultSummary ErrorCount="0"/></Response>
XML> 
DEBUG:netmiko:read_channel: 
DEBUG:netmiko:write_channel: b'<?xml version="1.0" encoding="UTF-8"?><Request MajorVersion="1" MinorVersion="0"><Commit/></Request>\n'
DEBUG:netmiko:read_channel: 
DEBUG:netmiko:read_channel: 
DEBUG:netmiko:read_channel: 
DEBUG:netmiko:read_channel: <?xml version="1.0" encoding="UTF-8"?>
<Response MajorVersion="1" MinorVersion="0"><Commit ErrorCode="0x4081b400" ErrorMsg="&apos;sysdb&apos; detected the &apos;warning&apos; condition &apos;One or more sub-operations failed during a pseudo-atomic complex operation, no changes have been made&apos;"><Configuration OperationType="Set"><InterfaceConfigurationTable MajorVersion="5" MinorVersion="5"><InterfaceConfiguration><Naming><Active>act</Active><InterfaceName>Bundle-Ether33</InterfaceName></Naming><mLACP MajorVersion="7" MinorVersion="2"><SwitchoverType ErrorCode="0x42f73800" ErrorMsg="&apos;bundlemgr&apos; detected the &apos;warning&apos; condition &apos;The feature is not supported on this platform&apos;">Revertive</SwitchoverType></mLACP></InterfaceConfiguration></InterfaceConfigurationTable></Configuration></Commit><ResultSummary ErrorCount="1"/></Response>
XML> 
DEBUG:paramiko.transport:starting thread (client mode): 0xfc104ba8
DEBUG:paramiko.transport:Local version/idstring: SSH-2.0-paramiko_2.7.2
DEBUG:paramiko.transport:Remote version/idstring: SSH-1.99-Cisco-2.0
INFO:paramiko.transport:Connected (version 1.99, client Cisco-2.0)
DEBUG:paramiko.transport:kex algos:['ecdh-sha2-nistp521', 'ecdh-sha2-nistp384', 'ecdh-sha2-nistp256', 'diffie-hellman-group14-sha1'] server key:['ssh-rsa'] client encrypt:['aes128-ctr', 'aes192-ctr', 'aes256-ctr', 'aes128-gcm@openssh.com', 'aes256-gcm@openssh.com'] server encrypt:['aes128-ctr', 'aes192-ctr', 'aes256-ctr', 'aes128-gcm@openssh.com', 'aes256-gcm@openssh.com'] client mac:['hmac-sha2-512', 'hmac-sha2-256', 'hmac-sha1'] server mac:['hmac-sha2-512', 'hmac-sha2-256', 'hmac-sha1'] client compress:['none'] server compress:['none'] client lang:[''] server lang:[''] kex follows?False
DEBUG:paramiko.transport:Kex agreed: ecdh-sha2-nistp256
DEBUG:paramiko.transport:HostKey agreed: ssh-rsa
DEBUG:paramiko.transport:Cipher agreed: aes128-ctr
DEBUG:paramiko.transport:MAC agreed: hmac-sha2-256
DEBUG:paramiko.transport:Compression agreed: none
DEBUG:paramiko.transport:kex engine KexNistp256 specified hash_algo <built-in function openssl_sha256>
DEBUG:paramiko.transport:Switch to new keys ...
DEBUG:paramiko.transport:Adding ssh-rsa host key for [10.10.20.70]:2231: b'0b7fe057af98893860da3ac18b449501'
DEBUG:paramiko.transport:userauth is OK
INFO:paramiko.transport:Authentication (password) successful!
DEBUG:paramiko.transport:[chan 0] Max packet in: 32768 bytes
DEBUG:paramiko.transport:[chan 0] Max packet out: 32768 bytes
DEBUG:paramiko.transport:Secsh channel 0 opened.
DEBUG:paramiko.transport:[chan 0] Sesch channel 0 request ok
DEBUG:paramiko.transport:[chan 0] Sesch channel 0 request ok
DEBUG:netmiko:read_channel: 

RP/0/RP0/CPU0:r2#
DEBUG:netmiko:read_channel: 
DEBUG:netmiko:read_channel: 
DEBUG:netmiko:read_channel: 
DEBUG:netmiko:write_channel: b'\n'
DEBUG:netmiko:read_channel: 
DEBUG:netmiko:read_channel: 
DEBUG:netmiko:write_channel: b'\n'
DEBUG:netmiko:read_channel: 
DEBUG:netmiko:write_channel: b'\n'
DEBUG:netmiko:read_channel: 
RP/0/RP0/CPU0:r2#
DEBUG:netmiko:read_channel: 
DEBUG:netmiko:read_channel: 
DEBUG:netmiko:In disable_paging
DEBUG:netmiko:Command: terminal length 0

DEBUG:netmiko:write_channel: b'terminal length 0\n'
DEBUG:netmiko:Pattern is: RP\/0\/RP0\/CPU0\:r2
DEBUG:netmiko:_read_channel_expect read_data: 
RP/0/RP0/CPU0:r2#

DEBUG:netmiko:Pattern found: RP\/0\/RP0\/CPU0\:r2 
RP/0/RP0/CPU0:r2#

DEBUG:netmiko:
RP/0/RP0/CPU0:r2#

DEBUG:netmiko:Exiting disable_paging
DEBUG:netmiko:write_channel: b'terminal width 511\n'
DEBUG:netmiko:Pattern is: RP\/0\/RP0\/CPU0\:r2
DEBUG:netmiko:_read_channel_expect read_data: RP/0/RP0/CPU0:r2#
DEBUG:netmiko:Pattern found: RP\/0\/RP0\/CPU0\:r2 RP/0/RP0/CPU0:r2#
DEBUG:netmiko:read_channel: 
DEBUG:netmiko:read_channel: 
DEBUG:netmiko:write_channel: b'\n'
DEBUG:netmiko:read_channel: terminal length 0
Tue Oct 13 13:11:44.804 UTC

DEBUG:netmiko:read_channel: RP/0/RP0/CPU0:r2#
DEBUG:netmiko:read_channel: 
DEBUG:netmiko:write_channel: b'xml\n'
DEBUG:netmiko:read_channel: terminal width 511

Tue Oct 13 13:11:45.103 UTC

DEBUG:netmiko:read_channel: RP/0/RP0/CPU0:r2#
RP/0/RP0/CPU0:r2#
DEBUG:netmiko:read_channel: xml
Tue Oct 13 13:11:45.319 UTC

DEBUG:netmiko:read_channel: 
DEBUG:netmiko:read_channel: XML> 
DEBUG:netmiko:read_channel: 
DEBUG:netmiko:read_channel: 
DEBUG:netmiko:read_channel: 
DEBUG:netmiko:write_channel: b'<?xml version="1.0" encoding="UTF-8"?><Request MajorVersion="1" MinorVersion="0"><Lock/></Request>\n'
DEBUG:netmiko:read_channel: 
DEBUG:netmiko:read_channel: 
DEBUG:netmiko:read_channel: 
DEBUG:netmiko:read_channel: <?xml version="1.0" encoding="UTF-8"?>
<Response MajorVersion="1" MinorVersion="0"><Lock/><ResultSummary ErrorCount="0"/></Response>
XML> 
DEBUG:netmiko:read_channel: 
DEBUG:netmiko:write_channel: b'<?xml version="1.0" encoding="UTF-8"?><Request MajorVersion="1" MinorVersion="0"><CLI><Configuration>interface Bundle-Ether44\n description ===TEST2====\n mtu 9216\n bundle maximum-active links 2\n bundle minimum-active links 1\n!\n\n\n\n</Configuration></CLI></Request>\n'
DEBUG:netmiko:read_channel: 
DEBUG:netmiko:read_channel: 
DEBUG:netmiko:read_channel: 
DEBUG:netmiko:read_channel: <?xml version="1.0" encoding="UTF-8"?>
<Response MajorVersion="1" MinorVersion="0"><CLI><Configuration/></CLI><ResultSummary ErrorCount="0"/></Response>
XML> 
DEBUG:netmiko:read_channel: 
DEBUG:netmiko:write_channel: b'<?xml version="1.0" encoding="UTF-8"?><Request MajorVersion="1" MinorVersion="0"><CLI><Configuration>show configuration merge</Configuration></CLI></Request>\n'
DEBUG:netmiko:read_channel: 
DEBUG:netmiko:read_channel: 
DEBUG:netmiko:read_channel: 
DEBUG:netmiko:read_channel: 
DEBUG:netmiko:read_channel: 
DEBUG:netmiko:read_channel: <?xml version="1.0" encoding="UTF-8"?>
<Response MajorVersion="1" MinorVersion="0"><CLI><Configuration>
Building configuration...
!! IOS XR Configuration version = 6.4.1
!! Last configuration change at Tue Oct 13 13:11:11 2020 by admin
!
hostname r2
banner motd ;
--------------------------------------------------------------------------
  Router 2 (Cisco IOS XR Sandbox)
--------------------------------------------------------------------------
;
service timestamps log datetime msec
service timestamps debug datetime msec
username admin
 group root-lr
 group cisco-support
 secret 5 $1$A4C9$oaNorr6BXDruE4gDd086L.
!
line console
 timestamp disable
 exec-timeout 0 0
!
call-home
 service active
 contact smart-licensing
 profile CiscoTAC-1
  active
  destination transport-method http
 !
!
interface Bundle-Ether33
 description ===TEST1====
 mtu 9216
 bundle maximum-active links 2
 bundle minimum-active links 1
!
interface Bundle-Ether44
 description ===TEST2====
 mtu 9216
 bundle maximum-active links 2
 bundle minimum-active links 1
!
interface MgmtEth0/RP0/CPU0/0
 description *** MANAGEMENT INTERFACE ***
 ipv4 address dhcp
!
interface GigabitEthernet0/0/0/0
 shutdown
!
interface GigabitEthernet0/0/0/1
 shutdown
!
interface GigabitEthernet0/0/0/2
 shutdown
!
interface GigabitEthernet0/0/0/3
 shutdown
!
interface GigabitEthernet0/0/0/4
 shutdown
!
router static
 address-family ipv4 unicast
  0.0.0.0/0 192.168.122.1
 !
!
xml agent tty
 iteration off
!
netconf-yang agent
 ssh
!
ssh server v2
ssh server netconf vrf default
end

</Configuration></CLI><ResultSummary ErrorCount="0"/></Response>
XML> 
DEBUG:netmiko:read_channel: 
DEBUG:netmiko:write_channel: b'<?xml version="1.0" encoding="UTF-8"?><Request MajorVersion="1" MinorVersion="0"><CLI><Configuration>show running-config</Configuration></CLI></Request>\n'
DEBUG:netmiko:read_channel: 
DEBUG:netmiko:read_channel: 
DEBUG:netmiko:read_channel: 
DEBUG:netmiko:read_channel: 
DEBUG:netmiko:read_channel: 
DEBUG:netmiko:read_channel: <?xml version="1.0" encoding="UTF-8"?>
<Response MajorVersion="1" MinorVersion="0"><CLI><Configuration>
Building configuration...
!! IOS XR Configuration version = 6.4.1
!! Last configuration change at Tue Oct 13 13:11:11 2020 by admin
!
hostname r2
banner motd ;
--------------------------------------------------------------------------
  Router 2 (Cisco IOS XR Sandbox)
--------------------------------------------------------------------------
;
service timestamps log datetime msec
service timestamps debug datetime msec
username admin
 group root-lr
 group cisco-support
 secret 5 $1$A4C9$oaNorr6BXDruE4gDd086L.
!
line console
 timestamp disable
 exec-timeout 0 0
!
call-home
 service active
 contact smart-licensing
 profile CiscoTAC-1
  active
  destination transport-method http
 !
!
interface Bundle-Ether33
 description ===TEST1====
 mtu 9216
 bundle maximum-active links 2
 bundle minimum-active links 1
!
interface MgmtEth0/RP0/CPU0/0
 description *** MANAGEMENT INTERFACE ***
 ipv4 address dhcp
!
interface GigabitEthernet0/0/0/0
 shutdown
!
interface GigabitEthernet0/0/0/1
 shutdown
!
interface GigabitEthernet0/0/0/2
 shutdown
!
interface GigabitEthernet0/0/0/3
 shutdown
!
interface GigabitEthernet0/0/0/4
 shutdown
!
router static
 address-family ipv4 unicast
  0.0.0.0/0 192.168.122.1
 !
!
xml agent tty
 iteration off
!
netconf-yang agent
 ssh
!
ssh server v2
ssh server netconf vrf default
end

</Configuration></CLI><ResultSummary ErrorCount="0"/></Response>
XML> 
DEBUG:netmiko:read_channel: 
DEBUG:netmiko:write_channel: b'<?xml version="1.0" encoding="UTF-8"?><Request MajorVersion="1" MinorVersion="0"><Commit/></Request>\n'
DEBUG:netmiko:read_channel: 
DEBUG:netmiko:read_channel: 
DEBUG:netmiko:read_channel: 
DEBUG:netmiko:read_channel: 
DEBUG:netmiko:read_channel: 
DEBUG:netmiko:read_channel: 
DEBUG:netmiko:read_channel: 
DEBUG:netmiko:read_channel: 
DEBUG:netmiko:read_channel: 
DEBUG:netmiko:read_channel: <?xml version="1.0" encoding="UTF-8"?>
<Response MajorVersion="1" MinorVersion="0"><Commit CommitID="1000000017"/><ResultSummary ErrorCount="0"/></Response>
XML> 
DEBUG:netmiko:read_channel: 
DEBUG:netmiko:write_channel: b'<?xml version="1.0" encoding="UTF-8"?><Request MajorVersion="1" MinorVersion="0"><Unlock/></Request>\n'
DEBUG:netmiko:read_channel: 
DEBUG:netmiko:read_channel: 
DEBUG:netmiko:read_channel: <?xml version="1.0" encoding="UTF-8"?>
<Response MajorVersion="1" MinorVersion="0"><Unlock/><ResultSummary ErrorCount="0"/></Response>
XML> 
DEBUG:paramiko.transport:[chan 0] EOF sent (0)
DEBUG:paramiko.transport:starting thread (client mode): 0x28b4cba8
DEBUG:paramiko.transport:Local version/idstring: SSH-2.0-paramiko_2.7.2
DEBUG:paramiko.transport:Remote version/idstring: SSH-1.99-Cisco-2.0
INFO:paramiko.transport:Connected (version 1.99, client Cisco-2.0)
DEBUG:paramiko.transport:kex algos:['ecdh-sha2-nistp521', 'ecdh-sha2-nistp384', 'ecdh-sha2-nistp256', 'diffie-hellman-group14-sha1'] server key:['ssh-rsa'] client encrypt:['aes128-ctr', 'aes192-ctr', 'aes256-ctr', 'aes128-gcm@openssh.com', 'aes256-gcm@openssh.com'] server encrypt:['aes128-ctr', 'aes192-ctr', 'aes256-ctr', 'aes128-gcm@openssh.com', 'aes256-gcm@openssh.com'] client mac:['hmac-sha2-512', 'hmac-sha2-256', 'hmac-sha1'] server mac:['hmac-sha2-512', 'hmac-sha2-256', 'hmac-sha1'] client compress:['none'] server compress:['none'] client lang:[''] server lang:[''] kex follows?False
DEBUG:paramiko.transport:Kex agreed: ecdh-sha2-nistp256
DEBUG:paramiko.transport:HostKey agreed: ssh-rsa
DEBUG:paramiko.transport:Cipher agreed: aes128-ctr
DEBUG:paramiko.transport:MAC agreed: hmac-sha2-256
DEBUG:paramiko.transport:Compression agreed: none
DEBUG:paramiko.transport:kex engine KexNistp256 specified hash_algo <built-in function openssl_sha256>
DEBUG:paramiko.transport:Switch to new keys ...
DEBUG:paramiko.transport:Adding ssh-rsa host key for [10.10.20.70]:2231: b'0b7fe057af98893860da3ac18b449501'
DEBUG:paramiko.transport:userauth is OK
INFO:paramiko.transport:Authentication (password) successful!
DEBUG:paramiko.transport:[chan 0] Max packet in: 32768 bytes
DEBUG:paramiko.transport:[chan 0] Max packet out: 32768 bytes
DEBUG:paramiko.transport:Secsh channel 0 opened.
DEBUG:paramiko.transport:[chan 0] Sesch channel 0 request ok
DEBUG:paramiko.transport:[chan 0] Sesch channel 0 request ok
DEBUG:netmiko:read_channel: 

RP/0/RP0/CPU0:r2#
DEBUG:netmiko:read_channel: 
DEBUG:netmiko:read_channel: 
DEBUG:netmiko:read_channel: 
DEBUG:netmiko:write_channel: b'\n'
DEBUG:netmiko:read_channel: 
DEBUG:netmiko:read_channel: 
DEBUG:netmiko:write_channel: b'\n'
DEBUG:netmiko:read_channel: 
DEBUG:netmiko:write_channel: b'\n'
DEBUG:netmiko:read_channel: 
RP/0/RP0/CPU0:r2#
DEBUG:netmiko:read_channel: 
DEBUG:netmiko:read_channel: 
DEBUG:netmiko:In disable_paging
DEBUG:netmiko:Command: terminal length 0

DEBUG:netmiko:write_channel: b'terminal length 0\n'
DEBUG:netmiko:Pattern is: RP\/0\/RP0\/CPU0\:r2
DEBUG:netmiko:_read_channel_expect read_data: 

DEBUG:netmiko:_read_channel_expect read_data: RP/0/RP0/CPU0:r2#
RP/0/RP0/CPU0:r2#
DEBUG:netmiko:Pattern found: RP\/0\/RP0\/CPU0\:r2 
RP/0/RP0/CPU0:r2#
RP/0/RP0/CPU0:r2#
DEBUG:netmiko:
RP/0/RP0/CPU0:r2#
RP/0/RP0/CPU0:r2#
DEBUG:netmiko:Exiting disable_paging
DEBUG:netmiko:write_channel: b'terminal width 511\n'
DEBUG:netmiko:Pattern is: RP\/0\/RP0\/CPU0\:r2
DEBUG:netmiko:_read_channel_expect read_data: terminal length 0

DEBUG:netmiko:_read_channel_expect read_data: Tue Oct 13 13:12:42.342 UTC
RP/0/RP0/CPU0:r2#
DEBUG:netmiko:Pattern found: RP\/0\/RP0\/CPU0\:r2 terminal length 0
Tue Oct 13 13:12:42.342 UTC
RP/0/RP0/CPU0:r2#
DEBUG:netmiko:read_channel: terminal width 511
Tue Oct 13 13:12:42.640 UTC
RP/0/RP0/CPU0:r2#
DEBUG:netmiko:read_channel: 
DEBUG:netmiko:write_channel: b'\n'
DEBUG:netmiko:read_channel: 
DEBUG:netmiko:read_channel: 
DEBUG:netmiko:write_channel: b'\n'
DEBUG:netmiko:read_channel: 
DEBUG:netmiko:write_channel: b'\n'
DEBUG:netmiko:read_channel: 
DEBUG:netmiko:write_channel: b'\n'
DEBUG:netmiko:read_channel: 
DEBUG:netmiko:write_channel: b'\n'
DEBUG:netmiko:read_channel: 
RP/0/RP0/CPU0:r2#
DEBUG:netmiko:read_channel: 
DEBUG:netmiko:read_channel: 
DEBUG:netmiko:write_channel: b'xml\n'
DEBUG:netmiko:read_channel: 
DEBUG:netmiko:read_channel: 
RP/0/RP0/CPU0:r2#
RP/0/RP0/CPU0:r2#
RP/0/RP0/CPU0:r2#
RP/0/RP0/CPU0:r2#xml
Tue Oct 13 13:12:43.763 UTC
XML> 
DEBUG:netmiko:read_channel: 
DEBUG:netmiko:read_channel: 
DEBUG:netmiko:read_channel: 
DEBUG:netmiko:write_channel: b'<?xml version="1.0" encoding="UTF-8"?><Request MajorVersion="1" MinorVersion="0"><Lock/></Request>\n'
DEBUG:netmiko:read_channel: 
DEBUG:netmiko:read_channel: 
DEBUG:netmiko:read_channel: <?xml version="1.0" encoding="UTF-8"?>
<Response MajorVersion="1" MinorVersion="0"><Lock/><ResultSummary ErrorCount="0"/></Response>
XML> 
DEBUG:netmiko:read_channel: 
DEBUG:netmiko:write_channel: b'<?xml version="1.0" encoding="UTF-8"?><Request MajorVersion="1" MinorVersion="0"><CLI><Configuration>interface Bundle-Ether44\n description ===TEST2====\n mtu 9216\n bundle maximum-active links 2\n bundle minimum-active links 1\n!\n\ninterface Bundle-Ether33.1\n description 95014353 National Bank Of Kenya-Nakuru\n vrf NBK\n ipv4 address 1.1.1.1 255.255.255.252\n encapsulation dot1q 3021 second-dot1q 3302\n!\ninterface Bundle-Ether33.2\n description 95014354 National Bank Of Kenya Nakuru Hospital ATM\n vrf NBK\n ipv4 address 2.2.2.2 255.255.255.252\n encapsulation dot1q 3021 second-dot1q 3303\n!\ninterface Bundle-Ether33.3\n description 95014450_Jamii_Bora_Bank-Nakuru_Backup\n vrf JAMII_BORA\n ipv4 address 172.30.17.53 255.255.255.252\n encapsulation dot1q 3021 second-dot1q 3304\n!\ninterface Bundle-Ether33.4\n description 95015815 NBK-Westside Mall Nakuru ATM\n vrf NBK\n ipv4 address 172.30.17.77 255.255.255.252\n encapsulation dot1q 3021 second-dot1q 3311\n!\ninterface Bundle-Ether33.5\n description NACC Nakuru\n vrf NACC\n ipv4 address 5.5.5.5 255.255.255.252\n encapsulation dot1q 3021 second-dot1q 3314\n!\n!\ninterface GigabitEthernet0/0/0/0\n bundle id 33 mode on\n!\ninterface GigabitEthernet0/0/0/1\n bundle id 33 mode on\n!\ninterface GigabitEthernet0/0/0/2\n shutdown\n!\ninterface GigabitEthernet0/0/0/3\n shutdown\n!\ninterface GigabitEthernet0/0/0/4\n shutdown\n!\ninterface GigabitEthernet0/0/0/5\n shutdown\n!\ninterface GigabitEthernet0/0/0/6\n shutdown\n!\ninterface GigabitEthernet0/0/0/7\n shutdown\n!\nrouter eigrp 200\n address-family ipv4\n !\n vrf NBK\n  address-family ipv4\n   default-metric 1024 100 255 1 1500\n   autonomous-system 500\n   redistribute connected\n   redistribute static\n   interface Bundle-Ether33.1\n   !\n   interface Bundle-Ether33.2\n   !\n   interface Bundle-Ether33.4\n   !\n  !\n !\n!\n\n\n\n</Configuration></CLI></Request>\n'
DEBUG:netmiko:read_channel: 
DEBUG:netmiko:read_channel: 
DEBUG:netmiko:read_channel: <?xml version="1.0" encoding="UTF-8"?>
<Response MajorVersion="1" MinorVersion="0"><CLI><Configuration/></CLI><ResultSummary ErrorCount="0"/></Response>
XML> 
DEBUG:netmiko:read_channel: 
DEBUG:netmiko:write_channel: b'<?xml version="1.0" encoding="UTF-8"?><Request MajorVersion="1" MinorVersion="0"><CLI><Configuration>show configuration merge</Configuration></CLI></Request>\n'
DEBUG:netmiko:read_channel: 
DEBUG:netmiko:read_channel: 
DEBUG:netmiko:read_channel: 
DEBUG:netmiko:read_channel: 
DEBUG:netmiko:read_channel: 
DEBUG:netmiko:read_channel: <?xml version="1.0" encoding="UTF-8"?>
<Response MajorVersion="1" MinorVersion="0"><CLI><Configuration>
Building configuration...
!! IOS XR Configuration version = 6.4.1
!! Last configuration change at Tue Oct 13 13:11:59 2020 by admin
!
hostname r2
banner motd ;
--------------------------------------------------------------------------
  Router 2 (Cisco IOS XR Sandbox)
--------------------------------------------------------------------------
;
service timestamps log datetime msec
service timestamps debug datetime msec
username admin
 group root-lr
 group cisco-support
 secret 5 $1$A4C9$oaNorr6BXDruE4gDd086L.
!
line console
 timestamp disable
 exec-timeout 0 0
!
call-home
 service active
 contact smart-licensing
 profile CiscoTAC-1
  active
  destination transport-method http
 !
!
interface Bundle-Ether33
 description ===TEST1====
 mtu 9216
 bundle maximum-active links 2
 bundle minimum-active links 1
!
interface Bundle-Ether33.1
 description 95014353 National Bank Of Kenya-Nakuru
 vrf NBK
 ipv4 address 1.1.1.1 255.255.255.252
 encapsulation dot1q 3021 second-dot1q 3302
!
interface Bundle-Ether33.2
 description 95014354 National Bank Of Kenya Nakuru Hospital ATM
 vrf NBK
 ipv4 address 2.2.2.2 255.255.255.252
 encapsulation dot1q 3021 second-dot1q 3303
!
interface Bundle-Ether33.3
 description 95014450_Jamii_Bora_Bank-Nakuru_Backup
 vrf JAMII_BORA
 ipv4 address 172.30.17.53 255.255.255.252
 encapsulation dot1q 3021 second-dot1q 3304
!
interface Bundle-Ether33.4
 description 95015815 NBK-Westside Mall Nakuru ATM
 vrf NBK
 ipv4 address 172.30.17.77 255.255.255.252
 encapsulation dot1q 3021 second-dot1q 3311
!
interface Bundle-Ether33.5
 description NACC Nakuru
 vrf NACC
 ipv4 address 5.5.5.5 255.255.255.252
 encapsulation dot1q 3021 second-dot1q 3314
!
interface Bundle-Ether44
 description ===TEST2====
 mtu 9216
 bundle maximum-active links 2
 bundle minimum-active links 1
!
interface MgmtEth0/RP0/CPU0/0
 description *** MANAGEMENT INTERFACE ***
 ipv4 address dhcp
!
interface GigabitEthernet0/0/0/0
 bundle id 33 mode on
 shutdown
!
interface GigabitEthernet0/0/0/1
 bundle id 33 mode on
 shutdown
!
interface GigabitEthernet0/0/0/2
 shutdown
!
interface GigabitEthernet0/0/0/3
 shutdown
!
interface GigabitEthernet0/0/0/4
 shutdown
!
interface GigabitEthernet0/0/0/5
 shutdown
!
interface GigabitEthernet0/0/0/6
 shutdown
!
interface GigabitEthernet0/0/0/7
 shutdown
!
router static
 address-family ipv4 unicast
  0.0.0.0/0 192.168.122.1
 !
!
xml agent tty
 iteration off
!
netconf-yang agent
 ssh
!
ssh server v2
ssh server netconf vrf default
router eigrp 200
 address-family ipv4
 !
 vrf NBK
  address-family ipv4
   default-metric 1024 100 255 1 1500
   autonomous-system 500
   redistribute connected
   redistribute static
   interface Bundle-Ether33.1
   !
   interface Bundle-Ether33.2
   !
   interface Bundle-Ether33.4
   !
  !
 !
!
end

</Configuration></CLI><ResultSummary ErrorCount="0"/></Response>
XML> 
DEBUG:netmiko:read_channel: 
DEBUG:netmiko:write_channel: b'<?xml version="1.0" encoding="UTF-8"?><Request MajorVersion="1" MinorVersion="0"><CLI><Configuration>show running-config</Configuration></CLI></Request>\n'
DEBUG:netmiko:read_channel: 
DEBUG:netmiko:read_channel: 
DEBUG:netmiko:read_channel: 
DEBUG:netmiko:read_channel: 
DEBUG:netmiko:read_channel: 
DEBUG:netmiko:read_channel: <?xml version="1.0" encoding="UTF-8"?>
<Response MajorVersion="1" MinorVersion="0"><CLI><Configuration>
Building configuration...
!! IOS XR Configuration version = 6.4.1
!! Last configuration change at Tue Oct 13 13:11:59 2020 by admin
!
hostname r2
banner motd ;
--------------------------------------------------------------------------
  Router 2 (Cisco IOS XR Sandbox)
--------------------------------------------------------------------------
;
service timestamps log datetime msec
service timestamps debug datetime msec
username admin
 group root-lr
 group cisco-support
 secret 5 $1$A4C9$oaNorr6BXDruE4gDd086L.
!
line console
 timestamp disable
 exec-timeout 0 0
!
call-home
 service active
 contact smart-licensing
 profile CiscoTAC-1
  active
  destination transport-method http
 !
!
interface Bundle-Ether33
 description ===TEST1====
 mtu 9216
 bundle maximum-active links 2
 bundle minimum-active links 1
!
interface Bundle-Ether44
 description ===TEST2====
 mtu 9216
 bundle maximum-active links 2
 bundle minimum-active links 1
!
interface MgmtEth0/RP0/CPU0/0
 description *** MANAGEMENT INTERFACE ***
 ipv4 address dhcp
!
interface GigabitEthernet0/0/0/0
 shutdown
!
interface GigabitEthernet0/0/0/1
 shutdown
!
interface GigabitEthernet0/0/0/2
 shutdown
!
interface GigabitEthernet0/0/0/3
 shutdown
!
interface GigabitEthernet0/0/0/4
 shutdown
!
router static
 address-family ipv4 unicast
  0.0.0.0/0 192.168.122.1
 !
!
xml agent tty
 iteration off
!
netconf-yang agent
 ssh
!
ssh server v2
ssh server netconf vrf default
end

</Configuration></CLI><ResultSummary ErrorCount="0"/></Response>
XML> 
DEBUG:netmiko:read_channel: 
DEBUG:netmiko:write_channel: b'<?xml version="1.0" encoding="UTF-8"?><Request MajorVersion="1" MinorVersion="0"><Commit/></Request>\n'
DEBUG:netmiko:read_channel: 
DEBUG:netmiko:read_channel: 
DEBUG:netmiko:read_channel: 
DEBUG:netmiko:read_channel: 
DEBUG:netmiko:read_channel: 
DEBUG:netmiko:read_channel: 
DEBUG:netmiko:read_channel: 
DEBUG:netmiko:read_channel: 
DEBUG:netmiko:read_channel: 
DEBUG:netmiko:read_channel: 
DEBUG:netmiko:read_channel: 
DEBUG:netmiko:read_channel: 
DEBUG:netmiko:read_channel: 
DEBUG:netmiko:read_channel: <?xml version="1.0" encoding="UTF-8"?>
<Response MajorVersion="1" MinorVersion="0"><Commit CommitID="1000000018"/><ResultSummary ErrorCount="0"/></Response>
XML> 
DEBUG:netmiko:read_channel: 
DEBUG:netmiko:write_channel: b'<?xml version="1.0" encoding="UTF-8"?><Request MajorVersion="1" MinorVersion="0"><Unlock/></Request>\n'
DEBUG:netmiko:read_channel: 
DEBUG:netmiko:read_channel: 
DEBUG:netmiko:read_channel: <?xml version="1.0" encoding="UTF-8"?>
<Response MajorVersion="1" MinorVersion="0"><Unlock/><ResultSummary ErrorCount="0"/></Response>
XML> 
DEBUG:paramiko.transport:[chan 0] EOF sent (0)
DEBUG:netmiko:read_channel: 
DEBUG:netmiko:write_channel: b'\r\n'
DEBUG:netmiko:read_channel: 
RP/0/0/CPU0:PE1#
RP/0/0/CPU0:PE1#
DEBUG:netmiko:read_channel: 
DEBUG:netmiko:read_channel: 
DEBUG:netmiko:write_channel: b'\r\n'
DEBUG:netmiko:read_channel: 
RP/0/0/CPU0:PE1#
RP/0/0/CPU0:PE1#
DEBUG:netmiko:read_channel: 
DEBUG:netmiko:read_channel: 
DEBUG:netmiko:read_channel: 
DEBUG:netmiko:write_channel: b'\r\n'
DEBUG:netmiko:read_channel: 
RP/0/0/CPU0:PE1#
RP/0/0/CPU0:PE1#
DEBUG:netmiko:read_channel: 
DEBUG:netmiko:read_channel: 
DEBUG:netmiko:In disable_paging
DEBUG:netmiko:Command: terminal length 0

DEBUG:netmiko:write_channel: b'terminal length 0\r\n'
DEBUG:netmiko:Pattern is: RP\/0\/0\/CPU0\:PE1
DEBUG:netmiko:read_channel: 
DEBUG:netmiko:read_channel: terminal length 0
Tue Oct 13 20:12:13.224 UTC

DEBUG:netmiko:read_channel: RP/0/0/CPU0:PE1#
RP/0/0/CPU0:PE1#
DEBUG:netmiko:Pattern found: RP\/0\/0\/CPU0\:PE1 terminal length 0
Tue Oct 13 20:12:13.224 UTC
RP/0/0/CPU0:PE1#
RP/0/0/CPU0:PE1#
DEBUG:netmiko:terminal length 0
Tue Oct 13 20:12:13.224 UTC
RP/0/0/CPU0:PE1#
RP/0/0/CPU0:PE1#
DEBUG:netmiko:Exiting disable_paging
DEBUG:netmiko:write_channel: b'terminal width 511\r\n'
DEBUG:netmiko:Pattern is: RP\/0\/0\/CPU0\:PE1
DEBUG:netmiko:read_channel: 
DEBUG:netmiko:read_channel: terminal width 511
Tue Oct 13 20:12:13.423 UTC
RP/0/0/CPU0:PE1#
RP/0/0/CPU0:PE1#
DEBUG:netmiko:Pattern found: RP\/0\/0\/CPU0\:PE1 terminal width 511
Tue Oct 13 20:12:13.423 UTC
RP/0/0/CPU0:PE1#
RP/0/0/CPU0:PE1#
DEBUG:netmiko:read_channel: 
DEBUG:netmiko:read_channel: 
DEBUG:netmiko:write_channel: b'\r\n'
DEBUG:netmiko:read_channel: 
RP/0/0/CPU0:PE1#
RP/0/0/CPU0:PE1#
DEBUG:netmiko:read_channel: 
DEBUG:netmiko:read_channel: 
DEBUG:netmiko:write_channel: b'show run | b interface\r\n'
DEBUG:netmiko:read_channel: 
DEBUG:netmiko:read_channel: show run | b interface
Tue Oct 13 20:12:14.283 UTC
Building configuration...
[Kinterface Bundle-Ether33
 description ===TEST1====
 mtu 9216
 mlacp switchover type revertive
 bundle maximum-active links 2
 bundle minimum-active links 1
!
interface Bundle-Ether33.1
 description 95014353 National Bank Of Kenya-Nakuru
 vrf NBK
 ipv4 address 1.1.1.1 255.255.255.252
 encapsulation dot1q 3021 second-dot1q 3302
!
interface Bundle-Ether33.2
 description 95014354 National Bank Of Kenya Nakuru Hospital ATM
 vrf NBK
 ipv4 address 2.2.2.2 255.255.255.252
 encapsulation dot1q 3021 second-dot1q 3303
!
interface Bundle-Ether33.3
 description 95014450_Jamii_Bora_Bank-Nakuru_Backup
 vrf JAMII_BORA
 ipv4 address 172.30.17.53 255.255.255.252
 encapsulation dot1q 3021 second-dot1q 3304
!
interface Bundle-Ether33.4
 description 95015815 NBK-Westside Mall Nakuru ATM
 vrf NBK
 ipv4 address 172.30.17.77 255.255.255.252
 encapsulation dot1q 3021 second-dot1q 3311
!
interface Bundle-Ether33.5
 description NACC Nakuru
 vrf NACC
 ipv4 address 5.5.5.5 255.255.255.252
 encapsulation dot1q 3021 second-dot1q 3314
!
interface MgmtEth0/0/CPU0/0
 ipv4 address 10.10.20.71 255.255.255.0
!
interface GigabitEthernet0/0/0/0
 bundle id 33 mode on
!
interface GigabitEthernet0/0/0/1
 bundle id 33 mode on
!
interface GigabitEthernet0/0/0/2
 shutdown
!
interface GigabitEthernet0/0/0/3
 shutdown
!
interface GigabitEthernet0/0/0/4
 shutdown
!
interface GigabitEthernet0/0/0/5
 shutdown
!
interface GigabitEthernet0/0/0/6
 shutdown
!
interface GigabitEthernet0/0/0/7
 shutdown
!
router eigrp 200
 address-family ipv4
 !
 vrf NBK
  address-family ipv4
   default-metric 1024 100 255 1 1500
   autonomous-system 500
   redistribute connected
   redistribute static

DEBUG:netmiko:read_channel:    interface Bundle-Ether33.1
   !
   interface Bundle-Ether33.2
   !
   interface Bundle-Ether33.4
   !
  !
 !
!
ssh server v2
end

[KRP/0/0/CPU0:PE1#
RP/0/0/CPU0:PE1#
DEBUG:paramiko.transport:starting thread (client mode): 0xd377bda0
DEBUG:paramiko.transport:Local version/idstring: SSH-2.0-paramiko_2.7.2
DEBUG:paramiko.transport:Remote version/idstring: SSH-1.99-Cisco-2.0
INFO:paramiko.transport:Connected (version 1.99, client Cisco-2.0)
DEBUG:paramiko.transport:kex algos:['ecdh-sha2-nistp521', 'ecdh-sha2-nistp384', 'ecdh-sha2-nistp256', 'diffie-hellman-group14-sha1'] server key:['ssh-rsa'] client encrypt:['aes128-ctr', 'aes192-ctr', 'aes256-ctr', 'aes128-gcm@openssh.com', 'aes256-gcm@openssh.com'] server encrypt:['aes128-ctr', 'aes192-ctr', 'aes256-ctr', 'aes128-gcm@openssh.com', 'aes256-gcm@openssh.com'] client mac:['hmac-sha2-512', 'hmac-sha2-256', 'hmac-sha1'] server mac:['hmac-sha2-512', 'hmac-sha2-256', 'hmac-sha1'] client compress:['none'] server compress:['none'] client lang:[''] server lang:[''] kex follows?False
DEBUG:paramiko.transport:Kex agreed: ecdh-sha2-nistp256
DEBUG:paramiko.transport:HostKey agreed: ssh-rsa
DEBUG:paramiko.transport:Cipher agreed: aes128-ctr
DEBUG:paramiko.transport:MAC agreed: hmac-sha2-256
DEBUG:paramiko.transport:Compression agreed: none
DEBUG:paramiko.transport:kex engine KexNistp256 specified hash_algo <built-in function openssl_sha256>
DEBUG:paramiko.transport:Switch to new keys ...
DEBUG:paramiko.transport:Adding ssh-rsa host key for [10.10.20.70]:2231: b'0b7fe057af98893860da3ac18b449501'
DEBUG:paramiko.transport:userauth is OK
INFO:paramiko.transport:Authentication (password) successful!
DEBUG:paramiko.transport:[chan 0] Max packet in: 32768 bytes
DEBUG:paramiko.transport:[chan 0] Max packet out: 32768 bytes
DEBUG:paramiko.transport:Secsh channel 0 opened.
DEBUG:paramiko.transport:[chan 0] Sesch channel 0 request ok
DEBUG:paramiko.transport:[chan 0] Sesch channel 0 request ok
DEBUG:netmiko:read_channel: 


DEBUG:netmiko:read_channel: RP/0/RP0/CPU0:r2#
DEBUG:netmiko:read_channel: 
DEBUG:netmiko:read_channel: 
DEBUG:netmiko:read_channel: 
DEBUG:netmiko:write_channel: b'\n'
DEBUG:netmiko:read_channel: 
DEBUG:netmiko:read_channel: 
DEBUG:netmiko:write_channel: b'\n'
DEBUG:netmiko:read_channel: 
DEBUG:netmiko:write_channel: b'\n'
DEBUG:netmiko:read_channel: 
DEBUG:netmiko:write_channel: b'\n'
DEBUG:netmiko:read_channel: 
DEBUG:netmiko:write_channel: b'\n'
DEBUG:netmiko:read_channel: 
DEBUG:netmiko:write_channel: b'\n'
DEBUG:netmiko:read_channel: 
DEBUG:netmiko:write_channel: b'\n'
DEBUG:netmiko:read_channel: 
RP/0/RP0/CPU0:r2#
DEBUG:netmiko:read_channel: 
DEBUG:netmiko:read_channel: 
RP/0/RP0/CPU0:r2#
RP/0/RP0/CPU0:r2#
RP/0/RP0/CPU0:r2#
RP/0/RP0/CPU0:r2#
DEBUG:netmiko:In disable_paging
DEBUG:netmiko:Command: terminal length 0

DEBUG:netmiko:write_channel: b'terminal length 0\n'
DEBUG:netmiko:Pattern is: RP\/0\/RP0\/CPU0\:r2
DEBUG:netmiko:_read_channel_expect read_data: 

DEBUG:netmiko:_read_channel_expect read_data: RP/0/RP0/CPU0:r2#
RP/0/RP0/CPU0:r2#
DEBUG:netmiko:Pattern found: RP\/0\/RP0\/CPU0\:r2 
RP/0/RP0/CPU0:r2#
RP/0/RP0/CPU0:r2#
DEBUG:netmiko:
RP/0/RP0/CPU0:r2#
RP/0/RP0/CPU0:r2#
DEBUG:netmiko:Exiting disable_paging
DEBUG:netmiko:write_channel: b'terminal width 511\n'
DEBUG:netmiko:Pattern is: RP\/0\/RP0\/CPU0\:r2
DEBUG:netmiko:_read_channel_expect read_data: terminal length 0

DEBUG:netmiko:_read_channel_expect read_data: Tue Oct 13 20:12:08.973 UTC

DEBUG:netmiko:_read_channel_expect read_data: RP/0/RP0/CPU0:r2#
DEBUG:netmiko:Pattern found: RP\/0\/RP0\/CPU0\:r2 terminal length 0
Tue Oct 13 20:12:08.973 UTC
RP/0/RP0/CPU0:r2#
DEBUG:netmiko:read_channel: terminal width 511
Tue Oct 13 20:12:09.167 UTC
RP/0/RP0/CPU0:r2#
DEBUG:netmiko:read_channel: 
DEBUG:netmiko:write_channel: b'\n'
DEBUG:netmiko:read_channel: 
DEBUG:netmiko:read_channel: 
DEBUG:netmiko:write_channel: b'\n'
DEBUG:netmiko:read_channel: 
DEBUG:netmiko:write_channel: b'\n'
DEBUG:netmiko:read_channel: 
RP/0/RP0/CPU0:r2#
DEBUG:netmiko:read_channel: 
DEBUG:netmiko:read_channel: 
RP/0/RP0/CPU0:r2#
RP/0/RP0/CPU0:r2#
DEBUG:netmiko:write_channel: b'show run\n'
DEBUG:netmiko:read_channel: 
DEBUG:netmiko:read_channel: 
DEBUG:netmiko:read_channel: show run
Tue Oct 13 20:12:10.277 UTC

DEBUG:netmiko:read_channel: Building configuration...
!! IOS XR Configuration version = 6.4.1
!! Last configuration change at Tue Oct 13 13:13:04 2020 by admin

DEBUG:netmiko:read_channel: 
DEBUG:netmiko:read_channel: 
DEBUG:netmiko:read_channel: !
hostname r2
banner motd ;
--------------------------------------------------------------------------
  Router 2 (Cisco IOS XR Sandbox)
--------------------------------------------------------------------------
;
service timestamps log datetime msec
service timestamps debug datetime msec
username admin
 group root-lr
 group cisco-support
 secret 5 $1$A4C9$oaNorr6BXDruE4gDd086L.
!
line console
 timestamp disable
 exec-timeout 0 0
!
call-home
 service active
 contact smart-licensing
 profile CiscoTAC-1
  active
  destination transport-method http
 !
!
interface Bundle-Ether33
 description ===TEST1====
 mtu 9216
 bundle maximum-active links 2
 bundle minimum-active links 1
!
interface Bundle-Ether33.1
 description 95014353 National Bank Of Kenya-Nakuru
 vrf NBK
 ipv4 address 1.1.1.1 255.255.255.252
 encapsulation dot1q 3021 second-dot1q 3302
!
interface Bundle-Ether33.2
 description 95014354 National Bank Of Kenya Nakuru Hospital ATM
 vrf NBK
 ipv4 address 2.2.2.2 255.255.255.252
 encapsulation dot1q 3021 second-dot1q 3303
!
interface Bundle-Ether33.3
 description 95014450_Jamii_Bora_Bank-Nakuru_Backup
 vrf JAMII_BORA
 ipv4 address 172.30.17.53 255.255.255.252
 encapsulation dot1q 3021 second-dot1q 3304
!
interface Bundle-Ether33.4
 description 95015815 NBK-Westside Mall Nakuru ATM
 vrf NBK
 ipv4 address 172.30.17.77 255.255.255.252
 encapsulation dot1q 3021 second-dot1q 3311
!
interface Bundle-Ether33.5
 description NACC Nakuru
 vrf NACC
 ipv4 address 5.5.5.5 255.255.255.252
 encapsulation dot1q 3021 second-dot1q 3314
!
interface Bundle-Ether44
 description ===TEST2====
 mtu 9216
 bundle maximum-active links 2
 bundle minimum-active links 1
!
interface MgmtEth0/RP0/CPU0/0
 description *** MANAGEMENT INTERFACE ***
 ipv4 address dhcp
!
interface GigabitEthernet0/0/0/0
 bundle id 33 mode on
 shutdown
!
interface GigabitEthernet0/0/0/1
 bundle id 33 mode on
 shutdown
!
interface GigabitEthernet0/0/0/2
 shutdown
!
interface GigabitEthernet0/0/0/3
 shutdown
!
interface GigabitEthernet0/0/0/4
 shutdown
!
interface preconfigure GigabitEthernet0/0/0/5
 shutdown
!
interface preconfigure GigabitEthernet0/0/0/6
 shutdown
!
interface preconfigure GigabitEthernet0/0/0/7
 shutdown
!
router static
 address-family ipv4 unicast
  0.0.0.0/0 192.168.122.1
 !
!
xml agent tty
 iteration off
!
netconf-yang agent
 ssh
!
ssh server v2
ssh server netconf vrf default
router eigrp 200
 address-family ipv4
 !
 vrf NBK
  address-family ipv4
   default-metric 1024 100 255 1 1500
   autonomous-system 500
   redistribute connected
   redistribute static
   interface Bundle-Ether33.1
   !
   interface Bundle-Ether33.2
   !
   interface Bundle-Ether33.4
   !
  !
 !
!
end

RP/0/RP0/CPU0:r2#
DEBUG:paramiko.transport:starting thread (client mode): 0x207cb1d0
DEBUG:paramiko.transport:Local version/idstring: SSH-2.0-paramiko_2.4.2
DEBUG:paramiko.transport:Remote version/idstring: SSH-1.99-Cisco-2.0
INFO:paramiko.transport:Connected (version 1.99, client Cisco-2.0)
DEBUG:paramiko.transport:kex algos:['ecdh-sha2-nistp521', 'ecdh-sha2-nistp384', 'ecdh-sha2-nistp256', 'diffie-hellman-group14-sha1'] server key:['ssh-rsa'] client encrypt:['aes128-ctr', 'aes192-ctr', 'aes256-ctr', 'aes128-gcm@openssh.com', 'aes256-gcm@openssh.com'] server encrypt:['aes128-ctr', 'aes192-ctr', 'aes256-ctr', 'aes128-gcm@openssh.com', 'aes256-gcm@openssh.com'] client mac:['hmac-sha2-512', 'hmac-sha2-256', 'hmac-sha1'] server mac:['hmac-sha2-512', 'hmac-sha2-256', 'hmac-sha1'] client compress:['none'] server compress:['none'] client lang:[''] server lang:[''] kex follows?False
DEBUG:paramiko.transport:Kex agreed: ecdh-sha2-nistp256
DEBUG:paramiko.transport:HostKey agreed: ssh-rsa
DEBUG:paramiko.transport:Cipher agreed: aes128-ctr
DEBUG:paramiko.transport:MAC agreed: hmac-sha2-256
DEBUG:paramiko.transport:Compression agreed: none
DEBUG:paramiko.transport:kex engine KexNistp256 specified hash_algo <built-in function openssl_sha256>
DEBUG:paramiko.transport:Switch to new keys ...
DEBUG:paramiko.transport:Adding ssh-rsa host key for [10.10.20.70]:2221: b'e1ad3e53cdc053037494810944e7d7d0'
DEBUG:paramiko.transport:userauth is OK
INFO:paramiko.transport:Authentication (password) successful!
DEBUG:paramiko.transport:[chan 0] Max packet in: 32768 bytes
DEBUG:paramiko.transport:[chan 0] Max packet out: 32768 bytes
DEBUG:paramiko.transport:Secsh channel 0 opened.
DEBUG:paramiko.transport:[chan 0] Sesch channel 0 request ok
DEBUG:paramiko.transport:[chan 0] Sesch channel 0 request ok
DEBUG:netmiko:read_channel: 

RP/0/RP0/CPU0:r1#
DEBUG:netmiko:read_channel: 
DEBUG:netmiko:read_channel: 
DEBUG:netmiko:read_channel: 
DEBUG:netmiko:write_channel: b'\n'
DEBUG:netmiko:read_channel: 
DEBUG:netmiko:read_channel: 
DEBUG:netmiko:write_channel: b'\n'
DEBUG:netmiko:read_channel: 
DEBUG:netmiko:write_channel: b'\n'
DEBUG:netmiko:read_channel: 
RP/0/RP0/CPU0:r1#
DEBUG:netmiko:read_channel: 
DEBUG:netmiko:read_channel: 
DEBUG:netmiko:In disable_paging
DEBUG:netmiko:Command: terminal length 0

DEBUG:netmiko:write_channel: b'terminal length 0\n'
DEBUG:netmiko:Pattern is: RP\/0\/RP0\/CPU0\:r1
DEBUG:netmiko:_read_channel_expect read_data: 
RP/0/RP0/CPU0:r1#

DEBUG:netmiko:Pattern found: RP\/0\/RP0\/CPU0\:r1 
RP/0/RP0/CPU0:r1#

DEBUG:netmiko:
RP/0/RP0/CPU0:r1#

DEBUG:netmiko:Exiting disable_paging
DEBUG:netmiko:write_channel: b'terminal width 511\n'
DEBUG:netmiko:Pattern is: RP\/0\/RP0\/CPU0\:r1
DEBUG:netmiko:_read_channel_expect read_data: RP/0/RP0/CPU0:r1#
DEBUG:netmiko:Pattern found: RP\/0\/RP0\/CPU0\:r1 RP/0/RP0/CPU0:r1#
DEBUG:netmiko:read_channel: terminal length 0
Thu Oct 15 13:41:32.242 UTC

DEBUG:netmiko:read_channel: 
DEBUG:netmiko:write_channel: b'\n'
DEBUG:netmiko:read_channel: RP/0/RP0/CPU0:r1#
DEBUG:netmiko:read_channel: terminal width 511
Thu Oct 15 13:41:32.441 UTC

DEBUG:netmiko:read_channel: RP/0/RP0/CPU0:r1#
RP/0/RP0/CPU0:r1#
DEBUG:netmiko:write_channel: b'show run | b interface\n'
DEBUG:netmiko:read_channel: 
DEBUG:netmiko:read_channel: 
DEBUG:netmiko:read_channel: show run | b interface
Thu Oct 15 13:41:32.916 UTC

DEBUG:netmiko:read_channel: 
DEBUG:netmiko:read_channel: 
DEBUG:netmiko:read_channel: Building configuration...
interface Bundle-Ether33
 description ===TEST1====
 mtu 9216
 bundle maximum-active links 2
 bundle minimum-active links 1
!
interface Bundle-Ether33.1
 description 95014353 National Bank Of Kenya-Nakuru
 vrf NBK
 ipv4 address 1.1.1.1 255.255.255.252
 encapsulation dot1q 3021 second-dot1q 3302
!
interface Bundle-Ether33.2
 description 95014354 National Bank Of Kenya Nakuru Hospital ATM
 vrf NBK
 ipv4 address 2.2.2.2 255.255.255.252
 encapsulation dot1q 3021 second-dot1q 3303
!
interface Bundle-Ether33.3
 description 95014450_Jamii_Bora_Bank-Nakuru_Backup
 vrf JAMII_BORA
 ipv4 address 172.30.17.53 255.255.255.252
 encapsulation dot1q 3021 second-dot1q 3304
!
interface Bundle-Ether33.4
 description 95015815 NBK-Westside Mall Nakuru ATM
 vrf NBK
 ipv4 address 172.30.17.77 255.255.255.252
 encapsulation dot1q 3021 second-dot1q 3311
!
interface Bundle-Ether33.5
 description NACC Nakuru
 vrf NACC
 ipv4 address 5.5.5.5 255.255.255.252
 encapsulation dot1q 3021 second-dot1q 3314
!
interface MgmtEth0/RP0/CPU0/0
 description *** MANAGEMENT INTERFACE ***
 ipv4 address dhcp
!
interface GigabitEthernet0/0/0/0
 bundle id 33 mode on
 shutdown
!
interface GigabitEthernet0/0/0/1
 bundle id 33 mode on
 shutdown
!
interface GigabitEthernet0/0/0/2
 shutdown
!
interface GigabitEthernet0/0/0/3
 shutdown
!
interface GigabitEthernet0/0/0/4
 shutdown
!
interface preconfigure MgmtEth0/0/CPU0/0
 ipv4 address 10.10.20.71 255.255.255.0
!
interface preconfigure GigabitEthernet0/0/0/5
 shutdown
!
interface preconfigure GigabitEthernet0/0/0/6
 shutdown
!
interface preconfigure GigabitEthernet0/0/0/7
 shutdown
!
router static
 address-family ipv4 unicast
  0.0.0.0/0 192.168.122.1
 !
!
xml agent tty
 iteration off
!
netconf-yang agent
 ssh
!
ssh server v2
ssh server netconf vrf default
router eigrp 200
 address-family ipv4
 !
 vrf NBK
  address-family ipv4
   default-metric 1024 100 255 1 1500
   autonomous-system 500
   redistribute connected
   redistribute static
   interface Bundle-Ether33.1
   !
   interface Bundle-Ether33.2
   !
   interface Bundle-Ether33.4
   !
  !
 !
!
end

RP/0/RP0/CPU0:r1#
DEBUG:paramiko.transport:starting thread (client mode): 0x1e994668
DEBUG:paramiko.transport:Local version/idstring: SSH-2.0-paramiko_2.4.2
DEBUG:paramiko.transport:Remote version/idstring: SSH-1.99-Cisco-2.0
INFO:paramiko.transport:Connected (version 1.99, client Cisco-2.0)
DEBUG:paramiko.transport:kex algos:['ecdh-sha2-nistp521', 'ecdh-sha2-nistp384', 'ecdh-sha2-nistp256', 'diffie-hellman-group14-sha1'] server key:['ssh-rsa'] client encrypt:['aes128-ctr', 'aes192-ctr', 'aes256-ctr', 'aes128-gcm@openssh.com', 'aes256-gcm@openssh.com'] server encrypt:['aes128-ctr', 'aes192-ctr', 'aes256-ctr', 'aes128-gcm@openssh.com', 'aes256-gcm@openssh.com'] client mac:['hmac-sha2-512', 'hmac-sha2-256', 'hmac-sha1'] server mac:['hmac-sha2-512', 'hmac-sha2-256', 'hmac-sha1'] client compress:['none'] server compress:['none'] client lang:[''] server lang:[''] kex follows?False
DEBUG:paramiko.transport:Kex agreed: ecdh-sha2-nistp256
DEBUG:paramiko.transport:HostKey agreed: ssh-rsa
DEBUG:paramiko.transport:Cipher agreed: aes128-ctr
DEBUG:paramiko.transport:MAC agreed: hmac-sha2-256
DEBUG:paramiko.transport:Compression agreed: none
DEBUG:paramiko.transport:kex engine KexNistp256 specified hash_algo <built-in function openssl_sha256>
DEBUG:paramiko.transport:Switch to new keys ...
DEBUG:paramiko.transport:Adding ssh-rsa host key for [10.10.20.70]:2231: b'0b7fe057af98893860da3ac18b449501'
DEBUG:paramiko.transport:userauth is OK
INFO:paramiko.transport:Authentication (password) successful!
DEBUG:paramiko.transport:[chan 0] Max packet in: 32768 bytes
DEBUG:paramiko.transport:[chan 0] Max packet out: 32768 bytes
DEBUG:paramiko.transport:Secsh channel 0 opened.
DEBUG:paramiko.transport:[chan 0] Sesch channel 0 request ok
DEBUG:paramiko.transport:[chan 0] Sesch channel 0 request ok
DEBUG:netmiko:read_channel: 

RP/0/RP0/CPU0:r2#
DEBUG:netmiko:read_channel: 
DEBUG:netmiko:read_channel: 
DEBUG:netmiko:read_channel: 
DEBUG:netmiko:write_channel: b'\n'
DEBUG:netmiko:read_channel: 
DEBUG:netmiko:read_channel: 
DEBUG:netmiko:write_channel: b'\n'
DEBUG:netmiko:read_channel: 
DEBUG:netmiko:write_channel: b'\n'
DEBUG:netmiko:read_channel: 
RP/0/RP0/CPU0:r2#
DEBUG:netmiko:read_channel: 
DEBUG:netmiko:read_channel: 
DEBUG:netmiko:In disable_paging
DEBUG:netmiko:Command: terminal length 0

DEBUG:netmiko:write_channel: b'terminal length 0\n'
DEBUG:netmiko:Pattern is: RP\/0\/RP0\/CPU0\:r2
DEBUG:netmiko:_read_channel_expect read_data: 
RP/0/RP0/CPU0:r2#
RP/0/RP0/CPU0:r2#
DEBUG:netmiko:Pattern found: RP\/0\/RP0\/CPU0\:r2 
RP/0/RP0/CPU0:r2#
RP/0/RP0/CPU0:r2#
DEBUG:netmiko:
RP/0/RP0/CPU0:r2#
RP/0/RP0/CPU0:r2#
DEBUG:netmiko:Exiting disable_paging
DEBUG:netmiko:write_channel: b'terminal width 511\n'
DEBUG:netmiko:Pattern is: RP\/0\/RP0\/CPU0\:r2
DEBUG:netmiko:_read_channel_expect read_data: terminal length 0
Thu Oct 15 13:41:41.349 UTC

DEBUG:netmiko:_read_channel_expect read_data: RP/0/RP0/CPU0:r2#
DEBUG:netmiko:Pattern found: RP\/0\/RP0\/CPU0\:r2 terminal length 0
Thu Oct 15 13:41:41.349 UTC
RP/0/RP0/CPU0:r2#
DEBUG:netmiko:read_channel: terminal width 511
Thu Oct 15 13:41:41.633 UTC
RP/0/RP0/CPU0:r2#
DEBUG:netmiko:read_channel: 
DEBUG:netmiko:write_channel: b'\n'
DEBUG:netmiko:read_channel: 
DEBUG:netmiko:read_channel: 
DEBUG:netmiko:write_channel: b'\n'
DEBUG:netmiko:read_channel: 
DEBUG:netmiko:write_channel: b'\n'
DEBUG:netmiko:read_channel: 
DEBUG:netmiko:write_channel: b'\n'
DEBUG:netmiko:read_channel: 
DEBUG:netmiko:write_channel: b'\n'
DEBUG:netmiko:read_channel: 
RP/0/RP0/CPU0:r2#
DEBUG:netmiko:read_channel: 
DEBUG:netmiko:read_channel: 
RP/0/RP0/CPU0:r2#
RP/0/RP0/CPU0:r2#
RP/0/RP0/CPU0:r2#
RP/0/RP0/CPU0:r2#
DEBUG:netmiko:write_channel: b'show run\n'
DEBUG:netmiko:read_channel: 
DEBUG:netmiko:read_channel: 
DEBUG:netmiko:read_channel: show run
Thu Oct 15 13:41:42.928 UTC

DEBUG:netmiko:read_channel: 
DEBUG:netmiko:read_channel: 
DEBUG:netmiko:read_channel: Building configuration...
!! IOS XR Configuration version = 6.4.1
!! Last configuration change at Sat Jul 28 02:38:41 2018 by ZTP
!
hostname r2
banner motd ;
--------------------------------------------------------------------------
  Router 2 (Cisco IOS XR Sandbox)
--------------------------------------------------------------------------
;
service timestamps log datetime msec
service timestamps debug datetime msec
username admin
 group root-lr
 group cisco-support
 secret 5 $1$A4C9$oaNorr6BXDruE4gDd086L.
!
line console
 timestamp disable
 exec-timeout 0 0
!
call-home
 service active
 contact smart-licensing
 profile CiscoTAC-1
  active
  destination transport-method http
 !
!
interface MgmtEth0/RP0/CPU0/0
 description *** MANAGEMENT INTERFACE ***
 ipv4 address dhcp
!
interface GigabitEthernet0/0/0/0
 shutdown
!
interface GigabitEthernet0/0/0/1
 shutdown
!
interface GigabitEthernet0/0/0/2
 shutdown
!
interface GigabitEthernet0/0/0/3
 shutdown
!
interface GigabitEthernet0/0/0/4
 shutdown
!
router static
 address-family ipv4 unicast
  0.0.0.0/0 192.168.122.1
 !
!
netconf-yang agent
 ssh
!
ssh server v2
ssh server netconf vrf default
end

RP/0/RP0/CPU0:r2#
DEBUG:paramiko.transport:starting thread (client mode): 0x39dc7160
DEBUG:paramiko.transport:Local version/idstring: SSH-2.0-paramiko_2.4.2
DEBUG:paramiko.transport:Remote version/idstring: SSH-1.99-Cisco-2.0
INFO:paramiko.transport:Connected (version 1.99, client Cisco-2.0)
DEBUG:paramiko.transport:kex algos:['ecdh-sha2-nistp521', 'ecdh-sha2-nistp384', 'ecdh-sha2-nistp256', 'diffie-hellman-group14-sha1'] server key:['ssh-rsa'] client encrypt:['aes128-ctr', 'aes192-ctr', 'aes256-ctr', 'aes128-gcm@openssh.com', 'aes256-gcm@openssh.com'] server encrypt:['aes128-ctr', 'aes192-ctr', 'aes256-ctr', 'aes128-gcm@openssh.com', 'aes256-gcm@openssh.com'] client mac:['hmac-sha2-512', 'hmac-sha2-256', 'hmac-sha1'] server mac:['hmac-sha2-512', 'hmac-sha2-256', 'hmac-sha1'] client compress:['none'] server compress:['none'] client lang:[''] server lang:[''] kex follows?False
DEBUG:paramiko.transport:Kex agreed: ecdh-sha2-nistp256
DEBUG:paramiko.transport:HostKey agreed: ssh-rsa
DEBUG:paramiko.transport:Cipher agreed: aes128-ctr
DEBUG:paramiko.transport:MAC agreed: hmac-sha2-256
DEBUG:paramiko.transport:Compression agreed: none
DEBUG:paramiko.transport:kex engine KexNistp256 specified hash_algo <built-in function openssl_sha256>
DEBUG:paramiko.transport:Switch to new keys ...
DEBUG:paramiko.transport:Adding ssh-rsa host key for [10.10.20.70]:2221: b'e1ad3e53cdc053037494810944e7d7d0'
DEBUG:paramiko.transport:userauth is OK
INFO:paramiko.transport:Authentication (password) successful!
DEBUG:paramiko.transport:[chan 0] Max packet in: 32768 bytes
DEBUG:paramiko.transport:[chan 0] Max packet out: 32768 bytes
DEBUG:paramiko.transport:Secsh channel 0 opened.
DEBUG:paramiko.transport:[chan 0] Sesch channel 0 request ok
DEBUG:paramiko.transport:[chan 0] Sesch channel 0 request ok
DEBUG:netmiko:read_channel: 

RP/0/RP0/CPU0:r1#
DEBUG:netmiko:read_channel: 
DEBUG:netmiko:read_channel: 
DEBUG:netmiko:read_channel: 
DEBUG:netmiko:write_channel: b'\n'
DEBUG:netmiko:read_channel: 
DEBUG:netmiko:read_channel: 
DEBUG:netmiko:write_channel: b'\n'
DEBUG:netmiko:read_channel: 
DEBUG:netmiko:write_channel: b'\n'
DEBUG:netmiko:read_channel: 
RP/0/RP0/CPU0:r1#
DEBUG:netmiko:read_channel: 
DEBUG:netmiko:read_channel: 
DEBUG:netmiko:In disable_paging
DEBUG:netmiko:Command: terminal length 0

DEBUG:netmiko:write_channel: b'terminal length 0\n'
DEBUG:netmiko:Pattern is: RP\/0\/RP0\/CPU0\:r1
DEBUG:netmiko:_read_channel_expect read_data: 

DEBUG:netmiko:_read_channel_expect read_data: RP/0/RP0/CPU0:r1#
RP/0/RP0/CPU0:r1#
DEBUG:netmiko:Pattern found: RP\/0\/RP0\/CPU0\:r1 
RP/0/RP0/CPU0:r1#
RP/0/RP0/CPU0:r1#
DEBUG:netmiko:
RP/0/RP0/CPU0:r1#
RP/0/RP0/CPU0:r1#
DEBUG:netmiko:Exiting disable_paging
DEBUG:netmiko:write_channel: b'terminal width 511\n'
DEBUG:netmiko:Pattern is: RP\/0\/RP0\/CPU0\:r1
DEBUG:netmiko:_read_channel_expect read_data: terminal length 0
Thu Oct 15 13:46:04.816 UTC

DEBUG:netmiko:_read_channel_expect read_data: RP/0/RP0/CPU0:r1#
DEBUG:netmiko:Pattern found: RP\/0\/RP0\/CPU0\:r1 terminal length 0
Thu Oct 15 13:46:04.816 UTC
RP/0/RP0/CPU0:r1#
DEBUG:netmiko:read_channel: terminal width 511
Thu Oct 15 13:46:05.113 UTC

DEBUG:netmiko:read_channel: 
DEBUG:netmiko:write_channel: b'\n'
DEBUG:netmiko:read_channel: RP/0/RP0/CPU0:r1#
DEBUG:netmiko:read_channel: 
DEBUG:netmiko:read_channel: 

DEBUG:netmiko:write_channel: b'show run | b interface\n'
DEBUG:netmiko:read_channel: 
DEBUG:netmiko:read_channel: 
DEBUG:netmiko:read_channel: 
DEBUG:netmiko:read_channel: RP/0/RP0/CPU0:r1#show run | b interface

DEBUG:paramiko.transport:starting thread (client mode): 0x382205c0
DEBUG:paramiko.transport:Local version/idstring: SSH-2.0-paramiko_2.4.2
DEBUG:paramiko.transport:Remote version/idstring: SSH-1.99-Cisco-2.0
INFO:paramiko.transport:Connected (version 1.99, client Cisco-2.0)
DEBUG:paramiko.transport:kex algos:['ecdh-sha2-nistp521', 'ecdh-sha2-nistp384', 'ecdh-sha2-nistp256', 'diffie-hellman-group14-sha1'] server key:['ssh-rsa'] client encrypt:['aes128-ctr', 'aes192-ctr', 'aes256-ctr', 'aes128-gcm@openssh.com', 'aes256-gcm@openssh.com'] server encrypt:['aes128-ctr', 'aes192-ctr', 'aes256-ctr', 'aes128-gcm@openssh.com', 'aes256-gcm@openssh.com'] client mac:['hmac-sha2-512', 'hmac-sha2-256', 'hmac-sha1'] server mac:['hmac-sha2-512', 'hmac-sha2-256', 'hmac-sha1'] client compress:['none'] server compress:['none'] client lang:[''] server lang:[''] kex follows?False
DEBUG:paramiko.transport:Kex agreed: ecdh-sha2-nistp256
DEBUG:paramiko.transport:HostKey agreed: ssh-rsa
DEBUG:paramiko.transport:Cipher agreed: aes128-ctr
DEBUG:paramiko.transport:MAC agreed: hmac-sha2-256
DEBUG:paramiko.transport:Compression agreed: none
DEBUG:paramiko.transport:kex engine KexNistp256 specified hash_algo <built-in function openssl_sha256>
DEBUG:paramiko.transport:Switch to new keys ...
DEBUG:paramiko.transport:Adding ssh-rsa host key for [10.10.20.70]:2231: b'0b7fe057af98893860da3ac18b449501'
DEBUG:paramiko.transport:userauth is OK
INFO:paramiko.transport:Authentication (password) successful!
DEBUG:paramiko.transport:[chan 0] Max packet in: 32768 bytes
DEBUG:paramiko.transport:[chan 0] Max packet out: 32768 bytes
DEBUG:paramiko.transport:Secsh channel 0 opened.
DEBUG:paramiko.transport:[chan 0] Sesch channel 0 request ok
DEBUG:paramiko.transport:[chan 0] Sesch channel 0 request ok
DEBUG:netmiko:read_channel: 

RP/0/RP0/CPU0:r2#
DEBUG:netmiko:read_channel: 
DEBUG:netmiko:read_channel: 
DEBUG:netmiko:read_channel: 
DEBUG:netmiko:write_channel: b'\n'
DEBUG:netmiko:read_channel: 
DEBUG:netmiko:read_channel: 
DEBUG:netmiko:write_channel: b'\n'
DEBUG:netmiko:read_channel: 
DEBUG:netmiko:write_channel: b'\n'
DEBUG:netmiko:read_channel: 
RP/0/RP0/CPU0:r2#
DEBUG:netmiko:read_channel: 
DEBUG:netmiko:read_channel: 
DEBUG:netmiko:In disable_paging
DEBUG:netmiko:Command: terminal length 0

DEBUG:netmiko:write_channel: b'terminal length 0\n'
DEBUG:netmiko:Pattern is: RP\/0\/RP0\/CPU0\:r2
DEBUG:netmiko:_read_channel_expect read_data: 

DEBUG:netmiko:_read_channel_expect read_data: RP/0/RP0/CPU0:r2#
RP/0/RP0/CPU0:r2#
DEBUG:netmiko:Pattern found: RP\/0\/RP0\/CPU0\:r2 
RP/0/RP0/CPU0:r2#
RP/0/RP0/CPU0:r2#
DEBUG:netmiko:
RP/0/RP0/CPU0:r2#
RP/0/RP0/CPU0:r2#
DEBUG:netmiko:Exiting disable_paging
DEBUG:netmiko:write_channel: b'terminal width 511\n'
DEBUG:netmiko:Pattern is: RP\/0\/RP0\/CPU0\:r2
DEBUG:netmiko:_read_channel_expect read_data: terminal length 0
Thu Oct 15 13:46:14.386 UTC

DEBUG:netmiko:_read_channel_expect read_data: RP/0/RP0/CPU0:r2#
DEBUG:netmiko:Pattern found: RP\/0\/RP0\/CPU0\:r2 terminal length 0
Thu Oct 15 13:46:14.386 UTC
RP/0/RP0/CPU0:r2#
DEBUG:netmiko:read_channel: terminal width 511
Thu Oct 15 13:46:14.644 UTC

DEBUG:netmiko:read_channel: 
DEBUG:netmiko:write_channel: b'\n'
DEBUG:netmiko:read_channel: RP/0/RP0/CPU0:r2#
DEBUG:netmiko:read_channel: 
DEBUG:netmiko:read_channel: 
DEBUG:netmiko:write_channel: b'show run\n'
DEBUG:netmiko:read_channel: 
DEBUG:netmiko:read_channel: 
RP/0/RP0/CPU0:r2#
DEBUG:paramiko.transport:starting thread (client mode): 0x5baff1d0
DEBUG:paramiko.transport:Local version/idstring: SSH-2.0-paramiko_2.4.2
DEBUG:paramiko.transport:Remote version/idstring: SSH-1.99-Cisco-2.0
INFO:paramiko.transport:Connected (version 1.99, client Cisco-2.0)
DEBUG:paramiko.transport:kex algos:['ecdh-sha2-nistp521', 'ecdh-sha2-nistp384', 'ecdh-sha2-nistp256', 'diffie-hellman-group14-sha1'] server key:['ssh-rsa'] client encrypt:['aes128-ctr', 'aes192-ctr', 'aes256-ctr', 'aes128-gcm@openssh.com', 'aes256-gcm@openssh.com'] server encrypt:['aes128-ctr', 'aes192-ctr', 'aes256-ctr', 'aes128-gcm@openssh.com', 'aes256-gcm@openssh.com'] client mac:['hmac-sha2-512', 'hmac-sha2-256', 'hmac-sha1'] server mac:['hmac-sha2-512', 'hmac-sha2-256', 'hmac-sha1'] client compress:['none'] server compress:['none'] client lang:[''] server lang:[''] kex follows?False
DEBUG:paramiko.transport:Kex agreed: ecdh-sha2-nistp256
DEBUG:paramiko.transport:HostKey agreed: ssh-rsa
DEBUG:paramiko.transport:Cipher agreed: aes128-ctr
DEBUG:paramiko.transport:MAC agreed: hmac-sha2-256
DEBUG:paramiko.transport:Compression agreed: none
DEBUG:paramiko.transport:kex engine KexNistp256 specified hash_algo <built-in function openssl_sha256>
DEBUG:paramiko.transport:Switch to new keys ...
DEBUG:paramiko.transport:Adding ssh-rsa host key for [10.10.20.70]:2221: b'e1ad3e53cdc053037494810944e7d7d0'
DEBUG:paramiko.transport:userauth is OK
INFO:paramiko.transport:Authentication (password) successful!
DEBUG:paramiko.transport:[chan 0] Max packet in: 32768 bytes
DEBUG:paramiko.transport:[chan 0] Max packet out: 32768 bytes
DEBUG:paramiko.transport:Secsh channel 0 opened.
DEBUG:paramiko.transport:[chan 0] Sesch channel 0 request ok
DEBUG:paramiko.transport:[chan 0] Sesch channel 0 request ok
DEBUG:netmiko:read_channel: 

RP/0/RP0/CPU0:r1#
DEBUG:netmiko:read_channel: 
DEBUG:netmiko:read_channel: 
DEBUG:netmiko:read_channel: 
DEBUG:netmiko:write_channel: b'\n'
DEBUG:netmiko:read_channel: 
DEBUG:netmiko:read_channel: 
DEBUG:netmiko:write_channel: b'\n'
DEBUG:netmiko:read_channel: 
DEBUG:netmiko:write_channel: b'\n'
DEBUG:netmiko:read_channel: 
DEBUG:netmiko:write_channel: b'\n'
DEBUG:netmiko:read_channel: 
RP/0/RP0/CPU0:r1#
DEBUG:netmiko:read_channel: 
DEBUG:netmiko:read_channel: 
DEBUG:netmiko:In disable_paging
DEBUG:netmiko:Command: terminal length 0

DEBUG:netmiko:write_channel: b'terminal length 0\n'
DEBUG:netmiko:Pattern is: RP\/0\/RP0\/CPU0\:r1
DEBUG:netmiko:_read_channel_expect read_data: 
RP/0/RP0/CPU0:r1#

DEBUG:netmiko:Pattern found: RP\/0\/RP0\/CPU0\:r1 
RP/0/RP0/CPU0:r1#

DEBUG:netmiko:
RP/0/RP0/CPU0:r1#

DEBUG:netmiko:Exiting disable_paging
DEBUG:netmiko:write_channel: b'terminal width 511\n'
DEBUG:netmiko:Pattern is: RP\/0\/RP0\/CPU0\:r1
DEBUG:netmiko:_read_channel_expect read_data: RP/0/RP0/CPU0:r1#

DEBUG:netmiko:Pattern found: RP\/0\/RP0\/CPU0\:r1 RP/0/RP0/CPU0:r1#

DEBUG:netmiko:read_channel: RP/0/RP0/CPU0:r1#terminal length 0
Thu Oct 15 13:47:13.230 UTC

DEBUG:netmiko:read_channel: 
DEBUG:netmiko:write_channel: b'\n'
DEBUG:netmiko:read_channel: 
DEBUG:netmiko:read_channel: 
DEBUG:netmiko:write_channel: b'\n'
DEBUG:netmiko:read_channel: RP/0/RP0/CPU0:r1#terminal width 511
Thu Oct 15 13:47:13.443 UTC

DEBUG:netmiko:read_channel: RP/0/RP0/CPU0:r1#
DEBUG:netmiko:read_channel: 
RP/0/RP0/CPU0:r1#
RP/0/RP0/CPU0:r1#
DEBUG:netmiko:write_channel: b'show run | b interface\n'
DEBUG:netmiko:read_channel: 
DEBUG:netmiko:read_channel: 
DEBUG:netmiko:read_channel: show run | b interface
Thu Oct 15 13:47:14.019 UTC

DEBUG:netmiko:read_channel: 
DEBUG:netmiko:read_channel: Building configuration...

DEBUG:netmiko:read_channel: interface Bundle-Ether33
 description ===TEST1====
 mtu 9216
 bundle maximum-active links 2
 bundle minimum-active links 1
!
interface Bundle-Ether33.1
 description 95014353 National Bank Of Kenya-Nakuru
 vrf NBK
 ipv4 address 1.1.1.1 255.255.255.252
 encapsulation dot1q 3021 second-dot1q 3302
!
interface Bundle-Ether33.2
 description 95014354 National Bank Of Kenya Nakuru Hospital ATM
 vrf NBK
 ipv4 address 2.2.2.2 255.255.255.252
 encapsulation dot1q 3021 second-dot1q 3303
!
interface Bundle-Ether33.3
 description 95014450_Jamii_Bora_Bank-Nakuru_Backup
 vrf JAMII_BORA
 ipv4 address 172.30.17.53 255.255.255.252
 encapsulation dot1q 3021 second-dot1q 3304
!
interface Bundle-Ether33.4
 description 95015815 NBK-Westside Mall Nakuru ATM
 vrf NBK
 ipv4 address 172.30.17.77 255.255.255.252
 encapsulation dot1q 3021 second-dot1q 3311
!
interface Bundle-Ether33.5
 description NACC Nakuru
 vrf NACC
 ipv4 address 5.5.5.5 255.255.255.252
 encapsulation dot1q 3021 second-dot1q 3314
!
interface MgmtEth0/RP0/CPU0/0
 description *** MANAGEMENT INTERFACE ***
 ipv4 address dhcp
!
interface GigabitEthernet0/0/0/0
 bundle id 33 mode on
 shutdown
!
interface GigabitEthernet0/0/0/1
 bundle id 33 mode on
 shutdown
!
interface GigabitEthernet0/0/0/2
 shutdown
!
interface GigabitEthernet0/0/0/3
 shutdown
!
interface GigabitEthernet0/0/0/4
 shutdown
!
interface preconfigure MgmtEth0/0/CPU0/0
 ipv4 address 10.10.20.71 255.255.255.0
!
interface preconfigure GigabitEthernet0/0/0/5
 shutdown
!
interface preconfigure GigabitEthernet0/0/0/6
 shutdown
!
interface preconfigure GigabitEthernet0/0/0/7
 shutdown
!
router static
 address-family ipv4 unicast
  0.0.0.0/0 192.168.122.1
 !
!
xml agent tty
 iteration off
!
netconf-yang agent
 ssh
!
ssh server v2
ssh server netconf vrf default
router eigrp 200
 address-family ipv4
 !
 vrf NBK
  address-family ipv4
   default-metric 1024 100 255 1 1500
   autonomous-system 500
   redistribute connected
   redistribute static
   interface Bundle-Ether33.1
   !
   interface Bundle-Ether33.2
   !
   interface Bundle-Ether33.4
   !
  !
 !
!
end

RP/0/RP0/CPU0:r1#
DEBUG:netmiko:read_channel: 
DEBUG:netmiko:read_channel: 
DEBUG:netmiko:read_channel: 
DEBUG:netmiko:read_channel: 
DEBUG:netmiko:read_channel: 
DEBUG:netmiko:read_channel: 
DEBUG:netmiko:read_channel: 
DEBUG:netmiko:read_channel: 
DEBUG:netmiko:read_channel: 
DEBUG:netmiko:read_channel: 
DEBUG:netmiko:read_channel: 
DEBUG:netmiko:read_channel: 
DEBUG:netmiko:read_channel: 
DEBUG:netmiko:read_channel: 
DEBUG:netmiko:read_channel: 
DEBUG:netmiko:read_channel: 
DEBUG:netmiko:read_channel: 
DEBUG:netmiko:read_channel: 
DEBUG:netmiko:read_channel: 
DEBUG:netmiko:read_channel: 
DEBUG:netmiko:read_channel: 
DEBUG:netmiko:read_channel: 
DEBUG:netmiko:read_channel: 
DEBUG:netmiko:read_channel: 
DEBUG:netmiko:read_channel: 
DEBUG:netmiko:read_channel: 
DEBUG:netmiko:read_channel: 
DEBUG:netmiko:read_channel: 
DEBUG:netmiko:read_channel: 
DEBUG:netmiko:read_channel: 
DEBUG:netmiko:read_channel: 
DEBUG:netmiko:read_channel: 
DEBUG:netmiko:read_channel: 
DEBUG:netmiko:read_channel: 
DEBUG:netmiko:read_channel: 
DEBUG:netmiko:read_channel: 
DEBUG:netmiko:read_channel: 
DEBUG:netmiko:read_channel: 
DEBUG:netmiko:read_channel: 
DEBUG:netmiko:read_channel: 
DEBUG:netmiko:read_channel: 
DEBUG:netmiko:read_channel: 
DEBUG:netmiko:read_channel: 
DEBUG:netmiko:read_channel: 
DEBUG:netmiko:read_channel: 
DEBUG:netmiko:read_channel: 
DEBUG:netmiko:read_channel: 
DEBUG:netmiko:read_channel: 
DEBUG:netmiko:read_channel: 
DEBUG:netmiko:read_channel: 
DEBUG:netmiko:read_channel: 
DEBUG:netmiko:read_channel: 
DEBUG:netmiko:read_channel: 
DEBUG:netmiko:read_channel: 
DEBUG:netmiko:read_channel: 
DEBUG:netmiko:read_channel: 
DEBUG:netmiko:read_channel: 
DEBUG:netmiko:read_channel: 
DEBUG:netmiko:read_channel: 
DEBUG:netmiko:read_channel: 
DEBUG:netmiko:read_channel: 
DEBUG:netmiko:read_channel: 
DEBUG:netmiko:read_channel: 
DEBUG:netmiko:read_channel: 
DEBUG:netmiko:read_channel: 
DEBUG:netmiko:read_channel: 
DEBUG:netmiko:read_channel: 
DEBUG:netmiko:read_channel: 
DEBUG:netmiko:read_channel: 
DEBUG:netmiko:read_channel: 
DEBUG:netmiko:read_channel: 
DEBUG:netmiko:read_channel: 
DEBUG:netmiko:read_channel: 
DEBUG:netmiko:read_channel: 
DEBUG:netmiko:read_channel: 
DEBUG:netmiko:read_channel: 
DEBUG:netmiko:read_channel: 
DEBUG:netmiko:read_channel: 
DEBUG:netmiko:read_channel: 
DEBUG:netmiko:read_channel: 
DEBUG:netmiko:read_channel: 
DEBUG:netmiko:read_channel: 
DEBUG:netmiko:read_channel: 
DEBUG:netmiko:read_channel: 
DEBUG:netmiko:read_channel: 
DEBUG:netmiko:read_channel: 
DEBUG:netmiko:read_channel: 
DEBUG:netmiko:read_channel: 
DEBUG:netmiko:read_channel: 
DEBUG:netmiko:read_channel: 
DEBUG:netmiko:read_channel: 
DEBUG:netmiko:read_channel: 
DEBUG:netmiko:read_channel: 
DEBUG:netmiko:read_channel: 
DEBUG:netmiko:read_channel: 
DEBUG:netmiko:read_channel: 
DEBUG:netmiko:read_channel: 
DEBUG:netmiko:read_channel: 
DEBUG:netmiko:read_channel: 
DEBUG:netmiko:read_channel: 
DEBUG:netmiko:read_channel: 
DEBUG:netmiko:read_channel: 
DEBUG:netmiko:read_channel: 
DEBUG:netmiko:read_channel: 
DEBUG:netmiko:read_channel: 
DEBUG:netmiko:read_channel: 
DEBUG:netmiko:read_channel: 
DEBUG:netmiko:read_channel: 
DEBUG:netmiko:read_channel: 
DEBUG:netmiko:read_channel: 
DEBUG:netmiko:read_channel: 
DEBUG:netmiko:read_channel: 
DEBUG:netmiko:read_channel: 
DEBUG:netmiko:read_channel: 
DEBUG:netmiko:read_channel: 
DEBUG:netmiko:read_channel: 
DEBUG:netmiko:read_channel: 
DEBUG:netmiko:read_channel: 
DEBUG:netmiko:read_channel: 
DEBUG:netmiko:read_channel: 
DEBUG:netmiko:read_channel: 
DEBUG:netmiko:read_channel: 
DEBUG:netmiko:read_channel: 
DEBUG:netmiko:read_channel: 
DEBUG:netmiko:read_channel: 
DEBUG:netmiko:read_channel: 
DEBUG:netmiko:read_channel: 
DEBUG:netmiko:read_channel: 
DEBUG:netmiko:read_channel: 
DEBUG:netmiko:read_channel: 
DEBUG:netmiko:read_channel: 
DEBUG:netmiko:read_channel: 
DEBUG:netmiko:read_channel: 
DEBUG:netmiko:read_channel: 
DEBUG:netmiko:read_channel: 
DEBUG:netmiko:read_channel: 
DEBUG:netmiko:read_channel: 
DEBUG:netmiko:read_channel: 
DEBUG:netmiko:read_channel: 
DEBUG:netmiko:read_channel: 
DEBUG:netmiko:read_channel: 
DEBUG:netmiko:read_channel: 
DEBUG:netmiko:read_channel: 
DEBUG:netmiko:read_channel: 
DEBUG:netmiko:read_channel: 
DEBUG:netmiko:read_channel: 
DEBUG:netmiko:read_channel: 
DEBUG:netmiko:read_channel: 
DEBUG:netmiko:read_channel: 
DEBUG:netmiko:read_channel: 
DEBUG:netmiko:read_channel: 
DEBUG:netmiko:read_channel: 
DEBUG:netmiko:read_channel: 
DEBUG:netmiko:read_channel: 
DEBUG:netmiko:read_channel: 
DEBUG:netmiko:read_channel: 
DEBUG:netmiko:read_channel: 
DEBUG:netmiko:read_channel: 
DEBUG:netmiko:read_channel: 
DEBUG:netmiko:read_channel: 
DEBUG:netmiko:read_channel: 
DEBUG:netmiko:read_channel: 
DEBUG:netmiko:read_channel: 
DEBUG:netmiko:read_channel: 
DEBUG:netmiko:read_channel: 
DEBUG:netmiko:read_channel: 
DEBUG:netmiko:read_channel: 
DEBUG:netmiko:read_channel: 
DEBUG:netmiko:read_channel: 
DEBUG:netmiko:read_channel: 
DEBUG:netmiko:read_channel: 
DEBUG:netmiko:read_channel: 
DEBUG:netmiko:read_channel: 
DEBUG:netmiko:read_channel: 
DEBUG:netmiko:read_channel: 
DEBUG:netmiko:read_channel: 
DEBUG:netmiko:read_channel: 
DEBUG:netmiko:read_channel: 
DEBUG:netmiko:read_channel: 
DEBUG:netmiko:read_channel: 
DEBUG:netmiko:read_channel: 
DEBUG:netmiko:read_channel: 
DEBUG:netmiko:read_channel: 
DEBUG:netmiko:read_channel: 
DEBUG:netmiko:read_channel: 
DEBUG:netmiko:read_channel: 
DEBUG:netmiko:read_channel: 
DEBUG:netmiko:read_channel: 
DEBUG:netmiko:read_channel: 
DEBUG:netmiko:read_channel: 
DEBUG:netmiko:read_channel: 
DEBUG:netmiko:read_channel: 
DEBUG:netmiko:read_channel: 
DEBUG:netmiko:read_channel: 
DEBUG:netmiko:read_channel: 
DEBUG:netmiko:read_channel: 
DEBUG:netmiko:read_channel: 
DEBUG:netmiko:read_channel: 
DEBUG:netmiko:read_channel: 
DEBUG:netmiko:read_channel: 
DEBUG:netmiko:read_channel: 
DEBUG:netmiko:read_channel: 
DEBUG:netmiko:read_channel: 
DEBUG:netmiko:read_channel: 
DEBUG:netmiko:read_channel: 
DEBUG:netmiko:read_channel: 
DEBUG:netmiko:read_channel: 
DEBUG:netmiko:read_channel: 
DEBUG:netmiko:read_channel: 
DEBUG:netmiko:read_channel: 
DEBUG:netmiko:read_channel: 
DEBUG:netmiko:read_channel: 
DEBUG:netmiko:read_channel: 
DEBUG:netmiko:read_channel: 
DEBUG:netmiko:read_channel: 
DEBUG:netmiko:read_channel: 
DEBUG:netmiko:read_channel: 
DEBUG:netmiko:read_channel: 
DEBUG:netmiko:read_channel: 
DEBUG:netmiko:read_channel: 
DEBUG:netmiko:read_channel: 
DEBUG:netmiko:read_channel: 
DEBUG:netmiko:read_channel: 
DEBUG:netmiko:read_channel: 
DEBUG:netmiko:read_channel: 
DEBUG:netmiko:read_channel: 
DEBUG:netmiko:read_channel: 
DEBUG:netmiko:read_channel: 
DEBUG:netmiko:read_channel: 
DEBUG:netmiko:read_channel: 
DEBUG:netmiko:read_channel: 
DEBUG:netmiko:read_channel: 
DEBUG:netmiko:read_channel: 
DEBUG:netmiko:read_channel: 
DEBUG:netmiko:read_channel: 
DEBUG:netmiko:read_channel: 
DEBUG:netmiko:read_channel: 
DEBUG:netmiko:read_channel: 
DEBUG:netmiko:read_channel: 
DEBUG:netmiko:read_channel: 
DEBUG:netmiko:read_channel: 
DEBUG:netmiko:read_channel: 
DEBUG:netmiko:read_channel: 
DEBUG:netmiko:read_channel: 
DEBUG:netmiko:read_channel: 
DEBUG:netmiko:read_channel: 
DEBUG:netmiko:read_channel: 
DEBUG:netmiko:read_channel: 
DEBUG:netmiko:read_channel: 
DEBUG:netmiko:read_channel: 
DEBUG:netmiko:read_channel: 
DEBUG:netmiko:read_channel: 
DEBUG:netmiko:read_channel: 
DEBUG:netmiko:read_channel: 
DEBUG:netmiko:read_channel: 
DEBUG:netmiko:read_channel: 
DEBUG:netmiko:read_channel: 
DEBUG:netmiko:read_channel: 
DEBUG:netmiko:read_channel: 
DEBUG:netmiko:read_channel: 
DEBUG:netmiko:read_channel: 
DEBUG:netmiko:read_channel: 
DEBUG:netmiko:read_channel: 
DEBUG:netmiko:read_channel: 
DEBUG:netmiko:read_channel: 
DEBUG:netmiko:read_channel: 
DEBUG:netmiko:read_channel: 
DEBUG:netmiko:read_channel: 
DEBUG:netmiko:read_channel: 
DEBUG:netmiko:read_channel: 
DEBUG:netmiko:read_channel: 
DEBUG:netmiko:read_channel: 
DEBUG:netmiko:read_channel: 
DEBUG:netmiko:read_channel: 
DEBUG:netmiko:read_channel: 
DEBUG:netmiko:read_channel: 
DEBUG:netmiko:read_channel: 
DEBUG:netmiko:read_channel: 
DEBUG:netmiko:read_channel: 
DEBUG:netmiko:read_channel: 
DEBUG:netmiko:read_channel: 
DEBUG:netmiko:read_channel: 
DEBUG:netmiko:read_channel: 
DEBUG:netmiko:read_channel: 
DEBUG:netmiko:read_channel: 
DEBUG:netmiko:read_channel: 
DEBUG:netmiko:read_channel: 
DEBUG:netmiko:read_channel: 
DEBUG:netmiko:read_channel: 
DEBUG:netmiko:read_channel: 
DEBUG:netmiko:read_channel: 
DEBUG:netmiko:read_channel: 
DEBUG:netmiko:read_channel: 
DEBUG:netmiko:read_channel: 
DEBUG:netmiko:read_channel: 
DEBUG:netmiko:read_channel: 
DEBUG:netmiko:read_channel: 
DEBUG:netmiko:read_channel: 
DEBUG:netmiko:read_channel: 
DEBUG:netmiko:read_channel: 
DEBUG:netmiko:read_channel: 
DEBUG:netmiko:read_channel: 
DEBUG:netmiko:read_channel: 
DEBUG:netmiko:read_channel: 
DEBUG:netmiko:read_channel: 
DEBUG:netmiko:read_channel: 
DEBUG:netmiko:read_channel: 
DEBUG:netmiko:read_channel: 
DEBUG:netmiko:read_channel: 
DEBUG:netmiko:read_channel: 
DEBUG:netmiko:read_channel: 
DEBUG:netmiko:read_channel: 
DEBUG:netmiko:read_channel: 
DEBUG:netmiko:read_channel: 
DEBUG:netmiko:read_channel: 
DEBUG:netmiko:read_channel: 
DEBUG:netmiko:read_channel: 
DEBUG:netmiko:read_channel: 
DEBUG:netmiko:read_channel: 
DEBUG:netmiko:read_channel: 
DEBUG:netmiko:read_channel: 
DEBUG:netmiko:read_channel: 
DEBUG:netmiko:read_channel: 
DEBUG:netmiko:read_channel: 
DEBUG:netmiko:read_channel: 
DEBUG:netmiko:read_channel: 
DEBUG:netmiko:read_channel: 
DEBUG:netmiko:read_channel: 
DEBUG:netmiko:read_channel: 
DEBUG:netmiko:read_channel: 
DEBUG:netmiko:read_channel: 
DEBUG:netmiko:read_channel: 
DEBUG:netmiko:read_channel: 
DEBUG:netmiko:read_channel: 
DEBUG:netmiko:read_channel: 
DEBUG:netmiko:read_channel: 
DEBUG:netmiko:read_channel: 
DEBUG:netmiko:read_channel: 
DEBUG:netmiko:read_channel: 
DEBUG:netmiko:read_channel: 
DEBUG:netmiko:read_channel: 
DEBUG:netmiko:read_channel: 
DEBUG:netmiko:read_channel: 
DEBUG:netmiko:read_channel: 
DEBUG:netmiko:read_channel: 
DEBUG:netmiko:read_channel: 
DEBUG:netmiko:read_channel: 
DEBUG:netmiko:read_channel: 
DEBUG:netmiko:read_channel: 
DEBUG:netmiko:read_channel: 
DEBUG:netmiko:read_channel: 
DEBUG:netmiko:read_channel: 
DEBUG:netmiko:read_channel: 
DEBUG:netmiko:read_channel: 
DEBUG:netmiko:read_channel: 
DEBUG:netmiko:read_channel: 
DEBUG:netmiko:read_channel: 
DEBUG:netmiko:read_channel: 
DEBUG:netmiko:read_channel: 
DEBUG:netmiko:read_channel: 
DEBUG:netmiko:read_channel: 
DEBUG:netmiko:read_channel: 
DEBUG:netmiko:read_channel: 
DEBUG:netmiko:read_channel: 
DEBUG:netmiko:read_channel: 
DEBUG:netmiko:read_channel: 
DEBUG:netmiko:read_channel: 
DEBUG:netmiko:read_channel: 
DEBUG:netmiko:read_channel: 
DEBUG:netmiko:read_channel: 
DEBUG:netmiko:read_channel: 
DEBUG:netmiko:read_channel: 
DEBUG:netmiko:read_channel: 
DEBUG:netmiko:read_channel: 
DEBUG:netmiko:read_channel: 
DEBUG:netmiko:read_channel: 
DEBUG:netmiko:read_channel: 
DEBUG:netmiko:read_channel: 
DEBUG:netmiko:read_channel: 
DEBUG:netmiko:read_channel: 
DEBUG:netmiko:read_channel: 
DEBUG:netmiko:read_channel: 
DEBUG:netmiko:read_channel: 
DEBUG:netmiko:read_channel: 
DEBUG:netmiko:read_channel: 
DEBUG:netmiko:read_channel: 
DEBUG:netmiko:read_channel: 
DEBUG:netmiko:read_channel: 
DEBUG:netmiko:read_channel: 
DEBUG:netmiko:read_channel: 
DEBUG:netmiko:read_channel: 
DEBUG:netmiko:read_channel: 
DEBUG:netmiko:read_channel: 
DEBUG:netmiko:read_channel: 
DEBUG:netmiko:read_channel: 
DEBUG:netmiko:read_channel: 
DEBUG:netmiko:read_channel: 
DEBUG:netmiko:read_channel: 
DEBUG:netmiko:read_channel: 
DEBUG:netmiko:read_channel: 
DEBUG:netmiko:read_channel: 
DEBUG:netmiko:read_channel: 
DEBUG:netmiko:read_channel: 
DEBUG:netmiko:read_channel: 
DEBUG:netmiko:read_channel: 
DEBUG:netmiko:read_channel: 
DEBUG:netmiko:read_channel: 
DEBUG:netmiko:read_channel: 
DEBUG:netmiko:read_channel: 
DEBUG:netmiko:read_channel: 
DEBUG:netmiko:read_channel: 
DEBUG:netmiko:read_channel: 
DEBUG:netmiko:read_channel: 
DEBUG:netmiko:read_channel: 
DEBUG:netmiko:read_channel: 
DEBUG:netmiko:read_channel: 
DEBUG:netmiko:read_channel: 
DEBUG:netmiko:read_channel: 
DEBUG:netmiko:read_channel: 
DEBUG:netmiko:read_channel: 
DEBUG:netmiko:read_channel: 
DEBUG:netmiko:read_channel: 
DEBUG:netmiko:read_channel: 
DEBUG:netmiko:read_channel: 
DEBUG:netmiko:read_channel: 
DEBUG:netmiko:read_channel: 
DEBUG:netmiko:read_channel: 
DEBUG:netmiko:read_channel: 
DEBUG:netmiko:read_channel: 
DEBUG:netmiko:read_channel: 
DEBUG:netmiko:read_channel: 
DEBUG:netmiko:read_channel: 
DEBUG:netmiko:read_channel: 
DEBUG:netmiko:read_channel: 
DEBUG:netmiko:read_channel: 
DEBUG:netmiko:read_channel: 
DEBUG:netmiko:read_channel: 
DEBUG:netmiko:read_channel: 
DEBUG:netmiko:read_channel: 
DEBUG:netmiko:read_channel: 
DEBUG:netmiko:read_channel: 
DEBUG:netmiko:read_channel: 
DEBUG:netmiko:read_channel: 
DEBUG:netmiko:read_channel: 
DEBUG:netmiko:read_channel: 
DEBUG:netmiko:read_channel: 
DEBUG:netmiko:read_channel: 
DEBUG:netmiko:read_channel: 
DEBUG:netmiko:read_channel: 
DEBUG:netmiko:read_channel: 
DEBUG:netmiko:read_channel: 
DEBUG:netmiko:read_channel: 
DEBUG:netmiko:read_channel: 
DEBUG:netmiko:read_channel: 
DEBUG:netmiko:read_channel: 
DEBUG:netmiko:read_channel: 
DEBUG:netmiko:read_channel: 
DEBUG:netmiko:read_channel: 
DEBUG:netmiko:read_channel: 
DEBUG:netmiko:read_channel: 
DEBUG:netmiko:read_channel: 
DEBUG:netmiko:read_channel: 
DEBUG:netmiko:read_channel: 
DEBUG:netmiko:read_channel: 
DEBUG:netmiko:read_channel: 
DEBUG:netmiko:read_channel: 
DEBUG:netmiko:read_channel: 
DEBUG:netmiko:read_channel: 
DEBUG:netmiko:read_channel: 
DEBUG:netmiko:read_channel: 
DEBUG:netmiko:read_channel: 
DEBUG:netmiko:read_channel: 
DEBUG:netmiko:read_channel: 
DEBUG:netmiko:read_channel: 
DEBUG:netmiko:read_channel: 
DEBUG:netmiko:read_channel: 
DEBUG:netmiko:read_channel: 
DEBUG:netmiko:read_channel: 
DEBUG:netmiko:read_channel: 
DEBUG:netmiko:read_channel: 
DEBUG:netmiko:read_channel: 
DEBUG:netmiko:read_channel: 
DEBUG:netmiko:read_channel: 
DEBUG:netmiko:read_channel: 
DEBUG:netmiko:read_channel: 
DEBUG:netmiko:read_channel: 
DEBUG:netmiko:read_channel: 
DEBUG:netmiko:read_channel: 
DEBUG:netmiko:read_channel: 
DEBUG:netmiko:read_channel: 
DEBUG:netmiko:read_channel: 
DEBUG:netmiko:read_channel: 
DEBUG:netmiko:read_channel: 
DEBUG:netmiko:read_channel: 
DEBUG:paramiko.transport:starting thread (client mode): 0x8e5f21d0
DEBUG:paramiko.transport:Local version/idstring: SSH-2.0-paramiko_2.4.2
DEBUG:paramiko.transport:Remote version/idstring: SSH-1.99-Cisco-2.0
INFO:paramiko.transport:Connected (version 1.99, client Cisco-2.0)
DEBUG:paramiko.transport:kex algos:['ecdh-sha2-nistp521', 'ecdh-sha2-nistp384', 'ecdh-sha2-nistp256', 'diffie-hellman-group14-sha1'] server key:['ssh-rsa'] client encrypt:['aes128-ctr', 'aes192-ctr', 'aes256-ctr', 'aes128-gcm@openssh.com', 'aes256-gcm@openssh.com'] server encrypt:['aes128-ctr', 'aes192-ctr', 'aes256-ctr', 'aes128-gcm@openssh.com', 'aes256-gcm@openssh.com'] client mac:['hmac-sha2-512', 'hmac-sha2-256', 'hmac-sha1'] server mac:['hmac-sha2-512', 'hmac-sha2-256', 'hmac-sha1'] client compress:['none'] server compress:['none'] client lang:[''] server lang:[''] kex follows?False
DEBUG:paramiko.transport:Kex agreed: ecdh-sha2-nistp256
DEBUG:paramiko.transport:HostKey agreed: ssh-rsa
DEBUG:paramiko.transport:Cipher agreed: aes128-ctr
DEBUG:paramiko.transport:MAC agreed: hmac-sha2-256
DEBUG:paramiko.transport:Compression agreed: none
DEBUG:paramiko.transport:kex engine KexNistp256 specified hash_algo <built-in function openssl_sha256>
DEBUG:paramiko.transport:Switch to new keys ...
DEBUG:paramiko.transport:Adding ssh-rsa host key for [10.10.20.70]:2221: b'e1ad3e53cdc053037494810944e7d7d0'
DEBUG:paramiko.transport:userauth is OK
INFO:paramiko.transport:Authentication (password) successful!
DEBUG:paramiko.transport:[chan 0] Max packet in: 32768 bytes
DEBUG:paramiko.transport:[chan 0] Max packet out: 32768 bytes
DEBUG:paramiko.transport:Secsh channel 0 opened.
DEBUG:paramiko.transport:[chan 0] Sesch channel 0 request ok
DEBUG:paramiko.transport:[chan 0] Sesch channel 0 request ok
DEBUG:netmiko:read_channel: 

RP/0/RP0/CPU0:r1#
DEBUG:netmiko:read_channel: 
DEBUG:netmiko:read_channel: 
DEBUG:netmiko:read_channel: 
DEBUG:netmiko:write_channel: b'\n'
DEBUG:netmiko:read_channel: 
DEBUG:netmiko:read_channel: 
DEBUG:netmiko:write_channel: b'\n'
DEBUG:netmiko:read_channel: 
DEBUG:netmiko:write_channel: b'\n'
DEBUG:netmiko:read_channel: 
DEBUG:netmiko:write_channel: b'\n'
DEBUG:netmiko:read_channel: 
DEBUG:netmiko:write_channel: b'\n'
DEBUG:netmiko:read_channel: 
RP/0/RP0/CPU0:r1#
DEBUG:netmiko:read_channel: 
DEBUG:netmiko:read_channel: 
DEBUG:netmiko:In disable_paging
DEBUG:netmiko:Command: terminal length 0

DEBUG:netmiko:write_channel: b'terminal length 0\n'
DEBUG:netmiko:Pattern is: RP\/0\/RP0\/CPU0\:r1
DEBUG:netmiko:_read_channel_expect read_data: 

DEBUG:netmiko:_read_channel_expect read_data: RP/0/RP0/CPU0:r1#
RP/0/RP0/CPU0:r1#
RP/0/RP0/CPU0:r1#
RP/0/RP0/CPU0:r1#
DEBUG:netmiko:Pattern found: RP\/0\/RP0\/CPU0\:r1 
RP/0/RP0/CPU0:r1#
RP/0/RP0/CPU0:r1#
RP/0/RP0/CPU0:r1#
RP/0/RP0/CPU0:r1#
DEBUG:netmiko:
RP/0/RP0/CPU0:r1#
RP/0/RP0/CPU0:r1#
RP/0/RP0/CPU0:r1#
RP/0/RP0/CPU0:r1#
DEBUG:netmiko:Exiting disable_paging
DEBUG:netmiko:write_channel: b'terminal width 511\n'
DEBUG:netmiko:Pattern is: RP\/0\/RP0\/CPU0\:r1
DEBUG:netmiko:_read_channel_expect read_data: terminal length 0

DEBUG:netmiko:_read_channel_expect read_data: Thu Oct 15 13:51:40.272 UTC
RP/0/RP0/CPU0:r1#
DEBUG:netmiko:Pattern found: RP\/0\/RP0\/CPU0\:r1 terminal length 0
Thu Oct 15 13:51:40.272 UTC
RP/0/RP0/CPU0:r1#
DEBUG:netmiko:read_channel: terminal width 511
Thu Oct 15 13:51:40.546 UTC

DEBUG:netmiko:read_channel: 
DEBUG:netmiko:write_channel: b'\n'
DEBUG:netmiko:read_channel: RP/0/RP0/CPU0:r1#
DEBUG:netmiko:read_channel: 
DEBUG:netmiko:read_channel: 
RP/0/RP0/CPU0:r1#
DEBUG:netmiko:write_channel: b'show run\n'
DEBUG:netmiko:read_channel: 
DEBUG:netmiko:read_channel: 
DEBUG:netmiko:read_channel: 
DEBUG:netmiko:read_channel: show run
Thu Oct 15 13:51:41.358 UTC

DEBUG:netmiko:read_channel: Building configuration...
!! IOS XR Configuration version = 6.4.1
!! Last configuration change at Thu Oct 15 11:30:19 2020 by admin
!
hostname r1
banner motd ;
--------------------------------------------------------------------------
  Router 1 (Cisco IOS XR Sandbox)
--------------------------------------------------------------------------
;
service timestamps log datetime msec
service timestamps debug datetime msec
username admin
 group root-lr
 group cisco-support
 secret 5 $1$A4C9$oaNorr6BXDruE4gDd086L.
!
line console
 timestamp disable
 exec-timeout 0 0
!
vty-pool default 0 4 line-template VTY-TEMPLATE
call-home
 service active
 contact smart-licensing
 profile CiscoTAC-1
  active
  destination transport-method http
 !
!
interface Bundle-Ether33
 description ===TEST1====
 mtu 9216
 bundle maximum-active links 2
 bundle minimum-active links 1
!
interface Bundle-Ether33.1
 description 95014353 National Bank Of Kenya-Nakuru
 vrf NBK
 ipv4 address 1.1.1.1 255.255.255.252
 encapsulation dot1q 3021 second-dot1q 3302
!
interface Bundle-Ether33.2
 description 95014354 National Bank Of Kenya Nakuru Hospital ATM
 vrf NBK
 ipv4 address 2.2.2.2 255.255.255.252
 encapsulation dot1q 3021 second-dot1q 3303
!
interface Bundle-Ether33.3
 description 95014450_Jamii_Bora_Bank-Nakuru_Backup
 vrf JAMII_BORA
 ipv4 address 172.30.17.53 255.255.255.252
 encapsulation dot1q 3021 second-dot1q 3304
!
interface Bundle-Ether33.4
 description 95015815 NBK-Westside Mall Nakuru ATM
 vrf NBK
 ipv4 address 172.30.17.77 255.255.255.252
 encapsulation dot1q 3021 second-dot1q 3311
!
interface Bundle-Ether33.5
 description NACC Nakuru
 vrf NACC
 ipv4 address 5.5.5.5 255.255.255.252
 encapsulation dot1q 3021 second-dot1q 3314
!
interface MgmtEth0/RP0/CPU0/0
 description *** MANAGEMENT INTERFACE ***
 ipv4 address dhcp
!
interface GigabitEthernet0/0/0/0
 bundle id 33 mode on
 shutdown
!
interface GigabitEthernet0/0/0/1
 bundle id 33 mode on
 shutdown
!
interface GigabitEthernet0/0/0/2
 shutdown
!
interface GigabitEthernet0/0/0/3
 shutdown
!
interface GigabitEthernet0/0/0/4
 shutdown
!
interfa
DEBUG:netmiko:read_channel: ce preconfigure MgmtEth0/0/CPU0/0
 ipv4 address 10.10.20.71 255.255.255.0
!
interface preconfigure GigabitEthernet0/0/0/5
 shutdown
!
interface preconfigure GigabitEthernet0/0/0/6
 shutdown
!
interface preconfigure GigabitEthernet0/0/0/7
 shutdown
!
router static
 address-family ipv4 unicast
  0.0.0.0/0 192.168.122.1
 !
!
xml agent tty
 iteration off
!
netconf-yang agent
 ssh
!
ssh server v2
ssh server netconf vrf default
router eigrp 200
 address-family ipv4
 !
 vrf NBK
  address-family ipv4
   default-metric 1024 100 255 1 1500
   autonomous-system 500
   redistribute connected
   redistribute static
   interface Bundle-Ether33.1
   !
   interface Bundle-Ether33.2
   !
   interface Bundle-Ether33.4
   !
  !
 !
!
end

RP/0/RP0/CPU0:r1#
DEBUG:paramiko.transport:starting thread (client mode): 0x8c7bba58
DEBUG:paramiko.transport:Local version/idstring: SSH-2.0-paramiko_2.4.2
DEBUG:paramiko.transport:Remote version/idstring: SSH-1.99-Cisco-2.0
INFO:paramiko.transport:Connected (version 1.99, client Cisco-2.0)
DEBUG:paramiko.transport:kex algos:['ecdh-sha2-nistp521', 'ecdh-sha2-nistp384', 'ecdh-sha2-nistp256', 'diffie-hellman-group14-sha1'] server key:['ssh-rsa'] client encrypt:['aes128-ctr', 'aes192-ctr', 'aes256-ctr', 'aes128-gcm@openssh.com', 'aes256-gcm@openssh.com'] server encrypt:['aes128-ctr', 'aes192-ctr', 'aes256-ctr', 'aes128-gcm@openssh.com', 'aes256-gcm@openssh.com'] client mac:['hmac-sha2-512', 'hmac-sha2-256', 'hmac-sha1'] server mac:['hmac-sha2-512', 'hmac-sha2-256', 'hmac-sha1'] client compress:['none'] server compress:['none'] client lang:[''] server lang:[''] kex follows?False
DEBUG:paramiko.transport:Kex agreed: ecdh-sha2-nistp256
DEBUG:paramiko.transport:HostKey agreed: ssh-rsa
DEBUG:paramiko.transport:Cipher agreed: aes128-ctr
DEBUG:paramiko.transport:MAC agreed: hmac-sha2-256
DEBUG:paramiko.transport:Compression agreed: none
DEBUG:paramiko.transport:kex engine KexNistp256 specified hash_algo <built-in function openssl_sha256>
DEBUG:paramiko.transport:Switch to new keys ...
DEBUG:paramiko.transport:Adding ssh-rsa host key for [10.10.20.70]:2231: b'0b7fe057af98893860da3ac18b449501'
DEBUG:paramiko.transport:userauth is OK
INFO:paramiko.transport:Authentication (password) successful!
DEBUG:paramiko.transport:[chan 0] Max packet in: 32768 bytes
DEBUG:paramiko.transport:[chan 0] Max packet out: 32768 bytes
DEBUG:paramiko.transport:Secsh channel 0 opened.
DEBUG:paramiko.transport:[chan 0] Sesch channel 0 request ok
DEBUG:paramiko.transport:[chan 0] Sesch channel 0 request ok
DEBUG:netmiko:read_channel: 

RP/0/RP0/CPU0:r2#
DEBUG:netmiko:read_channel: 
DEBUG:netmiko:read_channel: 
DEBUG:netmiko:read_channel: 
DEBUG:netmiko:write_channel: b'\n'
DEBUG:netmiko:read_channel: 
DEBUG:netmiko:read_channel: 
DEBUG:netmiko:write_channel: b'\n'
DEBUG:netmiko:read_channel: 
DEBUG:netmiko:write_channel: b'\n'
DEBUG:netmiko:read_channel: 
RP/0/RP0/CPU0:r2#
DEBUG:netmiko:read_channel: 
DEBUG:netmiko:read_channel: 
RP/0/RP0/CPU0:r2#
RP/0/RP0/CPU0:r2#
DEBUG:netmiko:In disable_paging
DEBUG:netmiko:Command: terminal length 0

DEBUG:netmiko:write_channel: b'terminal length 0\n'
DEBUG:netmiko:Pattern is: RP\/0\/RP0\/CPU0\:r2
DEBUG:netmiko:_read_channel_expect read_data: terminal length 0

DEBUG:netmiko:_read_channel_expect read_data: Thu Oct 15 13:51:50.606 UTC

DEBUG:netmiko:_read_channel_expect read_data: RP/0/RP0/CPU0:r2#
DEBUG:netmiko:Pattern found: RP\/0\/RP0\/CPU0\:r2 terminal length 0
Thu Oct 15 13:51:50.606 UTC
RP/0/RP0/CPU0:r2#
DEBUG:netmiko:terminal length 0
Thu Oct 15 13:51:50.606 UTC
RP/0/RP0/CPU0:r2#
DEBUG:netmiko:Exiting disable_paging
DEBUG:netmiko:write_channel: b'terminal width 511\n'
DEBUG:netmiko:Pattern is: RP\/0\/RP0\/CPU0\:r2
DEBUG:netmiko:_read_channel_expect read_data: terminal width 511

DEBUG:netmiko:_read_channel_expect read_data: Thu Oct 15 13:51:51.037 UTC
RP/0/RP0/CPU0:r2#
DEBUG:netmiko:Pattern found: RP\/0\/RP0\/CPU0\:r2 terminal width 511
Thu Oct 15 13:51:51.037 UTC
RP/0/RP0/CPU0:r2#
DEBUG:netmiko:read_channel: 
DEBUG:netmiko:read_channel: 
DEBUG:netmiko:write_channel: b'\n'
DEBUG:netmiko:read_channel: 
DEBUG:netmiko:read_channel: 
DEBUG:netmiko:write_channel: b'\n'
DEBUG:netmiko:read_channel: 
DEBUG:netmiko:write_channel: b'\n'
DEBUG:netmiko:read_channel: 
DEBUG:netmiko:write_channel: b'\n'
DEBUG:netmiko:read_channel: 
DEBUG:netmiko:write_channel: b'\n'
DEBUG:netmiko:read_channel: 
RP/0/RP0/CPU0:r2#
DEBUG:netmiko:read_channel: 
DEBUG:netmiko:read_channel: 
RP/0/RP0/CPU0:r2#
RP/0/RP0/CPU0:r2#
RP/0/RP0/CPU0:r2#
RP/0/RP0/CPU0:r2#
DEBUG:netmiko:write_channel: b'show run\n'
DEBUG:netmiko:read_channel: 
DEBUG:netmiko:read_channel: 
DEBUG:netmiko:read_channel: show run
Thu Oct 15 13:51:52.506 UTC

DEBUG:netmiko:read_channel: 
DEBUG:netmiko:read_channel: Building configuration...
!! IOS XR Configuration version = 6.4.1
!! Last configuration change at Sat Jul 28 02:38:41 2018 by ZTP
!
hostname r2
banner motd ;
--------------------------------------------------------------------------
  Router 2 (Cisco IOS XR Sandbox)
--------------------------------------------------------------------------
;
service timestamps log datetime msec
service timestamps debug datetime msec
username admin
 group root-lr
 group cisco-support
 secret 5 $1$A4C9$oaNorr6BXDruE4gDd086L.
!
line console
 timestamp disable
 exec-timeout 0 0
!
call-home
 service active
 contact smart-licensing
 profile CiscoTAC-1
  active
  destination transport-method http
 !
!
interface MgmtEth0/RP0/CPU0/0
 description *** MANAGEMENT INTERFACE ***
 ipv4 address dhcp
!
interface GigabitEthernet0/0/0/0
 shutdown
!
interface GigabitEthernet0/0/0/1
 shutdown
!
interface GigabitEthernet0/0/0/2
 shutdown
!
interface GigabitEthernet0/0/0/3
 shutdown
!
interface GigabitEthernet0/0/0/4
 shutdown
!
router static
 address-family ipv4 unicast
  0.0.0.0/0 192.168.122.1
 !
!
netconf-yang agent
 ssh
!
ssh server v2
ssh server netconf vrf default
end


DEBUG:netmiko:read_channel: RP/0/RP0/CPU0:r2#
DEBUG:paramiko.transport:starting thread (client mode): 0x1c015550
DEBUG:paramiko.transport:Local version/idstring: SSH-2.0-paramiko_2.4.2
DEBUG:paramiko.transport:Remote version/idstring: SSH-1.99-Cisco-2.0
INFO:paramiko.transport:Connected (version 1.99, client Cisco-2.0)
DEBUG:paramiko.transport:kex algos:['ecdh-sha2-nistp521', 'ecdh-sha2-nistp384', 'ecdh-sha2-nistp256', 'diffie-hellman-group14-sha1'] server key:['ssh-rsa'] client encrypt:['aes128-ctr', 'aes192-ctr', 'aes256-ctr', 'aes128-gcm@openssh.com', 'aes256-gcm@openssh.com'] server encrypt:['aes128-ctr', 'aes192-ctr', 'aes256-ctr', 'aes128-gcm@openssh.com', 'aes256-gcm@openssh.com'] client mac:['hmac-sha2-512', 'hmac-sha2-256', 'hmac-sha1'] server mac:['hmac-sha2-512', 'hmac-sha2-256', 'hmac-sha1'] client compress:['none'] server compress:['none'] client lang:[''] server lang:[''] kex follows?False
DEBUG:paramiko.transport:Kex agreed: ecdh-sha2-nistp256
DEBUG:paramiko.transport:HostKey agreed: ssh-rsa
DEBUG:paramiko.transport:Cipher agreed: aes128-ctr
DEBUG:paramiko.transport:MAC agreed: hmac-sha2-256
DEBUG:paramiko.transport:Compression agreed: none
DEBUG:paramiko.transport:kex engine KexNistp256 specified hash_algo <built-in function openssl_sha256>
DEBUG:paramiko.transport:Switch to new keys ...
DEBUG:paramiko.transport:Adding ssh-rsa host key for [10.10.20.70]:2231: b'0b7fe057af98893860da3ac18b449501'
DEBUG:paramiko.transport:userauth is OK
INFO:paramiko.transport:Authentication (password) successful!
DEBUG:paramiko.transport:[chan 0] Max packet in: 32768 bytes
DEBUG:paramiko.transport:[chan 0] Max packet out: 32768 bytes
DEBUG:paramiko.transport:Secsh channel 0 opened.
DEBUG:paramiko.transport:[chan 0] Sesch channel 0 request ok
DEBUG:paramiko.transport:[chan 0] Sesch channel 0 request ok
DEBUG:netmiko:read_channel: 

RP/0/RP0/CPU0:r2#
DEBUG:netmiko:read_channel: 
DEBUG:netmiko:read_channel: 
DEBUG:netmiko:read_channel: 
DEBUG:netmiko:write_channel: b'\n'
DEBUG:netmiko:read_channel: 
DEBUG:netmiko:read_channel: 
DEBUG:netmiko:write_channel: b'\n'
DEBUG:netmiko:read_channel: 
DEBUG:netmiko:write_channel: b'\n'
DEBUG:netmiko:read_channel: 

DEBUG:netmiko:write_channel: b'\n'
DEBUG:netmiko:read_channel: 
DEBUG:netmiko:write_channel: b'\n'
DEBUG:netmiko:read_channel: 
DEBUG:netmiko:write_channel: b'\n'
DEBUG:netmiko:read_channel: 
DEBUG:netmiko:write_channel: b'\n'
DEBUG:netmiko:read_channel: 
DEBUG:netmiko:write_channel: b'\n'
DEBUG:netmiko:read_channel: 
DEBUG:netmiko:write_channel: b'\n'
DEBUG:netmiko:read_channel: RP/0/RP0/CPU0:r2#
RP/0/RP0/CPU0:r2#
RP/0/RP0/CPU0:r2#
DEBUG:netmiko:read_channel: 
DEBUG:netmiko:read_channel: 
DEBUG:netmiko:In disable_paging
DEBUG:netmiko:Command: terminal length 0

DEBUG:netmiko:write_channel: b'terminal length 0\n'
DEBUG:netmiko:Pattern is: RP\/0\/RP0\/CPU0\:r2
DEBUG:netmiko:_read_channel_expect read_data: 
RP/0/RP0/CPU0:r2#

DEBUG:netmiko:Pattern found: RP\/0\/RP0\/CPU0\:r2 
RP/0/RP0/CPU0:r2#

DEBUG:netmiko:
RP/0/RP0/CPU0:r2#

DEBUG:netmiko:Exiting disable_paging
DEBUG:netmiko:write_channel: b'terminal width 511\n'
DEBUG:netmiko:Pattern is: RP\/0\/RP0\/CPU0\:r2
DEBUG:netmiko:_read_channel_expect read_data: RP/0/RP0/CPU0:r2#
RP/0/RP0/CPU0:r2#


RP/0/RP0/CPU0:r2#
RP/0/RP0/CPU0:r2#
RP/0/RP0/CPU0:r2#
DEBUG:netmiko:Pattern found: RP\/0\/RP0\/CPU0\:r2 RP/0/RP0/CPU0:r2#
RP/0/RP0/CPU0:r2#


RP/0/RP0/CPU0:r2#
RP/0/RP0/CPU0:r2#
RP/0/RP0/CPU0:r2#
DEBUG:netmiko:read_channel: 
DEBUG:netmiko:read_channel: 
DEBUG:netmiko:write_channel: b'\n'
DEBUG:netmiko:read_channel: terminal length 0
Thu Oct 15 13:53:12.535 UTC
RP/0/RP0/CPU0:r2#
DEBUG:netmiko:read_channel: 
DEBUG:netmiko:read_channel: 
DEBUG:netmiko:write_channel: b'xml\n'
DEBUG:netmiko:read_channel: terminal width 511

Thu Oct 15 13:53:12.814 UTC

DEBUG:netmiko:read_channel: RP/0/RP0/CPU0:r2#
RP/0/RP0/CPU0:r2#
DEBUG:netmiko:read_channel: xml
Thu Oct 15 13:53:13.066 UTC

DEBUG:netmiko:read_channel: 
DEBUG:netmiko:read_channel: ERROR: 0x24319600 'XML-TTY' detected the 'informational' condition 'The XML TTY Agent has not yet been started.  Check that the configuration 'xml agent tty' has been committed.'
RP/0/RP0/CPU0:r2#
DEBUG:netmiko:read_channel: 
DEBUG:netmiko:read_channel: 
DEBUG:paramiko.transport:starting thread (client mode): 0x5468f550
DEBUG:paramiko.transport:Local version/idstring: SSH-2.0-paramiko_2.4.2
DEBUG:paramiko.transport:Remote version/idstring: SSH-1.99-Cisco-2.0
INFO:paramiko.transport:Connected (version 1.99, client Cisco-2.0)
DEBUG:paramiko.transport:kex algos:['ecdh-sha2-nistp521', 'ecdh-sha2-nistp384', 'ecdh-sha2-nistp256', 'diffie-hellman-group14-sha1'] server key:['ssh-rsa'] client encrypt:['aes128-ctr', 'aes192-ctr', 'aes256-ctr', 'aes128-gcm@openssh.com', 'aes256-gcm@openssh.com'] server encrypt:['aes128-ctr', 'aes192-ctr', 'aes256-ctr', 'aes128-gcm@openssh.com', 'aes256-gcm@openssh.com'] client mac:['hmac-sha2-512', 'hmac-sha2-256', 'hmac-sha1'] server mac:['hmac-sha2-512', 'hmac-sha2-256', 'hmac-sha1'] client compress:['none'] server compress:['none'] client lang:[''] server lang:[''] kex follows?False
DEBUG:paramiko.transport:Kex agreed: ecdh-sha2-nistp256
DEBUG:paramiko.transport:HostKey agreed: ssh-rsa
DEBUG:paramiko.transport:Cipher agreed: aes128-ctr
DEBUG:paramiko.transport:MAC agreed: hmac-sha2-256
DEBUG:paramiko.transport:Compression agreed: none
DEBUG:paramiko.transport:kex engine KexNistp256 specified hash_algo <built-in function openssl_sha256>
DEBUG:paramiko.transport:Switch to new keys ...
DEBUG:paramiko.transport:Adding ssh-rsa host key for [10.10.20.70]:2231: b'0b7fe057af98893860da3ac18b449501'
DEBUG:paramiko.transport:userauth is OK
INFO:paramiko.transport:Authentication (password) successful!
DEBUG:paramiko.transport:[chan 0] Max packet in: 32768 bytes
DEBUG:paramiko.transport:[chan 0] Max packet out: 32768 bytes
DEBUG:paramiko.transport:Secsh channel 0 opened.
DEBUG:paramiko.transport:[chan 0] Sesch channel 0 request ok
DEBUG:paramiko.transport:[chan 0] Sesch channel 0 request ok
DEBUG:netmiko:read_channel: 

RP/0/RP0/CPU0:r2#
DEBUG:netmiko:read_channel: 
DEBUG:netmiko:read_channel: 
DEBUG:netmiko:read_channel: 
DEBUG:netmiko:write_channel: b'\n'
DEBUG:netmiko:read_channel: 
DEBUG:netmiko:read_channel: 
DEBUG:netmiko:write_channel: b'\n'
DEBUG:netmiko:read_channel: 
DEBUG:netmiko:write_channel: b'\n'
DEBUG:netmiko:read_channel: 
RP/0/RP0/CPU0:r2#
DEBUG:netmiko:read_channel: 
DEBUG:netmiko:read_channel: 
DEBUG:netmiko:In disable_paging
DEBUG:netmiko:Command: terminal length 0

DEBUG:netmiko:write_channel: b'terminal length 0\n'
DEBUG:netmiko:Pattern is: RP\/0\/RP0\/CPU0\:r2
DEBUG:netmiko:_read_channel_expect read_data: 
RP/0/RP0/CPU0:r2#
RP/0/RP0/CPU0:r2#
DEBUG:netmiko:Pattern found: RP\/0\/RP0\/CPU0\:r2 
RP/0/RP0/CPU0:r2#
RP/0/RP0/CPU0:r2#
DEBUG:netmiko:
RP/0/RP0/CPU0:r2#
RP/0/RP0/CPU0:r2#
DEBUG:netmiko:Exiting disable_paging
DEBUG:netmiko:write_channel: b'terminal width 511\n'
DEBUG:netmiko:Pattern is: RP\/0\/RP0\/CPU0\:r2
DEBUG:netmiko:_read_channel_expect read_data: terminal length 0

DEBUG:netmiko:_read_channel_expect read_data: Thu Oct 15 13:54:30.840 UTC
RP/0/RP0/CPU0:r2#
DEBUG:netmiko:Pattern found: RP\/0\/RP0\/CPU0\:r2 terminal length 0
Thu Oct 15 13:54:30.840 UTC
RP/0/RP0/CPU0:r2#
DEBUG:netmiko:read_channel: terminal width 511
Thu Oct 15 13:54:31.156 UTC
RP/0/RP0/CPU0:r2#
DEBUG:netmiko:read_channel: 
DEBUG:netmiko:write_channel: b'\n'
DEBUG:netmiko:read_channel: 
DEBUG:netmiko:read_channel: 
DEBUG:netmiko:write_channel: b'\n'
DEBUG:netmiko:read_channel: 
DEBUG:netmiko:write_channel: b'\n'
DEBUG:netmiko:read_channel: 
DEBUG:netmiko:write_channel: b'\n'
DEBUG:netmiko:read_channel: 
RP/0/RP0/CPU0:r2#
DEBUG:netmiko:read_channel: 
DEBUG:netmiko:read_channel: 
DEBUG:netmiko:write_channel: b'xml\n'
DEBUG:netmiko:read_channel: 
DEBUG:netmiko:read_channel: 
RP/0/RP0/CPU0:r2#
RP/0/RP0/CPU0:r2#
RP/0/RP0/CPU0:r2#xml
Thu Oct 15 13:54:32.185 UTC
XML> 
DEBUG:netmiko:read_channel: 
DEBUG:netmiko:read_channel: 
DEBUG:netmiko:read_channel: 
DEBUG:netmiko:write_channel: b'<?xml version="1.0" encoding="UTF-8"?><Request MajorVersion="1" MinorVersion="0"><Lock/></Request>\n'
DEBUG:netmiko:read_channel: 
DEBUG:netmiko:read_channel: 
DEBUG:netmiko:read_channel: <?xml version="1.0" encoding="UTF-8"?>
<Response MajorVersion="1" MinorVersion="0"><Lock/><ResultSummary ErrorCount="0"/></Response>
DEBUG:netmiko:read_channel: 
DEBUG:netmiko:read_channel: 
XML> 
DEBUG:netmiko:read_channel: 
DEBUG:netmiko:write_channel: b'<?xml version="1.0" encoding="UTF-8"?><Request MajorVersion="1" MinorVersion="0"><CLI><Configuration>\ninterface Bundle-Ether33\n description ===TEST1====\n mtu 9216\n bundle maximum-active links 2\n bundle minimum-active links 1\n!\ninterface Bundle-Ether33.1\n description 95014353 National Bank Of Kenya-Nakuru\n vrf NBK\n ipv4 address 1.1.1.1 255.255.255.252\n encapsulation dot1q 3021 second-dot1q 3302\n!\ninterface Bundle-Ether33.2\n description 95014354 National Bank Of Kenya Nakuru Hospital ATM\n vrf NBK\n ipv4 address 2.2.2.2 255.255.255.252\n encapsulation dot1q 3021 second-dot1q 3303\n!\ninterface Bundle-Ether33.3\n description 95014450_Jamii_Bora_Bank-Nakuru_Backup\n vrf JAMII_BORA\n ipv4 address 172.30.17.53 255.255.255.252\n encapsulation dot1q 3021 second-dot1q 3304\n!\ninterface Bundle-Ether33.4\n description 95015815 NBK-Westside Mall Nakuru ATM\n vrf NBK\n ipv4 address 172.30.17.77 255.255.255.252\n encapsulation dot1q 3021 second-dot1q 3311\n!\ninterface Bundle-Ether33.5\n description NACC Nakuru\n vrf NACC\n ipv4 address 5.5.5.5 255.255.255.252\n encapsulation dot1q 3021 second-dot1q 3314\n!\ninterface MgmtEth0/RP0/CPU0/0\n description *** MANAGEMENT INTERFACE ***\n ipv4 address dhcp\n!\ninterface GigabitEthernet0/0/0/0\n bundle id 33 mode on\n shutdown\n!\ninterface GigabitEthernet0/0/0/1\n bundle id 33 mode on\n shutdown\n!\ninterface GigabitEthernet0/0/0/2\n shutdown\n!\n !\n vrf NBK\n  address-family ipv4\n   default-metric 1024 100 255 1 1500\n   autonomous-system 500\n   redistribute connected\n   redistribute static\n   interface Bundle-Ether33.1\n   !\n   interface Bundle-Ether33.2\n   !\n   interface Bundle-Ether33.4\n   !\n  !\n !\n!\nend\n</Configuration></CLI></Request>\n'
DEBUG:netmiko:read_channel: 
DEBUG:netmiko:read_channel: 
DEBUG:netmiko:read_channel: <?xml version="1.0" encoding="UTF-8"?>
<Response MajorVersion="1" MinorVersion="0"><CLI><Configuration>
  address-family ipv4
% Incomplete command.
   default-metric 1024 100 255 1 1500
^
% Invalid input detected at &apos;^&apos; marker.
   autonomous-system 500
^
% Invalid input detected at &apos;^&apos; marker.
   redistribute connected
^
% Invalid input detected at &apos;^&apos; marker.
   redistribute static
^
% Invalid input detected at &apos;^&apos; marker.
   interface Bundle-Ether33.1
^
% Invalid input detected at &apos;^&apos; marker.
   interface Bundle-Ether33.2
^
% Invalid input detected at &apos;^&apos; marker.
   interface Bundle-Ether33.4
^
% Invalid input detected at &apos;^&apos; marker.
</Configuration></CLI><ResultSummary ErrorCount="0"/></Response>
XML> 
DEBUG:netmiko:read_channel: 
DEBUG:netmiko:write_channel: b'<?xml version="1.0" encoding="UTF-8"?><Request MajorVersion="1" MinorVersion="0"><Clear/></Request>\n'
DEBUG:netmiko:read_channel: 
DEBUG:netmiko:read_channel: 
DEBUG:netmiko:read_channel: <?xml version="1.0" encoding="UTF-8"?>
<Response MajorVersion="1" MinorVersion="0"><Clear/><ResultSummary ErrorCount="0"/></Response>
XML> 
DEBUG:paramiko.transport:starting thread (client mode): 0x61ec2550
DEBUG:paramiko.transport:Local version/idstring: SSH-2.0-paramiko_2.4.2
DEBUG:paramiko.transport:Remote version/idstring: SSH-1.99-Cisco-2.0
INFO:paramiko.transport:Connected (version 1.99, client Cisco-2.0)
DEBUG:paramiko.transport:kex algos:['ecdh-sha2-nistp521', 'ecdh-sha2-nistp384', 'ecdh-sha2-nistp256', 'diffie-hellman-group14-sha1'] server key:['ssh-rsa'] client encrypt:['aes128-ctr', 'aes192-ctr', 'aes256-ctr', 'aes128-gcm@openssh.com', 'aes256-gcm@openssh.com'] server encrypt:['aes128-ctr', 'aes192-ctr', 'aes256-ctr', 'aes128-gcm@openssh.com', 'aes256-gcm@openssh.com'] client mac:['hmac-sha2-512', 'hmac-sha2-256', 'hmac-sha1'] server mac:['hmac-sha2-512', 'hmac-sha2-256', 'hmac-sha1'] client compress:['none'] server compress:['none'] client lang:[''] server lang:[''] kex follows?False
DEBUG:paramiko.transport:Kex agreed: ecdh-sha2-nistp256
DEBUG:paramiko.transport:HostKey agreed: ssh-rsa
DEBUG:paramiko.transport:Cipher agreed: aes128-ctr
DEBUG:paramiko.transport:MAC agreed: hmac-sha2-256
DEBUG:paramiko.transport:Compression agreed: none
DEBUG:paramiko.transport:kex engine KexNistp256 specified hash_algo <built-in function openssl_sha256>
DEBUG:paramiko.transport:Switch to new keys ...
DEBUG:paramiko.transport:Adding ssh-rsa host key for [10.10.20.70]:2231: b'0b7fe057af98893860da3ac18b449501'
DEBUG:paramiko.transport:userauth is OK
INFO:paramiko.transport:Authentication (password) successful!
DEBUG:paramiko.transport:[chan 0] Max packet in: 32768 bytes
DEBUG:paramiko.transport:[chan 0] Max packet out: 32768 bytes
DEBUG:paramiko.transport:Secsh channel 0 opened.
DEBUG:paramiko.transport:[chan 0] Sesch channel 0 request ok
DEBUG:paramiko.transport:[chan 0] Sesch channel 0 request ok
DEBUG:netmiko:read_channel: 

RP/0/RP0/CPU0:r2#
DEBUG:netmiko:read_channel: 
DEBUG:netmiko:read_channel: 
DEBUG:netmiko:read_channel: 
DEBUG:netmiko:write_channel: b'\n'
DEBUG:netmiko:read_channel: 
DEBUG:netmiko:read_channel: 
DEBUG:netmiko:write_channel: b'\n'
DEBUG:netmiko:read_channel: 
DEBUG:netmiko:write_channel: b'\n'
DEBUG:netmiko:read_channel: 
DEBUG:netmiko:write_channel: b'\n'
DEBUG:netmiko:read_channel: 
RP/0/RP0/CPU0:r2#
DEBUG:netmiko:read_channel: 
DEBUG:netmiko:read_channel: 
DEBUG:netmiko:In disable_paging
DEBUG:netmiko:Command: terminal length 0

DEBUG:netmiko:write_channel: b'terminal length 0\n'
DEBUG:netmiko:Pattern is: RP\/0\/RP0\/CPU0\:r2
DEBUG:netmiko:_read_channel_expect read_data: 

RP/0/RP0/CPU0:r2#

DEBUG:netmiko:Pattern found: RP\/0\/RP0\/CPU0\:r2 

RP/0/RP0/CPU0:r2#

DEBUG:netmiko:

RP/0/RP0/CPU0:r2#

DEBUG:netmiko:Exiting disable_paging
DEBUG:netmiko:write_channel: b'terminal width 511\n'
DEBUG:netmiko:Pattern is: RP\/0\/RP0\/CPU0\:r2
DEBUG:netmiko:_read_channel_expect read_data: RP/0/RP0/CPU0:r2#
DEBUG:netmiko:Pattern found: RP\/0\/RP0\/CPU0\:r2 RP/0/RP0/CPU0:r2#
DEBUG:netmiko:read_channel: 
RP/0/RP0/CPU0:r2#
DEBUG:netmiko:read_channel: 
DEBUG:netmiko:write_channel: b'\n'
DEBUG:netmiko:read_channel: terminal length 0
Thu Oct 15 13:57:12.163 UTC
RP/0/RP0/CPU0:r2#
DEBUG:netmiko:read_channel: 
DEBUG:netmiko:read_channel: 
DEBUG:netmiko:write_channel: b'xml\n'
DEBUG:netmiko:read_channel: 
DEBUG:netmiko:read_channel: terminal width 511
Thu Oct 15 13:57:12.438 UTC
RP/0/RP0/CPU0:r2#
RP/0/RP0/CPU0:r2#xml
Thu Oct 15 13:57:12.744 UTC
XML> 
DEBUG:netmiko:read_channel: 
DEBUG:netmiko:read_channel: 
DEBUG:netmiko:read_channel: 
DEBUG:netmiko:write_channel: b'<?xml version="1.0" encoding="UTF-8"?><Request MajorVersion="1" MinorVersion="0"><Lock/></Request>\n'
DEBUG:netmiko:read_channel: 
DEBUG:netmiko:read_channel: 
DEBUG:netmiko:read_channel: <?xml version="1.0" encoding="UTF-8"?>
<Response MajorVersion="1" MinorVersion="0"><Lock/><ResultSummary ErrorCount="0"/></Response>
XML> 
DEBUG:netmiko:read_channel: 
DEBUG:netmiko:write_channel: b'<?xml version="1.0" encoding="UTF-8"?><Request MajorVersion="1" MinorVersion="0"><CLI><Configuration>interface Bundle-Ether33\n description ===TEST1====\n mtu 9216\n bundle maximum-active links 2\n bundle minimum-active links 1\n!\ninterface Bundle-Ether33.1\n description 95014353 National Bank Of Kenya-Nakuru\n vrf NBK\n ipv4 address 1.1.1.1 255.255.255.252\n encapsulation dot1q 3021 second-dot1q 3302\n!\ninterface Bundle-Ether33.2\n description 95014354 National Bank Of Kenya Nakuru Hospital ATM\n vrf NBK\n ipv4 address 2.2.2.2 255.255.255.252\n encapsulation dot1q 3021 second-dot1q 3303\n!\ninterface Bundle-Ether33.3\n description 95014450_Jamii_Bora_Bank-Nakuru_Backup\n vrf JAMII_BORA\n ipv4 address 172.30.17.53 255.255.255.252\n encapsulation dot1q 3021 second-dot1q 3304\n!\ninterface Bundle-Ether33.4\n description 95015815 NBK-Westside Mall Nakuru ATM\n vrf NBK\n ipv4 address 172.30.17.77 255.255.255.252\n encapsulation dot1q 3021 second-dot1q 3311\n!\ninterface Bundle-Ether33.5\n description NACC Nakuru\n vrf NACC\n ipv4 address 5.5.5.5 255.255.255.252\n encapsulation dot1q 3021 second-dot1q 3314\n!\ninterface MgmtEth0/RP0/CPU0/0\n description *** MANAGEMENT INTERFACE ***\n ipv4 address dhcp\n!\ninterface GigabitEthernet0/0/0/0\n bundle id 33 mode on\n shutdown\n!\ninterface GigabitEthernet0/0/0/1\n bundle id 33 mode on\n shutdown\n!\ninterface GigabitEthernet0/0/0/2\n shutdown\n!\nrouter eigrp 200\n address-family ipv4\n !\n vrf NBK\n  address-family ipv4\n   default-metric 1024 100 255 1 1500\n   autonomous-system 500\n   redistribute connected\n   redistribute static\n   interface Bundle-Ether33.1\n   !\n   interface Bundle-Ether33.2\n   !\n   interface Bundle-Ether33.4\n\nend\n</Configuration></CLI></Request>\n'
DEBUG:netmiko:read_channel: 
DEBUG:netmiko:read_channel: 
DEBUG:netmiko:read_channel: <?xml version="1.0" encoding="UTF-8"?>
<Response MajorVersion="1" MinorVersion="0"><CLI><Configuration/></CLI><ResultSummary ErrorCount="0"/></Response>
XML> 
DEBUG:netmiko:read_channel: 
DEBUG:netmiko:write_channel: b'<?xml version="1.0" encoding="UTF-8"?><Request MajorVersion="1" MinorVersion="0"><CLI><Configuration>show configuration merge</Configuration></CLI></Request>\n'
DEBUG:netmiko:read_channel: 
DEBUG:netmiko:read_channel: 
DEBUG:netmiko:read_channel: 
DEBUG:netmiko:read_channel: 
DEBUG:netmiko:read_channel: 
DEBUG:netmiko:read_channel: <?xml version="1.0" encoding="UTF-8"?>
<Response MajorVersion="1" MinorVersion="0"><CLI><Configuration>
Building configuration...
!! IOS XR Configuration version = 6.4.1
!! Last configuration change at Thu Oct 15 13:54:06 2020 by admin
!
hostname r2
banner motd ;
--------------------------------------------------------------------------
  Router 2 (Cisco IOS XR Sandbox)
--------------------------------------------------------------------------
;
service timestamps log datetime msec
service timestamps debug datetime msec
username admin
 group root-lr
 group cisco-support
 secret 5 $1$A4C9$oaNorr6BXDruE4gDd086L.
!
line console
 timestamp disable
 exec-timeout 0 0
!
call-home
 service active
 contact smart-licensing
 profile CiscoTAC-1
  active
  destination transport-method http
 !
!
interface Bundle-Ether33
 description ===TEST1====
 mtu 9216
 bundle maximum-active links 2
 bundle minimum-active links 1
!
interface Bundle-Ether33.1
 description 95014353 National Bank Of Kenya-Nakuru
 vrf NBK
 ipv4 address 1.1.1.1 255.255.255.252
 encapsulation dot1q 3021 second-dot1q 3302
!
interface Bundle-Ether33.2
 description 95014354 National Bank Of Kenya Nakuru Hospital ATM
 vrf NBK
 ipv4 address 2.2.2.2 255.255.255.252
 encapsulation dot1q 3021 second-dot1q 3303
!
interface Bundle-Ether33.3
 description 95014450_Jamii_Bora_Bank-Nakuru_Backup
 vrf JAMII_BORA
 ipv4 address 172.30.17.53 255.255.255.252
 encapsulation dot1q 3021 second-dot1q 3304
!
interface Bundle-Ether33.4
 description 95015815 NBK-Westside Mall Nakuru ATM
 vrf NBK
 ipv4 address 172.30.17.77 255.255.255.252
 encapsulation dot1q 3021 second-dot1q 3311
!
interface Bundle-Ether33.5
 description NACC Nakuru
 vrf NACC
 ipv4 address 5.5.5.5 255.255.255.252
 encapsulation dot1q 3021 second-dot1q 3314
!
interface MgmtEth0/RP0/CPU0/0
 description *** MANAGEMENT INTERFACE ***
 ipv4 address dhcp
!
interface GigabitEthernet0/0/0/0
 bundle id 33 mode on
 shutdown
!
interface GigabitEthernet0/0/0/1
 bundle id 33 mode on
 shutdown
!
interface GigabitEthernet0/0/0/2
 shutdown
!
interface GigabitEthernet0/0/0/3
 shutdown
!
interface GigabitEthernet0/0/0/4
 shutdown
!
router static
 address-family ipv4 unicast
  0.0.0.0/0 192.168.122.1
 !
!
xml agent tty
 iteration off
!
netconf-yang agent
 ssh
!
ssh server v2
ssh server netconf vrf default
router eigrp 200
 address-family ipv4
 !
 vrf NBK
  address-family ipv4
   default-metric 1024 100 255 1 1500
   autonomous-system 500
   redistribute connected
   redistribute static
   interface Bundle-Ether33.1
   !
   interface Bundle-Ether33.2
   !
   interface Bundle-Ether33.4
   !
  !
 !
!
end

</Configuration></CLI><ResultSummary ErrorCount="0"/></Response>
XML> 
DEBUG:netmiko:read_channel: 
DEBUG:netmiko:write_channel: b'<?xml version="1.0" encoding="UTF-8"?><Request MajorVersion="1" MinorVersion="0"><CLI><Configuration>show running-config</Configuration></CLI></Request>\n'
DEBUG:netmiko:read_channel: 
DEBUG:netmiko:read_channel: 
DEBUG:netmiko:read_channel: 
DEBUG:netmiko:read_channel: 
DEBUG:netmiko:read_channel: 
DEBUG:netmiko:read_channel: <?xml version="1.0" encoding="UTF-8"?>
<Response MajorVersion="1" MinorVersion="0"><CLI><Configuration>
Building configuration...
!! IOS XR Configuration version = 6.4.1
!! Last configuration change at Thu Oct 15 13:54:06 2020 by admin
!
hostname r2
banner motd ;
--------------------------------------------------------------------------
  Router 2 (Cisco IOS XR Sandbox)
--------------------------------------------------------------------------
;
service timestamps log datetime msec
service timestamps debug datetime msec
username admin
 group root-lr
 group cisco-support
 secret 5 $1$A4C9$oaNorr6BXDruE4gDd086L.
!
line console
 timestamp disable
 exec-timeout 0 0
!
call-home
 service active
 contact smart-licensing
 profile CiscoTAC-1
  active
  destination transport-method http
 !
!
interface MgmtEth0/RP0/CPU0/0
 description *** MANAGEMENT INTERFACE ***
 ipv4 address dhcp
!
interface GigabitEthernet0/0/0/0
 shutdown
!
interface GigabitEthernet0/0/0/1
 shutdown
!
interface GigabitEthernet0/0/0/2
 shutdown
!
interface GigabitEthernet0/0/0/3
 shutdown
!
interface GigabitEthernet0/0/0/4
 shutdown
!
router static
 address-family ipv4 unicast
  0.0.0.0/0 192.168.122.1
 !
!
xml agent tty
 iteration off
!
netconf-yang agent
 ssh
!
ssh server v2
ssh server netconf vrf default
end

</Configuration></CLI><ResultSummary ErrorCount="0"/></Response>
XML> 
DEBUG:netmiko:read_channel: 
DEBUG:netmiko:write_channel: b'<?xml version="1.0" encoding="UTF-8"?><Request MajorVersion="1" MinorVersion="0"><Clear/></Request>\n'
DEBUG:netmiko:read_channel: 
DEBUG:netmiko:read_channel: 
DEBUG:netmiko:read_channel: <?xml version="1.0" encoding="UTF-8"?>
<Response MajorVersion="1" MinorVersion="0"><Clear/><ResultSummary ErrorCount="0"/></Response>
XML> 
DEBUG:netmiko:read_channel: 
DEBUG:netmiko:write_channel: b'<?xml version="1.0" encoding="UTF-8"?><Request MajorVersion="1" MinorVersion="0"><Unlock/></Request>\n'
DEBUG:netmiko:read_channel: 
DEBUG:netmiko:read_channel: 
DEBUG:netmiko:read_channel: <?xml version="1.0" encoding="UTF-8"?>
<Response MajorVersion="1" MinorVersion="0"><Unlock/><ResultSummary ErrorCount="0"/></Response>
XML> 
DEBUG:paramiko.transport:[chan 0] EOF sent (0)
DEBUG:paramiko.transport:starting thread (client mode): 0xe96d3550
DEBUG:paramiko.transport:Local version/idstring: SSH-2.0-paramiko_2.4.2
DEBUG:paramiko.transport:Remote version/idstring: SSH-1.99-Cisco-2.0
INFO:paramiko.transport:Connected (version 1.99, client Cisco-2.0)
DEBUG:paramiko.transport:kex algos:['ecdh-sha2-nistp521', 'ecdh-sha2-nistp384', 'ecdh-sha2-nistp256', 'diffie-hellman-group14-sha1'] server key:['ssh-rsa'] client encrypt:['aes128-ctr', 'aes192-ctr', 'aes256-ctr', 'aes128-gcm@openssh.com', 'aes256-gcm@openssh.com'] server encrypt:['aes128-ctr', 'aes192-ctr', 'aes256-ctr', 'aes128-gcm@openssh.com', 'aes256-gcm@openssh.com'] client mac:['hmac-sha2-512', 'hmac-sha2-256', 'hmac-sha1'] server mac:['hmac-sha2-512', 'hmac-sha2-256', 'hmac-sha1'] client compress:['none'] server compress:['none'] client lang:[''] server lang:[''] kex follows?False
DEBUG:paramiko.transport:Kex agreed: ecdh-sha2-nistp256
DEBUG:paramiko.transport:HostKey agreed: ssh-rsa
DEBUG:paramiko.transport:Cipher agreed: aes128-ctr
DEBUG:paramiko.transport:MAC agreed: hmac-sha2-256
DEBUG:paramiko.transport:Compression agreed: none
DEBUG:paramiko.transport:kex engine KexNistp256 specified hash_algo <built-in function openssl_sha256>
DEBUG:paramiko.transport:Switch to new keys ...
DEBUG:paramiko.transport:Adding ssh-rsa host key for [10.10.20.70]:2231: b'0b7fe057af98893860da3ac18b449501'
DEBUG:paramiko.transport:userauth is OK
INFO:paramiko.transport:Authentication (password) successful!
DEBUG:paramiko.transport:[chan 0] Max packet in: 32768 bytes
DEBUG:paramiko.transport:[chan 0] Max packet out: 32768 bytes
DEBUG:paramiko.transport:Secsh channel 0 opened.
DEBUG:paramiko.transport:[chan 0] Sesch channel 0 request ok
DEBUG:paramiko.transport:[chan 0] Sesch channel 0 request ok
DEBUG:netmiko:read_channel: 

RP/0/RP0/CPU0:r2#
DEBUG:netmiko:read_channel: 
DEBUG:netmiko:read_channel: 
DEBUG:netmiko:read_channel: 
DEBUG:netmiko:write_channel: b'\n'
DEBUG:netmiko:read_channel: 
DEBUG:netmiko:read_channel: 
DEBUG:netmiko:write_channel: b'\n'
DEBUG:netmiko:read_channel: 
DEBUG:netmiko:write_channel: b'\n'
DEBUG:netmiko:read_channel: 
RP/0/RP0/CPU0:r2#
DEBUG:netmiko:read_channel: 
DEBUG:netmiko:read_channel: 
DEBUG:netmiko:In disable_paging
DEBUG:netmiko:Command: terminal length 0

DEBUG:netmiko:write_channel: b'terminal length 0\n'
DEBUG:netmiko:Pattern is: RP\/0\/RP0\/CPU0\:r2
DEBUG:netmiko:_read_channel_expect read_data: 


DEBUG:netmiko:_read_channel_expect read_data: RP/0/RP0/CPU0:r2#
RP/0/RP0/CPU0:r2#
DEBUG:netmiko:Pattern found: RP\/0\/RP0\/CPU0\:r2 

RP/0/RP0/CPU0:r2#
RP/0/RP0/CPU0:r2#
DEBUG:netmiko:

RP/0/RP0/CPU0:r2#
RP/0/RP0/CPU0:r2#
DEBUG:netmiko:Exiting disable_paging
DEBUG:netmiko:write_channel: b'terminal width 511\n'
DEBUG:netmiko:Pattern is: RP\/0\/RP0\/CPU0\:r2
DEBUG:netmiko:_read_channel_expect read_data: terminal length 0

DEBUG:netmiko:_read_channel_expect read_data: Thu Oct 15 13:58:20.324 UTC
RP/0/RP0/CPU0:r2#
DEBUG:netmiko:Pattern found: RP\/0\/RP0\/CPU0\:r2 terminal length 0
Thu Oct 15 13:58:20.324 UTC
RP/0/RP0/CPU0:r2#
DEBUG:netmiko:read_channel: terminal width 511
Thu Oct 15 13:58:20.648 UTC

DEBUG:netmiko:read_channel: 
DEBUG:netmiko:write_channel: b'\n'
DEBUG:netmiko:read_channel: RP/0/RP0/CPU0:r2#
DEBUG:netmiko:read_channel: 
DEBUG:netmiko:read_channel: 
DEBUG:netmiko:write_channel: b'xml\n'
DEBUG:netmiko:read_channel: 
DEBUG:netmiko:read_channel: 
RP/0/RP0/CPU0:r2#xml
Thu Oct 15 13:58:21.397 UTC
XML> 
DEBUG:netmiko:read_channel: 
DEBUG:netmiko:read_channel: 
DEBUG:netmiko:read_channel: 
DEBUG:netmiko:write_channel: b'<?xml version="1.0" encoding="UTF-8"?><Request MajorVersion="1" MinorVersion="0"><Lock/></Request>\n'
DEBUG:netmiko:read_channel: 
DEBUG:netmiko:read_channel: 
DEBUG:netmiko:read_channel: <?xml version="1.0" encoding="UTF-8"?>
<Response MajorVersion="1" MinorVersion="0"><Lock/><ResultSummary ErrorCount="0"/></Response>
XML> 
DEBUG:netmiko:read_channel: 
DEBUG:netmiko:write_channel: b'<?xml version="1.0" encoding="UTF-8"?><Request MajorVersion="1" MinorVersion="0"><CLI><Configuration>interface Bundle-Ether33\n description ===TEST1====\n mtu 9216\n bundle maximum-active links 2\n bundle minimum-active links 1\n!\ninterface Bundle-Ether33.1\n description 95014353 National Bank Of Kenya-Nakuru\n vrf NBK\n ipv4 address 1.1.1.1 255.255.255.252\n encapsulation dot1q 3021 second-dot1q 3302\n!\ninterface Bundle-Ether33.2\n description 95014354 National Bank Of Kenya Nakuru Hospital ATM\n vrf NBK\n ipv4 address 2.2.2.2 255.255.255.252\n encapsulation dot1q 3021 second-dot1q 3303\n!\n\nend\n</Configuration></CLI></Request>\n'
DEBUG:netmiko:read_channel: 
DEBUG:netmiko:read_channel: 
DEBUG:netmiko:read_channel: <?xml version="1.0" encoding="UTF-8"?>
<Response MajorVersion="1" MinorVersion="0"><CLI><Configuration/></CLI><ResultSummary ErrorCount="0"/></Response>
XML> 
DEBUG:netmiko:read_channel: 
DEBUG:netmiko:write_channel: b'<?xml version="1.0" encoding="UTF-8"?><Request MajorVersion="1" MinorVersion="0"><CLI><Configuration>show configuration merge</Configuration></CLI></Request>\n'
DEBUG:netmiko:read_channel: 
DEBUG:netmiko:read_channel: 
DEBUG:netmiko:read_channel: 
DEBUG:netmiko:read_channel: 
DEBUG:netmiko:read_channel: 
DEBUG:netmiko:read_channel: 
DEBUG:netmiko:read_channel: <?xml version="1.0" encoding="UTF-8"?>
<Response MajorVersion="1" MinorVersion="0"><CLI><Configuration>
Building configuration...
!! IOS XR Configuration version = 6.4.1
!! Last configuration change at Thu Oct 15 13:54:06 2020 by admin
!
hostname r2
banner motd ;
--------------------------------------------------------------------------
  Router 2 (Cisco IOS XR Sandbox)
--------------------------------------------------------------------------
;
service timestamps log datetime msec
service timestamps debug datetime msec
username admin
 group root-lr
 group cisco-support
 secret 5 $1$A4C9$oaNorr6BXDruE4gDd086L.
!
line console
 timestamp disable
 exec-timeout 0 0
!
call-home
 service active
 contact smart-licensing
 profile CiscoTAC-1
  active
  destination transport-method http
 !
!
interface Bundle-Ether33
 description ===TEST1====
 mtu 9216
 bundle maximum-active links 2
 bundle minimum-active links 1
!
interface Bundle-Ether33.1
 description 95014353 National Bank Of Kenya-Nakuru
 vrf NBK
 ipv4 address 1.1.1.1 255.255.255.252
 encapsulation dot1q 3021 second-dot1q 3302
!
interface Bundle-Ether33.2
 description 95014354 National Bank Of Kenya Nakuru Hospital ATM
 vrf NBK
 ipv4 address 2.2.2.2 255.255.255.252
 encapsulation dot1q 3021 second-dot1q 3303
!
interface MgmtEth0/RP0/CPU0/0
 description *** MANAGEMENT INTERFACE ***
 ipv4 address dhcp
!
interface GigabitEthernet0/0/0/0
 shutdown
!
interface GigabitEthernet0/0/0/1
 shutdown
!
interface GigabitEthernet0/0/0/2
 shutdown
!
interface GigabitEthernet0/0/0/3
 shutdown
!
interface GigabitEthernet0/0/0/4
 shutdown
!
router static
 address-family ipv4 unicast
  0.0.0.0/0 192.168.122.1
 !
!
xml agent tty
 iteration off
!
netconf-yang agent
 ssh
!
ssh server v2
ssh server netconf vrf default
end

</Configuration></CLI><ResultSummary ErrorCount="0"/></Response>
XML> 
DEBUG:netmiko:read_channel: 
DEBUG:netmiko:write_channel: b'<?xml version="1.0" encoding="UTF-8"?><Request MajorVersion="1" MinorVersion="0"><CLI><Configuration>show running-config</Configuration></CLI></Request>\n'
DEBUG:netmiko:read_channel: 
DEBUG:netmiko:read_channel: 
DEBUG:netmiko:read_channel: 
DEBUG:netmiko:read_channel: 
DEBUG:netmiko:read_channel: 
DEBUG:netmiko:read_channel: <?xml version="1.0" encoding="UTF-8"?>
<Response MajorVersion="1" MinorVersion="0"><CLI><Configuration>
Building configuration...
!! IOS XR Configuration version = 6.4.1
!! Last configuration change at Thu Oct 15 13:54:06 2020 by admin
!
hostname r2
banner motd ;
--------------------------------------------------------------------------
  Router 2 (Cisco IOS XR Sandbox)
--------------------------------------------------------------------------
;
service timestamps log datetime msec
service timestamps debug datetime msec
username admin
 group root-lr
 group cisco-support
 secret 5 $1$A4C9$oaNorr6BXDruE4gDd086L.
!
line console
 timestamp disable
 exec-timeout 0 0
!
call-home
 service active
 contact smart-licensing
 profile CiscoTAC-1
  active
  destination transport-method http
 !
!
interface MgmtEth0/RP0/CPU0/0
 description *** MANAGEMENT INTERFACE ***
 ipv4 address dhcp
!
interface GigabitEthernet0/0/0/0
 shutdown
!
interface GigabitEthernet0/0/0/1
 shutdown
!
interface GigabitEthernet0/0/0/2
 shutdown
!
interface GigabitEthernet0/0/0/3
 shutdown
!
interface GigabitEthernet0/0/0/4
 shutdown
!
router static
 address-family ipv4 unicast
  0.0.0.0/0 192.168.122.1
 !
!
xml agent tty
 iteration off
!
netconf-yang agent
 ssh
!
ssh server v2
ssh server netconf vrf default
end

</Configuration></CLI><ResultSummary ErrorCount="0"/></Response>
XML> 
DEBUG:netmiko:read_channel: 
DEBUG:netmiko:write_channel: b'<?xml version="1.0" encoding="UTF-8"?><Request MajorVersion="1" MinorVersion="0"><Commit/></Request>\n'
DEBUG:netmiko:read_channel: 
DEBUG:netmiko:read_channel: 
DEBUG:netmiko:read_channel: 
DEBUG:netmiko:read_channel: 
DEBUG:netmiko:read_channel: 
DEBUG:netmiko:read_channel: 
DEBUG:netmiko:read_channel: <?xml version="1.0" encoding="UTF-8"?>
<Response MajorVersion="1" MinorVersion="0"><Commit CommitID="1000000014"/><ResultSummary ErrorCount="0"/></Response>
DEBUG:netmiko:read_channel: 
DEBUG:netmiko:read_channel: 
DEBUG:netmiko:read_channel: 
DEBUG:netmiko:read_channel: 
DEBUG:netmiko:read_channel: 
XML> 
DEBUG:netmiko:read_channel: 
DEBUG:netmiko:write_channel: b'<?xml version="1.0" encoding="UTF-8"?><Request MajorVersion="1" MinorVersion="0"><Unlock/></Request>\n'
DEBUG:netmiko:read_channel: 
DEBUG:netmiko:read_channel: 
DEBUG:netmiko:read_channel: 
DEBUG:netmiko:read_channel: <?xml version="1.0" encoding="UTF-8"?>
<Response MajorVersion="1" MinorVersion="0"><Unlock/><ResultSummary ErrorCount="0"/></Response>
XML> 
DEBUG:paramiko.transport:[chan 0] EOF sent (0)
DEBUG:paramiko.transport:starting thread (client mode): 0x165387f0
DEBUG:paramiko.transport:Local version/idstring: SSH-2.0-paramiko_2.4.2
DEBUG:paramiko.transport:Remote version/idstring: SSH-1.99-Cisco-2.0
INFO:paramiko.transport:Connected (version 1.99, client Cisco-2.0)
DEBUG:paramiko.transport:kex algos:['ecdh-sha2-nistp521', 'ecdh-sha2-nistp384', 'ecdh-sha2-nistp256', 'diffie-hellman-group14-sha1'] server key:['ssh-rsa'] client encrypt:['aes128-ctr', 'aes192-ctr', 'aes256-ctr', 'aes128-gcm@openssh.com', 'aes256-gcm@openssh.com'] server encrypt:['aes128-ctr', 'aes192-ctr', 'aes256-ctr', 'aes128-gcm@openssh.com', 'aes256-gcm@openssh.com'] client mac:['hmac-sha2-512', 'hmac-sha2-256', 'hmac-sha1'] server mac:['hmac-sha2-512', 'hmac-sha2-256', 'hmac-sha1'] client compress:['none'] server compress:['none'] client lang:[''] server lang:[''] kex follows?False
DEBUG:paramiko.transport:Kex agreed: ecdh-sha2-nistp256
DEBUG:paramiko.transport:HostKey agreed: ssh-rsa
DEBUG:paramiko.transport:Cipher agreed: aes128-ctr
DEBUG:paramiko.transport:MAC agreed: hmac-sha2-256
DEBUG:paramiko.transport:Compression agreed: none
DEBUG:paramiko.transport:kex engine KexNistp256 specified hash_algo <built-in function openssl_sha256>
DEBUG:paramiko.transport:Switch to new keys ...
DEBUG:paramiko.transport:Adding ssh-rsa host key for [10.10.20.70]:2231: b'0b7fe057af98893860da3ac18b449501'
DEBUG:paramiko.transport:userauth is OK
INFO:paramiko.transport:Authentication (password) successful!
DEBUG:paramiko.transport:[chan 0] Max packet in: 32768 bytes
DEBUG:paramiko.transport:[chan 0] Max packet out: 32768 bytes
DEBUG:paramiko.transport:Secsh channel 0 opened.
DEBUG:paramiko.transport:[chan 0] Sesch channel 0 request ok
DEBUG:paramiko.transport:[chan 0] Sesch channel 0 request ok
DEBUG:netmiko:read_channel: 

RP/0/RP0/CPU0:r2#
DEBUG:netmiko:read_channel: 
DEBUG:netmiko:read_channel: 
DEBUG:netmiko:read_channel: 
DEBUG:netmiko:write_channel: b'\n'
DEBUG:netmiko:read_channel: 
DEBUG:netmiko:read_channel: 
DEBUG:netmiko:write_channel: b'\n'
DEBUG:netmiko:read_channel: 
DEBUG:netmiko:write_channel: b'\n'
DEBUG:netmiko:read_channel: 
RP/0/RP0/CPU0:r2#
DEBUG:netmiko:read_channel: 
DEBUG:netmiko:read_channel: 
RP/0/RP0/CPU0:r2#
RP/0/RP0/CPU0:r2#
DEBUG:netmiko:In disable_paging
DEBUG:netmiko:Command: terminal length 0

DEBUG:netmiko:write_channel: b'terminal length 0\n'
DEBUG:netmiko:Pattern is: RP\/0\/RP0\/CPU0\:r2
DEBUG:netmiko:_read_channel_expect read_data: terminal length 0

DEBUG:netmiko:_read_channel_expect read_data: Fri Oct 16 08:01:38.277 UTC

DEBUG:netmiko:_read_channel_expect read_data: RP/0/RP0/CPU0:r2#
DEBUG:netmiko:Pattern found: RP\/0\/RP0\/CPU0\:r2 terminal length 0
Fri Oct 16 08:01:38.277 UTC
RP/0/RP0/CPU0:r2#
DEBUG:netmiko:terminal length 0
Fri Oct 16 08:01:38.277 UTC
RP/0/RP0/CPU0:r2#
DEBUG:netmiko:Exiting disable_paging
DEBUG:netmiko:write_channel: b'terminal width 511\n'
DEBUG:netmiko:Pattern is: RP\/0\/RP0\/CPU0\:r2
DEBUG:netmiko:_read_channel_expect read_data: terminal width 511

DEBUG:netmiko:_read_channel_expect read_data: Fri Oct 16 08:01:38.667 UTC

DEBUG:netmiko:_read_channel_expect read_data: RP/0/RP0/CPU0:r2#
DEBUG:netmiko:Pattern found: RP\/0\/RP0\/CPU0\:r2 terminal width 511
Fri Oct 16 08:01:38.667 UTC
RP/0/RP0/CPU0:r2#
DEBUG:netmiko:read_channel: 
DEBUG:netmiko:read_channel: 
DEBUG:netmiko:write_channel: b'\n'
DEBUG:netmiko:read_channel: 
DEBUG:netmiko:read_channel: 
DEBUG:netmiko:write_channel: b'\n'
DEBUG:netmiko:read_channel: 
DEBUG:netmiko:write_channel: b'\n'
DEBUG:netmiko:read_channel: 
RP/0/RP0/CPU0:r2#
DEBUG:netmiko:read_channel: 
DEBUG:netmiko:read_channel: 
DEBUG:netmiko:write_channel: b'xml\n'
DEBUG:netmiko:read_channel: 
RP/0/RP0/CPU0:r2#
RP/0/RP0/CPU0:r2#
DEBUG:netmiko:read_channel: 
DEBUG:netmiko:read_channel: xml
Fri Oct 16 08:01:39.832 UTC
XML> 
DEBUG:netmiko:read_channel: 
DEBUG:netmiko:read_channel: 
DEBUG:netmiko:read_channel: 
DEBUG:netmiko:write_channel: b'<?xml version="1.0" encoding="UTF-8"?><Request MajorVersion="1" MinorVersion="0"><Lock/></Request>\n'
DEBUG:netmiko:read_channel: 
DEBUG:netmiko:read_channel: 
DEBUG:netmiko:read_channel: <?xml version="1.0" encoding="UTF-8"?>
<Response MajorVersion="1" MinorVersion="0"><Lock/><ResultSummary ErrorCount="0"/></Response>
XML> 
DEBUG:netmiko:read_channel: 
DEBUG:netmiko:write_channel: b'<?xml version="1.0" encoding="UTF-8"?><Request MajorVersion="1" MinorVersion="0"><CLI><Configuration>interface Bundle-Ether33\n description ===TEST1====\n mtu 9216\n bundle maximum-active links 2\n bundle minimum-active links 1\n!\ninterface Bundle-Ether33.1\n description 95014353 National Bank Of Kenya-Nakuru\n vrf NBK\n ipv4 address 1.1.1.1 255.255.255.252\n encapsulation dot1q 3021 second-dot1q 3302\n!\ninterface Bundle-Ether33.2\n description 95014354 National Bank Of Kenya Nakuru Hospital ATM\n vrf NBK\n ipv4 address 2.2.2.2 255.255.255.252\n encapsulation dot1q 3021 second-dot1q 3303\n!\n\nend\n</Configuration></CLI></Request>\n'
DEBUG:netmiko:read_channel: 
DEBUG:netmiko:read_channel: 
DEBUG:netmiko:read_channel: <?xml version="1.0" encoding="UTF-8"?>
<Response MajorVersion="1" MinorVersion="0"><CLI><Configuration/></CLI><ResultSummary ErrorCount="0"/></Response>
XML> 
DEBUG:netmiko:read_channel: 
DEBUG:netmiko:write_channel: b'<?xml version="1.0" encoding="UTF-8"?><Request MajorVersion="1" MinorVersion="0"><CLI><Configuration>show configuration merge</Configuration></CLI></Request>\n'
DEBUG:netmiko:read_channel: 
DEBUG:netmiko:read_channel: 
DEBUG:netmiko:read_channel: 
DEBUG:netmiko:read_channel: 
DEBUG:netmiko:read_channel: 
DEBUG:netmiko:read_channel: <?xml version="1.0" encoding="UTF-8"?>
<Response MajorVersion="1" MinorVersion="0"><CLI><Configuration>
Building configuration...
!! IOS XR Configuration version = 6.4.1
!! Last configuration change at Thu Oct 15 13:59:14 2020 by admin
!
hostname r2
banner motd ;
--------------------------------------------------------------------------
  Router 2 (Cisco IOS XR Sandbox)
--------------------------------------------------------------------------
;
service timestamps log datetime msec
service timestamps debug datetime msec
username admin
 group root-lr
 group cisco-support
 secret 5 $1$A4C9$oaNorr6BXDruE4gDd086L.
!
line console
 timestamp disable
 exec-timeout 0 0
!
call-home
 service active
 contact smart-licensing
 profile CiscoTAC-1
  active
  destination transport-method http
 !
!
interface Bundle-Ether33
 description ===TEST1====
 mtu 9216
 bundle maximum-active links 2
 bundle minimum-active links 1
!
interface Bundle-Ether33.1
 description 95014353 National Bank Of Kenya-Nakuru
 vrf NBK
 ipv4 address 1.1.1.1 255.255.255.252
 encapsulation dot1q 3021 second-dot1q 3302
!
interface Bundle-Ether33.2
 description 95014354 National Bank Of Kenya Nakuru Hospital ATM
 vrf NBK
 ipv4 address 2.2.2.2 255.255.255.252
 encapsulation dot1q 3021 second-dot1q 3303
!
interface MgmtEth0/RP0/CPU0/0
 description *** MANAGEMENT INTERFACE ***
 ipv4 address dhcp
!
interface GigabitEthernet0/0/0/0
 shutdown
!
interface GigabitEthernet0/0/0/1
 shutdown
!
interface GigabitEthernet0/0/0/2
 shutdown
!
interface GigabitEthernet0/0/0/3
 shutdown
!
interface GigabitEthernet0/0/0/4
 shutdown
!
router static
 address-family ipv4 unicast
  0.0.0.0/0 192.168.122.1
 !
!
xml agent tty
 iteration off
!
netconf-yang agent
 ssh
!
ssh server v2
ssh server netconf vrf default
end

</Configuration></CLI><ResultSummary ErrorCount="0"/></Response>
XML> 
DEBUG:netmiko:read_channel: 
DEBUG:netmiko:write_channel: b'<?xml version="1.0" encoding="UTF-8"?><Request MajorVersion="1" MinorVersion="0"><CLI><Configuration>show running-config</Configuration></CLI></Request>\n'
DEBUG:netmiko:read_channel: 
DEBUG:netmiko:read_channel: 
DEBUG:netmiko:read_channel: 
DEBUG:netmiko:read_channel: 
DEBUG:netmiko:read_channel: <?xml version="1.0" encoding="UTF-8"?>
<Response MajorVersion="1" MinorVersion="0"><CLI><Configuration>
Building configuration...
!! IOS XR Configuration version = 6.4.1
!! Last configuration change at Thu Oct 15 13:59:14 2020 by admin
!
hostname r2
banner motd ;
--------------------------------------------------------------------------
  Router 2 (Cisco IOS XR Sandbox)
--------------------------------------------------------------------------
;
service timestamps log datetime msec
service timestamps debug datetime msec
username admin
 group root-lr
 group cisco-support
 secret 5 $1$A4C9$oaNorr6BXDruE4gDd086L.
!
line console
 timestamp disable
 exec-timeout 0 0
!
call-home
 service active
 contact smart-licensing
 profile CiscoTAC-1
  active
  destination transport-method http
 !
!
interface Bundle-Ether33
 description ===TEST1====
 mtu 9216
 bundle maximum-active links 2
 bundle minimum-active links 1
!
interface Bundle-Ether33.1
 description 95014353 National Bank Of Kenya-Nakuru
 vrf NBK
 ipv4 address 1.1.1.1 255.255.255.252
 encapsulation dot1q 3021 second-dot1q 3302
!
interface Bundle-Ether33.2
 description 95014354 National Bank Of Kenya Nakuru Hospital ATM
 vrf NBK
 ipv4 address 2.2.2.2 255.255.255.252
 encapsulation dot1q 3021 second-dot1q 3303
!
interface MgmtEth0/RP0/CPU0/0
 description *** MANAGEMENT INTERFACE ***
 ipv4 address dhcp
!
interface GigabitEthernet0/0/0/0
 shutdown
!
interface GigabitEthernet0/0/0/1
 shutdown
!
interface GigabitEthernet0/0/0/2
 shutdown
!
interface GigabitEthernet0/0/0/3
 shutdown
!
interface GigabitEthernet0/0/0/4
 shutdown
!
router static
 address-family ipv4 unicast
  0.0.0.0/0 192.168.122.1
 !
!
xml agent tty
 iteration off
!
netconf-yang agent
 ssh
!
ssh server v2
ssh server netconf vrf default
end

</Configuration></CLI><ResultSummary ErrorCount="0"/></Response>
XML> 
DEBUG:netmiko:read_channel: 
DEBUG:netmiko:write_channel: b'<?xml version="1.0" encoding="UTF-8"?><Request MajorVersion="1" MinorVersion="0"><Clear/></Request>\n'
DEBUG:netmiko:read_channel: 
DEBUG:netmiko:read_channel: 
DEBUG:netmiko:read_channel: <?xml version="1.0" encoding="UTF-8"?>
<Response MajorVersion="1" MinorVersion="0"><Clear/><ResultSummary ErrorCount="0"/></Response>
XML> 
DEBUG:netmiko:read_channel: 
DEBUG:netmiko:write_channel: b'<?xml version="1.0" encoding="UTF-8"?><Request MajorVersion="1" MinorVersion="0"><Unlock/></Request>\n'
DEBUG:netmiko:read_channel: 
DEBUG:netmiko:read_channel: 
DEBUG:netmiko:read_channel: <?xml version="1.0" encoding="UTF-8"?>
<Response MajorVersion="1" MinorVersion="0"><Unlock/><ResultSummary ErrorCount="0"/></Response>
XML> 
DEBUG:paramiko.transport:[chan 0] EOF sent (0)
DEBUG:paramiko.transport:starting thread (client mode): 0x9c4b6550
DEBUG:paramiko.transport:Local version/idstring: SSH-2.0-paramiko_2.4.2
DEBUG:paramiko.transport:Remote version/idstring: SSH-1.99-Cisco-2.0
INFO:paramiko.transport:Connected (version 1.99, client Cisco-2.0)
DEBUG:paramiko.transport:kex algos:['ecdh-sha2-nistp521', 'ecdh-sha2-nistp384', 'ecdh-sha2-nistp256', 'diffie-hellman-group14-sha1'] server key:['ssh-rsa'] client encrypt:['aes128-ctr', 'aes192-ctr', 'aes256-ctr', 'aes128-gcm@openssh.com', 'aes256-gcm@openssh.com'] server encrypt:['aes128-ctr', 'aes192-ctr', 'aes256-ctr', 'aes128-gcm@openssh.com', 'aes256-gcm@openssh.com'] client mac:['hmac-sha2-512', 'hmac-sha2-256', 'hmac-sha1'] server mac:['hmac-sha2-512', 'hmac-sha2-256', 'hmac-sha1'] client compress:['none'] server compress:['none'] client lang:[''] server lang:[''] kex follows?False
DEBUG:paramiko.transport:Kex agreed: ecdh-sha2-nistp256
DEBUG:paramiko.transport:HostKey agreed: ssh-rsa
DEBUG:paramiko.transport:Cipher agreed: aes128-ctr
DEBUG:paramiko.transport:MAC agreed: hmac-sha2-256
DEBUG:paramiko.transport:Compression agreed: none
DEBUG:paramiko.transport:kex engine KexNistp256 specified hash_algo <built-in function openssl_sha256>
DEBUG:paramiko.transport:Switch to new keys ...
DEBUG:paramiko.transport:Adding ssh-rsa host key for [10.10.20.70]:2231: b'0b7fe057af98893860da3ac18b449501'
DEBUG:paramiko.transport:userauth is OK
INFO:paramiko.transport:Authentication (password) successful!
DEBUG:paramiko.transport:[chan 0] Max packet in: 32768 bytes
DEBUG:paramiko.transport:[chan 0] Max packet out: 32768 bytes
DEBUG:paramiko.transport:Secsh channel 0 opened.
DEBUG:paramiko.transport:[chan 0] Sesch channel 0 request ok
DEBUG:paramiko.transport:[chan 0] Sesch channel 0 request ok
DEBUG:netmiko:read_channel: 

RP/0/RP0/CPU0:r2#
DEBUG:netmiko:read_channel: 
DEBUG:netmiko:read_channel: 
DEBUG:netmiko:read_channel: 
DEBUG:netmiko:write_channel: b'\n'
DEBUG:netmiko:read_channel: 
DEBUG:netmiko:read_channel: 
DEBUG:netmiko:write_channel: b'\n'
DEBUG:netmiko:read_channel: 
DEBUG:netmiko:write_channel: b'\n'
DEBUG:netmiko:read_channel: 
RP/0/RP0/CPU0:r2#
DEBUG:netmiko:read_channel: 
DEBUG:netmiko:read_channel: 
RP/0/RP0/CPU0:r2#
RP/0/RP0/CPU0:r2#
DEBUG:netmiko:In disable_paging
DEBUG:netmiko:Command: terminal length 0

DEBUG:netmiko:write_channel: b'terminal length 0\n'
DEBUG:netmiko:Pattern is: RP\/0\/RP0\/CPU0\:r2
DEBUG:netmiko:_read_channel_expect read_data: terminal length 0

DEBUG:netmiko:_read_channel_expect read_data: Fri Oct 16 08:02:35.897 UTC

DEBUG:netmiko:_read_channel_expect read_data: RP/0/RP0/CPU0:r2#
DEBUG:netmiko:Pattern found: RP\/0\/RP0\/CPU0\:r2 terminal length 0
Fri Oct 16 08:02:35.897 UTC
RP/0/RP0/CPU0:r2#
DEBUG:netmiko:terminal length 0
Fri Oct 16 08:02:35.897 UTC
RP/0/RP0/CPU0:r2#
DEBUG:netmiko:Exiting disable_paging
DEBUG:netmiko:write_channel: b'terminal width 511\n'
DEBUG:netmiko:Pattern is: RP\/0\/RP0\/CPU0\:r2
DEBUG:netmiko:_read_channel_expect read_data: terminal width 511

DEBUG:netmiko:_read_channel_expect read_data: Fri Oct 16 08:02:36.313 UTC

DEBUG:netmiko:_read_channel_expect read_data: RP/0/RP0/CPU0:r2#
DEBUG:netmiko:Pattern found: RP\/0\/RP0\/CPU0\:r2 terminal width 511
Fri Oct 16 08:02:36.313 UTC
RP/0/RP0/CPU0:r2#
DEBUG:netmiko:read_channel: 
DEBUG:netmiko:read_channel: 
DEBUG:netmiko:write_channel: b'\n'
DEBUG:netmiko:read_channel: 
DEBUG:netmiko:read_channel: 
DEBUG:netmiko:write_channel: b'\n'
DEBUG:netmiko:read_channel: 
DEBUG:netmiko:write_channel: b'\n'
DEBUG:netmiko:read_channel: 
RP/0/RP0/CPU0:r2#
DEBUG:netmiko:read_channel: 
DEBUG:netmiko:read_channel: 
DEBUG:netmiko:write_channel: b'xml\n'
DEBUG:netmiko:read_channel: 
RP/0/RP0/CPU0:r2#
RP/0/RP0/CPU0:r2#
DEBUG:netmiko:read_channel: 
DEBUG:netmiko:read_channel: xml
Fri Oct 16 08:02:37.520 UTC
XML> 
DEBUG:netmiko:read_channel: 
DEBUG:netmiko:read_channel: 
DEBUG:netmiko:read_channel: 
DEBUG:netmiko:write_channel: b'<?xml version="1.0" encoding="UTF-8"?><Request MajorVersion="1" MinorVersion="0"><Lock/></Request>\n'
DEBUG:netmiko:read_channel: 
DEBUG:netmiko:read_channel: 
DEBUG:netmiko:read_channel: <?xml version="1.0" encoding="UTF-8"?>
<Response MajorVersion="1" MinorVersion="0"><Lock/><ResultSummary ErrorCount="0"/></Response>
XML> 
DEBUG:netmiko:read_channel: 
DEBUG:netmiko:write_channel: b'<?xml version="1.0" encoding="UTF-8"?><Request MajorVersion="1" MinorVersion="0"><CLI><Configuration>interface Bundle-Ether55\n description ===TEST1====\n mtu 9216\n bundle maximum-active links 2\n bundle minimum-active links 1\n\n</Configuration></CLI></Request>\n'
DEBUG:netmiko:read_channel: 
DEBUG:netmiko:read_channel: 
DEBUG:netmiko:read_channel: <?xml version="1.0" encoding="UTF-8"?>
<Response MajorVersion="1" MinorVersion="0"><CLI><Configuration/></CLI><ResultSummary ErrorCount="0"/></Response>
XML> 
DEBUG:netmiko:read_channel: 
DEBUG:netmiko:write_channel: b'<?xml version="1.0" encoding="UTF-8"?><Request MajorVersion="1" MinorVersion="0"><CLI><Configuration>show configuration merge</Configuration></CLI></Request>\n'
DEBUG:netmiko:read_channel: 
DEBUG:netmiko:read_channel: 
DEBUG:netmiko:read_channel: 
DEBUG:netmiko:read_channel: 
DEBUG:netmiko:read_channel: 
DEBUG:netmiko:read_channel: 
DEBUG:netmiko:read_channel: <?xml version="1.0" encoding="UTF-8"?>
<Response MajorVersion="1" MinorVersion="0"><CLI><Configuration>
Building configuration...
!! IOS XR Configuration version = 6.4.1
!! Last configuration change at Thu Oct 15 13:59:14 2020 by admin
!
hostname r2
banner motd ;
--------------------------------------------------------------------------
  Router 2 (Cisco IOS XR Sandbox)
--------------------------------------------------------------------------
;
service timestamps log datetime msec
service timestamps debug datetime msec
username admin
 group root-lr
 group cisco-support
 secret 5 $1$A4C9$oaNorr6BXDruE4gDd086L.
!
line console
 timestamp disable
 exec-timeout 0 0
!
call-home
 service active
 contact smart-licensing
 profile CiscoTAC-1
  active
  destination transport-method http
 !
!
interface Bundle-Ether33
 description ===TEST1====
 mtu 9216
 bundle maximum-active links 2
 bundle minimum-active links 1
!
interface Bundle-Ether33.1
 description 95014353 National Bank Of Kenya-Nakuru
 vrf NBK
 ipv4 address 1.1.1.1 255.255.255.252
 encapsulation dot1q 3021 second-dot1q 3302
!
interface Bundle-Ether33.2
 description 95014354 National Bank Of Kenya Nakuru Hospital ATM
 vrf NBK
 ipv4 address 2.2.2.2 255.255.255.252
 encapsulation dot1q 3021 second-dot1q 3303
!
interface Bundle-Ether55
 description ===TEST1====
 mtu 9216
 bundle maximum-active links 2
 bundle minimum-active links 1
!
interface MgmtEth0/RP0/CPU0/0
 description *** MANAGEMENT INTERFACE ***
 ipv4 address dhcp
!
interface GigabitEthernet0/0/0/0
 shutdown
!
interface GigabitEthernet0/0/0/1
 shutdown
!
interface GigabitEthernet0/0/0/2
 shutdown
!
interface GigabitEthernet0/0/0/3
 shutdown
!
interface GigabitEthernet0/0/0/4
 shutdown
!
router static
 address-family ipv4 unicast
  0.0.0.0/0 192.168.122.1
 !
!
xml agent tty
 iteration off
!
netconf-yang agent
 ssh
!
ssh server v2
ssh server netconf vrf default
end

</Configuration></CLI><ResultSummary ErrorCount="0"/></Response>
XML> 
DEBUG:netmiko:read_channel: 
DEBUG:netmiko:write_channel: b'<?xml version="1.0" encoding="UTF-8"?><Request MajorVersion="1" MinorVersion="0"><CLI><Configuration>show running-config</Configuration></CLI></Request>\n'
DEBUG:netmiko:read_channel: 
DEBUG:netmiko:read_channel: 
DEBUG:netmiko:read_channel: 
DEBUG:netmiko:read_channel: 
DEBUG:netmiko:read_channel: <?xml version="1.0" encoding="UTF-8"?>
<Response MajorVersion="1" MinorVersion="0"><CLI><Configuration>
Building configuration...
!! IOS XR Configuration version = 6.4.1
!! Last configuration change at Thu Oct 15 13:59:14 2020 by admin
!
hostname r2
banner motd ;
--------------------------------------------------------------------------
  Router 2 (Cisco IOS XR Sandbox)
--------------------------------------------------------------------------
;
service timestamps log datetime msec
service timestamps debug datetime msec
username admin
 group root-lr
 group cisco-support
 secret 5 $1$A4C9$oaNorr6BXDruE4gDd086L.
!
line console
 timestamp disable
 exec-timeout 0 0
!
call-home
 service active
 contact smart-licensing
 profile CiscoTAC-1
  active
  destination transport-method http
 !
!
interface Bundle-Ether33
 description ===TEST1====
 mtu 9216
 bundle maximum-active links 2
 bundle minimum-active links 1
!
interface Bundle-Ether33.1
 description 95014353 National Bank Of Kenya-Nakuru
 vrf NBK
 ipv4 address 1.1.1.1 255.255.255.252
 encapsulation dot1q 3021 second-dot1q 3302
!
interface Bundle-Ether33.2
 description 95014354 National Bank Of Kenya Nakuru Hospital ATM
 vrf NBK
 ipv4 address 2.2.2.2 255.255.255.252
 encapsulation dot1q 3021 second-dot1q 3303
!
interface MgmtEth0/RP0/CPU0/0
 description *** MANAGEMENT INTERFACE ***
 ipv4 address dhcp
!
interface GigabitEthernet0/0/0/0
 shutdown
!
interface GigabitEthernet0/0/0/1
 shutdown
!
interface GigabitEthernet0/0/0/2
 shutdown
!
interface GigabitEthernet0/0/0/3
 shutdown
!
interface GigabitEthernet0/0/0/4
 shutdown
!
router static
 address-family ipv4 unicast
  0.0.0.0/0 192.168.122.1
 !
!
xml agent tty
 iteration off
!
netconf-yang agent
 ssh
!
ssh server v2
ssh server netconf vrf default
end

</Configuration></CLI><ResultSummary ErrorCount="0"/></Response>
XML> 
DEBUG:netmiko:read_channel: 
DEBUG:netmiko:write_channel: b'<?xml version="1.0" encoding="UTF-8"?><Request MajorVersion="1" MinorVersion="0"><Commit/></Request>\n'
DEBUG:netmiko:read_channel: 
DEBUG:netmiko:read_channel: 
DEBUG:netmiko:read_channel: 
DEBUG:netmiko:read_channel: <?xml version="1.0" encoding="UTF-8"?>
<Response MajorVersion="1" MinorVersion="0"><Commit CommitID="1000000015"/><ResultSummary ErrorCount="0"/></Response>
XML> 
DEBUG:netmiko:read_channel: 
DEBUG:netmiko:write_channel: b'<?xml version="1.0" encoding="UTF-8"?><Request MajorVersion="1" MinorVersion="0"><Unlock/></Request>\n'
DEBUG:netmiko:read_channel: 
DEBUG:netmiko:read_channel: 
DEBUG:netmiko:read_channel: <?xml version="1.0" encoding="UTF-8"?>
<Response MajorVersion="1" MinorVersion="0"><Unlock/><ResultSummary ErrorCount="0"/></Response>
XML> 
DEBUG:paramiko.transport:[chan 0] EOF sent (0)
DEBUG:paramiko.transport:starting thread (client mode): 0x3d1d17f0
DEBUG:paramiko.transport:Local version/idstring: SSH-2.0-paramiko_2.4.2
DEBUG:paramiko.transport:Remote version/idstring: SSH-1.99-Cisco-2.0
INFO:paramiko.transport:Connected (version 1.99, client Cisco-2.0)
DEBUG:paramiko.transport:kex algos:['ecdh-sha2-nistp521', 'ecdh-sha2-nistp384', 'ecdh-sha2-nistp256', 'diffie-hellman-group14-sha1'] server key:['ssh-rsa'] client encrypt:['aes128-ctr', 'aes192-ctr', 'aes256-ctr', 'aes128-gcm@openssh.com', 'aes256-gcm@openssh.com'] server encrypt:['aes128-ctr', 'aes192-ctr', 'aes256-ctr', 'aes128-gcm@openssh.com', 'aes256-gcm@openssh.com'] client mac:['hmac-sha2-512', 'hmac-sha2-256', 'hmac-sha1'] server mac:['hmac-sha2-512', 'hmac-sha2-256', 'hmac-sha1'] client compress:['none'] server compress:['none'] client lang:[''] server lang:[''] kex follows?False
DEBUG:paramiko.transport:Kex agreed: ecdh-sha2-nistp256
DEBUG:paramiko.transport:HostKey agreed: ssh-rsa
DEBUG:paramiko.transport:Cipher agreed: aes128-ctr
DEBUG:paramiko.transport:MAC agreed: hmac-sha2-256
DEBUG:paramiko.transport:Compression agreed: none
DEBUG:paramiko.transport:kex engine KexNistp256 specified hash_algo <built-in function openssl_sha256>
DEBUG:paramiko.transport:Switch to new keys ...
DEBUG:paramiko.transport:Adding ssh-rsa host key for [10.10.20.70]:2231: b'0b7fe057af98893860da3ac18b449501'
DEBUG:paramiko.transport:userauth is OK
INFO:paramiko.transport:Authentication (password) successful!
DEBUG:paramiko.transport:[chan 0] Max packet in: 32768 bytes
DEBUG:paramiko.transport:[chan 0] Max packet out: 32768 bytes
DEBUG:paramiko.transport:Secsh channel 0 opened.
DEBUG:paramiko.transport:[chan 0] Sesch channel 0 request ok
DEBUG:paramiko.transport:[chan 0] Sesch channel 0 request ok
DEBUG:netmiko:read_channel: 

RP/0/RP0/CPU0:r2#
DEBUG:netmiko:read_channel: 
DEBUG:netmiko:read_channel: 
DEBUG:netmiko:read_channel: 
DEBUG:netmiko:write_channel: b'\n'
DEBUG:netmiko:read_channel: 
DEBUG:netmiko:read_channel: 
DEBUG:netmiko:write_channel: b'\n'
DEBUG:netmiko:read_channel: 
DEBUG:netmiko:write_channel: b'\n'
DEBUG:netmiko:read_channel: 
RP/0/RP0/CPU0:r2#
DEBUG:netmiko:read_channel: 
DEBUG:netmiko:read_channel: 

RP/0/RP0/CPU0:r2#
RP/0/RP0/CPU0:r2#
DEBUG:netmiko:In disable_paging
DEBUG:netmiko:Command: terminal length 0

DEBUG:netmiko:write_channel: b'terminal length 0\n'
DEBUG:netmiko:Pattern is: RP\/0\/RP0\/CPU0\:r2
DEBUG:netmiko:_read_channel_expect read_data: terminal length 0

DEBUG:netmiko:_read_channel_expect read_data: Fri Oct 16 08:04:40.908 UTC

DEBUG:netmiko:_read_channel_expect read_data: RP/0/RP0/CPU0:r2#
DEBUG:netmiko:Pattern found: RP\/0\/RP0\/CPU0\:r2 terminal length 0
Fri Oct 16 08:04:40.908 UTC
RP/0/RP0/CPU0:r2#
DEBUG:netmiko:terminal length 0
Fri Oct 16 08:04:40.908 UTC
RP/0/RP0/CPU0:r2#
DEBUG:netmiko:Exiting disable_paging
DEBUG:netmiko:write_channel: b'terminal width 511\n'
DEBUG:netmiko:Pattern is: RP\/0\/RP0\/CPU0\:r2
DEBUG:netmiko:_read_channel_expect read_data: terminal width 511

DEBUG:netmiko:_read_channel_expect read_data: Fri Oct 16 08:04:41.345 UTC

DEBUG:netmiko:_read_channel_expect read_data: RP/0/RP0/CPU0:r2#
DEBUG:netmiko:Pattern found: RP\/0\/RP0\/CPU0\:r2 terminal width 511
Fri Oct 16 08:04:41.345 UTC
RP/0/RP0/CPU0:r2#
DEBUG:netmiko:read_channel: 
DEBUG:netmiko:read_channel: 
DEBUG:netmiko:write_channel: b'\n'
DEBUG:netmiko:read_channel: 
DEBUG:netmiko:read_channel: 
DEBUG:netmiko:write_channel: b'\n'
DEBUG:netmiko:read_channel: 
DEBUG:netmiko:write_channel: b'\n'
DEBUG:netmiko:read_channel: 
RP/0/RP0/CPU0:r2#
DEBUG:netmiko:read_channel: 
DEBUG:netmiko:read_channel: 
DEBUG:netmiko:write_channel: b'xml\n'
DEBUG:netmiko:read_channel: 

RP/0/RP0/CPU0:r2#
RP/0/RP0/CPU0:r2#
DEBUG:netmiko:read_channel: 
DEBUG:netmiko:read_channel: xml
Fri Oct 16 08:04:42.553 UTC
XML> 
DEBUG:netmiko:read_channel: 
DEBUG:netmiko:read_channel: 
DEBUG:netmiko:read_channel: 
DEBUG:netmiko:write_channel: b'<?xml version="1.0" encoding="UTF-8"?><Request MajorVersion="1" MinorVersion="0"><Lock/></Request>\n'
DEBUG:netmiko:read_channel: 
DEBUG:netmiko:read_channel: 
DEBUG:netmiko:read_channel: <?xml version="1.0" encoding="UTF-8"?>
<Response MajorVersion="1" MinorVersion="0"><Lock/><ResultSummary ErrorCount="0"/></Response>
XML> 
DEBUG:netmiko:read_channel: 
DEBUG:netmiko:write_channel: b'<?xml version="1.0" encoding="UTF-8"?><Request MajorVersion="1" MinorVersion="0"><CLI><Configuration>interface Bundle-Ether55\n description ===TEST1====\n mtu 9216\n bundle maximum-active links 2\n bundle minimum-active links 1\n\ninterface Bundle-Ether77\n description ===TEST2====\n mtu 9216\n bundle maximum-active links 2\n bundle minimum-active links 1\n\ninterface Bundle-Ether88\n description ===TEST3====\n mtu 9216\n bundle maximum-active links 2\n bundle minimum-active links 1\n\n</Configuration></CLI></Request>\n'
DEBUG:netmiko:read_channel: 
DEBUG:netmiko:read_channel: 
DEBUG:netmiko:read_channel: <?xml version="1.0" encoding="UTF-8"?>
<Response MajorVersion="1" MinorVersion="0"><CLI><Configuration/></CLI><ResultSummary ErrorCount="0"/></Response>
XML> 
DEBUG:netmiko:read_channel: 
DEBUG:netmiko:write_channel: b'<?xml version="1.0" encoding="UTF-8"?><Request MajorVersion="1" MinorVersion="0"><CLI><Configuration>show configuration merge</Configuration></CLI></Request>\n'
DEBUG:netmiko:read_channel: 
DEBUG:netmiko:read_channel: 
DEBUG:netmiko:read_channel: 
DEBUG:netmiko:read_channel: 
DEBUG:netmiko:read_channel: 
DEBUG:netmiko:read_channel: <?xml version="1.0" encoding="UTF-8"?>
<Response MajorVersion="1" MinorVersion="0"><CLI><Configuration>
Building configuration...
!! IOS XR Configuration version = 6.4.1
!! Last configuration change at Fri Oct 16 08:03:09 2020 by admin
!
hostname r2
banner motd ;
--------------------------------------------------------------------------
  Router 2 (Cisco IOS XR Sandbox)
--------------------------------------------------------------------------
;
service timestamps log datetime msec
service timestamps debug datetime msec
username admin
 group root-lr
 group cisco-support
 secret 5 $1$A4C9$oaNorr6BXDruE4gDd086L.
!
line console
 timestamp disable
 exec-timeout 0 0
!
call-home
 service active
 contact smart-licensing
 profile CiscoTAC-1
  active
  destination transport-method http
 !
!
interface Bundle-Ether33
 description ===TEST1====
 mtu 9216
 bundle maximum-active links 2
 bundle minimum-active links 1
!
interface Bundle-Ether33.1
 description 95014353 National B
DEBUG:netmiko:read_channel: 
DEBUG:netmiko:read_channel: 
DEBUG:netmiko:read_channel: 
DEBUG:netmiko:read_channel: ank Of Kenya-Nakuru
 vrf NBK
 ipv4 address 1.1.1.1 255.255.255.252
 encapsulation dot1q 3021 second-dot1q 3302
!
interface Bundle-Ether33.2
 description 95014354 National Bank Of Kenya Nakuru Hospital ATM
 vrf NBK
 ipv4 address 2.2.2.2 255.255.255.252
 encapsulation dot1q 3021 second-dot1q 3303
!
interface Bundle-Ether55
 description ===TEST1====
 mtu 9216
 bundle maximum-active links 2
 bundle minimum-active links 1
!
interface Bundle-Ether77
 description ===TEST2====
 mtu 9216
 bundle maximum-active links 2
 bundle minimum-active links 1
!
interface Bundle-Ether88
 description ===TEST3====
 mtu 9216
 bundle maximum-active links 2
 bundle minimum-active links 1
!
interface MgmtEth0/RP0/CPU0/0
 description *** MANAGEMENT INTERFACE ***
 ipv4 address dhcp
!
interface GigabitEthernet0/0/0/0
 shutdown
!
interface GigabitEthernet0/0/0/1
 shutdown
!
interface GigabitEthernet0/0/0/2
 shutdown
!
interface GigabitEthernet0/0/0/3
 shutdown
!
interface GigabitEthernet0/0/0/4
 shutdown
!
router static
 address-family ipv4 unicast
  0.0.0.0/0 192.168.122.1
 !
!
xml agent tty
 iteration off
!
netconf-yang agent
 ssh
!
ssh server v2
ssh server netconf vrf default
end

</Configuration></CLI><ResultSummary ErrorCount="0"/></Response>
XML> 
DEBUG:netmiko:read_channel: 
DEBUG:netmiko:write_channel: b'<?xml version="1.0" encoding="UTF-8"?><Request MajorVersion="1" MinorVersion="0"><CLI><Configuration>show running-config</Configuration></CLI></Request>\n'
DEBUG:netmiko:read_channel: 
DEBUG:netmiko:read_channel: 
DEBUG:netmiko:read_channel: 
DEBUG:netmiko:read_channel: 
DEBUG:netmiko:read_channel: <?xml version="1.0" encoding="UTF-8"?>
<Response MajorVersion="1" MinorVersion="0"><CLI><Configuration>
Building configuration...
!! IOS XR Configuration version = 6.4.1
!! Last configuration change at Fri Oct 16 08:03:09 2020 by admin
!
hostname r2
banner motd ;
--------------------------------------------------------------------------
  Router 2 (Cisco IOS XR Sandbox)
--------------------------------------------------------------------------
;
service timestamps log datetime msec
service timestamps debug datetime msec
username admin
 group root-lr
 group cisco-support
 secret 5 $1$A4C9$oaNorr6BXDruE4gDd086L.
!
line console
 timestamp disable
 exec-timeout 0 0
!
call-home
 service active
 contact smart-licensing
 profile CiscoTAC-1
  active
  destination transport-method http
 !
!
interface Bundle-Ether33
 description ===TEST1====
 mtu 9216
 bundle maximum-active links 2
 bundle minimum-active links 1
!
interface Bundle-Ether33.1
 description 95014353 National Bank Of Kenya-Nakuru
 vrf NBK
 ipv4 address 1.1.1.1 255.255.255.252
 encapsulation dot1q 3021 second-dot1q 3302
!
interface Bundle-Ether33.2
 description 95014354 National Bank Of Kenya Nakuru Hospital ATM
 vrf NBK
 ipv4 address 2.2.2.2 255.255.255.252
 encapsulation dot1q 3021 second-dot1q 3303
!
interface Bundle-Ether55
 description ===TEST1====
 mtu 9216
 bundle maximum-active links 2
 bundle minimum-active links 1
!
interface MgmtEth0/RP0/CPU0/0
 description *** MANAGEMENT INTERFACE ***
 ipv4 address dhcp
!
interface GigabitEthernet0/0/0/0
 shutdown
!
interface GigabitEthernet0/0/0/1
 shutdown
!
interface GigabitEthernet0/0/0/2
 shutdown
!
interface GigabitEthernet0/0/0/3
 shutdown
!
interface GigabitEthernet0/0/0/4
 shutdown
!
router static
 address-family ipv4 unicast
  0.0.0.0/0 192.168.122.1
 !
!
xml agent tty
 iteration off
!
netconf-yang agent
 ssh
!
ssh server v2
ssh server netconf vrf default
end

</Configuration></CLI><ResultSummary ErrorCount="0"/></Response>
XML> 
DEBUG:netmiko:read_channel: 
DEBUG:netmiko:write_channel: b'<?xml version="1.0" encoding="UTF-8"?><Request MajorVersion="1" MinorVersion="0"><Clear/></Request>\n'
DEBUG:netmiko:read_channel: 
DEBUG:netmiko:read_channel: 
DEBUG:netmiko:read_channel: <?xml version="1.0" encoding="UTF-8"?>
<Response MajorVersion="1" MinorVersion="0"><Clear/><ResultSummary ErrorCount="0"/></Response>
XML> 
DEBUG:netmiko:read_channel: 
DEBUG:netmiko:write_channel: b'<?xml version="1.0" encoding="UTF-8"?><Request MajorVersion="1" MinorVersion="0"><Unlock/></Request>\n'
DEBUG:netmiko:read_channel: 
DEBUG:netmiko:read_channel: 
DEBUG:netmiko:read_channel: <?xml version="1.0" encoding="UTF-8"?>
<Response MajorVersion="1" MinorVersion="0"><Unlock/><ResultSummary ErrorCount="0"/></Response>
XML> 
DEBUG:paramiko.transport:[chan 0] EOF sent (0)
DEBUG:paramiko.transport:starting thread (client mode): 0xb08ae7f0
DEBUG:paramiko.transport:Local version/idstring: SSH-2.0-paramiko_2.4.2
DEBUG:paramiko.transport:Remote version/idstring: SSH-1.99-Cisco-2.0
INFO:paramiko.transport:Connected (version 1.99, client Cisco-2.0)
DEBUG:paramiko.transport:kex algos:['ecdh-sha2-nistp521', 'ecdh-sha2-nistp384', 'ecdh-sha2-nistp256', 'diffie-hellman-group14-sha1'] server key:['ssh-rsa'] client encrypt:['aes128-ctr', 'aes192-ctr', 'aes256-ctr', 'aes128-gcm@openssh.com', 'aes256-gcm@openssh.com'] server encrypt:['aes128-ctr', 'aes192-ctr', 'aes256-ctr', 'aes128-gcm@openssh.com', 'aes256-gcm@openssh.com'] client mac:['hmac-sha2-512', 'hmac-sha2-256', 'hmac-sha1'] server mac:['hmac-sha2-512', 'hmac-sha2-256', 'hmac-sha1'] client compress:['none'] server compress:['none'] client lang:[''] server lang:[''] kex follows?False
DEBUG:paramiko.transport:Kex agreed: ecdh-sha2-nistp256
DEBUG:paramiko.transport:HostKey agreed: ssh-rsa
DEBUG:paramiko.transport:Cipher agreed: aes128-ctr
DEBUG:paramiko.transport:MAC agreed: hmac-sha2-256
DEBUG:paramiko.transport:Compression agreed: none
DEBUG:paramiko.transport:kex engine KexNistp256 specified hash_algo <built-in function openssl_sha256>
DEBUG:paramiko.transport:Switch to new keys ...
DEBUG:paramiko.transport:Adding ssh-rsa host key for [10.10.20.70]:2231: b'0b7fe057af98893860da3ac18b449501'
DEBUG:paramiko.transport:userauth is OK
INFO:paramiko.transport:Authentication (password) successful!
DEBUG:paramiko.transport:[chan 0] Max packet in: 32768 bytes
DEBUG:paramiko.transport:[chan 0] Max packet out: 32768 bytes
DEBUG:paramiko.transport:Secsh channel 0 opened.
DEBUG:paramiko.transport:[chan 0] Sesch channel 0 request ok
DEBUG:paramiko.transport:[chan 0] Sesch channel 0 request ok
DEBUG:netmiko:read_channel: 

RP/0/RP0/CPU0:r2#
DEBUG:netmiko:read_channel: 
DEBUG:netmiko:read_channel: 
DEBUG:netmiko:read_channel: 
DEBUG:netmiko:write_channel: b'\n'
DEBUG:netmiko:read_channel: 
DEBUG:netmiko:read_channel: 
DEBUG:netmiko:write_channel: b'\n'
DEBUG:netmiko:read_channel: 
DEBUG:netmiko:write_channel: b'\n'
DEBUG:netmiko:read_channel: 
RP/0/RP0/CPU0:r2#
DEBUG:netmiko:read_channel: 
DEBUG:netmiko:read_channel: 
RP/0/RP0/CPU0:r2#
RP/0/RP0/CPU0:r2#
DEBUG:netmiko:In disable_paging
DEBUG:netmiko:Command: terminal length 0

DEBUG:netmiko:write_channel: b'terminal length 0\n'
DEBUG:netmiko:Pattern is: RP\/0\/RP0\/CPU0\:r2
DEBUG:netmiko:_read_channel_expect read_data: terminal length 0

DEBUG:netmiko:_read_channel_expect read_data: Fri Oct 16 08:21:55.337 UTC

DEBUG:netmiko:_read_channel_expect read_data: RP/0/RP0/CPU0:r2#
DEBUG:netmiko:Pattern found: RP\/0\/RP0\/CPU0\:r2 terminal length 0
Fri Oct 16 08:21:55.337 UTC
RP/0/RP0/CPU0:r2#
DEBUG:netmiko:terminal length 0
Fri Oct 16 08:21:55.337 UTC
RP/0/RP0/CPU0:r2#
DEBUG:netmiko:Exiting disable_paging
DEBUG:netmiko:write_channel: b'terminal width 511\n'
DEBUG:netmiko:Pattern is: RP\/0\/RP0\/CPU0\:r2
DEBUG:netmiko:_read_channel_expect read_data: terminal width 511

DEBUG:netmiko:_read_channel_expect read_data: Fri Oct 16 08:21:55.801 UTC

DEBUG:netmiko:_read_channel_expect read_data: RP/0/RP0/CPU0:r2#
DEBUG:netmiko:Pattern found: RP\/0\/RP0\/CPU0\:r2 terminal width 511
Fri Oct 16 08:21:55.801 UTC
RP/0/RP0/CPU0:r2#
DEBUG:netmiko:read_channel: 
DEBUG:netmiko:read_channel: 
DEBUG:netmiko:write_channel: b'\n'
DEBUG:netmiko:read_channel: 
DEBUG:netmiko:read_channel: 
DEBUG:netmiko:write_channel: b'\n'
DEBUG:netmiko:read_channel: 
DEBUG:netmiko:write_channel: b'\n'
DEBUG:netmiko:read_channel: 
DEBUG:netmiko:write_channel: b'\n'
DEBUG:netmiko:read_channel: 
RP/0/RP0/CPU0:r2#
DEBUG:netmiko:read_channel: 
DEBUG:netmiko:read_channel: 
DEBUG:netmiko:write_channel: b'xml\n'
DEBUG:netmiko:read_channel: 
RP/0/RP0/CPU0:r2#
RP/0/RP0/CPU0:r2#
RP/0/RP0/CPU0:r2#
DEBUG:netmiko:read_channel: 
DEBUG:netmiko:read_channel: xml
Fri Oct 16 08:21:57.105 UTC
XML> 
DEBUG:netmiko:read_channel: 
DEBUG:netmiko:read_channel: 
DEBUG:netmiko:read_channel: 
DEBUG:netmiko:write_channel: b'<?xml version="1.0" encoding="UTF-8"?><Request MajorVersion="1" MinorVersion="0"><Lock/></Request>\n'
DEBUG:netmiko:read_channel: 
DEBUG:netmiko:read_channel: 
DEBUG:netmiko:read_channel: 
DEBUG:netmiko:read_channel: 
DEBUG:netmiko:read_channel: 
DEBUG:netmiko:read_channel: <?xml version="1.0" encoding="UTF-8"?>
<Response MajorVersion="1" MinorVersion="0"><Lock/><ResultSummary ErrorCount="0"/></Response>
XML> 
DEBUG:netmiko:read_channel: 
DEBUG:netmiko:write_channel: b'<?xml version="1.0" encoding="UTF-8"?><Request MajorVersion="1" MinorVersion="0"><CLI><Configuration>interface Bundle-Ether55\n description ===TEST1====\n mtu 9216\n bundle maximum-active links 2\n bundle minimum-active links 1\n\ninterface Bundle-Ether77\n description ===TEST2====\n mtu 9216\n bundle maximum-active links 2\n bundle minimum-active links 1\n\ninterface Bundle-Ether88\n description ===TEST3====\n mtu 9216\n bundle maximum-active links 2\n bundle minimum-active links 1\n\n</Configuration></CLI></Request>\n'
DEBUG:netmiko:read_channel: 
DEBUG:netmiko:read_channel: 
DEBUG:netmiko:read_channel: <?xml version="1.0" encoding="UTF-8"?>
<Response MajorVersion="1" MinorVersion="0"><CLI><Configuration/></CLI><ResultSummary ErrorCount="0"/></Response>
XML> 
DEBUG:netmiko:read_channel: 
DEBUG:netmiko:write_channel: b'<?xml version="1.0" encoding="UTF-8"?><Request MajorVersion="1" MinorVersion="0"><CLI><Configuration>show configuration merge</Configuration></CLI></Request>\n'
DEBUG:netmiko:read_channel: 
DEBUG:netmiko:read_channel: 
DEBUG:netmiko:read_channel: 
DEBUG:netmiko:read_channel: 
DEBUG:netmiko:read_channel: 
DEBUG:netmiko:read_channel: <?xml version="1.0" encoding="UTF-8"?>
<Response MajorVersion="1" MinorVersion="0"><CLI><Configuration>
Building configuration...
!! IOS XR Configuration version = 6.4.1
!! Last configuration change at Fri Oct 16 08:03:09 2020 by admin
!
hostname r2
banner motd ;
--------------------------------------------------------------------------
  Router 2 (Cisco IOS XR Sandbox)
--------------------------------------------------------------------------
;
service timestamps log datetime msec
service timestamps debug datetime msec
username admin
 group root-lr
 group cisco-support
 secret 5 $1$A4C9$oaNorr6BXDruE4gDd086L.
!
line console
 timestamp disable
 exec-timeout 0 0
!
call-home
 service active
 contact smart-licensing
 profile CiscoTAC-1
  active
  destination transport-method http
 !
!
interface Bundle-Ether33
 description ===TEST1====
 mtu 9216
 bundle maximum-active links 2
 bundle minimum-active links 1
!
interface Bundle-Ether33.1
 description 95014353 National Bank Of Kenya-Nakuru
 vrf NBK
 ipv4 address 1.1.1.1 255.255.255.252
 encapsulation dot1q 3021 second-dot1q 3302
!
interface Bundle-Ether33.2
 description 95014354 National Bank Of Kenya Nakuru Hospital ATM
 vrf NBK
 ipv4 address 2.2.2.2 255.255.255.252
 encapsulation dot1q 3021 second-dot1q 3303
!
interface Bundle-Ether55
 description ===TEST1====
 mtu 9216
 bundle maximum-active links 2
 bundle minimum-active links 1
!
interface Bundle-Ether77
 description ===TEST2====
 mtu 9216
 bundle maximum-active links 2
 bundle minimum-active links 1
!
interface Bundle-Ether88
 description ===TEST3====
 mtu 9216
 bundle maximum-active links 2
 bundle minimum-active links 1
!
interface MgmtEth0/RP0/CPU0/0
 description *** MANAGEMENT INTERFACE ***
 ipv4 address dhcp
!
interface GigabitEthernet0/0/0/0
 shutdown
!
interface GigabitEthernet0/0/0/1
 shutdown
!
interface GigabitEthernet0/0/0/2
 shutdown
!
interface GigabitEthernet0/0/0/3
 shutdown
!
interface GigabitEthernet0/0/0/4
 shutdown
!
router static
 address-family ipv4 unicast
  0.0.0.0/0 192.168.122.1
 !
!
xml agent tty
 iteration off
!
netconf-yang agent
 ssh
!
ssh server v2
ssh server netconf vrf default
end

</Configuration></CLI><ResultSummary ErrorCount="0"/></Response>
XML> 
DEBUG:netmiko:read_channel: 
DEBUG:netmiko:write_channel: b'<?xml version="1.0" encoding="UTF-8"?><Request MajorVersion="1" MinorVersion="0"><CLI><Configuration>show running-config</Configuration></CLI></Request>\n'
DEBUG:netmiko:read_channel: 
DEBUG:netmiko:read_channel: 
DEBUG:netmiko:read_channel: 
DEBUG:netmiko:read_channel: 
DEBUG:netmiko:read_channel: 
DEBUG:netmiko:read_channel: <?xml version="1.0" encoding="UTF-8"?>
<Response MajorVersion="1" MinorVersion="0"><CLI><Configuration>
Building configuration...
!! IOS XR Configuration version = 6.4.1
!! Last configuration change at Fri Oct 16 08:03:09 2020 by admin
!
hostname r2
banner motd ;
--------------------------------------------------------------------------
  Router 2 (Cisco IOS XR Sandbox)
--------------------------------------------------------------------------
;
service timestamps log datetime msec
service timestamps debug datetime msec
username admin
 group root-lr
 group cisco-support
 secret 5 $1$A4C9$oaNorr6BXDruE4gDd086L.
!
line console
 timestamp disable
 exec-timeout 0 0
!
call-home
 service active
 contact smart-licensing
 profile CiscoTAC-1
  active
  destination transport-method http
 !
!
interface Bundle-Ether33
 description ===TEST1====
 mtu 9216
 bundle maximum-active links 2
 bundle minimum-active links 1
!
interface Bundle-Ether33.1
 description 95014353 National Bank Of Kenya-Nakuru
 vrf NBK
 ipv4 address 1.1.1.1 255.255.255.252
 encapsulation dot1q 3021 second-dot1q 3302
!
interface Bundle-Ether33.2
 description 95014354 National Bank Of Kenya Nakuru Hospital ATM
 vrf NBK
 ipv4 address 2.2.2.2 255.255.255.252
 encapsulation dot1q 3021 second-dot1q 3303
!
interface Bundle-Ether55
 description ===TEST1====
 mtu 9216
 bundle maximum-active links 2
 bundle minimum-active links 1
!
interface MgmtEth0/RP0/CPU0/0
 description *** MANAGEMENT INTERFACE ***
 ipv4 address dhcp
!
interface GigabitEthernet0/0/0/0
 shutdown
!
interface GigabitEthernet0/0/0/1
 shutdown
!
interface GigabitEthernet0/0/0/2
 shutdown
!
interface GigabitEthernet0/0/0/3
 shutdown
!
interface GigabitEthernet0/0/0/4
 shutdown
!
router static
 address-family ipv4 unicast
  0.0.0.0/0 192.168.122.1
 !
!
xml agent tty
 iteration off
!
netconf-yang agent
 ssh
!
ssh server v2
ssh server netconf vrf default
end

</Configuration></CLI><ResultSummary ErrorCount="0"/></Response>
XML> 
DEBUG:netmiko:read_channel: 
DEBUG:netmiko:write_channel: b'<?xml version="1.0" encoding="UTF-8"?><Request MajorVersion="1" MinorVersion="0"><Clear/></Request>\n'
DEBUG:netmiko:read_channel: 
DEBUG:netmiko:read_channel: 
DEBUG:netmiko:read_channel: <?xml version="1.0" encoding="UTF-8"?>
<Response MajorVersion="1" MinorVersion="0"><Clear/><ResultSummary ErrorCount="0"/></Response>
XML> 
DEBUG:netmiko:read_channel: 
DEBUG:netmiko:write_channel: b'<?xml version="1.0" encoding="UTF-8"?><Request MajorVersion="1" MinorVersion="0"><Unlock/></Request>\n'
DEBUG:netmiko:read_channel: 
DEBUG:netmiko:read_channel: 
DEBUG:netmiko:read_channel: <?xml version="1.0" encoding="UTF-8"?>
<Response MajorVersion="1" MinorVersion="0"><Unlock/><ResultSummary ErrorCount="0"/></Response>
XML> 
DEBUG:paramiko.transport:[chan 0] EOF sent (0)
DEBUG:paramiko.transport:starting thread (client mode): 0xa4311550
DEBUG:paramiko.transport:Local version/idstring: SSH-2.0-paramiko_2.4.2
DEBUG:paramiko.transport:Remote version/idstring: SSH-1.99-Cisco-2.0
INFO:paramiko.transport:Connected (version 1.99, client Cisco-2.0)
DEBUG:paramiko.transport:kex algos:['ecdh-sha2-nistp521', 'ecdh-sha2-nistp384', 'ecdh-sha2-nistp256', 'diffie-hellman-group14-sha1'] server key:['ssh-rsa'] client encrypt:['aes128-ctr', 'aes192-ctr', 'aes256-ctr', 'aes128-gcm@openssh.com', 'aes256-gcm@openssh.com'] server encrypt:['aes128-ctr', 'aes192-ctr', 'aes256-ctr', 'aes128-gcm@openssh.com', 'aes256-gcm@openssh.com'] client mac:['hmac-sha2-512', 'hmac-sha2-256', 'hmac-sha1'] server mac:['hmac-sha2-512', 'hmac-sha2-256', 'hmac-sha1'] client compress:['none'] server compress:['none'] client lang:[''] server lang:[''] kex follows?False
DEBUG:paramiko.transport:Kex agreed: ecdh-sha2-nistp256
DEBUG:paramiko.transport:HostKey agreed: ssh-rsa
DEBUG:paramiko.transport:Cipher agreed: aes128-ctr
DEBUG:paramiko.transport:MAC agreed: hmac-sha2-256
DEBUG:paramiko.transport:Compression agreed: none
DEBUG:paramiko.transport:kex engine KexNistp256 specified hash_algo <built-in function openssl_sha256>
DEBUG:paramiko.transport:Switch to new keys ...
DEBUG:paramiko.transport:Adding ssh-rsa host key for [10.10.20.70]:2231: b'0b7fe057af98893860da3ac18b449501'
DEBUG:paramiko.transport:userauth is OK
INFO:paramiko.transport:Authentication (password) successful!
DEBUG:paramiko.transport:[chan 0] Max packet in: 32768 bytes
DEBUG:paramiko.transport:[chan 0] Max packet out: 32768 bytes
DEBUG:paramiko.transport:Secsh channel 0 opened.
DEBUG:paramiko.transport:[chan 0] Sesch channel 0 request ok
DEBUG:paramiko.transport:[chan 0] Sesch channel 0 request ok
DEBUG:netmiko:read_channel: 

RP/0/RP0/CPU0:r2#
DEBUG:netmiko:read_channel: 
DEBUG:netmiko:read_channel: 
DEBUG:netmiko:read_channel: 
DEBUG:netmiko:write_channel: b'\n'
DEBUG:netmiko:read_channel: 
DEBUG:netmiko:read_channel: 
DEBUG:netmiko:write_channel: b'\n'
DEBUG:netmiko:read_channel: 
DEBUG:netmiko:write_channel: b'\n'
DEBUG:netmiko:read_channel: 
RP/0/RP0/CPU0:r2#
DEBUG:netmiko:read_channel: 
DEBUG:netmiko:read_channel: 


DEBUG:netmiko:In disable_paging
DEBUG:netmiko:Command: terminal length 0

DEBUG:netmiko:write_channel: b'terminal length 0\n'
DEBUG:netmiko:Pattern is: RP\/0\/RP0\/CPU0\:r2
DEBUG:netmiko:_read_channel_expect read_data: RP/0/RP0/CPU0:r2#

DEBUG:netmiko:Pattern found: RP\/0\/RP0\/CPU0\:r2 RP/0/RP0/CPU0:r2#

DEBUG:netmiko:RP/0/RP0/CPU0:r2#

DEBUG:netmiko:Exiting disable_paging
DEBUG:netmiko:write_channel: b'terminal width 511\n'
DEBUG:netmiko:Pattern is: RP\/0\/RP0\/CPU0\:r2
DEBUG:netmiko:_read_channel_expect read_data: RP/0/RP0/CPU0:r2#terminal length 0
Fri Oct 16 08:22:20.180 UTC

DEBUG:netmiko:Pattern found: RP\/0\/RP0\/CPU0\:r2 RP/0/RP0/CPU0:r2#terminal length 0
Fri Oct 16 08:22:20.180 UTC

DEBUG:netmiko:read_channel: RP/0/RP0/CPU0:r2#terminal width 511
Fri Oct 16 08:22:20.722 UTC

DEBUG:netmiko:read_channel: 
DEBUG:netmiko:write_channel: b'\n'
DEBUG:netmiko:read_channel: RP/0/RP0/CPU0:r2#
DEBUG:netmiko:read_channel: 
DEBUG:netmiko:read_channel: 
DEBUG:netmiko:write_channel: b'xml\n'
DEBUG:netmiko:read_channel: 
RP/0/RP0/CPU0:r2#
DEBUG:netmiko:read_channel: 
DEBUG:netmiko:read_channel: xml
Fri Oct 16 08:22:21.388 UTC
XML> 
DEBUG:netmiko:read_channel: 
DEBUG:netmiko:read_channel: 
DEBUG:netmiko:read_channel: 
DEBUG:netmiko:write_channel: b'<?xml version="1.0" encoding="UTF-8"?><Request MajorVersion="1" MinorVersion="0"><Lock/></Request>\n'
DEBUG:netmiko:read_channel: 
DEBUG:netmiko:read_channel: 
DEBUG:netmiko:read_channel: <?xml version="1.0" encoding="UTF-8"?>
<Response MajorVersion="1" MinorVersion="0"><Lock/><ResultSummary ErrorCount="0"/></Response>
XML> 
DEBUG:netmiko:read_channel: 
DEBUG:netmiko:write_channel: b'<?xml version="1.0" encoding="UTF-8"?><Request MajorVersion="1" MinorVersion="0"><CLI><Configuration>interface Bundle-Ether55\n description ===TEST1====\n mtu 9216\n bundle maximum-active links 2\n bundle minimum-active links 1\n\ninterface Bundle-Ether77\n description ===TEST2====\n mtu 9216\n bundle maximum-active links 2\n bundle minimum-active links 1\n\ninterface Bundle-Ether88\n description ===TEST3====\n mtu 9216\n bundle maximum-active links 2\n bundle minimum-active links 1\n\n</Configuration></CLI></Request>\n'
DEBUG:netmiko:read_channel: 
DEBUG:netmiko:read_channel: 
DEBUG:netmiko:read_channel: <?xml version="1.0" encoding="UTF-8"?>
<Response MajorVersion="1" MinorVersion="0"><CLI><Configuration/></CLI><ResultSummary ErrorCount="0"/></Response>
XML> 
DEBUG:netmiko:read_channel: 
DEBUG:netmiko:write_channel: b'<?xml version="1.0" encoding="UTF-8"?><Request MajorVersion="1" MinorVersion="0"><CLI><Configuration>show configuration merge</Configuration></CLI></Request>\n'
DEBUG:netmiko:read_channel: 
DEBUG:netmiko:read_channel: 
DEBUG:netmiko:read_channel: 
DEBUG:netmiko:read_channel: 
DEBUG:netmiko:read_channel: 
DEBUG:netmiko:read_channel: <?xml version="1.0" encoding="UTF-8"?>
<Response MajorVersion="1" MinorVersion="0"><CLI><Configuration>
Building configuration...
!! IOS XR Configuration version = 6.4.1
!! Last configuration change at Fri Oct 16 08:03:09 2020 by admin
!
hostname r2
banner motd ;
--------------------------------------------------------------------------
  Router 2 (Cisco IOS XR Sandbox)
--------------------------------------------------------------------------
;
service timestamps log datetime msec
service timestamps debug datetime msec
username admin
 group root-lr
 group cisco-support
 secret 5 $1$A4C9$oaNorr6BXDruE4gDd086L.
!
line console
 timestamp disable
 exec-timeout 0 0
!
call-home
 service active
 contact smart-licensing
 profile CiscoTAC-1
  active
  destination transport-method http
 !
!
interface Bundle-Ether33
 description ===TEST1====
 mtu 9216
 bundle maximum-active links 2
 bundle minimum-active links 1
!
interface Bundle-Ether33.1
 description 95014353 National Bank Of Kenya-Nakuru
 vrf NBK
 ipv4 address 1.1.1.1 255.255.255.252
 encapsulation dot1q 3021 second-dot1q 3302
!
interface Bundle-Ether33.2
 description 95014354 National Bank Of Kenya Nakuru Hospital ATM
 vrf NBK
 ipv4 address 2.2.2.2 255.255.255.252
 encapsulation dot1q 3021 second-dot1q 3303
!
interface Bundle-Ether55
 description ===TEST1====
 mtu 9216
 bundle maximum-active links 2
 bundle minimum-active links 1
!
interface Bundle-Ether77
 description ===TEST2====
 mtu 9216
 bundle maximum-active links 2
 bundle minimum-active links 1
!
interface Bundle-Ether88
 description ===TEST3====
 mtu 9216
 bundle maximum-active links 2
 bundle minimum-active links 1
!
interface MgmtEth0/RP0/CPU0/0
 description *** MANAGEMENT INTERFACE ***
 ipv4 address dhcp
!
interface GigabitEthernet0/0/0/0
 shutdown
!
interface GigabitEthernet0/0/0/1
 shutdown
!
interface GigabitEthernet0/0/0/2
 shutdown
!
interface GigabitEthernet0/0/0/3
 shutdown
!
interface GigabitEthernet0/0/0/4
 shutdown
!
router static
 address-family ipv4 unicast
  0.0.0.0/0 192.168.122.1
 !
!
xml agent tty
 iteration off
!
netconf-yang agent
 ssh
!
ssh server v2
ssh server netconf vrf default
end

</Configuration></CLI><ResultSummary ErrorCount="0"/></Response>
XML> 
DEBUG:netmiko:read_channel: 
DEBUG:netmiko:write_channel: b'<?xml version="1.0" encoding="UTF-8"?><Request MajorVersion="1" MinorVersion="0"><CLI><Configuration>show running-config</Configuration></CLI></Request>\n'
DEBUG:netmiko:read_channel: 
DEBUG:netmiko:read_channel: 
DEBUG:netmiko:read_channel: 
DEBUG:netmiko:read_channel: 
DEBUG:netmiko:read_channel: 
DEBUG:netmiko:read_channel: <?xml version="1.0" encoding="UTF-8"?>
<Response MajorVersion="1" MinorVersion="0"><CLI><Configuration>
Building configuration...
!! IOS XR Configuration version = 6.4.1
!! Last configuration change at Fri Oct 16 08:03:09 2020 by admin
!
hostname r2
banner motd ;
--------------------------------------------------------------------------
  Router 2 (Cisco IOS XR Sandbox)
--------------------------------------------------------------------------
;
service timestamps log datetime msec
service timestamps debug datetime msec
username admin
 group root-lr
 group cisco-support
 secret 5 $1$A4C9$oaNorr6BXDruE4gDd086L.
!
line console
 timestamp disable
 exec-timeout 0 0
!
call-home
 service active
 contact smart-licensing
 profile CiscoTAC-1
  active
  destination transport-method http
 !
!
interface Bundle-Ether33
 description ===TEST1====
 mtu 9216
 bundle maximum-active links 2
 bundle minimum-active links 1
!
interface Bundle-Ether33.1
 description 95014353 National Bank Of Kenya-Nakuru
 vrf NBK
 ipv4 address 1.1.1.1 255.255.255.252
 encapsulation dot1q 3021 second-dot1q 3302
!
interface Bundle-Ether33.2
 description 95014354 National Bank Of Kenya Nakuru Hospital ATM
 vrf NBK
 ipv4 address 2.2.2.2 255.255.255.252
 encapsulation dot1q 3021 second-dot1q 3303
!
interface Bundle-Ether55
 description ===TEST1====
 mtu 9216
 bundle maximum-active links 2
 bundle minimum-active links 1
!
interface MgmtEth0/RP0/CPU0/0
 description *** MANAGEMENT INTERFACE ***
 ipv4 address dhcp
!
interface GigabitEthernet0/0/0/0
 shutdown
!
interface GigabitEthernet0/0/0/1
 shutdown
!
interface GigabitEthernet0/0/0/2
 shutdown
!
interface GigabitEthernet0/0/0/3
 shutdown
!
interface GigabitEthernet0/0/0/4
 shutdown
!
router static
 address-family ipv4 unicast
  0.0.0.0/0 192.168.122.1
 !
!
xml agent tty
 iteration off
!
netconf-yang agent
 ssh
!
ssh server v2
ssh server netconf vrf default
end

</Configuration></CLI><ResultSummary ErrorCount="0"/></Response>
XML> 
DEBUG:netmiko:read_channel: 
DEBUG:netmiko:write_channel: b'<?xml version="1.0" encoding="UTF-8"?><Request MajorVersion="1" MinorVersion="0"><Clear/></Request>\n'
DEBUG:netmiko:read_channel: 
DEBUG:netmiko:read_channel: 
DEBUG:netmiko:read_channel: <?xml version="1.0" encoding="UTF-8"?>
<Response MajorVersion="1" MinorVersion="0"><Clear/><ResultSummary ErrorCount="0"/></Response>
XML> 
DEBUG:netmiko:read_channel: 
DEBUG:netmiko:write_channel: b'<?xml version="1.0" encoding="UTF-8"?><Request MajorVersion="1" MinorVersion="0"><Unlock/></Request>\n'
DEBUG:netmiko:read_channel: 
DEBUG:netmiko:read_channel: 
DEBUG:netmiko:read_channel: <?xml version="1.0" encoding="UTF-8"?>
<Response MajorVersion="1" MinorVersion="0"><Unlock/><ResultSummary ErrorCount="0"/></Response>
XML> 
DEBUG:paramiko.transport:[chan 0] EOF sent (0)
DEBUG:paramiko.transport:starting thread (client mode): 0xd677a550
DEBUG:paramiko.transport:Local version/idstring: SSH-2.0-paramiko_2.4.2
DEBUG:paramiko.transport:Remote version/idstring: SSH-1.99-Cisco-2.0
INFO:paramiko.transport:Connected (version 1.99, client Cisco-2.0)
DEBUG:paramiko.transport:kex algos:['ecdh-sha2-nistp521', 'ecdh-sha2-nistp384', 'ecdh-sha2-nistp256', 'diffie-hellman-group14-sha1'] server key:['ssh-rsa'] client encrypt:['aes128-ctr', 'aes192-ctr', 'aes256-ctr', 'aes128-gcm@openssh.com', 'aes256-gcm@openssh.com'] server encrypt:['aes128-ctr', 'aes192-ctr', 'aes256-ctr', 'aes128-gcm@openssh.com', 'aes256-gcm@openssh.com'] client mac:['hmac-sha2-512', 'hmac-sha2-256', 'hmac-sha1'] server mac:['hmac-sha2-512', 'hmac-sha2-256', 'hmac-sha1'] client compress:['none'] server compress:['none'] client lang:[''] server lang:[''] kex follows?False
DEBUG:paramiko.transport:Kex agreed: ecdh-sha2-nistp256
DEBUG:paramiko.transport:HostKey agreed: ssh-rsa
DEBUG:paramiko.transport:Cipher agreed: aes128-ctr
DEBUG:paramiko.transport:MAC agreed: hmac-sha2-256
DEBUG:paramiko.transport:Compression agreed: none
DEBUG:paramiko.transport:kex engine KexNistp256 specified hash_algo <built-in function openssl_sha256>
DEBUG:paramiko.transport:Switch to new keys ...
DEBUG:paramiko.transport:Adding ssh-rsa host key for [10.10.20.70]:2231: b'0b7fe057af98893860da3ac18b449501'
DEBUG:paramiko.transport:userauth is OK
INFO:paramiko.transport:Authentication (password) successful!
DEBUG:paramiko.transport:[chan 0] Max packet in: 32768 bytes
DEBUG:paramiko.transport:[chan 0] Max packet out: 32768 bytes
DEBUG:paramiko.transport:Secsh channel 0 opened.
DEBUG:paramiko.transport:[chan 0] Sesch channel 0 request ok
DEBUG:paramiko.transport:[chan 0] Sesch channel 0 request ok
DEBUG:netmiko:read_channel: 

RP/0/RP0/CPU0:r2#
DEBUG:netmiko:read_channel: 
DEBUG:netmiko:read_channel: 
DEBUG:netmiko:read_channel: 
DEBUG:netmiko:write_channel: b'\n'
DEBUG:netmiko:read_channel: 
DEBUG:netmiko:read_channel: 
DEBUG:netmiko:write_channel: b'\n'
DEBUG:netmiko:read_channel: 
DEBUG:netmiko:write_channel: b'\n'
DEBUG:netmiko:read_channel: 
RP/0/RP0/CPU0:r2#
DEBUG:netmiko:read_channel: 
DEBUG:netmiko:read_channel: 

RP/0/RP0/CPU0:r2#
RP/0/RP0/CPU0:r2#
DEBUG:netmiko:In disable_paging
DEBUG:netmiko:Command: terminal length 0

DEBUG:netmiko:write_channel: b'terminal length 0\n'
DEBUG:netmiko:Pattern is: RP\/0\/RP0\/CPU0\:r2
DEBUG:netmiko:_read_channel_expect read_data: terminal length 0

DEBUG:netmiko:_read_channel_expect read_data: Fri Oct 16 08:22:42.620 UTC
RP/0/RP0/CPU0:r2#
DEBUG:netmiko:Pattern found: RP\/0\/RP0\/CPU0\:r2 terminal length 0
Fri Oct 16 08:22:42.620 UTC
RP/0/RP0/CPU0:r2#
DEBUG:netmiko:terminal length 0
Fri Oct 16 08:22:42.620 UTC
RP/0/RP0/CPU0:r2#
DEBUG:netmiko:Exiting disable_paging
DEBUG:netmiko:write_channel: b'terminal width 511\n'
DEBUG:netmiko:Pattern is: RP\/0\/RP0\/CPU0\:r2
DEBUG:netmiko:_read_channel_expect read_data: terminal width 511

DEBUG:netmiko:_read_channel_expect read_data: Fri Oct 16 08:22:43.461 UTC

DEBUG:netmiko:_read_channel_expect read_data: RP/0/RP0/CPU0:r2#
DEBUG:netmiko:Pattern found: RP\/0\/RP0\/CPU0\:r2 terminal width 511
Fri Oct 16 08:22:43.461 UTC
RP/0/RP0/CPU0:r2#
DEBUG:netmiko:read_channel: 
DEBUG:netmiko:read_channel: 
DEBUG:netmiko:write_channel: b'\n'
DEBUG:netmiko:read_channel: 
DEBUG:netmiko:read_channel: 
DEBUG:netmiko:write_channel: b'\n'
DEBUG:netmiko:read_channel: 
DEBUG:netmiko:write_channel: b'\n'
DEBUG:netmiko:read_channel: 
RP/0/RP0/CPU0:r2#
DEBUG:netmiko:read_channel: 
DEBUG:netmiko:read_channel: 
DEBUG:netmiko:write_channel: b'xml\n'
DEBUG:netmiko:read_channel: 
DEBUG:netmiko:read_channel: 
RP/0/RP0/CPU0:r2#
RP/0/RP0/CPU0:r2#xml
Fri Oct 16 08:22:44.762 UTC
XML> 
DEBUG:netmiko:read_channel: 
DEBUG:netmiko:read_channel: 
DEBUG:netmiko:read_channel: 
DEBUG:netmiko:write_channel: b'<?xml version="1.0" encoding="UTF-8"?><Request MajorVersion="1" MinorVersion="0"><Lock/></Request>\n'
DEBUG:netmiko:read_channel: 
DEBUG:netmiko:read_channel: 
DEBUG:netmiko:read_channel: <?xml version="1.0" encoding="UTF-8"?>
<Response MajorVersion="1" MinorVersion="0"><Lock/><ResultSummary ErrorCount="0"/></Response>
XML> 
DEBUG:netmiko:read_channel: 
DEBUG:netmiko:write_channel: b'<?xml version="1.0" encoding="UTF-8"?><Request MajorVersion="1" MinorVersion="0"><CLI><Configuration>interface Bundle-Ether55\n description ===TEST1====\n mtu 9216\n bundle maximum-active links 2\n bundle minimum-active links 1\n\ninterface Bundle-Ether77\n description ===TEST2====\n mtu 9216\n bundle maximum-active links 2\n bundle minimum-active links 1\n\ninterface Bundle-Ether88\n description ===TEST3====\n mtu 9216\n bundle maximum-active links 2\n bundle minimum-active links 1\n\n</Configuration></CLI></Request>\n'
DEBUG:netmiko:read_channel: 
DEBUG:netmiko:read_channel: 
DEBUG:netmiko:read_channel: <?xml version="1.0" encoding="UTF-8"?>
<Response MajorVersion="1" MinorVersion="0"><CLI><Configuration/></CLI><ResultSummary ErrorCount="0"/></Response>
XML> 
DEBUG:netmiko:read_channel: 
DEBUG:netmiko:write_channel: b'<?xml version="1.0" encoding="UTF-8"?><Request MajorVersion="1" MinorVersion="0"><CLI><Configuration>show configuration merge</Configuration></CLI></Request>\n'
DEBUG:netmiko:read_channel: 
DEBUG:netmiko:read_channel: 
DEBUG:netmiko:read_channel: 
DEBUG:netmiko:read_channel: 
DEBUG:netmiko:read_channel: 
DEBUG:netmiko:read_channel: <?xml version="1.0" encoding="UTF-8"?>
<Response MajorVersion="1" MinorVersion="0"><CLI><Configuration>
Building configuration...
!! IOS XR Configuration version = 6.4.1
!! Last configuration change at Fri Oct 16 08:03:09 2020 by admin
!
hostname r2
banner motd ;
--------------------------------------------------------------------------
  Router 2 (Cisco IOS XR Sandbox)
--------------------------------------------------------------------------
;
service timestamps log datetime msec
service timestamps debug datetime msec
username admin
 group root-lr
 group cisco-support
 secret 5 $1$A4C9$oaNorr6BXDruE4gDd086L.
!
line console
 timestamp disable
 exec-timeout 0 0
!
call-home
 service active
 contact smart-licensing
 profile CiscoTAC-1
  active
  destination transport-method http
 !
!
interface Bundle-Ether33
 description ===TEST1====
 mtu 9216
 bundle maximum-active links 2
 bundle minimum-active links 1
!
interface Bundle-Ether33.1
 description 95014353 National Bank Of Kenya-Nakuru
 vrf NBK
 ipv4 address 1.1.1.1 255.255.255.252
 encapsulation dot1q 3021 second-dot1q 3302
!
interface Bundle-Ether33.2
 description 95014354 National Bank Of Kenya Nakuru Hospital ATM
 vrf NBK
 ipv4 address 2.2.2.2 255.255.255.252
 encapsulation dot1q 3021 second-dot1q 3303
!
interface Bundle-Ether55
 description ===TEST1====
 mtu 9216
 bundle maximum-active links 2
 bundle minimum-active links 1
!
interface Bundle-Ether77
 description ===TEST2====
 mtu 9216
 bundle maximum-active links 2
 bundle minimum-active links 1
!
interface Bundle-Ether88
 description ===TEST3====
 mtu 9216
 bundle maximum-active links 2
 bundle minimum-active links 1
!
interface MgmtEth0/RP0/CPU0/0
 description *** MANAGEMENT INTERFACE ***
 ipv4 address dhcp
!
interface GigabitEthernet0/0/0/0
 shutdown
!
interface GigabitEthernet0/0/0/1
 shutdown
!
interface GigabitEthernet0/0/0/2
 shutdown
!
interface GigabitEthernet0/0/0/3
 shutdown
!
interface GigabitEthernet0/0/0/4
 shutdown
!
router static
 address-family ipv4 unicast
  0.0.0.0/0 192.168.122.1
 !
!
xml agent tty
 iteration off
!
netconf-yang agent
 ssh
!
ssh server v2
ssh server netconf vrf default
end

</Configuration></CLI><ResultSummary ErrorCount="0"/></Response>
XML> 
DEBUG:netmiko:read_channel: 
DEBUG:netmiko:write_channel: b'<?xml version="1.0" encoding="UTF-8"?><Request MajorVersion="1" MinorVersion="0"><CLI><Configuration>show running-config</Configuration></CLI></Request>\n'
DEBUG:netmiko:read_channel: 
DEBUG:netmiko:read_channel: 
DEBUG:netmiko:read_channel: 
DEBUG:netmiko:read_channel: 
DEBUG:netmiko:read_channel: <?xml version="1.0" encoding="UTF-8"?>
<Response MajorVersion="1" MinorVersion="0"><CLI><Configuration>
Building configuration...
!! IOS XR Configuration version = 6.4.1
!! Last configuration change at Fri Oct 16 08:03:09 2020 by admin
!
hostname r2
banner motd ;
--------------------------------------------------------------------------
  Router 2 (Cisco IOS XR Sandbox)
--------------------------------------------------------------------------
;
service timestamps log datetime msec
service timestamps debug datetime msec
username admin
 group root-lr
 group cisco-support
 secret 5 $1$A4C9$oaNorr6BXDruE4gDd086L.
!
line console
 timestamp disable
 exec-timeout 0 0
!
call-home
 service active
 contact smart-licensing
 profile CiscoTAC-1
  active
  destination transport-method http
 !
!
interface Bundle-Ether33
 description ===TEST1====
 mtu 9216
 bundle maximum-active links 2
 bundle minimum-active links 1
!
interface Bundle-Ether33.1
 description 95014353 National Bank Of Kenya-Nakuru
 vrf NBK
 ipv4 address 1.1.1.1 255.255.255.252
 encapsulation dot1q 3021 second-dot1q 3302
!
interface Bundle-Ether33.2
 description 95014354 National Bank Of Kenya Nakuru Hospital ATM
 vrf NBK
 ipv4 address 2.2.2.2 255.255.255.252
 encapsulation dot1q 3021 second-dot1q 3303
!
interface Bundle-Ether55
 description ===TEST1====
 mtu 9216
 bundle maximum-active links 2
 bundle minimum-active links 1
!
interface MgmtEth0/RP0/CPU0/0
 description *** MANAGEMENT INTERFACE ***
 ipv4 address dhcp
!
interface GigabitEthernet0/0/0/0
 shutdown
!
interface GigabitEthernet0/0/0/1
 shutdown
!
interface GigabitEthernet0/0/0/2
 shutdown
!
interface GigabitEthernet0/0/0/3
 shutdown
!
interface GigabitEthernet0/0/0/4
 shutdown
!
router static
 address-family ipv4 unicast
  0.0.0.0/0 192.168.122.1
 !
!
xml agent tty
 iteration off
!
netconf-yang agent
 ssh
!
ssh server v2
ssh server netconf vrf default
end

</Configuration></CLI><ResultSummary ErrorCount="0"/></Response>
XML> 
DEBUG:netmiko:read_channel: 
DEBUG:netmiko:write_channel: b'<?xml version="1.0" encoding="UTF-8"?><Request MajorVersion="1" MinorVersion="0"><Clear/></Request>\n'
DEBUG:netmiko:read_channel: 
DEBUG:netmiko:read_channel: 
DEBUG:netmiko:read_channel: <?xml version="1.0" encoding="UTF-8"?>
<Response MajorVersion="1" MinorVersion="0"><Clear/><ResultSummary ErrorCount="0"/></Response>
XML> 
DEBUG:netmiko:read_channel: 
DEBUG:netmiko:write_channel: b'<?xml version="1.0" encoding="UTF-8"?><Request MajorVersion="1" MinorVersion="0"><Unlock/></Request>\n'
DEBUG:netmiko:read_channel: 
DEBUG:netmiko:read_channel: 
DEBUG:netmiko:read_channel: <?xml version="1.0" encoding="UTF-8"?>
<Response MajorVersion="1" MinorVersion="0"><Unlock/><ResultSummary ErrorCount="0"/></Response>
XML> 
DEBUG:paramiko.transport:[chan 0] EOF sent (0)
DEBUG:paramiko.transport:starting thread (client mode): 0xd2a417f0
DEBUG:paramiko.transport:Local version/idstring: SSH-2.0-paramiko_2.4.2
DEBUG:paramiko.transport:Remote version/idstring: SSH-1.99-Cisco-2.0
INFO:paramiko.transport:Connected (version 1.99, client Cisco-2.0)
DEBUG:paramiko.transport:kex algos:['ecdh-sha2-nistp521', 'ecdh-sha2-nistp384', 'ecdh-sha2-nistp256', 'diffie-hellman-group14-sha1'] server key:['ssh-rsa'] client encrypt:['aes128-ctr', 'aes192-ctr', 'aes256-ctr', 'aes128-gcm@openssh.com', 'aes256-gcm@openssh.com'] server encrypt:['aes128-ctr', 'aes192-ctr', 'aes256-ctr', 'aes128-gcm@openssh.com', 'aes256-gcm@openssh.com'] client mac:['hmac-sha2-512', 'hmac-sha2-256', 'hmac-sha1'] server mac:['hmac-sha2-512', 'hmac-sha2-256', 'hmac-sha1'] client compress:['none'] server compress:['none'] client lang:[''] server lang:[''] kex follows?False
DEBUG:paramiko.transport:Kex agreed: ecdh-sha2-nistp256
DEBUG:paramiko.transport:HostKey agreed: ssh-rsa
DEBUG:paramiko.transport:Cipher agreed: aes128-ctr
DEBUG:paramiko.transport:MAC agreed: hmac-sha2-256
DEBUG:paramiko.transport:Compression agreed: none
DEBUG:paramiko.transport:kex engine KexNistp256 specified hash_algo <built-in function openssl_sha256>
DEBUG:paramiko.transport:Switch to new keys ...
DEBUG:paramiko.transport:Adding ssh-rsa host key for [10.10.20.70]:2231: b'0b7fe057af98893860da3ac18b449501'
DEBUG:paramiko.transport:userauth is OK
INFO:paramiko.transport:Authentication (password) successful!
DEBUG:paramiko.transport:[chan 0] Max packet in: 32768 bytes
DEBUG:paramiko.transport:[chan 0] Max packet out: 32768 bytes
DEBUG:paramiko.transport:Secsh channel 0 opened.
DEBUG:paramiko.transport:[chan 0] Sesch channel 0 request ok
DEBUG:paramiko.transport:[chan 0] Sesch channel 0 request ok
DEBUG:netmiko:read_channel: 

RP/0/RP0/CPU0:r2#
DEBUG:netmiko:read_channel: 
DEBUG:netmiko:read_channel: 
DEBUG:netmiko:read_channel: 
DEBUG:netmiko:write_channel: b'\n'
DEBUG:netmiko:read_channel: 
DEBUG:netmiko:read_channel: 
DEBUG:netmiko:write_channel: b'\n'
DEBUG:netmiko:read_channel: 
DEBUG:netmiko:write_channel: b'\n'
DEBUG:netmiko:read_channel: 

DEBUG:netmiko:write_channel: b'\n'
DEBUG:netmiko:read_channel: 
DEBUG:netmiko:write_channel: b'\n'
DEBUG:netmiko:read_channel: 
DEBUG:netmiko:write_channel: b'\n'
DEBUG:netmiko:read_channel: 
DEBUG:netmiko:write_channel: b'\n'
DEBUG:netmiko:read_channel: RP/0/RP0/CPU0:r2#
RP/0/RP0/CPU0:r2#
RP/0/RP0/CPU0:r2#
DEBUG:netmiko:read_channel: 
DEBUG:netmiko:read_channel: 
DEBUG:netmiko:In disable_paging
DEBUG:netmiko:Command: terminal length 0

DEBUG:netmiko:write_channel: b'terminal length 0\n'
DEBUG:netmiko:Pattern is: RP\/0\/RP0\/CPU0\:r2
DEBUG:netmiko:_read_channel_expect read_data: 

DEBUG:netmiko:_read_channel_expect read_data: RP/0/RP0/CPU0:r2#
RP/0/RP0/CPU0:r2#

DEBUG:netmiko:Pattern found: RP\/0\/RP0\/CPU0\:r2 
RP/0/RP0/CPU0:r2#
RP/0/RP0/CPU0:r2#

DEBUG:netmiko:
RP/0/RP0/CPU0:r2#
RP/0/RP0/CPU0:r2#

DEBUG:netmiko:Exiting disable_paging
DEBUG:netmiko:write_channel: b'terminal width 511\n'
DEBUG:netmiko:Pattern is: RP\/0\/RP0\/CPU0\:r2
DEBUG:netmiko:_read_channel_expect read_data: RP/0/RP0/CPU0:r2#

DEBUG:netmiko:Pattern found: RP\/0\/RP0\/CPU0\:r2 RP/0/RP0/CPU0:r2#

DEBUG:netmiko:read_channel: RP/0/RP0/CPU0:r2#terminal length 0
Fri Oct 16 08:23:48.976 UTC
RP/0/RP0/CPU0:r2#terminal width 511
Fri Oct 16 08:23:49.182 UTC
RP/0/RP0/CPU0:r2#
DEBUG:netmiko:read_channel: 
DEBUG:netmiko:write_channel: b'\n'
DEBUG:netmiko:read_channel: 
DEBUG:netmiko:read_channel: 
DEBUG:netmiko:write_channel: b'\n'
DEBUG:netmiko:read_channel: 
DEBUG:netmiko:write_channel: b'\n'
DEBUG:netmiko:read_channel: 
RP/0/RP0/CPU0:r2#
DEBUG:netmiko:read_channel: 
DEBUG:netmiko:read_channel: 
DEBUG:netmiko:write_channel: b'xml\n'
DEBUG:netmiko:read_channel: 
RP/0/RP0/CPU0:r2#
RP/0/RP0/CPU0:r2#
DEBUG:netmiko:read_channel: 
DEBUG:netmiko:read_channel: xml
Fri Oct 16 08:23:50.359 UTC
XML> 
DEBUG:netmiko:read_channel: 
DEBUG:netmiko:read_channel: 
DEBUG:netmiko:read_channel: 
DEBUG:netmiko:write_channel: b'<?xml version="1.0" encoding="UTF-8"?><Request MajorVersion="1" MinorVersion="0"><Lock/></Request>\n'
DEBUG:netmiko:read_channel: 
DEBUG:netmiko:read_channel: 
DEBUG:netmiko:read_channel: 
DEBUG:netmiko:read_channel: 
DEBUG:netmiko:read_channel: <?xml version="1.0" encoding="UTF-8"?>
<Response MajorVersion="1" MinorVersion="0"><Lock/><ResultSummary ErrorCount="0"/></Response>
XML> 
DEBUG:netmiko:read_channel: 
DEBUG:netmiko:write_channel: b'<?xml version="1.0" encoding="UTF-8"?><Request MajorVersion="1" MinorVersion="0"><CLI><Configuration>interface Bundle-Ether55\n description ===TEST1====\n mtu 9216\n bundle maximum-active links 2\n bundle minimum-active links 1\n\ninterface Bundle-Ether77\n description ===TEST2====\n mtu 9216\n bundle maximum-active links 2\n bundle minimum-active links 1\n\ninterface Bundle-Ether88\n description ===TEST3====\n mtu 9216\n bundle maximum-active links 2\n bundle minimum-active links 1\n\n</Configuration></CLI></Request>\n'
DEBUG:netmiko:read_channel: 
DEBUG:netmiko:read_channel: 
DEBUG:netmiko:read_channel: <?xml version="1.0" encoding="UTF-8"?>
<Response MajorVersion="1" MinorVersion="0"><CLI><Configuration/></CLI><ResultSummary ErrorCount="0"/></Response>
XML> 
DEBUG:netmiko:read_channel: 
DEBUG:netmiko:write_channel: b'<?xml version="1.0" encoding="UTF-8"?><Request MajorVersion="1" MinorVersion="0"><CLI><Configuration>show configuration merge</Configuration></CLI></Request>\n'
DEBUG:netmiko:read_channel: 
DEBUG:netmiko:read_channel: 
DEBUG:netmiko:read_channel: 
DEBUG:netmiko:read_channel: 
DEBUG:netmiko:read_channel: 
DEBUG:netmiko:read_channel: <?xml version="1.0" encoding="UTF-8"?>
<Response MajorVersion="1" MinorVersion="0"><CLI><Configuration>
Building configuration...
!! IOS XR Configuration version = 6.4.1
!! Last configuration change at Fri Oct 16 08:03:09 2020 by admin
!
hostname r2
banner motd ;
--------------------------------------------------------------------------
  Router 2 (Cisco IOS XR Sandbox)
--------------------------------------------------------------------------
;
service timestamps log datetime msec
service timestamps debug datetime msec
username admin
 group root-lr
 group cisco-support
 secret 5 $1$A4C9$oaNorr6BXDruE4gDd086L.
!
line console
 timestamp disable
 exec-timeout 0 0
!
call-home
 service active
 contact smart-licensing
 profile CiscoTAC-1
  active
  destination transport-method http
 !
!
interface Bundle-Ether33
 description ===TEST1====
 mtu 9216
 bundle maximum-active links 2
 bundle minimum-active links 1
!
interface Bundle-Ether33.1
 description 95014353 National Bank Of Kenya-Nakuru
 vrf NBK
 ipv4 address 1.1.1.1 255.255.255.252
 encapsulation dot1q 3021 second-dot1q 3302
!
interface Bundle-Ether33.2
 description 95014354 National Bank Of Kenya Nakuru Hospital ATM
 vrf NBK
 ipv4 address 2.2.2.2 255.255.255.252
 encapsulation dot1q 3021 second-dot1q 3303
!
interface Bundle-Ether55
 description ===TEST1====
 mtu 9216
 bundle maximum-active links 2
 bundle minimum-active links 1
!
interface Bundle-Ether77
 description ===TEST2====
 mtu 9216
 bundle maximum-active links 2
 bundle minimum-active links 1
!
interface Bundle-Ether88
 description ===TEST3====
 mtu 9216
 bundle maximum-active links 2
 bundle minimum-active links 1
!
interface MgmtEth0/RP0/CPU0/0
 description *** MANAGEMENT INTERFACE ***
 ipv4 address dhcp
!
interface GigabitEthernet0/0/0/0
 shutdown
!
interface GigabitEthernet0/0/0/1
 shutdown
!
interface GigabitEthernet0/0/0/2
 shutdown
!
interface GigabitEthernet0/0/0/3
 shutdown
!
interface GigabitEtherne
DEBUG:netmiko:read_channel: t0/0/0/4
 shutdown
!
router static
 address-family ipv4 unicast
  0.0.0.0/0 192.168.122.1
 !
!
xml agent tty
 iteration off
!
netconf-yang agent
 ssh
!
ssh server v2
ssh server netconf vrf default
end

</Configuration></CLI><ResultSummary ErrorCount="0"/></Response>
XML> 
DEBUG:netmiko:read_channel: 
DEBUG:netmiko:write_channel: b'<?xml version="1.0" encoding="UTF-8"?><Request MajorVersion="1" MinorVersion="0"><CLI><Configuration>show running-config</Configuration></CLI></Request>\n'
DEBUG:netmiko:read_channel: 
DEBUG:netmiko:read_channel: 
DEBUG:netmiko:read_channel: 
DEBUG:netmiko:read_channel: 
DEBUG:netmiko:read_channel: <?xml version="1.0" encoding="UTF-8"?>
<Response MajorVersion="1" MinorVersion="0"><CLI><Configuration>
Building configuration...
!! IOS XR Configuration version = 6.4.1
!! Last configuration change at Fri Oct 16 08:03:09 2020 by admin
!
hostname r2
banner motd ;
--------------------------------------------------------------------------
  Router 2 (Cisco IOS XR Sandbox)
--------------------------------------------------------------------------
;
service timestamps log datetime msec
service timestamps debug datetime msec
username admin
 group root-lr
 group cisco-support
 secret 5 $1$A4C9$oaNorr6BXDruE4gDd086L.
!
line console
 timestamp disable
 exec-timeout 0 0
!
call-home
 service active
 contact smart-licensing
 profile CiscoTAC-1
  active
  destination transport-method http
 !
!
interface Bundle-Ether33
 description ===TEST1====
 mtu 9216
 bundle maximum-active links 2
 bundle minimum-active links 1
!
interface Bundle-Ether33.1
 description 95014353 National Bank Of Kenya-Nakuru
 vrf NBK
 ipv4 address 1.1.1.1 255.255.255.252
 encapsulation dot1q 3021 second-dot1q 3302
!
interface Bundle-Ether33.2
 description 95014354 National Bank Of Kenya Nakuru Hospital ATM
 vrf NBK
 ipv4 address 2.2.2.2 255.255.255.252
 encapsulation dot1q 3021 second-dot1q 3303
!
interface Bundle-Ether55
 description ===TEST1====
 mtu 9216
 bundle maximum-active links 2
 bundle minimum-active links 1
!
interface MgmtEth0/RP0/CPU0/0
 description *** MANAGEMENT INTERFACE ***
 ipv4 address dhcp
!
interface GigabitEthernet0/0/0/0
 shutdown
!
interface GigabitEthernet0/0/0/1
 shutdown
!
interface GigabitEthernet0/0/0/2
 shutdown
!
interface GigabitEthernet0/0/0/3
 shutdown
!
interface GigabitEthernet0/0/0/4
 shutdown
!
router static
 address-family ipv4 unicast
  0.0.0.0/0 192.168.122.1
 !
!
xml agent tty
 iteration off
!
netconf-yang agent
 ssh
!
ssh server v2
ssh server netconf vrf default
end

</Configuration></CLI><ResultSummary ErrorCount="0"/></Response>
XML> 
DEBUG:netmiko:read_channel: 
DEBUG:netmiko:write_channel: b'<?xml version="1.0" encoding="UTF-8"?><Request MajorVersion="1" MinorVersion="0"><Commit/></Request>\n'
DEBUG:netmiko:read_channel: 
DEBUG:netmiko:read_channel: 
DEBUG:netmiko:read_channel: 
DEBUG:netmiko:read_channel: <?xml version="1.0" encoding="UTF-8"?>
<Response MajorVersion="1" MinorVersion="0"><Commit CommitID="1000000016"/><ResultSummary ErrorCount="0"/></Response>
XML> 
DEBUG:netmiko:read_channel: 
DEBUG:netmiko:write_channel: b'<?xml version="1.0" encoding="UTF-8"?><Request MajorVersion="1" MinorVersion="0"><Unlock/></Request>\n'
DEBUG:netmiko:read_channel: 
DEBUG:netmiko:read_channel: 
DEBUG:netmiko:read_channel: <?xml version="1.0" encoding="UTF-8"?>
<Response MajorVersion="1" MinorVersion="0"><Unlock/><ResultSummary ErrorCount="0"/></Response>
XML> 
DEBUG:paramiko.transport:[chan 0] EOF sent (0)
DEBUG:paramiko.transport:starting thread (client mode): 0xa065c7f0
DEBUG:paramiko.transport:Local version/idstring: SSH-2.0-paramiko_2.4.2
DEBUG:paramiko.transport:Remote version/idstring: SSH-1.99-Cisco-2.0
INFO:paramiko.transport:Connected (version 1.99, client Cisco-2.0)
DEBUG:paramiko.transport:kex algos:['ecdh-sha2-nistp521', 'ecdh-sha2-nistp384', 'ecdh-sha2-nistp256', 'diffie-hellman-group14-sha1'] server key:['ssh-rsa'] client encrypt:['aes128-ctr', 'aes192-ctr', 'aes256-ctr', 'aes128-gcm@openssh.com', 'aes256-gcm@openssh.com'] server encrypt:['aes128-ctr', 'aes192-ctr', 'aes256-ctr', 'aes128-gcm@openssh.com', 'aes256-gcm@openssh.com'] client mac:['hmac-sha2-512', 'hmac-sha2-256', 'hmac-sha1'] server mac:['hmac-sha2-512', 'hmac-sha2-256', 'hmac-sha1'] client compress:['none'] server compress:['none'] client lang:[''] server lang:[''] kex follows?False
DEBUG:paramiko.transport:Kex agreed: ecdh-sha2-nistp256
DEBUG:paramiko.transport:HostKey agreed: ssh-rsa
DEBUG:paramiko.transport:Cipher agreed: aes128-ctr
DEBUG:paramiko.transport:MAC agreed: hmac-sha2-256
DEBUG:paramiko.transport:Compression agreed: none
DEBUG:paramiko.transport:kex engine KexNistp256 specified hash_algo <built-in function openssl_sha256>
DEBUG:paramiko.transport:Switch to new keys ...
DEBUG:paramiko.transport:Adding ssh-rsa host key for [10.10.20.70]:2231: b'0b7fe057af98893860da3ac18b449501'
DEBUG:paramiko.transport:userauth is OK
INFO:paramiko.transport:Authentication (password) successful!
DEBUG:paramiko.transport:[chan 0] Max packet in: 32768 bytes
DEBUG:paramiko.transport:[chan 0] Max packet out: 32768 bytes
DEBUG:paramiko.transport:Secsh channel 0 opened.
DEBUG:paramiko.transport:[chan 0] Sesch channel 0 request ok
DEBUG:paramiko.transport:[chan 0] Sesch channel 0 request ok
DEBUG:netmiko:read_channel: 

RP/0/RP0/CPU0:r2#
DEBUG:netmiko:read_channel: 
DEBUG:netmiko:read_channel: 
DEBUG:netmiko:read_channel: 
DEBUG:netmiko:write_channel: b'\n'
DEBUG:netmiko:read_channel: 
DEBUG:netmiko:read_channel: 
DEBUG:netmiko:write_channel: b'\n'
DEBUG:netmiko:read_channel: 
DEBUG:netmiko:write_channel: b'\n'
DEBUG:netmiko:read_channel: 
DEBUG:netmiko:write_channel: b'\n'
DEBUG:netmiko:read_channel: 
RP/0/RP0/CPU0:r2#
DEBUG:netmiko:read_channel: 
DEBUG:netmiko:read_channel: 
RP/0/RP0/CPU0:r2#
RP/0/RP0/CPU0:r2#
RP/0/RP0/CPU0:r2#
DEBUG:netmiko:In disable_paging
DEBUG:netmiko:Command: terminal length 0

DEBUG:netmiko:write_channel: b'terminal length 0\n'
DEBUG:netmiko:Pattern is: RP\/0\/RP0\/CPU0\:r2
DEBUG:netmiko:_read_channel_expect read_data: terminal length 0

DEBUG:netmiko:_read_channel_expect read_data: Fri Oct 16 08:57:21.491 UTC

DEBUG:netmiko:_read_channel_expect read_data: RP/0/RP0/CPU0:r2#
DEBUG:netmiko:Pattern found: RP\/0\/RP0\/CPU0\:r2 terminal length 0
Fri Oct 16 08:57:21.491 UTC
RP/0/RP0/CPU0:r2#
DEBUG:netmiko:terminal length 0
Fri Oct 16 08:57:21.491 UTC
RP/0/RP0/CPU0:r2#
DEBUG:netmiko:Exiting disable_paging
DEBUG:netmiko:write_channel: b'terminal width 511\n'
DEBUG:netmiko:Pattern is: RP\/0\/RP0\/CPU0\:r2
DEBUG:netmiko:_read_channel_expect read_data: terminal width 511

DEBUG:netmiko:_read_channel_expect read_data: Fri Oct 16 08:57:21.914 UTC
RP/0/RP0/CPU0:r2#
DEBUG:netmiko:Pattern found: RP\/0\/RP0\/CPU0\:r2 terminal width 511
Fri Oct 16 08:57:21.914 UTC
RP/0/RP0/CPU0:r2#
DEBUG:netmiko:read_channel: 
DEBUG:netmiko:read_channel: 
DEBUG:netmiko:write_channel: b'\n'
DEBUG:netmiko:read_channel: 
DEBUG:netmiko:read_channel: 
DEBUG:netmiko:write_channel: b'\n'
DEBUG:netmiko:read_channel: 
DEBUG:netmiko:write_channel: b'\n'
DEBUG:netmiko:read_channel: 
RP/0/RP0/CPU0:r2#
DEBUG:netmiko:read_channel: 
DEBUG:netmiko:read_channel: 
DEBUG:netmiko:write_channel: b'xml\n'
DEBUG:netmiko:read_channel: 
RP/0/RP0/CPU0:r2#
RP/0/RP0/CPU0:r2#
DEBUG:netmiko:read_channel: 
DEBUG:netmiko:read_channel: xml
Fri Oct 16 08:57:23.048 UTC
XML> 
DEBUG:netmiko:read_channel: 
DEBUG:netmiko:read_channel: 
DEBUG:netmiko:read_channel: 
DEBUG:netmiko:write_channel: b'<?xml version="1.0" encoding="UTF-8"?><Request MajorVersion="1" MinorVersion="0"><Lock/></Request>\n'
DEBUG:netmiko:read_channel: 
DEBUG:netmiko:read_channel: 
DEBUG:netmiko:read_channel: <?xml version="1.0" encoding="UTF-8"?>
<Response MajorVersion="1" MinorVersion="0"><Lock/><ResultSummary ErrorCount="0"/></Response>
XML> 
DEBUG:netmiko:read_channel: 
DEBUG:netmiko:write_channel: b'<?xml version="1.0" encoding="UTF-8"?><Request MajorVersion="1" MinorVersion="0"><CLI><Configuration>interface Bundle-Ether588\n description ===TEST4====\n mtu 9216\n bundle maximum-active links 2\n bundle minimum-active links 1\n\ninterface Bundle-Ether774\n description ===TEST5====\n mtu 9216\n bundle maximum-active links 2\n bundle minimum-active links 1\n\n</Configuration></CLI></Request>\n'
DEBUG:netmiko:read_channel: 
DEBUG:netmiko:read_channel: 
DEBUG:netmiko:read_channel: <?xml version="1.0" encoding="UTF-8"?>
<Response MajorVersion="1" MinorVersion="0"><CLI><Configuration/></CLI><ResultSummary ErrorCount="0"/></Response>
XML> 
DEBUG:netmiko:read_channel: 
DEBUG:netmiko:write_channel: b'<?xml version="1.0" encoding="UTF-8"?><Request MajorVersion="1" MinorVersion="0"><CLI><Configuration>show configuration merge</Configuration></CLI></Request>\n'
DEBUG:netmiko:read_channel: 
DEBUG:netmiko:read_channel: 
DEBUG:netmiko:read_channel: 
DEBUG:netmiko:read_channel: 
DEBUG:netmiko:read_channel: 
DEBUG:netmiko:read_channel: <?xml version="1.0" encoding="UTF-8"?>
<Response MajorVersion="1" MinorVersion="0"><CLI><Configuration>
Building configuration...
!! IOS XR Configuration version = 6.4.1
!! Last configuration change at Fri Oct 16 08:24:14 2020 by admin
!
hostname r2
banner motd ;
--------------------------------------------------------------------------
  Router 2 (Cisco IOS XR Sandbox)
--------------------------------------------------------------------------
;
service timestamps log datetime msec
service timestamps debug datetime msec
username admin
 group root-lr
 group cisco-support
 secret 5 $1$A4C9$oaNorr6BXDruE4gDd086L.
!
line console
 timestamp disable
 exec-timeout 0 0
!
call-home
 service active
 contact smart-licensing
 profile CiscoTAC-1
  active
  destination transport-method http
 !
!
interface Bundle-Ether33
 description ===TEST1====
 mtu 9216
 bundle maximum-active links 2
 bundle minimum-active links 1
!
interface Bundle-Ether33.1
 description 95014353 National Bank Of Kenya-Nakuru
 vrf NBK
 ipv4 address 1.1.1.1 255.255.255.252
 encapsulation dot1q 3021 second-dot1q 3302
!
interface Bundle-Ether33.2
 description 95014354 National Bank Of Kenya Nakuru Hospital ATM
 vrf NBK
 ipv4 address 2.2.2.2 255.255.255.252
 encapsulation dot1q 3021 second-dot1q 3303
!
interface Bundle-Ether55
 description ===TEST1====
 mtu 9216
 bundle maximum-active links 2
 bundle minimum-active links 1
!
interface Bundle-Ether77
 description ===TEST2====
 mtu 9216
 bundle maximum-active links 2
 bundle minimum-active links 1
!
interface Bundle-Ether88
 description ===TEST3====
 mtu 9216
 bundle maximum-active links 2
 bundle minimum-active links 1
!
interface Bundle-Ether588
 description ===TEST4====
 mtu 9216
 bundle maximum-active links 2
 bundle minimum-active links 1
!
interface Bundle-Ether774
 description ===TEST5====
 mtu 9216
 bundle maximum-active links 2
 bundle minimum-active links 1
!
interface MgmtEth0/RP0/CPU0/0
 description *** MANAGEMENT INTERFACE ***
 ipv4 address dhcp
!
interface GigabitEthernet0/0/0/0
 shutdown
!
interface GigabitEthernet0/0/0/1
 shutdown
!
interface GigabitEthernet0/0/0/2
 shutdown
!
interface GigabitEthernet0/0/0/3
 shutdown
!
interface GigabitEthernet0/0/0/4
 shutdown
!
router static
 address-family ipv4 unicast
  0.0.0.0/0 192.168.122.1
 !
!
xml agent tty
 iteration off
!
netconf-yang agent
 ssh
!
ssh server v2
ssh server netconf vrf default
end

</Configuration></CLI><ResultSummary ErrorCount="0"/></Response>
XML> 
DEBUG:netmiko:read_channel: 
DEBUG:netmiko:write_channel: b'<?xml version="1.0" encoding="UTF-8"?><Request MajorVersion="1" MinorVersion="0"><CLI><Configuration>show running-config</Configuration></CLI></Request>\n'
DEBUG:netmiko:read_channel: 
DEBUG:netmiko:read_channel: 
DEBUG:netmiko:read_channel: 
DEBUG:netmiko:read_channel: 
DEBUG:netmiko:read_channel: 
DEBUG:netmiko:read_channel: <?xml version="1.0" encoding="UTF-8"?>
<Response MajorVersion="1" MinorVersion="0"><CLI><Configuration>
Building configuration...
!! IOS XR Configuration version = 6.4.1
!! Last configuration change at Fri Oct 16 08:24:14 2020 by admin
!
hostname r2
banner motd ;
--------------------------------------------------------------------------
  Router 2 (Cisco IOS XR Sandbox)
--------------------------------------------------------------------------
;
service timestamps log datetime msec
service timestamps debug datetime msec
username admin
 group root-lr
 group cisco-support
 secret 5 $1$A4C9$oaNorr6BXDruE4gDd086L.
!
line console
 timestamp disable
 exec-timeout 0 0
!
call-home
 service active
 contact smart-licensing
 profile CiscoTAC-1
  active
  destination transport-method http
 !
!
interface Bundle-Ether33
 description ===TEST1====
 mtu 9216
 bundle maximum-active links 2
 bundle minimum-active links 1
!
interface Bundle-Ether33.1
 description 95014353 National Bank Of Kenya-Nakuru
 vrf NBK
 ipv4 address 1.1.1.1 255.255.255.252
 encapsulation dot1q 3021 second-dot1q 3302
!
interface Bundle-Ether33.2
 description 95014354 National Bank Of Kenya Nakuru Hospital ATM
 vrf NBK
 ipv4 address 2.2.2.2 255.255.255.252
 encapsulation dot1q 3021 second-dot1q 3303
!
interface Bundle-Ether55
 description ===TEST1====
 mtu 9216
 bundle maximum-active links 2
 bundle minimum-active links 1
!
interface Bundle-Ether77
 description ===TEST2====
 mtu 9216
 bundle maximum-active links 2
 bundle minimum-active links 1
!
interface Bundle-Ether88
 description ===TEST3====
 mtu 9216
 bundle maximum-active links 2
 bundle minimum-active links 1
!
interface MgmtEth0/RP0/CPU0/0
 description *** MANAGEMENT INTERFACE ***
 ipv4 address dhcp
!
interface GigabitEthernet0/0/0/0
 shutdown
!
interface GigabitEthernet0/0/0/1
 shutdown
!
interface GigabitEthernet0/0/0/2
 shutdown
!
interface GigabitEthernet0/0/0/3
 shutdown
!
interface GigabitEthernet0/0/0/4
 shutdown
!
router static
 address-family ipv4 unicast
  0.0.0.0/0 192.168.122.1
 !
!
xml agent tty
 iteration off
!
netconf-yang agent
 ssh
!
ssh server v2
ssh server netconf vrf default
end

</Configuration></CLI><ResultSummary ErrorCount="0"/></Response>
XML> 
DEBUG:netmiko:read_channel: 
DEBUG:netmiko:write_channel: b'<?xml version="1.0" encoding="UTF-8"?><Request MajorVersion="1" MinorVersion="0"><Commit/></Request>\n'
DEBUG:netmiko:read_channel: 
DEBUG:netmiko:read_channel: 
DEBUG:netmiko:read_channel: 
DEBUG:netmiko:read_channel: <?xml version="1.0" encoding="UTF-8"?>
<Response MajorVersion="1" MinorVersion="0"><Commit CommitID="1000000017"/><ResultSummary ErrorCount="0"/></Response>
XML> 
DEBUG:netmiko:read_channel: 
DEBUG:netmiko:write_channel: b'<?xml version="1.0" encoding="UTF-8"?><Request MajorVersion="1" MinorVersion="0"><Unlock/></Request>\n'
DEBUG:netmiko:read_channel: 
DEBUG:netmiko:read_channel: 
DEBUG:netmiko:read_channel: <?xml version="1.0" encoding="UTF-8"?>
<Response MajorVersion="1" MinorVersion="0"><Unlock/><ResultSummary ErrorCount="0"/></Response>
XML> 
DEBUG:paramiko.transport:[chan 0] EOF sent (0)
DEBUG:paramiko.transport:starting thread (client mode): 0x8f00d550
DEBUG:paramiko.transport:Local version/idstring: SSH-2.0-paramiko_2.4.2
DEBUG:paramiko.transport:Remote version/idstring: SSH-1.99-Cisco-2.0
INFO:paramiko.transport:Connected (version 1.99, client Cisco-2.0)
DEBUG:paramiko.transport:kex algos:['ecdh-sha2-nistp521', 'ecdh-sha2-nistp384', 'ecdh-sha2-nistp256', 'diffie-hellman-group14-sha1'] server key:['ssh-rsa'] client encrypt:['aes128-ctr', 'aes192-ctr', 'aes256-ctr', 'aes128-gcm@openssh.com', 'aes256-gcm@openssh.com'] server encrypt:['aes128-ctr', 'aes192-ctr', 'aes256-ctr', 'aes128-gcm@openssh.com', 'aes256-gcm@openssh.com'] client mac:['hmac-sha2-512', 'hmac-sha2-256', 'hmac-sha1'] server mac:['hmac-sha2-512', 'hmac-sha2-256', 'hmac-sha1'] client compress:['none'] server compress:['none'] client lang:[''] server lang:[''] kex follows?False
DEBUG:paramiko.transport:Kex agreed: ecdh-sha2-nistp256
DEBUG:paramiko.transport:HostKey agreed: ssh-rsa
DEBUG:paramiko.transport:Cipher agreed: aes128-ctr
DEBUG:paramiko.transport:MAC agreed: hmac-sha2-256
DEBUG:paramiko.transport:Compression agreed: none
DEBUG:paramiko.transport:kex engine KexNistp256 specified hash_algo <built-in function openssl_sha256>
DEBUG:paramiko.transport:Switch to new keys ...
DEBUG:paramiko.transport:Adding ssh-rsa host key for [10.10.20.70]:2231: b'0b7fe057af98893860da3ac18b449501'
DEBUG:paramiko.transport:userauth is OK
INFO:paramiko.transport:Authentication (password) successful!
DEBUG:paramiko.transport:[chan 0] Max packet in: 32768 bytes
DEBUG:paramiko.transport:[chan 0] Max packet out: 32768 bytes
DEBUG:paramiko.transport:Secsh channel 0 opened.
DEBUG:paramiko.transport:[chan 0] Sesch channel 0 request ok
DEBUG:paramiko.transport:[chan 0] Sesch channel 0 request ok
DEBUG:netmiko:read_channel: 

RP/0/RP0/CPU0:r2#
DEBUG:netmiko:read_channel: 
DEBUG:netmiko:read_channel: 
DEBUG:netmiko:read_channel: 
DEBUG:netmiko:write_channel: b'\n'
DEBUG:netmiko:read_channel: 
DEBUG:netmiko:read_channel: 
DEBUG:netmiko:write_channel: b'\n'
DEBUG:netmiko:read_channel: 
DEBUG:netmiko:write_channel: b'\n'
DEBUG:netmiko:read_channel: 
RP/0/RP0/CPU0:r2#
DEBUG:netmiko:read_channel: 
DEBUG:netmiko:read_channel: 
DEBUG:netmiko:In disable_paging
DEBUG:netmiko:Command: terminal length 0

DEBUG:netmiko:write_channel: b'terminal length 0\n'
DEBUG:netmiko:Pattern is: RP\/0\/RP0\/CPU0\:r2
DEBUG:netmiko:_read_channel_expect read_data: 

DEBUG:netmiko:_read_channel_expect read_data: RP/0/RP0/CPU0:r2#
RP/0/RP0/CPU0:r2#
DEBUG:netmiko:Pattern found: RP\/0\/RP0\/CPU0\:r2 
RP/0/RP0/CPU0:r2#
RP/0/RP0/CPU0:r2#
DEBUG:netmiko:
RP/0/RP0/CPU0:r2#
RP/0/RP0/CPU0:r2#
DEBUG:netmiko:Exiting disable_paging
DEBUG:netmiko:write_channel: b'terminal width 511\n'
DEBUG:netmiko:Pattern is: RP\/0\/RP0\/CPU0\:r2
DEBUG:netmiko:_read_channel_expect read_data: terminal length 0

DEBUG:netmiko:_read_channel_expect read_data: Tue Nov  3 12:57:58.448 UTC

DEBUG:netmiko:_read_channel_expect read_data: RP/0/RP0/CPU0:r2#
DEBUG:netmiko:Pattern found: RP\/0\/RP0\/CPU0\:r2 terminal length 0
Tue Nov  3 12:57:58.448 UTC
RP/0/RP0/CPU0:r2#
DEBUG:netmiko:read_channel: terminal width 511
Tue Nov  3 12:57:58.743 UTC
RP/0/RP0/CPU0:r2#
DEBUG:netmiko:read_channel: 
DEBUG:netmiko:write_channel: b'\n'
DEBUG:netmiko:read_channel: 
DEBUG:netmiko:read_channel: 
DEBUG:netmiko:write_channel: b'\n'
DEBUG:netmiko:read_channel: 
DEBUG:netmiko:write_channel: b'\n'
DEBUG:netmiko:read_channel: 
DEBUG:netmiko:write_channel: b'\n'
DEBUG:netmiko:read_channel: 
RP/0/RP0/CPU0:r2#
DEBUG:netmiko:read_channel: 
DEBUG:netmiko:read_channel: 
DEBUG:netmiko:write_channel: b'xml\n'
DEBUG:netmiko:read_channel: 
DEBUG:netmiko:read_channel: 

RP/0/RP0/CPU0:r2#
RP/0/RP0/CPU0:r2#
RP/0/RP0/CPU0:r2#xml
Tue Nov  3 12:57:59.848 UTC
ERROR: 0x24319600 'XML-TTY' detected the 'informational' condition 'The XML TTY Agent has not yet been started.  Check that the configuration 'xml agent tty' has been committed.'
RP/0/RP0/CPU0:r2#
DEBUG:netmiko:read_channel: 
DEBUG:netmiko:read_channel: 
DEBUG:paramiko.transport:starting thread (client mode): 0xa46347f0
DEBUG:paramiko.transport:Local version/idstring: SSH-2.0-paramiko_2.4.2
DEBUG:paramiko.transport:Remote version/idstring: SSH-1.99-Cisco-2.0
INFO:paramiko.transport:Connected (version 1.99, client Cisco-2.0)
DEBUG:paramiko.transport:kex algos:['ecdh-sha2-nistp521', 'ecdh-sha2-nistp384', 'ecdh-sha2-nistp256', 'diffie-hellman-group14-sha1'] server key:['ssh-rsa'] client encrypt:['aes128-ctr', 'aes192-ctr', 'aes256-ctr', 'aes128-gcm@openssh.com', 'aes256-gcm@openssh.com'] server encrypt:['aes128-ctr', 'aes192-ctr', 'aes256-ctr', 'aes128-gcm@openssh.com', 'aes256-gcm@openssh.com'] client mac:['hmac-sha2-512', 'hmac-sha2-256', 'hmac-sha1'] server mac:['hmac-sha2-512', 'hmac-sha2-256', 'hmac-sha1'] client compress:['none'] server compress:['none'] client lang:[''] server lang:[''] kex follows?False
DEBUG:paramiko.transport:Kex agreed: ecdh-sha2-nistp256
DEBUG:paramiko.transport:HostKey agreed: ssh-rsa
DEBUG:paramiko.transport:Cipher agreed: aes128-ctr
DEBUG:paramiko.transport:MAC agreed: hmac-sha2-256
DEBUG:paramiko.transport:Compression agreed: none
DEBUG:paramiko.transport:kex engine KexNistp256 specified hash_algo <built-in function openssl_sha256>
DEBUG:paramiko.transport:Switch to new keys ...
DEBUG:paramiko.transport:Adding ssh-rsa host key for [10.10.20.70]:2231: b'0b7fe057af98893860da3ac18b449501'
DEBUG:paramiko.transport:userauth is OK
INFO:paramiko.transport:Authentication (password) successful!
DEBUG:paramiko.transport:[chan 0] Max packet in: 32768 bytes
DEBUG:paramiko.transport:[chan 0] Max packet out: 32768 bytes
DEBUG:paramiko.transport:Secsh channel 0 opened.
DEBUG:paramiko.transport:[chan 0] Sesch channel 0 request ok
DEBUG:paramiko.transport:[chan 0] Sesch channel 0 request ok
DEBUG:netmiko:read_channel: 

RP/0/RP0/CPU0:r2#
DEBUG:netmiko:read_channel: 
DEBUG:netmiko:read_channel: 
DEBUG:netmiko:read_channel: 
DEBUG:netmiko:write_channel: b'\n'
DEBUG:netmiko:read_channel: 
DEBUG:netmiko:read_channel: 
DEBUG:netmiko:write_channel: b'\n'
DEBUG:netmiko:read_channel: 
DEBUG:netmiko:write_channel: b'\n'
DEBUG:netmiko:read_channel: 
RP/0/RP0/CPU0:r2#
DEBUG:netmiko:read_channel: 
DEBUG:netmiko:read_channel: 
RP/0/RP0/CPU0:r2#
RP/0/RP0/CPU0:r2#
DEBUG:netmiko:In disable_paging
DEBUG:netmiko:Command: terminal length 0

DEBUG:netmiko:write_channel: b'terminal length 0\n'
DEBUG:netmiko:Pattern is: RP\/0\/RP0\/CPU0\:r2
DEBUG:netmiko:_read_channel_expect read_data: terminal length 0

DEBUG:netmiko:_read_channel_expect read_data: Tue Nov  3 12:59:31.035 UTC

DEBUG:netmiko:_read_channel_expect read_data: RP/0/RP0/CPU0:r2#
DEBUG:netmiko:Pattern found: RP\/0\/RP0\/CPU0\:r2 terminal length 0
Tue Nov  3 12:59:31.035 UTC
RP/0/RP0/CPU0:r2#
DEBUG:netmiko:terminal length 0
Tue Nov  3 12:59:31.035 UTC
RP/0/RP0/CPU0:r2#
DEBUG:netmiko:Exiting disable_paging
DEBUG:netmiko:write_channel: b'terminal width 511\n'
DEBUG:netmiko:Pattern is: RP\/0\/RP0\/CPU0\:r2
DEBUG:netmiko:_read_channel_expect read_data: terminal width 511

DEBUG:netmiko:_read_channel_expect read_data: Tue Nov  3 12:59:31.508 UTC
RP/0/RP0/CPU0:r2#
DEBUG:netmiko:Pattern found: RP\/0\/RP0\/CPU0\:r2 terminal width 511
Tue Nov  3 12:59:31.508 UTC
RP/0/RP0/CPU0:r2#
DEBUG:netmiko:read_channel: 
DEBUG:netmiko:read_channel: 
DEBUG:netmiko:write_channel: b'\n'
DEBUG:netmiko:read_channel: 
DEBUG:netmiko:read_channel: 
DEBUG:netmiko:write_channel: b'\n'
DEBUG:netmiko:read_channel: 
DEBUG:netmiko:write_channel: b'\n'
DEBUG:netmiko:read_channel: 
RP/0/RP0/CPU0:r2#
DEBUG:netmiko:read_channel: 
DEBUG:netmiko:read_channel: 
DEBUG:netmiko:write_channel: b'xml\n'
DEBUG:netmiko:read_channel: 
RP/0/RP0/CPU0:r2#
RP/0/RP0/CPU0:r2#
DEBUG:netmiko:read_channel: 
DEBUG:netmiko:read_channel: xml
Tue Nov  3 12:59:32.608 UTC
XML> 
DEBUG:netmiko:read_channel: 
DEBUG:netmiko:read_channel: 
DEBUG:netmiko:read_channel: 
DEBUG:netmiko:write_channel: b'<?xml version="1.0" encoding="UTF-8"?><Request MajorVersion="1" MinorVersion="0"><Lock/></Request>\n'
DEBUG:netmiko:read_channel: 
DEBUG:netmiko:read_channel: 
DEBUG:netmiko:read_channel: <?xml version="1.0" encoding="UTF-8"?>
<Response MajorVersion="1" MinorVersion="0"><Lock/><ResultSummary ErrorCount="0"/></Response>
XML> 
DEBUG:netmiko:read_channel: 
DEBUG:netmiko:write_channel: b'<?xml version="1.0" encoding="UTF-8"?><Request MajorVersion="1" MinorVersion="0"><CLI><Configuration>interface Bundle-Ether588\n description ===TEST4====\n mtu 9216\n bundle maximum-active links 2\n bundle minimum-active links 1\n\ninterface Bundle-Ether774\n description ===TEST5====\n mtu 9216\n mlacp switchover type revertive\n bundle maximum-active links 2\n bundle minimum-active links 1\n!\ninterface Bundle-Ether33.1\n description 95014353 National Bank Of Kenya-Nakuru\n vrf NBK\n ipv4 address 1.1.1.1 255.255.255.252\n encapsulation dot1q 3021 second-dot1q 3302\n!\ninterface Bundle-Ether33.2\n description 95014354 National Bank Of Kenya Nakuru Hospital ATM\n vrf NBK\n ipv4 address 2.2.2.2 255.255.255.252\n encapsulation dot1q 3021 second-dot1q 3303\n!\ninterface Bundle-Ether33.3\n description 95014450_Jamii_Bora_Bank-Nakuru_Backup\n vrf JAMII_BORA\n ipv4 address 172.30.17.53 255.255.255.252\n encapsulation dot1q 3021 second-dot1q 3304\n!\ninterface Bundle-Ether33.4\n description 95015815 NBK-Westside Mall Nakuru ATM\n vrf NBK\n ipv4 address 172.30.17.77 255.255.255.252\n encapsulation dot1q 3021 second-dot1q 3311\n!\ninterface Bundle-Ether33.5\n description NACC Nakuru\n vrf NACC\n ipv4 address 5.5.5.5 255.255.255.252\n encapsulation dot1q 3021 second-dot1q 3314\n!\ninterface MgmtEth0/0/CPU0/0\n ipv4 address 10.10.20.71 255.255.255.0\n!\ninterface GigabitEthernet0/0/0/0\n bundle id 33 mode on\n!\ninterface GigabitEthernet0/0/0/1\n bundle id 33 mode on\n!\ninterface GigabitEthernet0/0/0/2\n shutdown\n!\ninterface GigabitEthernet0/0/0/3\n shutdown\n!\ninterface GigabitEthernet0/0/0/4\n shutdown\n!\ninterface GigabitEthernet0/0/0/5\n shutdown\n!\ninterface GigabitEthernet0/0/0/6\n shutdown\n!\ninterface GigabitEthernet0/0/0/7\n shutdown\n!\nrouter eigrp 200\n address-family ipv4\n !\n vrf NBK\n  address-family ipv4\n   default-metric 1024 100 255 1 1500\n   autonomous-system 500\n   redistribute connected\n   redistribute static\n   interface Bundle-Ether33.1\n   !\n   interface Bundle-Ether33.2\n   !\n   interface Bundle-Ether33.4\n   !\n  !\n !\n!\nssh server v2\nend\n\n</Configuration></CLI></Request>\n'
DEBUG:netmiko:read_channel: 
DEBUG:netmiko:read_channel: 
DEBUG:netmiko:read_channel: <?xml version="1.0" encoding="UTF-8"?>
<Response MajorVersion="1" MinorVersion="0"><CLI><Configuration/></CLI><ResultSummary ErrorCount="0"/></Response>
XML> 
DEBUG:netmiko:read_channel: 
DEBUG:netmiko:write_channel: b'<?xml version="1.0" encoding="UTF-8"?><Request MajorVersion="1" MinorVersion="0"><CLI><Configuration>show configuration merge</Configuration></CLI></Request>\n'
DEBUG:netmiko:read_channel: 
DEBUG:netmiko:read_channel: 
DEBUG:netmiko:read_channel: 
DEBUG:netmiko:read_channel: 
DEBUG:netmiko:read_channel: 
DEBUG:netmiko:read_channel: <?xml version="1.0" encoding="UTF-8"?>
<Response MajorVersion="1" MinorVersion="0"><CLI><Configuration>
Building configuration...
!! IOS XR Configuration version = 6.4.1
!! Last configuration change at Tue Nov  3 12:59:19 2020 by admin
!
hostname r2
banner motd ;
--------------------------------------------------------------------------
  Router 2 (Cisco IOS XR Sandbox)
--------------------------------------------------------------------------
;
service timestamps log datetime msec
service timestamps debug datetime msec
username admin
 group root-lr
 group cisco-support
 secret 5 $1$A4C9$oaNorr6BXDruE4gDd086L.
!
line console
 timestamp disable
 exec-timeout 0 0
!
call-home
 service active
 contact smart-licensing
 profile CiscoTAC-1
  active
  destination transport-method http
 !
!
interface Bundle-Ether33.1
 description 95014353 National Bank Of Kenya-Nakuru
 vrf NBK
 ipv4 address 1.1.1.1 255.255.255.252
 encapsulation dot1q 3021 second-dot1q 3302
!
interface Bun
DEBUG:netmiko:read_channel: 
DEBUG:netmiko:read_channel: dle-Ether33.2
 description 95014354 National Bank Of Kenya Nakuru Hospital ATM
 vrf NBK
 ipv4 address 2.2.2.2 255.255.255.252
 encapsulation dot1q 3021 second-dot1q 3303
!
interface Bundle-Ether33.3
 description 95014450_Jamii_Bora_Bank-Nakuru_Backup
 vrf JAMII_BORA
 ipv4 address 172.30.17.53 255.255.255.252
 encapsulation dot1q 3021 second-dot1q 3304
!
interface Bundle-Ether33.4
 description 95015815 NBK-Westside Mall Nakuru ATM
 vrf NBK
 ipv4 address 172.30.17.77 255.255.255.252
 encapsulation dot1q 3021 second-dot1q 3311
!
interface Bundle-Ether33.5
 description NACC Nakuru
 vrf NACC
 ipv4 address 5.5.5.5 255.255.255.252
 encapsulation dot1q 3021 second-dot1q 3314
!
interface Bundle-Ether588
 description ===TEST4====
 mtu 9216
 bundle maximum-active links 2
 bundle minimum-active links 1
!
interface Bundle-Ether774
 description ===TEST5====
 mtu 9216
 mlacp switchover type revertive
 bundle maximum-active links 2
 bundle minimum-active links 1
!
interface MgmtEth0/RP0/CPU0/0
 description *** MANAGEMENT INTERFACE ***
 ipv4 address dhcp
!
interface MgmtEth0/0/CPU0/0
 ipv4 address 10.10.20.71 255.255.255.0
!
interface GigabitEthernet0/0/0/0
 bundle id 33 mode on
 shutdown
!
interface GigabitEthernet0/0/0/1
 bundle id 33 mode on
 shutdown
!
interface GigabitEthernet0/0/0/2
 shutdown
!
interface GigabitEthernet0/0/0/3
 shutdown
!
interface GigabitEthernet0/0/0/4
 shutdown
!
interface GigabitEthernet0/0/0/5
 shutdown
!
interface GigabitEthernet0/0/0/6
 shutdown
!
interface GigabitEthernet0/0/0/7
 shutdown
!
router static
 address-family ipv4 unicast
  0.0.0.0/0 192.168.122.1
 !
!
xml agent tty
 iteration off
!
netconf-yang agent
 ssh
!
ssh server v2
ssh server netconf vrf default
router eigrp 200
 address-family ipv4
 !
 vrf NBK
  address-family ipv4
   default-metric 1024 100 255 1 1500
   autonomous-system 500
   redistribute connected
   redistribute static
   interface Bundle-Ether33.1
   !
   interface Bundle-Ether33.2
   !
   interface Bundle-Ether33.4
   !
  !
 !
!
end

</Configuration></CLI><ResultSummary ErrorCount="0"/></Response>
XML> 
DEBUG:netmiko:read_channel: 
DEBUG:netmiko:write_channel: b'<?xml version="1.0" encoding="UTF-8"?><Request MajorVersion="1" MinorVersion="0"><CLI><Configuration>show running-config</Configuration></CLI></Request>\n'
DEBUG:netmiko:read_channel: 
DEBUG:netmiko:read_channel: 
DEBUG:netmiko:read_channel: 
DEBUG:netmiko:read_channel: 
DEBUG:netmiko:read_channel: 
DEBUG:netmiko:read_channel: <?xml version="1.0" encoding="UTF-8"?>
<Response MajorVersion="1" MinorVersion="0"><CLI><Configuration>
Building configuration...
!! IOS XR Configuration version = 6.4.1
!! Last configuration change at Tue Nov  3 12:59:19 2020 by admin
!
hostname r2
banner motd ;
--------------------------------------------------------------------------
  Router 2 (Cisco IOS XR Sandbox)
--------------------------------------------------------------------------
;
service timestamps log datetime msec
service timestamps debug datetime msec
username admin
 group root-lr
 group cisco-support
 secret 5 $1$A4C9$oaNorr6BXDruE4gDd086L.
!
line console
 timestamp disable
 exec-timeout 0 0
!
call-home
 service active
 contact smart-licensing
 profile CiscoTAC-1
  active
  destination transport-method http
 !
!
interface MgmtEth0/RP0/CPU0/0
 description *** MANAGEMENT INTERFACE ***
 ipv4 address dhcp
!
interface GigabitEthernet0/0/0/0
 shutdown
!
interface GigabitEthernet0/0/0/1
 shutdown
!
interface GigabitEthernet0/0/0/2
 shutdown
!
interface GigabitEthernet0/0/0/3
 shutdown
!
interface GigabitEthernet0/0/0/4
 shutdown
!
router static
 address-family ipv4 unicast
  0.0.0.0/0 192.168.122.1
 !
!
xml agent tty
 iteration off
!
netconf-yang agent
 ssh
!
ssh server v2
ssh server netconf vrf default
end

</Configuration></CLI><ResultSummary ErrorCount="0"/></Response>
XML> 
DEBUG:netmiko:read_channel: 
DEBUG:netmiko:write_channel: b'<?xml version="1.0" encoding="UTF-8"?><Request MajorVersion="1" MinorVersion="0"><Commit/></Request>\n'
DEBUG:netmiko:read_channel: 
DEBUG:netmiko:read_channel: 
DEBUG:netmiko:read_channel: 
DEBUG:netmiko:read_channel: 
DEBUG:netmiko:read_channel: 
DEBUG:netmiko:read_channel: 
DEBUG:netmiko:read_channel: 
DEBUG:netmiko:read_channel: 
DEBUG:netmiko:read_channel: 
DEBUG:netmiko:read_channel: <?xml version="1.0" encoding="UTF-8"?>
<Response MajorVersion="1" MinorVersion="0"><Commit ErrorCode="0x4081b400" ErrorMsg="&apos;sysdb&apos; detected the &apos;warning&apos; condition &apos;One or more sub-operations failed during a pseudo-atomic complex operation, no changes have been made&apos;"><Configuration OperationType="Set"><InterfaceConfigurationTable MajorVersion="5" MinorVersion="5"><InterfaceConfiguration><Naming><Active>act</Active><InterfaceName>MgmtEth0/0/CPU0/0</InterfaceName></Naming><IPV4Network MajorVersion="6" MinorVersion="7"><Addresses><Primary ErrorCode="0xa0813000" ErrorMsg="&apos;sysdb&apos; detected the &apos;fatal&apos; condition &apos;Failed to send a request to a remote node, location cannot be resolved hence cannot send out the msg&apos;"><Address>10.10.20.71</Address><Netmask>255.255.255.0</Netmask></Primary></Addresses></IPV4Network></InterfaceConfiguration><InterfaceConfiguration><Naming><Active>act</Active><InterfaceName>GigabitEthernet0/0/0/5</InterfaceName></Naming><Shutdown ErrorCode="0xa0813000" ErrorMsg="&apos;sysdb&apos; detected the &apos;fatal&apos; condition &apos;Failed to send a request to a remote node, location cannot be resolved hence cannot send out the msg&apos;">true</Shutdown></InterfaceConfiguration><InterfaceConfiguration><Naming><Active>act</Active><InterfaceName>GigabitEthernet0/0/0/6</InterfaceName></Naming><Shutdown ErrorCode="0xa0813000" ErrorMsg="&apos;sysdb&apos; detected the &apos;fatal&apos; condition &apos;Failed to send a request to a remote node, location cannot be resolved hence cannot send out the msg&apos;">true</Shutdown></InterfaceConfiguration><InterfaceConfiguration><Naming><Active>act</Active><InterfaceName>GigabitEthernet0/0/0/7</InterfaceName></Naming><Shutdown ErrorCode="0xa0813000" ErrorMsg="&apos;sysdb&apos; detected the &apos;fatal&apos; condition &apos;Failed to send a request to a remote node, location cannot be resolved hence cannot send out the msg&apos;">true</Shutdown></InterfaceConfiguration><InterfaceConfiguration><Naming><Active>act</Active><InterfaceName>Bundle-Ether774</InterfaceName></Naming><mLACP MajorVersion="7" MinorVersion="2"><SwitchoverType ErrorCode="0x42f73800" ErrorMsg="&apos;bundlemgr&apos; detected the &apos;warning&apos; condition &apos;The feature is not supported on this platform&apos;">Revertive</SwitchoverType></mLACP></InterfaceConfiguration><InterfaceConfiguration><Naming><Active>act</Active><InterfaceName>Bundle-Ether33.1</InterfaceName></Naming><InterfaceModeNonPhysical ErrorCode="0x43278600" ErrorMsg="Trunk interface Bundle-Ether33 doesn&apos;t exist, or is invalid">Default</InterfaceModeNonPhysical><VRF MajorVersion="5" MinorVersion="6" ErrorCode="0x449a9c00" ErrorMsg="&apos;RSI&apos; detected the &apos;warning&apos; condition &apos;The specified interface type does not support VRFs&apos;">NBK</VRF><IPV4Network MajorVersion="6" MinorVersion="7"><Addresses><Primary ErrorCode="0x44878a00" ErrorMsg="&apos;ipv4-ma&apos; detected the &apos;warning&apos; condition &apos;Unrecognized interface&apos;"><Address>1.1.1.1</Address><Netmask>255.255.255.252</Netmask></Primary></Addresses></IPV4Network><VLANSubConfiguration MajorVersion="6" MinorVersion="0"><VLANIdentifier ErrorCode="0x43279800" ErrorMsg="&apos;VLAN MA&apos; detected the &apos;warning&apos; condition &apos;The interface is invalid (no VLAN IDB)&apos;"><VlanType>VLANTypeDot1q</VlanType><FirstTag>3021</FirstTag><SecondTag>3302</SecondTag></VLANIdentifier></VLANSubConfiguration></InterfaceConfiguration><InterfaceConfiguration><Naming><Active>act</Active><InterfaceName>Bundle-Ether33.2</InterfaceName></Naming><InterfaceModeNonPhysical ErrorCode="0x43278600" ErrorMsg="Trunk interface Bundle-Ether33 doesn&apos;t exist, or is invalid">Default</InterfaceModeNonPhysical><VRF MajorVersion="5" MinorVersion="6" ErrorCode="0x449a9c00" ErrorMsg="&apos;RSI&apos; detected the &apos;warning&apos; condition &apos;The specified interface type does not support VRFs&apos;">NBK</VRF><IPV4Network MajorVersion="6" MinorVersion="7"><Addresses><Primary ErrorCode="0x44878a00" ErrorMsg="&apos;ipv4-ma&apos; detected the &apos;warning&apos; condition &apos;Unrecognized interface&apos;"><Address>2.2.2.2</Address><Netmask>255.255.255.252</Netmask></Primary></Addresses></IPV4Network><VLANSubConfiguration MajorVersion="6" MinorVersion="0"><VLANIdentifier ErrorCode="0x43279800" ErrorMsg="&apos;VLAN MA&apos; detected the &apos;warning&apos; condition &apos;The interface is invalid (no VLAN IDB)&apos;"><VlanType>VLANTypeDot1q</VlanType><FirstTag>3021</FirstTag><SecondTag>3303</SecondTag></VLANIdentifier></VLANSubConfiguration></InterfaceConfiguration><InterfaceConfiguration><Naming><Active>act</Active><InterfaceName>Bundle-Ether33.3</InterfaceName></Naming><InterfaceModeNonPhysical ErrorCode="0x43278600" ErrorMsg="Trunk interface Bundle-Ether33 doesn&apos;t exist, or is invalid">Default</InterfaceModeNonPhysical><VRF MajorVersion="5" MinorVersion="6" ErrorCode="0x449a9c00" ErrorMsg="&apos;RSI&apos; detected the &apos;warning&apos; condition &apos;The specified interface type does not support VRFs&apos;">JAMII_BORA</VRF><IPV4Network MajorVersion="6" MinorVersion="7"><Addresses><Primary ErrorCode="0x44878a00" ErrorMsg="&apos;ipv4-ma&apos; detected the &apos;warning&apos; condition &apos;Unrecognized interface&apos;"><Address>172.30.17.53</Address><Netmask>255.255.255.252</Netmask></Primary></Addresses></IPV4Network><VLANSubConfiguration MajorVersion="6" MinorVersion="0"><VLANIdentifier ErrorCode="0x43279800" ErrorMsg="&apos;VLAN MA&apos; detected the &apos;warning&apos; condition &apos;The interface is invalid (no VLAN IDB)&apos;"><VlanType>VLANTypeDot1q</VlanType><FirstTag>3021</FirstTag><SecondTag>3304</SecondTag></VLANIdentifier></VLANSubConfiguration></InterfaceConfiguration><InterfaceConfiguration><Naming><Active>act</Active><InterfaceName>Bundle-Ether33.4</InterfaceName></Naming><InterfaceModeNonPhysical ErrorCode="0x43278600" ErrorMsg="Trunk interface Bundle-Ether33 doesn&apos;t exist, or is invalid">Default</InterfaceModeNonPhysical><VRF M
DEBUG:netmiko:read_channel: ajorVersion="5" MinorVersion="6" ErrorCode="0x449a9c00" ErrorMsg="&apos;RSI&apos; detected the &apos;warning&apos; condition &apos;The specified interface type does not support VRFs&apos;">NBK</VRF><IPV4Network MajorVersion="6" MinorVersion="7"><Addresses><Primary ErrorCode="0x44878a00" ErrorMsg="&apos;ipv4-ma&apos; detected the &apos;warning&apos; condition &apos;Unrecognized interface&apos;"><Address>172.30.17.77</Address><Netmask>255.255.255.252</Netmask></Primary></Addresses></IPV4Network><VLANSubConfiguration MajorVersion="6" MinorVersion="0"><VLANIdentifier ErrorCode="0x43279800" ErrorMsg="&apos;VLAN MA&apos; detected the &apos;warning&apos; condition &apos;The interface is invalid (no VLAN IDB)&apos;"><VlanType>VLANTypeDot1q</VlanType><FirstTag>3021</FirstTag><SecondTag>3311</SecondTag></VLANIdentifier></VLANSubConfiguration></InterfaceConfiguration><InterfaceConfiguration><Naming><Active>act</Active><InterfaceName>Bundle-Ether33.5</InterfaceName></Naming><InterfaceModeNonPhysical ErrorCode="0x43278600" ErrorMsg="Trunk interface Bundle-Ether33 doesn&apos;t exist, or is invalid">Default</InterfaceModeNonPhysical><VRF MajorVersion="5" MinorVersion="6" ErrorCode="0x449a9c00" ErrorMsg="&apos;RSI&apos; detected the &apos;warning&apos; condition &apos;The specified interface type does not support VRFs&apos;">NACC</VRF><IPV4Network MajorVersion="6" MinorVersion="7"><Addresses><Primary ErrorCode="0x44878a00" ErrorMsg="&apos;ipv4-ma&apos; detected the &apos;warning&apos; condition &apos;Unrecognized interface&apos;"><Address>5.5.5.5</Address><Netmask>255.255.255.252</Netmask></Primary></Addresses></IPV4Network><VLANSubConfiguration MajorVersion="6" MinorVersion="0"><VLANIdentifier ErrorCode="0x43279800" ErrorMsg="&apos;VLAN MA&apos; detected the &apos;warning&apos; condition &apos;The interface is invalid (no VLAN IDB)&apos;"><VlanType>VLANTypeDot1q</VlanType><FirstTag>3021</FirstTag><SecondTag>3314</SecondTag></VLANIdentifier></VLANSubConfiguration></InterfaceConfiguration></InterfaceConfigurationTable></Configuration></Commit><ResultSummary ErrorCount="1"/></Response>
XML> 
DEBUG:paramiko.transport:starting thread (client mode): 0xa9c1d7f0
DEBUG:paramiko.transport:Local version/idstring: SSH-2.0-paramiko_2.4.2
DEBUG:paramiko.transport:Remote version/idstring: SSH-1.99-Cisco-2.0
INFO:paramiko.transport:Connected (version 1.99, client Cisco-2.0)
DEBUG:paramiko.transport:kex algos:['ecdh-sha2-nistp521', 'ecdh-sha2-nistp384', 'ecdh-sha2-nistp256', 'diffie-hellman-group14-sha1'] server key:['ssh-rsa'] client encrypt:['aes128-ctr', 'aes192-ctr', 'aes256-ctr', 'aes128-gcm@openssh.com', 'aes256-gcm@openssh.com'] server encrypt:['aes128-ctr', 'aes192-ctr', 'aes256-ctr', 'aes128-gcm@openssh.com', 'aes256-gcm@openssh.com'] client mac:['hmac-sha2-512', 'hmac-sha2-256', 'hmac-sha1'] server mac:['hmac-sha2-512', 'hmac-sha2-256', 'hmac-sha1'] client compress:['none'] server compress:['none'] client lang:[''] server lang:[''] kex follows?False
DEBUG:paramiko.transport:Kex agreed: ecdh-sha2-nistp256
DEBUG:paramiko.transport:HostKey agreed: ssh-rsa
DEBUG:paramiko.transport:Cipher agreed: aes128-ctr
DEBUG:paramiko.transport:MAC agreed: hmac-sha2-256
DEBUG:paramiko.transport:Compression agreed: none
DEBUG:paramiko.transport:kex engine KexNistp256 specified hash_algo <built-in function openssl_sha256>
DEBUG:paramiko.transport:Switch to new keys ...
DEBUG:paramiko.transport:Adding ssh-rsa host key for [10.10.20.70]:2231: b'0b7fe057af98893860da3ac18b449501'
DEBUG:paramiko.transport:userauth is OK
INFO:paramiko.transport:Authentication (password) successful!
DEBUG:paramiko.transport:[chan 0] Max packet in: 32768 bytes
DEBUG:paramiko.transport:[chan 0] Max packet out: 32768 bytes
DEBUG:paramiko.transport:Secsh channel 0 opened.
DEBUG:paramiko.transport:[chan 0] Sesch channel 0 request ok
DEBUG:paramiko.transport:[chan 0] Sesch channel 0 request ok
DEBUG:netmiko:read_channel: 

RP/0/RP0/CPU0:r2#
DEBUG:netmiko:read_channel: 
DEBUG:netmiko:read_channel: 
DEBUG:netmiko:read_channel: 
DEBUG:netmiko:write_channel: b'\n'
DEBUG:netmiko:read_channel: 
DEBUG:netmiko:read_channel: 
DEBUG:netmiko:write_channel: b'\n'
DEBUG:netmiko:read_channel: 
RP/0/RP0/CPU0:r2#
DEBUG:netmiko:read_channel: 
DEBUG:netmiko:read_channel: 
RP/0/RP0/CPU0:r2#
DEBUG:netmiko:In disable_paging
DEBUG:netmiko:Command: terminal length 0

DEBUG:netmiko:write_channel: b'terminal length 0\n'
DEBUG:netmiko:Pattern is: RP\/0\/RP0\/CPU0\:r2
DEBUG:netmiko:_read_channel_expect read_data: terminal length 0

DEBUG:netmiko:_read_channel_expect read_data: Tue Nov  3 13:03:13.317 UTC

DEBUG:netmiko:_read_channel_expect read_data: RP/0/RP0/CPU0:r2#
DEBUG:netmiko:Pattern found: RP\/0\/RP0\/CPU0\:r2 terminal length 0
Tue Nov  3 13:03:13.317 UTC
RP/0/RP0/CPU0:r2#
DEBUG:netmiko:terminal length 0
Tue Nov  3 13:03:13.317 UTC
RP/0/RP0/CPU0:r2#
DEBUG:netmiko:Exiting disable_paging
DEBUG:netmiko:write_channel: b'terminal width 511\n'
DEBUG:netmiko:Pattern is: RP\/0\/RP0\/CPU0\:r2
DEBUG:netmiko:_read_channel_expect read_data: terminal width 511

DEBUG:netmiko:_read_channel_expect read_data: Tue Nov  3 13:03:13.705 UTC

DEBUG:netmiko:_read_channel_expect read_data: RP/0/RP0/CPU0:r2#
DEBUG:netmiko:Pattern found: RP\/0\/RP0\/CPU0\:r2 terminal width 511
Tue Nov  3 13:03:13.705 UTC
RP/0/RP0/CPU0:r2#
DEBUG:netmiko:read_channel: 
DEBUG:netmiko:read_channel: 
DEBUG:netmiko:write_channel: b'\n'
DEBUG:netmiko:read_channel: 
DEBUG:netmiko:read_channel: 
DEBUG:netmiko:write_channel: b'\n'
DEBUG:netmiko:read_channel: 
DEBUG:netmiko:write_channel: b'\n'
DEBUG:netmiko:read_channel: 
RP/0/RP0/CPU0:r2#
DEBUG:netmiko:read_channel: 
DEBUG:netmiko:read_channel: 
DEBUG:netmiko:write_channel: b'xml\n'
DEBUG:netmiko:read_channel: 
RP/0/RP0/CPU0:r2#
RP/0/RP0/CPU0:r2#
DEBUG:netmiko:read_channel: 
DEBUG:netmiko:read_channel: xml
Tue Nov  3 13:03:14.847 UTC
XML> 
DEBUG:netmiko:read_channel: 
DEBUG:netmiko:read_channel: 
DEBUG:netmiko:read_channel: 
DEBUG:netmiko:write_channel: b'<?xml version="1.0" encoding="UTF-8"?><Request MajorVersion="1" MinorVersion="0"><Lock/></Request>\n'
DEBUG:netmiko:read_channel: 
DEBUG:netmiko:read_channel: 
DEBUG:netmiko:read_channel: <?xml version="1.0" encoding="UTF-8"?>
<Response MajorVersion="1" MinorVersion="0"><Lock/><ResultSummary ErrorCount="0"/></Response>
XML> 
DEBUG:netmiko:read_channel: 
DEBUG:netmiko:write_channel: b'<?xml version="1.0" encoding="UTF-8"?><Request MajorVersion="1" MinorVersion="0"><CLI><Configuration>interface Bundle-Ether588\n description ===TEST4====\n mtu 9216\n bundle maximum-active links 2\n bundle minimum-active links 1\n\ninterface Bundle-Ether774\n description ===TEST5====\n mtu 9216\n\n bundle maximum-active links 2\n bundle minimum-active links 1\n!\ninterface Bundle-Ether33.1\n description 95014353 National Bank Of Kenya-Nakuru\n vrf NBK\n ipv4 address 1.1.1.1 255.255.255.252\n encapsulation dot1q 3021 second-dot1q 3302\n!\ninterface Bundle-Ether33.2\n description 95014354 National Bank Of Kenya Nakuru Hospital ATM\n vrf NBK\n ipv4 address 2.2.2.2 255.255.255.252\n encapsulation dot1q 3021 second-dot1q 3303\n!\ninterface Bundle-Ether33.3\n description 95014450_Jamii_Bora_Bank-Nakuru_Backup\n vrf JAMII_BORA\n ipv4 address 172.30.17.53 255.255.255.252\n encapsulation dot1q 3021 second-dot1q 3304\n!\ninterface Bundle-Ether33.4\n description 95015815 NBK-Westside Mall Nakuru ATM\n vrf NBK\n ipv4 address 172.30.17.77 255.255.255.252\n encapsulation dot1q 3021 second-dot1q 3311\n!\ninterface Bundle-Ether33.5\n description NACC Nakuru\n vrf NACC\n ipv4 address 5.5.5.5 255.255.255.252\n encapsulation dot1q 3021 second-dot1q 3314\n!\ninterface MgmtEth0/0/CPU0/0\n ipv4 address 10.10.20.71 255.255.255.0\n!\ninterface GigabitEthernet0/0/0/0\n bundle id 33 mode on\n!\ninterface GigabitEthernet0/0/0/1\n bundle id 33 mode on\n!\ninterface GigabitEthernet0/0/0/2\n shutdown\n!\ninterface GigabitEthernet0/0/0/3\n shutdown\n!\ninterface GigabitEthernet0/0/0/4\n shutdown\n!\ninterface GigabitEthernet0/0/0/5\n shutdown\n!\ninterface GigabitEthernet0/0/0/6\n shutdown\n!\ninterface GigabitEthernet0/0/0/7\n shutdown\n!\nrouter eigrp 200\n address-family ipv4\n !\n vrf NBK\n  address-family ipv4\n   default-metric 1024 100 255 1 1500\n   autonomous-system 500\n   redistribute connected\n   redistribute static\n   interface Bundle-Ether33.1\n   !\n   interface Bundle-Ether33.2\n   !\n   interface Bundle-Ether33.4\n   !\n  !\n !\n!\nssh server v2\nend\n\n</Configuration></CLI></Request>\n'
DEBUG:netmiko:read_channel: 
DEBUG:netmiko:read_channel: 
DEBUG:netmiko:read_channel: <?xml version="1.0" encoding="UTF-8"?>
<Response MajorVersion="1" MinorVersion="0"><CLI><Configuration/></CLI><ResultSummary ErrorCount="0"/></Response>
XML> 
DEBUG:netmiko:read_channel: 
DEBUG:netmiko:write_channel: b'<?xml version="1.0" encoding="UTF-8"?><Request MajorVersion="1" MinorVersion="0"><CLI><Configuration>show configuration merge</Configuration></CLI></Request>\n'
DEBUG:netmiko:read_channel: 
DEBUG:netmiko:read_channel: 
DEBUG:netmiko:read_channel: 
DEBUG:netmiko:read_channel: 
DEBUG:netmiko:read_channel: 
DEBUG:netmiko:read_channel: <?xml version="1.0" encoding="UTF-8"?>
<Response MajorVersion="1" MinorVersion="0"><CLI><Configuration>
Building configuration...
!! IOS XR Configuration version = 6.4.1
!! Last configuration change at Tue Nov  3 12:59:19 2020 by admin
!
hostname r2
banner motd ;
--------------------------------------------------------------------------
  Router 2 (Cisco IOS XR Sandbox)
--------------------------------------------------------------------------
;
service timestamps log datetime msec
service timestamps debug datetime msec
username admin
 group root-lr
 group cisco-support
 secret 5 $1$A4C9$oaNorr6BXDruE4gDd086L.
!
line console
 timestamp disable
 exec-timeout 0 0
!
call-home
 service active
 contact smart-licensing
 profile CiscoTAC-1
  active
  destination transport-method http
 !
!
interface Bundle-Ether33.1
 description 95014353 National Bank Of Kenya-Nakuru
 vrf NBK
 ipv4 address 1.1.1.1 255.255.255.252
 encapsulation dot1q 3021 second-dot1q 3302
!
interface Bundle-Ether33.2
 description 95014354 National Bank Of Kenya Nakuru Hospital ATM
 vrf NBK
 ipv4 address 2.2.2.2 255.255.255.252
 encapsulation dot1q 3021 second-dot1q 3303
!
interface Bundle-Ether33.3
 description 95014450_Jamii_Bora_Bank-Nakuru_Backup
 vrf JAMII_BORA
 ipv4 address 172.30.17.53 255.255.255.252
 encapsulation dot1q 3021 second-dot1q 3304
!
interface Bundle-Ether33.4
 description 95015815 NBK-Westside Mall Nakuru ATM
 vrf NBK
 ipv4 address 172.30.17.77 255.255.255.252
 encapsulation dot1q 3021 second-dot1q 3311
!
interface Bundle-Ether33.5
 description NACC Nakuru
 vrf NACC
 ipv4 address 5.5.5.5 255.255.255.252
 encapsulation dot1q 3021 second-dot1q 3314
!
interface Bundle-Ether588
 description ===TEST4====
 mtu 9216
 bundle maximum-active links 2
 bundle minimum-active links 1
!
interface Bundle-Ether774
 description ===TEST5====
 mtu 9216
 bundle maximum-active links 2
 bundle minimum-active links 1
!
interface MgmtEth0/RP0/CPU0/0
 description *** MANAGEMENT INTERFACE ***
 ipv4 address dhcp
!
interface MgmtEth0/0/CPU0/0
 ipv4 address 10.10.20.71 255.255.255.0
!
interface GigabitEthernet0/0/0/0
 bundle id 33 mode on
 shutdown
!
interface GigabitEthernet0/0/0/1
 bundle id 33 mode on
 shutdown
!
interface GigabitEthernet0/0/0/2
 shutdown
!
interface GigabitEthernet0/0/0/3
 shutdown
!
interface GigabitEthernet0/0/0/4
 shutdown
!
interface GigabitEthernet0/0/0/5
 shutdown
!
interface GigabitEthernet0/0/0/6
 shutdown
!
interface GigabitEthernet0/0/0/7
 shutdown
!
router static
 address-family ipv4 unicast
  0.0.0.0/0 192.168.122.1
 !
!
xml agent tty
 iteration off
!
netconf-yang agent
 ssh
!
ssh server v2
ssh server netconf vrf default
router eigrp 200
 address-family ipv4
 !
 vrf NBK
  address-family ipv4
   default-metric 1024 100 255 1 1500
   autonomous-system 500
   redistribute connected
   redistribute static
   interface Bundle-Ether33.1
   !
   interface Bundle-Ether33.2
   !
   interface Bundle-Ether33.4
   !
  !
 !
!
end

</Configuration></CLI><ResultSummary ErrorCount="0"/></Response>
XML> 
DEBUG:netmiko:read_channel: 
DEBUG:netmiko:write_channel: b'<?xml version="1.0" encoding="UTF-8"?><Request MajorVersion="1" MinorVersion="0"><CLI><Configuration>show running-config</Configuration></CLI></Request>\n'
DEBUG:netmiko:read_channel: 
DEBUG:netmiko:read_channel: 
DEBUG:netmiko:read_channel: 
DEBUG:netmiko:read_channel: 
DEBUG:netmiko:read_channel: 
DEBUG:netmiko:read_channel: 
DEBUG:netmiko:read_channel: <?xml version="1.0" encoding="UTF-8"?>
<Response MajorVersion="1" MinorVersion="0"><CLI><Configuration>
Building configuration...
!! IOS XR Configuration version = 6.4.1
!! Last configuration change at Tue Nov  3 12:59:19 2020 by admin
!
hostname r2
banner motd ;
--------------------------------------------------------------------------
  Router 2 (Cisco IOS XR Sandbox)
--------------------------------------------------------------------------
;
service timestamps log datetime msec
service timestamps debug datetime msec
username admin
 group root-lr
 group cisco-support
 secret 5 $1$A4C9$oaNorr6BXDruE4gDd086L.
!
line console
 timestamp disable
 exec-timeout 0 0
!
call-home
 service active
 contact smart-licensing
 profile CiscoTAC-1
  active
  destination transport-method http
 !
!
interface MgmtEth0/RP0/CPU0/0
 description *** MANAGEMENT INTERFACE ***
 ipv4 address dhcp
!
interface GigabitEthernet0/0/0/0
 shutdown
!
interface GigabitEthernet0/0/0/1
 shutdown
!
interface GigabitEthernet0/0/0/2
 shutdown
!
interface GigabitEthernet0/0/0/3
 shutdown
!
interface GigabitEthernet0/0/0/4
 shutdown
!
router static
 address-family ipv4 unicast
  0.0.0.0/0 192.168.122.1
 !
!
xml agent tty
 iteration off
!
netconf-yang agent
 ssh
!
ssh server v2
ssh server netconf vrf default
end

</Configuration></CLI><ResultSummary ErrorCount="0"/></Response>
XML> 
DEBUG:netmiko:read_channel: 
DEBUG:netmiko:write_channel: b'<?xml version="1.0" encoding="UTF-8"?><Request MajorVersion="1" MinorVersion="0"><Commit/></Request>\n'
DEBUG:netmiko:read_channel: 
DEBUG:netmiko:read_channel: 
DEBUG:netmiko:read_channel: 
DEBUG:netmiko:read_channel: 
DEBUG:netmiko:read_channel: 
DEBUG:netmiko:read_channel: 
DEBUG:netmiko:read_channel: 
DEBUG:netmiko:read_channel: 
DEBUG:netmiko:read_channel: <?xml version="1.0" encoding="UTF-8"?>
<Response MajorVersion="1" MinorVersion="0"><Commit ErrorCode="0x4081b400" ErrorMsg="&apos;sysdb&apos; detected the &apos;warning&apos; condition &apos;One or more sub-operations failed during a pseudo-atomic complex operation, no changes have been made&apos;"><Configuration OperationType="Set"><InterfaceConfigurationTable MajorVersion="5" MinorVersion="5"><InterfaceConfiguration><Naming><Active>act</Active><InterfaceName>MgmtEth0/0/CPU0/0</InterfaceName></Naming><IPV4Network MajorVersion="6" MinorVersion="7"><Addresses><Primary ErrorCode="0xa0813000" ErrorMsg="&apos;sysdb&apos; detected the &apos;fatal&apos; condition &apos;Failed to send a request to a remote node, location cannot be resolved hence cannot send out the msg&apos;"><Address>10.10.20.71</Address><Netmask>255.255.255.0</Netmask></Primary></Addresses></IPV4Network></InterfaceConfiguration><InterfaceConfiguration><Naming><Active>act</Active><InterfaceName>GigabitEthernet0/0/0/5</InterfaceName></Naming><Shutdown ErrorCode="0xa0813000" ErrorMsg="&apos;sysdb&apos; detected the &apos;fatal&apos; condition &apos;Failed to send a request to a remote node, location cannot be resolved hence cannot send out the msg&apos;">true</Shutdown></InterfaceConfiguration><InterfaceConfiguration><Naming><Active>act</Active><InterfaceName>GigabitEthernet0/0/0/6</InterfaceName></Naming><Shutdown ErrorCode="0xa0813000" ErrorMsg="&apos;sysdb&apos; detected the &apos;fatal&apos; condition &apos;Failed to send a request to a remote node, location cannot be resolved hence cannot send out the msg&apos;">true</Shutdown></InterfaceConfiguration><InterfaceConfiguration><Naming><Active>act</Active><InterfaceName>GigabitEthernet0/0/0/7</InterfaceName></Naming><Shutdown ErrorCode="0xa0813000" ErrorMsg="&apos;sysdb&apos; detected the &apos;fatal&apos; condition &apos;Failed to send a request to a remote node, location cannot be resolved hence cannot send out the msg&apos;">true</Shutdown></InterfaceConfiguration><InterfaceConfig
DEBUG:netmiko:read_channel: 
DEBUG:netmiko:read_channel: uration><Naming><Active>act</Active><InterfaceName>Bundle-Ether33.1</InterfaceName></Naming><InterfaceModeNonPhysical ErrorCode="0x43278600" ErrorMsg="Trunk interface Bundle-Ether33 doesn&apos;t exist, or is invalid">Default</InterfaceModeNonPhysical><VRF MajorVersion="5" MinorVersion="6" ErrorCode="0x449a9c00" ErrorMsg="&apos;RSI&apos; detected the &apos;warning&apos; condition &apos;The specified interface type does not support VRFs&apos;">NBK</VRF><IPV4Network MajorVersion="6" MinorVersion="7"><Addresses><Primary ErrorCode="0x44878a00" ErrorMsg="&apos;ipv4-ma&apos; detected the &apos;warning&apos; condition &apos;Unrecognized interface&apos;"><Address>1.1.1.1</Address><Netmask>255.255.255.252</Netmask></Primary></Addresses></IPV4Network><VLANSubConfiguration MajorVersion="6" MinorVersion="0"><VLANIdentifier ErrorCode="0x43279800" ErrorMsg="&apos;VLAN MA&apos; detected the &apos;warning&apos; condition &apos;The interface is invalid (no VLAN IDB)&apos;"><VlanType>VLANTypeDot1q</VlanType><FirstTag>3021</FirstTag><SecondTag>3302</SecondTag></VLANIdentifier></VLANSubConfiguration></InterfaceConfiguration><InterfaceConfiguration><Naming><Active>act</Active><InterfaceName>Bundle-Ether33.2</InterfaceName></Naming><InterfaceModeNonPhysical ErrorCode="0x43278600" ErrorMsg="Trunk interface Bundle-Ether33 doesn&apos;t exist, or is invalid">Default</InterfaceModeNonPhysical><VRF MajorVersion="5" MinorVersion="6" ErrorCode="0x449a9c00" ErrorMsg="&apos;RSI&apos; detected the &apos;warning&apos; condition &apos;The specified interface type does not support VRFs&apos;">NBK</VRF><IPV4Network MajorVersion="6" MinorVersion="7"><Addresses><Primary ErrorCode="0x44878a00" ErrorMsg="&apos;ipv4-ma&apos; detected the &apos;warning&apos; condition &apos;Unrecognized interface&apos;"><Address>2.2.2.2</Address><Netmask>255.255.255.252</Netmask></Primary></Addresses></IPV4Network><VLANSubConfiguration MajorVersion="6" MinorVersion="0"><VLANIdentifier ErrorCode="0x43279800" ErrorMsg="&apos;VLAN MA&apos; detected the &apos;warning&apos; condition &apos;The interface is invalid (no VLAN IDB)&apos;"><VlanType>VLANTypeDot1q</VlanType><FirstTag>3021</FirstTag><SecondTag>3303</SecondTag></VLANIdentifier></VLANSubConfiguration></InterfaceConfiguration><InterfaceConfiguration><Naming><Active>act</Active><InterfaceName>Bundle-Ether33.3</InterfaceName></Naming><InterfaceModeNonPhysical ErrorCode="0x43278600" ErrorMsg="Trunk interface Bundle-Ether33 doesn&apos;t exist, or is invalid">Default</InterfaceModeNonPhysical><VRF MajorVersion="5" MinorVersion="6" ErrorCode="0x449a9c00" ErrorMsg="&apos;RSI&apos; detected the &apos;warning&apos; condition &apos;The specified interface type does not support VRFs&apos;">JAMII_BORA</VRF><IPV4Network MajorVersion="6" MinorVersion="7"><Addresses><Primary ErrorCode="0x44878a00" ErrorMsg="&apos;ipv4-ma&apos; detected the &apos;warning&apos; condition &apos;Unrecognized interface&apos;"><Address>172.30.17.53</Address><Netmask>255.255.255.252</Netmask></Primary></Addresses></IPV4Network><VLANSubC
DEBUG:netmiko:read_channel: onfiguration MajorVersion="6" MinorVersion="0"><VLANIdentifier ErrorCode="0x43279800" ErrorMsg="&apos;VLAN MA&apos; detected the &apos;warning&apos; condition &apos;The interface is invalid (no VLAN IDB)&apos;"><VlanType>VLANTypeDot1q</VlanType><FirstTag>3021</FirstTag><SecondTag>3304</SecondTag></VLANIdentifier></VLANSubConfiguration></InterfaceConfiguration><InterfaceConfiguration><Naming><Active>act</Active><InterfaceName>Bundle-Ether33.4</InterfaceName></Naming><InterfaceModeNonPhysical ErrorCode="0x43278600" ErrorMsg="Trunk interface Bundle-Ether33 doesn&apos;t exist, or is invalid">Default</InterfaceModeNonPhysical><VRF MajorVersion="5" MinorVersion="6" ErrorCode="0x449a9c00" ErrorMsg="&apos;RSI&apos; detected the &apos;warning&apos; condition &apos;The specified interface type does not support VRFs&apos;">NBK</VRF><IPV4Network MajorVersion="6" MinorVersion="7"><Addresses><Primary ErrorCode="0x44878a00" ErrorMsg="&apos;ipv4-ma&apos; detected the &apos;warning&apos; condition &apos;Unrecognized 
DEBUG:netmiko:read_channel: interface&apos;"><Address>172.30.17.77</Address><Netmask>255.255.255.252</Netmask></Primary></Addresses></IPV4Network><VLANSubConfiguration MajorVersion="6" MinorVersion="0"><VLANIdentifier ErrorCode="0x43279800" ErrorMsg="&apos;VLAN MA&apos; detected the &apos;warning&apos; condition &apos;The interface is invalid (no VLAN IDB)&apos;"><VlanType>VLANTypeDot1q</VlanType><FirstTag>3021</FirstTag><SecondTag>3311</SecondTag></VLANIdentifier></VLANSubConfiguration></InterfaceConfiguration><InterfaceConfiguration><Naming><Active>act</Active><InterfaceName>Bundle-Ether33.5</InterfaceName></Naming><InterfaceModeNonPhysical ErrorCode="0x43278600" ErrorMsg="Trunk interface Bundle-Ether33 doesn&apos;t exist, or is invalid">Default</InterfaceModeNonPhysical><VRF MajorVersion="5" MinorVersion="6" ErrorCode="0x449a9c00" ErrorMsg="&apos;RSI&apos; detected the &apos;warning&apos; condition &apos;The specified interface type does not support VRFs&apos;">NACC</VRF><IPV4Network MajorVersion="6" MinorVersion="7"><Addresses><Primary ErrorCode="0x44878a00" ErrorMsg="&apos;ipv4-ma&apos; detected the &apos;warning&apos; condition &apos;Unrecognized interface&apos;"><Address>5.5.5.5</Address><Netmask>255.255.255.252</Netmask></Primary></Addresses></IPV4Network><VLANSubConfiguration MajorVersion="6" MinorVersion="0"><VLANIdentifier ErrorCode="0x43279800" ErrorMsg="&apos;VLAN MA&apos; detected the &apos;warning&apos; condition &apos;The interface is invalid (no VLAN IDB)&apos;"><VlanType>VLANTypeDot1q</VlanType><FirstTag>3021</FirstTag><SecondTag>3314</SecondTag></VLANIdentifier></VLANSubConfiguration></InterfaceConfiguration></InterfaceConfigurationTable></Configuration></Commit><ResultSummary ErrorCount="1"/></Response>
XML> 
DEBUG:paramiko.transport:starting thread (client mode): 0x5e334550
DEBUG:paramiko.transport:Local version/idstring: SSH-2.0-paramiko_2.4.2
DEBUG:paramiko.transport:Remote version/idstring: SSH-1.99-Cisco-2.0
INFO:paramiko.transport:Connected (version 1.99, client Cisco-2.0)
DEBUG:paramiko.transport:kex algos:['ecdh-sha2-nistp521', 'ecdh-sha2-nistp384', 'ecdh-sha2-nistp256', 'diffie-hellman-group14-sha1'] server key:['ssh-rsa'] client encrypt:['aes128-ctr', 'aes192-ctr', 'aes256-ctr', 'aes128-gcm@openssh.com', 'aes256-gcm@openssh.com'] server encrypt:['aes128-ctr', 'aes192-ctr', 'aes256-ctr', 'aes128-gcm@openssh.com', 'aes256-gcm@openssh.com'] client mac:['hmac-sha2-512', 'hmac-sha2-256', 'hmac-sha1'] server mac:['hmac-sha2-512', 'hmac-sha2-256', 'hmac-sha1'] client compress:['none'] server compress:['none'] client lang:[''] server lang:[''] kex follows?False
DEBUG:paramiko.transport:Kex agreed: ecdh-sha2-nistp256
DEBUG:paramiko.transport:HostKey agreed: ssh-rsa
DEBUG:paramiko.transport:Cipher agreed: aes128-ctr
DEBUG:paramiko.transport:MAC agreed: hmac-sha2-256
DEBUG:paramiko.transport:Compression agreed: none
DEBUG:paramiko.transport:kex engine KexNistp256 specified hash_algo <built-in function openssl_sha256>
DEBUG:paramiko.transport:Switch to new keys ...
DEBUG:paramiko.transport:Adding ssh-rsa host key for [10.10.20.70]:2231: b'0b7fe057af98893860da3ac18b449501'
DEBUG:paramiko.transport:userauth is OK
INFO:paramiko.transport:Authentication (password) successful!
DEBUG:paramiko.transport:[chan 0] Max packet in: 32768 bytes
DEBUG:paramiko.transport:[chan 0] Max packet out: 32768 bytes
DEBUG:paramiko.transport:Secsh channel 0 opened.
DEBUG:paramiko.transport:[chan 0] Sesch channel 0 request ok
DEBUG:paramiko.transport:[chan 0] Sesch channel 0 request ok
DEBUG:netmiko:read_channel: 

RP/0/RP0/CPU0:r2#
DEBUG:netmiko:read_channel: 
DEBUG:netmiko:read_channel: 
DEBUG:netmiko:read_channel: 
DEBUG:netmiko:write_channel: b'\n'
DEBUG:netmiko:read_channel: 
DEBUG:netmiko:read_channel: 
DEBUG:netmiko:write_channel: b'\n'
DEBUG:netmiko:read_channel: 
DEBUG:netmiko:write_channel: b'\n'
DEBUG:netmiko:read_channel: 
RP/0/RP0/CPU0:r2#
DEBUG:netmiko:read_channel: 
DEBUG:netmiko:read_channel: 
RP/0/RP0/CPU0:r2#

DEBUG:netmiko:In disable_paging
DEBUG:netmiko:Command: terminal length 0

DEBUG:netmiko:write_channel: b'terminal length 0\n'
DEBUG:netmiko:Pattern is: RP\/0\/RP0\/CPU0\:r2
DEBUG:netmiko:_read_channel_expect read_data: RP/0/RP0/CPU0:r2#
DEBUG:netmiko:Pattern found: RP\/0\/RP0\/CPU0\:r2 RP/0/RP0/CPU0:r2#
DEBUG:netmiko:RP/0/RP0/CPU0:r2#
DEBUG:netmiko:Exiting disable_paging
DEBUG:netmiko:write_channel: b'terminal width 511\n'
DEBUG:netmiko:Pattern is: RP\/0\/RP0\/CPU0\:r2
DEBUG:netmiko:_read_channel_expect read_data: terminal length 0

DEBUG:netmiko:_read_channel_expect read_data: Tue Nov  3 13:05:35.453 UTC
RP/0/RP0/CPU0:r2#
DEBUG:netmiko:Pattern found: RP\/0\/RP0\/CPU0\:r2 terminal length 0
Tue Nov  3 13:05:35.453 UTC
RP/0/RP0/CPU0:r2#
DEBUG:netmiko:read_channel: terminal width 511
Tue Nov  3 13:05:35.867 UTC
RP/0/RP0/CPU0:r2#
DEBUG:netmiko:read_channel: 
DEBUG:netmiko:write_channel: b'\n'
DEBUG:netmiko:read_channel: 
DEBUG:netmiko:read_channel: 
DEBUG:netmiko:write_channel: b'\n'
DEBUG:netmiko:read_channel: 
RP/0/RP0/CPU0:r2#
DEBUG:netmiko:read_channel: 
DEBUG:netmiko:read_channel: 
DEBUG:netmiko:write_channel: b'xml\n'
DEBUG:netmiko:read_channel: 
RP/0/RP0/CPU0:r2#
DEBUG:netmiko:read_channel: 
DEBUG:netmiko:read_channel: xml
Tue Nov  3 13:05:36.619 UTC
XML> 
DEBUG:netmiko:read_channel: 
DEBUG:netmiko:read_channel: 
DEBUG:netmiko:read_channel: 
DEBUG:netmiko:write_channel: b'<?xml version="1.0" encoding="UTF-8"?><Request MajorVersion="1" MinorVersion="0"><Lock/></Request>\n'
DEBUG:netmiko:read_channel: 
DEBUG:netmiko:read_channel: 
DEBUG:netmiko:read_channel: <?xml version="1.0" encoding="UTF-8"?>
<Response MajorVersion="1" MinorVersion="0"><Lock/><ResultSummary ErrorCount="0"/></Response>
XML> 
DEBUG:netmiko:read_channel: 
DEBUG:netmiko:write_channel: b'<?xml version="1.0" encoding="UTF-8"?><Request MajorVersion="1" MinorVersion="0"><CLI><Configuration>\n\ninterface Bundle-Ether33\n description ===TEST5====\n mtu 9216\n bundle maximum-active links 2\n bundle minimum-active links 1\n!\ninterface Bundle-Ether33.1\n description 95014353 National Bank Of Kenya-Nakuru\n vrf NBK\n ipv4 address 1.1.1.1 255.255.255.252\n encapsulation dot1q 3021 second-dot1q 3302\n!\ninterface Bundle-Ether33.2\n description 95014354 National Bank Of Kenya Nakuru Hospital ATM\n vrf NBK\n ipv4 address 2.2.2.2 255.255.255.252\n encapsulation dot1q 3021 second-dot1q 3303\n!\ninterface Bundle-Ether33.3\n description 95014450_Jamii_Bora_Bank-Nakuru_Backup\n vrf JAMII_BORA\n ipv4 address 172.30.17.53 255.255.255.252\n encapsulation dot1q 3021 second-dot1q 3304\n!\ninterface Bundle-Ether33.4\n description 95015815 NBK-Westside Mall Nakuru ATM\n vrf NBK\n ipv4 address 172.30.17.77 255.255.255.252\n encapsulation dot1q 3021 second-dot1q 3311\n!\ninterface Bundle-Ether33.5\n description NACC Nakuru\n vrf NACC\n ipv4 address 5.5.5.5 255.255.255.252\n encapsulation dot1q 3021 second-dot1q 3314\n!\n!\ninterface GigabitEthernet0/0/0/0\n bundle id 33 mode on\n!\ninterface GigabitEthernet0/0/0/1\n bundle id 33 mode on\n!\ninterface GigabitEthernet0/0/0/2\n shutdown\n!\ninterface GigabitEthernet0/0/0/3\n shutdown\n!\ninterface GigabitEthernet0/0/0/4\n shutdown\n!\ninterface GigabitEthernet0/0/0/5\n shutdown\n!\ninterface GigabitEthernet0/0/0/6\n shutdown\n!\ninterface GigabitEthernet0/0/0/7\n shutdown\n!\nrouter eigrp 200\n address-family ipv4\n !\n vrf NBK\n  address-family ipv4\n   default-metric 1024 100 255 1 1500\n   autonomous-system 500\n   redistribute connected\n   redistribute static\n   interface Bundle-Ether33.1\n   !\n   interface Bundle-Ether33.2\n   !\n   interface Bundle-Ether33.4\n   !\n  !\n !\n!\nssh server v2\nend\n\n</Configuration></CLI></Request>\n'
DEBUG:netmiko:read_channel: 
DEBUG:netmiko:read_channel: 
DEBUG:netmiko:read_channel: <?xml version="1.0" encoding="UTF-8"?>
<Response MajorVersion="1" MinorVersion="0"><CLI><Configuration/></CLI><ResultSummary ErrorCount="0"/></Response>
XML> 
DEBUG:netmiko:read_channel: 
DEBUG:netmiko:write_channel: b'<?xml version="1.0" encoding="UTF-8"?><Request MajorVersion="1" MinorVersion="0"><CLI><Configuration>show configuration merge</Configuration></CLI></Request>\n'
DEBUG:netmiko:read_channel: 
DEBUG:netmiko:read_channel: 
DEBUG:netmiko:read_channel: 
DEBUG:netmiko:read_channel: 
DEBUG:netmiko:read_channel: 
DEBUG:netmiko:read_channel: <?xml version="1.0" encoding="UTF-8"?>
<Response MajorVersion="1" MinorVersion="0"><CLI><Configuration>
Building configuration...
!! IOS XR Configuration version = 6.4.1
!! Last configuration change at Tue Nov  3 12:59:19 2020 by admin
!
hostname r2
banner motd ;
--------------------------------------------------------------------------
  Router 2 (Cisco IOS XR Sandbox)
--------------------------------------------------------------------------
;
service timestamps log datetime msec
service timestamps debug datetime msec
username admin
 group root-lr
 group cisco-support
 secret 5 $1$A4C9$oaNorr6BXDruE4gDd086L.
!
line console
 timestamp disable
 exec-timeout 0 0
!
call-home
 service active
 contact smart-licensing
 profile CiscoTAC-1
  active
  destination transport-method http
 !
!
interface Bundle-Ether33
 description ===TEST5====
 mtu 9216
 bundle maximum-active links 2
 bundle minimum-active links 1
!
interface Bundle-Ether33.1
 description 95014353 National Bank Of Kenya-Nakuru
 vrf NBK
 ipv4 address 1.1.1.1 255.255.255.252
 encapsulation dot1q 3021 second-dot1q 3302
!
interface Bundle-Ether33.2
 description 95014354 National Bank Of Kenya Nakuru Hospital ATM
 vrf NBK
 ipv4 address 2.2.2.2 255.255.255.252
 encapsulation dot1q 3021 second-dot1q 3303
!
interface Bundle-Ether33.3
 description 95014450_Jamii_Bora_Bank-Nakuru_Backup
 vrf JAMII_BORA
 ipv4 address 172.30.17.53 255.255.255.252
 encapsulation dot1q 3021 second-dot1q 3304
!
interface Bundle-Ether33.4
 description 95015815 NBK-Westside Mall Nakuru ATM
 vrf NBK
 ipv4 address 172.30.17.77 255.255.255.252
 encapsulation dot1q 3021 second-dot1q 3311
!
interface Bundle-Ether33.5
 description NACC Nakuru
 vrf NACC
 ipv4 address 5.5.5.5 255.255.255.252
 encapsulation dot1q 3021 second-dot1q 3314
!
interface MgmtEth0/RP0/CPU0/0
 description *** MANAGEMENT INTERFACE ***
 ipv4 address dhcp
!
interface GigabitEthernet0/0/0/0
 bundle id 33 mode on
 shutdown
!
interface GigabitEthernet0/0/0/1
 bundle id 33 mode on
 shutdown
!
interface GigabitEthernet0/0/0/2
 shutdown
!
interface GigabitEthernet0/0/0/3
 shutdown
!
interface GigabitEthernet0/0/0/4
 shutdown
!
interface GigabitEthernet0/0/0/5
 shutdown
!
interface GigabitEthernet0/0/0/6
 shutdown
!
interface GigabitEthernet0/0/0/7
 shutdown
!
router static
 address-family ipv4 unicast
  0.0.0.0/0 192.168.122.1
 !
!
xml agent tty
 iteration off
!
netconf-yang agent
 ssh
!
ssh server v2
ssh server netconf vrf default
router eigrp 200
 address-family ipv4
 !
 vrf NBK
  address-family ipv4
   default-metric 1024 100 255 1 1500
   autonomous-system 500
   redistribute connected
   redistribute static
   interface Bundle-Ether33.1
   !
   interface Bundle-Ether33.2
   !
   interface Bundle-Ether33.4
   !
  !
 !
!
end

</Configuration></CLI><ResultSummary ErrorCount="0"/></Response>
XML> 
DEBUG:netmiko:read_channel: 
DEBUG:netmiko:write_channel: b'<?xml version="1.0" encoding="UTF-8"?><Request MajorVersion="1" MinorVersion="0"><CLI><Configuration>show running-config</Configuration></CLI></Request>\n'
DEBUG:netmiko:read_channel: 
DEBUG:netmiko:read_channel: 
DEBUG:netmiko:read_channel: 
DEBUG:netmiko:read_channel: 
DEBUG:netmiko:read_channel: <?xml version="1.0" encoding="UTF-8"?>
<Response MajorVersion="1" MinorVersion="0"><CLI><Configuration>
Building configuration...
!! IOS XR Configuration version = 6.4.1
!! Last configuration change at Tue Nov  3 12:59:19 2020 by admin
!
hostname r2
banner motd ;
--------------------------------------------------------------------------
  Router 2 (Cisco IOS XR Sandbox)
--------------------------------------------------------------------------
;
service timestamps log datetime msec
service timestamps debug datetime msec
username admin
 group root-lr
 group cisco-support
 secret 5 $1$A4C9$oaNorr6BXDruE4gDd086L.
!
line console
 timestamp disable
 exec-timeout 0 0
!
call-home
 service active
 contact smart-licensing
 profile CiscoTAC-1
  active
  destination transport-method http
 !
!
interface MgmtEth0/RP0/CPU0/0
 description *** MANAGEMENT INTERFACE ***
 ipv4 address dhcp
!
interface GigabitEthernet0/0/0/0
 shutdown
!
interface GigabitEthernet0/0/0/1
 shutdown
!
interface GigabitEthernet0/0/0/2
 shutdown
!
interface GigabitEthernet0/0/0/3
 shutdown
!
interface GigabitEthernet0/0/0/4
 shutdown
!
router static
 address-family ipv4 unicast
  0.0.0.0/0 192.168.122.1
 !
!
xml agent tty
 iteration off
!
netconf-yang agent
 ssh
!
ssh server v2
ssh server netconf vrf default
end

</Configuration></CLI><ResultSummary ErrorCount="0"/></Response>
XML> 
DEBUG:netmiko:read_channel: 
DEBUG:netmiko:write_channel: b'<?xml version="1.0" encoding="UTF-8"?><Request MajorVersion="1" MinorVersion="0"><Commit/></Request>\n'
DEBUG:netmiko:read_channel: 
DEBUG:netmiko:read_channel: 
DEBUG:netmiko:read_channel: 
DEBUG:netmiko:read_channel: 
DEBUG:netmiko:read_channel: 
DEBUG:netmiko:read_channel: 
DEBUG:netmiko:read_channel: 
DEBUG:netmiko:read_channel: 
DEBUG:netmiko:read_channel: 
DEBUG:netmiko:read_channel: 
DEBUG:netmiko:read_channel: 
DEBUG:netmiko:read_channel: 
DEBUG:netmiko:read_channel: 
DEBUG:netmiko:read_channel: 
DEBUG:netmiko:read_channel: 
DEBUG:netmiko:read_channel: 
DEBUG:netmiko:read_channel: 
DEBUG:netmiko:read_channel: 
DEBUG:netmiko:read_channel: 
DEBUG:netmiko:read_channel: 
DEBUG:netmiko:read_channel: 
DEBUG:netmiko:read_channel: 
DEBUG:netmiko:read_channel: 
DEBUG:netmiko:read_channel: 
DEBUG:netmiko:read_channel: 
DEBUG:netmiko:read_channel: 
DEBUG:netmiko:read_channel: 
DEBUG:netmiko:read_channel: 
DEBUG:netmiko:read_channel: 
DEBUG:netmiko:read_channel: 
DEBUG:netmiko:read_channel: 
DEBUG:netmiko:read_channel: 
DEBUG:netmiko:read_channel: 
DEBUG:netmiko:read_channel: 
DEBUG:netmiko:read_channel: 
DEBUG:netmiko:read_channel: 
DEBUG:netmiko:read_channel: 
DEBUG:netmiko:read_channel: 
DEBUG:netmiko:read_channel: 
DEBUG:netmiko:read_channel: 
DEBUG:netmiko:read_channel: 
DEBUG:netmiko:read_channel: 
DEBUG:netmiko:read_channel: 
DEBUG:netmiko:read_channel: 
DEBUG:netmiko:read_channel: 
DEBUG:netmiko:read_channel: <?xml version="1.0" encoding="UTF-8"?>
<Response MajorVersion="1" MinorVersion="0"><Commit CommitID="1000000014"/><ResultSummary ErrorCount="0"/></Response>
XML> 
DEBUG:netmiko:read_channel: 
DEBUG:netmiko:write_channel: b'<?xml version="1.0" encoding="UTF-8"?><Request MajorVersion="1" MinorVersion="0"><Unlock/></Request>\n'
DEBUG:netmiko:read_channel: 
DEBUG:netmiko:read_channel: 
DEBUG:netmiko:read_channel: <?xml version="1.0" encoding="UTF-8"?>
<Response MajorVersion="1" MinorVersion="0"><Unlock/><ResultSummary ErrorCount="0"/></Response>
XML> 
DEBUG:paramiko.transport:[chan 0] EOF sent (0)
DEBUG:paramiko.transport:starting thread (client mode): 0xb7b21160
DEBUG:paramiko.transport:Local version/idstring: SSH-2.0-paramiko_2.4.2
DEBUG:paramiko.transport:Remote version/idstring: SSH-1.99-Cisco-2.0
INFO:paramiko.transport:Connected (version 1.99, client Cisco-2.0)
DEBUG:paramiko.transport:kex algos:['ecdh-sha2-nistp521', 'ecdh-sha2-nistp384', 'ecdh-sha2-nistp256', 'diffie-hellman-group14-sha1'] server key:['ssh-rsa'] client encrypt:['aes128-ctr', 'aes192-ctr', 'aes256-ctr', 'aes128-gcm@openssh.com', 'aes256-gcm@openssh.com'] server encrypt:['aes128-ctr', 'aes192-ctr', 'aes256-ctr', 'aes128-gcm@openssh.com', 'aes256-gcm@openssh.com'] client mac:['hmac-sha2-512', 'hmac-sha2-256', 'hmac-sha1'] server mac:['hmac-sha2-512', 'hmac-sha2-256', 'hmac-sha1'] client compress:['none'] server compress:['none'] client lang:[''] server lang:[''] kex follows?False
DEBUG:paramiko.transport:Kex agreed: ecdh-sha2-nistp256
DEBUG:paramiko.transport:HostKey agreed: ssh-rsa
DEBUG:paramiko.transport:Cipher agreed: aes128-ctr
DEBUG:paramiko.transport:MAC agreed: hmac-sha2-256
DEBUG:paramiko.transport:Compression agreed: none
DEBUG:paramiko.transport:kex engine KexNistp256 specified hash_algo <built-in function openssl_sha256>
DEBUG:paramiko.transport:Switch to new keys ...
DEBUG:paramiko.transport:Adding ssh-rsa host key for [10.10.20.70]:2221: b'e1ad3e53cdc053037494810944e7d7d0'
DEBUG:paramiko.transport:userauth is OK
INFO:paramiko.transport:Authentication (password) successful!
DEBUG:paramiko.transport:[chan 0] Max packet in: 32768 bytes
DEBUG:paramiko.transport:[chan 0] Max packet out: 32768 bytes
DEBUG:paramiko.transport:Secsh channel 0 opened.
DEBUG:paramiko.transport:[chan 0] Sesch channel 0 request ok
DEBUG:paramiko.transport:[chan 0] Sesch channel 0 request ok
DEBUG:netmiko:read_channel: 

RP/0/RP0/CPU0:r1#
DEBUG:netmiko:read_channel: 
DEBUG:netmiko:read_channel: 
DEBUG:netmiko:read_channel: 
DEBUG:netmiko:write_channel: b'\n'
DEBUG:netmiko:read_channel: 
DEBUG:netmiko:read_channel: 
DEBUG:netmiko:write_channel: b'\n'
DEBUG:netmiko:read_channel: 
DEBUG:netmiko:write_channel: b'\n'
DEBUG:netmiko:read_channel: 
RP/0/RP0/CPU0:r1#
DEBUG:netmiko:read_channel: 
DEBUG:netmiko:read_channel: 
RP/0/RP0/CPU0:r1#
RP/0/RP0/CPU0:r1#
DEBUG:netmiko:In disable_paging
DEBUG:netmiko:Command: terminal length 0

DEBUG:netmiko:write_channel: b'terminal length 0\n'
DEBUG:netmiko:Pattern is: RP\/0\/RP0\/CPU0\:r1
DEBUG:netmiko:_read_channel_expect read_data: terminal length 0

DEBUG:netmiko:_read_channel_expect read_data: Tue Nov  3 13:11:11.598 UTC

DEBUG:netmiko:_read_channel_expect read_data: RP/0/RP0/CPU0:r1#
DEBUG:netmiko:Pattern found: RP\/0\/RP0\/CPU0\:r1 terminal length 0
Tue Nov  3 13:11:11.598 UTC
RP/0/RP0/CPU0:r1#
DEBUG:netmiko:terminal length 0
Tue Nov  3 13:11:11.598 UTC
RP/0/RP0/CPU0:r1#
DEBUG:netmiko:Exiting disable_paging
DEBUG:netmiko:write_channel: b'terminal width 511\n'
DEBUG:netmiko:Pattern is: RP\/0\/RP0\/CPU0\:r1
DEBUG:netmiko:_read_channel_expect read_data: terminal width 511

DEBUG:netmiko:_read_channel_expect read_data: Tue Nov  3 13:11:11.935 UTC

DEBUG:netmiko:_read_channel_expect read_data: RP/0/RP0/CPU0:r1#
DEBUG:netmiko:Pattern found: RP\/0\/RP0\/CPU0\:r1 terminal width 511
Tue Nov  3 13:11:11.935 UTC
RP/0/RP0/CPU0:r1#
DEBUG:netmiko:read_channel: 
DEBUG:netmiko:read_channel: 
DEBUG:netmiko:write_channel: b'\n'
DEBUG:netmiko:read_channel: 
DEBUG:netmiko:read_channel: 
DEBUG:netmiko:write_channel: b'\n'
DEBUG:netmiko:read_channel: 
DEBUG:netmiko:write_channel: b'\n'
DEBUG:netmiko:read_channel: 
RP/0/RP0/CPU0:r1#
DEBUG:netmiko:read_channel: 
DEBUG:netmiko:read_channel: 
RP/0/RP0/CPU0:r1#
RP/0/RP0/CPU0:r1#
DEBUG:netmiko:write_channel: b'show run\n'
DEBUG:netmiko:read_channel: 
DEBUG:netmiko:read_channel: 
DEBUG:netmiko:read_channel: show run
Tue Nov  3 13:11:13.280 UTC

DEBUG:netmiko:read_channel: 
DEBUG:netmiko:read_channel: 
DEBUG:netmiko:read_channel: 
DEBUG:netmiko:read_channel: Building configuration...
!! IOS XR Configuration version = 6.4.1
!! Last configuration change at Sat Jul 28 02:39:47 2018 by ZTP
!
hostname r1
banner motd ;
--------------------------------------------------------------------------
  Router 1 (Cisco IOS XR Sandbox)
--------------------------------------------------------------------------
;
service timestamps log datetime msec
service timestamps debug datetime msec
username admin
 group root-lr
 group cisco-support
 secret 5 $1$A4C9$oaNorr6BXDruE4gDd086L.
!
line console
 timestamp disable
 exec-timeout 0 0
!
vty-pool default 0 4 line-template VTY-TEMPLATE
call-home
 service active
 contact smart-licensing
 profile CiscoTAC-1
  active
  destination transport-method http
 !
!
interface MgmtEth0/RP0/CPU0/0
 description *** MANAGEMENT INTERFACE ***
 ipv4 address dhcp
!
interface GigabitEthernet0/0/0/0
 shutdown
!
interface GigabitEthernet0/0/0/1
 shutdown
!
interface GigabitEthernet0/0/0/2
 shutdown
!
interface GigabitEthernet0/0/0/3
 shutdown
!
interface GigabitEthernet0/0/0/4
 shutdown
!
router static
 address-family ipv4 unicast
  0.0.0.0/0 192.168.122.1
 !
!
netconf-yang agent
 ssh
!
ssh server v2
ssh server netconf vrf default
end

RP/0/RP0/CPU0:r1#
DEBUG:paramiko.transport:starting thread (client mode): 0xb5ced5f8
DEBUG:paramiko.transport:Local version/idstring: SSH-2.0-paramiko_2.4.2
DEBUG:paramiko.transport:Remote version/idstring: SSH-1.99-Cisco-2.0
INFO:paramiko.transport:Connected (version 1.99, client Cisco-2.0)
DEBUG:paramiko.transport:kex algos:['ecdh-sha2-nistp521', 'ecdh-sha2-nistp384', 'ecdh-sha2-nistp256', 'diffie-hellman-group14-sha1'] server key:['ssh-rsa'] client encrypt:['aes128-ctr', 'aes192-ctr', 'aes256-ctr', 'aes128-gcm@openssh.com', 'aes256-gcm@openssh.com'] server encrypt:['aes128-ctr', 'aes192-ctr', 'aes256-ctr', 'aes128-gcm@openssh.com', 'aes256-gcm@openssh.com'] client mac:['hmac-sha2-512', 'hmac-sha2-256', 'hmac-sha1'] server mac:['hmac-sha2-512', 'hmac-sha2-256', 'hmac-sha1'] client compress:['none'] server compress:['none'] client lang:[''] server lang:[''] kex follows?False
DEBUG:paramiko.transport:Kex agreed: ecdh-sha2-nistp256
DEBUG:paramiko.transport:HostKey agreed: ssh-rsa
DEBUG:paramiko.transport:Cipher agreed: aes128-ctr
DEBUG:paramiko.transport:MAC agreed: hmac-sha2-256
DEBUG:paramiko.transport:Compression agreed: none
DEBUG:paramiko.transport:kex engine KexNistp256 specified hash_algo <built-in function openssl_sha256>
DEBUG:paramiko.transport:Switch to new keys ...
DEBUG:paramiko.transport:Adding ssh-rsa host key for [10.10.20.70]:2231: b'0b7fe057af98893860da3ac18b449501'
DEBUG:paramiko.transport:userauth is OK
INFO:paramiko.transport:Authentication (password) successful!
DEBUG:paramiko.transport:[chan 0] Max packet in: 32768 bytes
DEBUG:paramiko.transport:[chan 0] Max packet out: 32768 bytes
DEBUG:paramiko.transport:Secsh channel 0 opened.
DEBUG:paramiko.transport:[chan 0] Sesch channel 0 request ok
DEBUG:paramiko.transport:[chan 0] Sesch channel 0 request ok
DEBUG:netmiko:read_channel: 

RP/0/RP0/CPU0:r2#
DEBUG:netmiko:read_channel: 
DEBUG:netmiko:read_channel: 
DEBUG:netmiko:read_channel: 
DEBUG:netmiko:write_channel: b'\n'
DEBUG:netmiko:read_channel: 
DEBUG:netmiko:read_channel: 
DEBUG:netmiko:write_channel: b'\n'
DEBUG:netmiko:read_channel: 
DEBUG:netmiko:write_channel: b'\n'
DEBUG:netmiko:read_channel: 
RP/0/RP0/CPU0:r2#
DEBUG:netmiko:read_channel: 
DEBUG:netmiko:read_channel: 
RP/0/RP0/CPU0:r2#
RP/0/RP0/CPU0:r2#
DEBUG:netmiko:In disable_paging
DEBUG:netmiko:Command: terminal length 0

DEBUG:netmiko:write_channel: b'terminal length 0\n'
DEBUG:netmiko:Pattern is: RP\/0\/RP0\/CPU0\:r2
DEBUG:netmiko:_read_channel_expect read_data: terminal length 0

DEBUG:netmiko:_read_channel_expect read_data: Tue Nov  3 13:11:20.423 UTC

DEBUG:netmiko:_read_channel_expect read_data: RP/0/RP0/CPU0:r2#
DEBUG:netmiko:Pattern found: RP\/0\/RP0\/CPU0\:r2 terminal length 0
Tue Nov  3 13:11:20.423 UTC
RP/0/RP0/CPU0:r2#
DEBUG:netmiko:terminal length 0
Tue Nov  3 13:11:20.423 UTC
RP/0/RP0/CPU0:r2#
DEBUG:netmiko:Exiting disable_paging
DEBUG:netmiko:write_channel: b'terminal width 511\n'
DEBUG:netmiko:Pattern is: RP\/0\/RP0\/CPU0\:r2
DEBUG:netmiko:_read_channel_expect read_data: terminal width 511

DEBUG:netmiko:_read_channel_expect read_data: Tue Nov  3 13:11:20.867 UTC

DEBUG:netmiko:_read_channel_expect read_data: RP/0/RP0/CPU0:r2#
DEBUG:netmiko:Pattern found: RP\/0\/RP0\/CPU0\:r2 terminal width 511
Tue Nov  3 13:11:20.867 UTC
RP/0/RP0/CPU0:r2#
DEBUG:netmiko:read_channel: 
DEBUG:netmiko:read_channel: 
DEBUG:netmiko:write_channel: b'\n'
DEBUG:netmiko:read_channel: 
DEBUG:netmiko:read_channel: 
DEBUG:netmiko:write_channel: b'\n'
DEBUG:netmiko:read_channel: 
DEBUG:netmiko:write_channel: b'\n'
DEBUG:netmiko:read_channel: 
RP/0/RP0/CPU0:r2#
DEBUG:netmiko:read_channel: 
DEBUG:netmiko:read_channel: 
RP/0/RP0/CPU0:r2#
RP/0/RP0/CPU0:r2#
DEBUG:netmiko:write_channel: b'show run\n'
DEBUG:netmiko:read_channel: 
DEBUG:netmiko:read_channel: 
DEBUG:netmiko:read_channel: show run
Tue Nov  3 13:11:22.094 UTC

DEBUG:netmiko:read_channel: 
DEBUG:netmiko:read_channel: Building configuration...
!! IOS XR Configuration version = 6.4.1
!! Last configuration change at Tue Nov  3 13:06:01 2020 by admin
!
hostname r2
banner motd ;
--------------------------------------------------------------------------
  Router 2 (Cisco IOS XR Sandbox)
--------------------------------------------------------------------------
;
service timestamps log datetime msec
service timestamps debug datetime msec
username admin
 group root-lr
 group cisco-support
 secret 5 $1$A4C9$oaNorr6BXDruE4gDd086L.
!
line console
 timestamp disable
 exec-timeout 0 0
!
call-home
 service active
 contact smart-licensing
 profile CiscoTAC-1
  active
  destination transport-method http
 !
!
interface Bundle-Ether33
 description ===TEST5====
 mtu 9216
 bundle maximum-active links 2
 bundle minimum-active links 1
!
interface Bundle-Ether33.1
 description 95014353 National Bank Of Kenya-Nakuru
 vrf NBK
 ipv4 address 1.1.1.1 255.255.255.252
 encapsulation dot1q 3021 second-dot1q 3302
!
interface Bundle-Ether33.2
 description 95014354 National Bank Of Kenya Nakuru Hospital ATM
 vrf NBK
 ipv4 address 2.2.2.2 255.255.255.252
 encapsulation dot1q 3021 second-dot1q 3303
!
interface Bundle-Ether33.3
 description 95014450_Jamii_Bora_Bank-Nakuru_Backup
 vrf JAMII_BORA
 ipv4 address 172.30.17.53 255.255.255.252
 encapsulation dot1q 3021 second-dot1q 3304
!
interface Bundle-Ether33.4
 description 95015815 NBK-Westside Mall Nakuru ATM
 vrf NBK
 ipv4 address 172.30.17.77 255.255.255.252
 encapsulation dot1q 3021 second-dot1q 3311
!
interface Bundle-Ether33.5
 description NACC Nakuru
 vrf NACC
 ipv4 address 5.5.5.5 255.255.255.252
 encapsulation dot1q 3021 second-dot1q 3314
!
interface MgmtEth0/RP0/CPU0/0
 description *** MANAGEMENT INTERFACE ***
 ipv4 address dhcp
!
interface GigabitEthernet0/0/0/0
 bundle id 33 mode on
 shutdown
!
interface GigabitEthernet0/0/0/1
 bundle id 33 mode on
 shutdown
!
interface GigabitEthernet0/0/0/2
 shutdown
!
interface GigabitEthernet0/0/0/3
 shutdown
!
interface GigabitEthernet0/0/0/4
 shutdown
!
interface preconfigure GigabitEthernet0/0/0/5
 shutdown
!
interface preconfigure GigabitEthernet0/0/0/6
 shutdown
!
interface preconfigure GigabitEthernet0/0/0/7
 shutdown
!
router static
 address-family ipv4 unicast
  0.0.0.0/0 192.168.122.1
 !
!
xml agent tty
 iteration off
!
netconf-yang agent
 ssh
!
ssh server v2
ssh server netconf vrf default
router eigrp 200
 address-family ipv4
 !
 vrf NBK
  address-family ipv4
   default-metric 1024 100 255 1 1500
   autonomous-system 500
   redistribute connected
   redistribute static
   interface Bundle-Ether33.1
   !
   interface Bundle-Ether33.2
   !
   interface Bundle-Ether33.4
   !
  !
 !
!
end

RP/0/RP0/CPU0:r2#
DEBUG:paramiko.transport:starting thread (client mode): 0x8072e1d0
DEBUG:paramiko.transport:Local version/idstring: SSH-2.0-paramiko_2.4.2
DEBUG:paramiko.transport:Remote version/idstring: SSH-1.99-Cisco-2.0
INFO:paramiko.transport:Connected (version 1.99, client Cisco-2.0)
DEBUG:paramiko.transport:kex algos:['ecdh-sha2-nistp521', 'ecdh-sha2-nistp384', 'ecdh-sha2-nistp256', 'diffie-hellman-group14-sha1'] server key:['ssh-rsa'] client encrypt:['aes128-ctr', 'aes192-ctr', 'aes256-ctr', 'aes128-gcm@openssh.com', 'aes256-gcm@openssh.com'] server encrypt:['aes128-ctr', 'aes192-ctr', 'aes256-ctr', 'aes128-gcm@openssh.com', 'aes256-gcm@openssh.com'] client mac:['hmac-sha2-512', 'hmac-sha2-256', 'hmac-sha1'] server mac:['hmac-sha2-512', 'hmac-sha2-256', 'hmac-sha1'] client compress:['none'] server compress:['none'] client lang:[''] server lang:[''] kex follows?False
DEBUG:paramiko.transport:Kex agreed: ecdh-sha2-nistp256
DEBUG:paramiko.transport:HostKey agreed: ssh-rsa
DEBUG:paramiko.transport:Cipher agreed: aes128-ctr
DEBUG:paramiko.transport:MAC agreed: hmac-sha2-256
DEBUG:paramiko.transport:Compression agreed: none
DEBUG:paramiko.transport:kex engine KexNistp256 specified hash_algo <built-in function openssl_sha256>
DEBUG:paramiko.transport:Switch to new keys ...
DEBUG:paramiko.transport:Adding ssh-rsa host key for [10.10.20.70]:2221: b'e1ad3e53cdc053037494810944e7d7d0'
DEBUG:paramiko.transport:userauth is OK
INFO:paramiko.transport:Authentication (password) successful!
DEBUG:paramiko.transport:[chan 0] Max packet in: 32768 bytes
DEBUG:paramiko.transport:[chan 0] Max packet out: 32768 bytes
DEBUG:paramiko.transport:Secsh channel 0 opened.
DEBUG:paramiko.transport:[chan 0] Sesch channel 0 request ok
DEBUG:paramiko.transport:[chan 0] Sesch channel 0 request ok
DEBUG:netmiko:read_channel: 

RP/0/RP0/CPU0:r1#
DEBUG:netmiko:read_channel: 
DEBUG:netmiko:read_channel: 
DEBUG:netmiko:read_channel: 
DEBUG:netmiko:write_channel: b'\n'
DEBUG:netmiko:read_channel: 
DEBUG:netmiko:read_channel: 
DEBUG:netmiko:write_channel: b'\n'
DEBUG:netmiko:read_channel: 
DEBUG:netmiko:write_channel: b'\n'
DEBUG:netmiko:read_channel: 
RP/0/RP0/CPU0:r1#
DEBUG:netmiko:read_channel: 
DEBUG:netmiko:read_channel: 
DEBUG:netmiko:In disable_paging
DEBUG:netmiko:Command: terminal length 0

DEBUG:netmiko:write_channel: b'terminal length 0\n'
DEBUG:netmiko:Pattern is: RP\/0\/RP0\/CPU0\:r1
DEBUG:netmiko:_read_channel_expect read_data: 
RP/0/RP0/CPU0:r1#

DEBUG:netmiko:Pattern found: RP\/0\/RP0\/CPU0\:r1 
RP/0/RP0/CPU0:r1#

DEBUG:netmiko:
RP/0/RP0/CPU0:r1#

DEBUG:netmiko:Exiting disable_paging
DEBUG:netmiko:write_channel: b'terminal width 511\n'
DEBUG:netmiko:Pattern is: RP\/0\/RP0\/CPU0\:r1
DEBUG:netmiko:_read_channel_expect read_data: RP/0/RP0/CPU0:r1#
DEBUG:netmiko:Pattern found: RP\/0\/RP0\/CPU0\:r1 RP/0/RP0/CPU0:r1#
DEBUG:netmiko:read_channel: 
DEBUG:netmiko:read_channel: 
DEBUG:netmiko:write_channel: b'\n'
DEBUG:netmiko:read_channel: terminal length 0
Tue Dec  1 11:53:15.594 UTC
RP/0/RP0/CPU0:r1#
DEBUG:netmiko:read_channel: 
DEBUG:netmiko:read_channel: terminal width 511

Tue Dec  1 11:53:15.908 UTC
RP/0/RP0/CPU0:r1#
RP/0/RP0/CPU0:r1#
DEBUG:netmiko:write_channel: b'show run\n'
DEBUG:netmiko:read_channel: 
DEBUG:netmiko:read_channel: 
DEBUG:netmiko:read_channel: show run

DEBUG:netmiko:read_channel: Tue Dec  1 11:53:16.468 UTC

DEBUG:netmiko:read_channel: Building configuration...
!! IOS XR Configuration version = 6.4.1
!! Last configuration change at Sat Jul 28 02:39:47 2018 by ZTP
!

DEBUG:netmiko:read_channel: hostname r1
banner motd ;
--------------------------------------------------------------------------
  Router 1 (Cisco IOS XR Sandbox)
--------------------------------------------------------------------------
;
service timestamps log datetime msec
service timestamps debug datetime msec
username admin
 group root-lr
 group cisco-support
 secret 5 $1$A4C9$oaNorr6BXDruE4gDd086L.
!
line console
 timestamp disable
 exec-timeout 0 0
!
vty-pool default 0 4 line-template VTY-TEMPLATE
call-home
 service active
 contact smart-licensing
 profile CiscoTAC-1
  active
  destination transport-method http
 !
!
interface MgmtEth0/RP0/CPU0/0
 description *** MANAGEMENT INTERFACE ***
 ipv4 address dhcp
!
interface GigabitEthernet0/0/0/0
 shutdown
!
interface GigabitEthernet0/0/0/1
 shutdown
!
interface GigabitEthernet0/0/0/2
 shutdown
!
interface GigabitEthernet0/0/0/3
 shutdown
!
interface GigabitEthernet0/0/0/4
 shutdown
!
router static
 address-family ipv4 unicast
  0.0.0.0/0 192.168.122.1
 !
!
netconf-yang agent
 ssh
!
ssh server v2
ssh server netconf vrf default
end

RP/0/RP0/CPU0:r1#
DEBUG:paramiko.transport:starting thread (client mode): 0x7e8f76a0
DEBUG:paramiko.transport:Local version/idstring: SSH-2.0-paramiko_2.4.2
DEBUG:paramiko.transport:Remote version/idstring: SSH-1.99-Cisco-2.0
INFO:paramiko.transport:Connected (version 1.99, client Cisco-2.0)
DEBUG:paramiko.transport:kex algos:['ecdh-sha2-nistp521', 'ecdh-sha2-nistp384', 'ecdh-sha2-nistp256', 'diffie-hellman-group14-sha1'] server key:['ssh-rsa'] client encrypt:['aes128-ctr', 'aes192-ctr', 'aes256-ctr', 'aes128-gcm@openssh.com', 'aes256-gcm@openssh.com'] server encrypt:['aes128-ctr', 'aes192-ctr', 'aes256-ctr', 'aes128-gcm@openssh.com', 'aes256-gcm@openssh.com'] client mac:['hmac-sha2-512', 'hmac-sha2-256', 'hmac-sha1'] server mac:['hmac-sha2-512', 'hmac-sha2-256', 'hmac-sha1'] client compress:['none'] server compress:['none'] client lang:[''] server lang:[''] kex follows?False
DEBUG:paramiko.transport:Kex agreed: ecdh-sha2-nistp256
DEBUG:paramiko.transport:HostKey agreed: ssh-rsa
DEBUG:paramiko.transport:Cipher agreed: aes128-ctr
DEBUG:paramiko.transport:MAC agreed: hmac-sha2-256
DEBUG:paramiko.transport:Compression agreed: none
DEBUG:paramiko.transport:kex engine KexNistp256 specified hash_algo <built-in function openssl_sha256>
DEBUG:paramiko.transport:Switch to new keys ...
DEBUG:paramiko.transport:Adding ssh-rsa host key for [10.10.20.70]:2231: b'0b7fe057af98893860da3ac18b449501'
DEBUG:paramiko.transport:userauth is OK
INFO:paramiko.transport:Authentication (password) successful!
DEBUG:paramiko.transport:[chan 0] Max packet in: 32768 bytes
DEBUG:paramiko.transport:[chan 0] Max packet out: 32768 bytes
DEBUG:paramiko.transport:Secsh channel 0 opened.
DEBUG:paramiko.transport:[chan 0] Sesch channel 0 request ok
DEBUG:paramiko.transport:[chan 0] Sesch channel 0 request ok
DEBUG:netmiko:read_channel: 

RP/0/RP0/CPU0:r2#
DEBUG:netmiko:read_channel: 
DEBUG:netmiko:read_channel: 
DEBUG:netmiko:read_channel: 
DEBUG:netmiko:write_channel: b'\n'
DEBUG:netmiko:read_channel: 
DEBUG:netmiko:read_channel: 
DEBUG:netmiko:write_channel: b'\n'
DEBUG:netmiko:read_channel: 
DEBUG:netmiko:write_channel: b'\n'
DEBUG:netmiko:read_channel: 
RP/0/RP0/CPU0:r2#
DEBUG:netmiko:read_channel: 
DEBUG:netmiko:read_channel: 
RP/0/RP0/CPU0:r2#
RP/0/RP0/CPU0:r2#
DEBUG:netmiko:In disable_paging
DEBUG:netmiko:Command: terminal length 0

DEBUG:netmiko:write_channel: b'terminal length 0\n'
DEBUG:netmiko:Pattern is: RP\/0\/RP0\/CPU0\:r2
DEBUG:netmiko:_read_channel_expect read_data: terminal length 0

DEBUG:netmiko:_read_channel_expect read_data: Tue Dec  1 11:53:25.960 UTC
RP/0/RP0/CPU0:r2#
DEBUG:netmiko:Pattern found: RP\/0\/RP0\/CPU0\:r2 terminal length 0
Tue Dec  1 11:53:25.960 UTC
RP/0/RP0/CPU0:r2#
DEBUG:netmiko:terminal length 0
Tue Dec  1 11:53:25.960 UTC
RP/0/RP0/CPU0:r2#
DEBUG:netmiko:Exiting disable_paging
DEBUG:netmiko:write_channel: b'terminal width 511\n'
DEBUG:netmiko:Pattern is: RP\/0\/RP0\/CPU0\:r2
DEBUG:netmiko:_read_channel_expect read_data: terminal width 511

DEBUG:netmiko:_read_channel_expect read_data: Tue Dec  1 11:53:26.403 UTC
RP/0/RP0/CPU0:r2#
DEBUG:netmiko:Pattern found: RP\/0\/RP0\/CPU0\:r2 terminal width 511
Tue Dec  1 11:53:26.403 UTC
RP/0/RP0/CPU0:r2#
DEBUG:netmiko:read_channel: 
DEBUG:netmiko:read_channel: 
DEBUG:netmiko:write_channel: b'\n'
DEBUG:netmiko:read_channel: 
DEBUG:netmiko:read_channel: 
DEBUG:netmiko:write_channel: b'\n'
DEBUG:netmiko:read_channel: 
DEBUG:netmiko:write_channel: b'\n'
DEBUG:netmiko:read_channel: 
DEBUG:netmiko:write_channel: b'\n'
DEBUG:netmiko:read_channel: 
RP/0/RP0/CPU0:r2#
DEBUG:netmiko:read_channel: 
DEBUG:netmiko:read_channel: 

RP/0/RP0/CPU0:r2#

RP/0/RP0/CPU0:r2#
RP/0/RP0/CPU0:r2#
DEBUG:netmiko:write_channel: b'show run\n'
DEBUG:netmiko:read_channel: 
DEBUG:netmiko:read_channel: 
DEBUG:netmiko:read_channel: show run
Tue Dec  1 11:53:27.813 UTC

DEBUG:netmiko:read_channel: Building configuration...
!! IOS XR Configuration version = 6.4.1
!! Last configuration change at Sat Jul 28 02:38:41 2018 by ZTP
!
hostname r2
banner motd ;
--------------------------------------------------------------------------
  Router 2 (Cisco IOS XR Sandbox)
--------------------------------------------------------------------------
;
service timestamps log datetime msec
service timestamps debug datetime msec
username admin
 group root-lr
 group cisco-support
 secret 5 $1$A4C9$oaNorr6BXDruE4gDd086L.
!
line console
 timestamp disable
 exec-timeout 0 0
!
call-home
 service active
 contact smart-licensing
 profile CiscoTAC-1
  active
  destination transport-method http
 !
!
interface MgmtEth0/RP0/CPU0/0
 description *** MANAGEMENT INTERFACE ***
 ipv4 address dhcp
!
interface GigabitEthernet0/0/0/0
 shutdown
!
interface GigabitEthernet0/0/0/1
 shutdown
!
interface GigabitEthernet0/0/0/2
 shutdown
!
interface GigabitEthernet0/0/0/3
 shutdown
!
interface GigabitEthernet0/0/0/4
 shutdown
!
router static
 address-family ipv4 unicast
  0.0.0.0/0 192.168.122.1
 !
!
netconf-yang agent
 ssh
!
ssh server v2
ssh server netconf vrf default
end

DEBUG:netmiko:read_channel: 
RP/0/RP0/CPU0:r2#
DEBUG:paramiko.transport:starting thread (client mode): 0x2b3f91d0
DEBUG:paramiko.transport:Local version/idstring: SSH-2.0-paramiko_2.4.2
DEBUG:paramiko.transport:Remote version/idstring: SSH-1.99-Cisco-2.0
INFO:paramiko.transport:Connected (version 1.99, client Cisco-2.0)
DEBUG:paramiko.transport:kex algos:['ecdh-sha2-nistp521', 'ecdh-sha2-nistp384', 'ecdh-sha2-nistp256', 'diffie-hellman-group14-sha1'] server key:['ssh-rsa'] client encrypt:['aes128-ctr', 'aes192-ctr', 'aes256-ctr', 'aes128-gcm@openssh.com', 'aes256-gcm@openssh.com'] server encrypt:['aes128-ctr', 'aes192-ctr', 'aes256-ctr', 'aes128-gcm@openssh.com', 'aes256-gcm@openssh.com'] client mac:['hmac-sha2-512', 'hmac-sha2-256', 'hmac-sha1'] server mac:['hmac-sha2-512', 'hmac-sha2-256', 'hmac-sha1'] client compress:['none'] server compress:['none'] client lang:[''] server lang:[''] kex follows?False
DEBUG:paramiko.transport:Kex agreed: ecdh-sha2-nistp256
DEBUG:paramiko.transport:HostKey agreed: ssh-rsa
DEBUG:paramiko.transport:Cipher agreed: aes128-ctr
DEBUG:paramiko.transport:MAC agreed: hmac-sha2-256
DEBUG:paramiko.transport:Compression agreed: none
DEBUG:paramiko.transport:kex engine KexNistp256 specified hash_algo <built-in function openssl_sha256>
DEBUG:paramiko.transport:Switch to new keys ...
DEBUG:paramiko.transport:Adding ssh-rsa host key for [10.10.20.70]:2221: b'e1ad3e53cdc053037494810944e7d7d0'
DEBUG:paramiko.transport:userauth is OK
INFO:paramiko.transport:Authentication (password) successful!
DEBUG:paramiko.transport:[chan 0] Max packet in: 32768 bytes
DEBUG:paramiko.transport:[chan 0] Max packet out: 32768 bytes
DEBUG:paramiko.transport:Secsh channel 0 opened.
DEBUG:paramiko.transport:[chan 0] Sesch channel 0 request ok
DEBUG:paramiko.transport:[chan 0] Sesch channel 0 request ok
DEBUG:netmiko:read_channel: 

RP/0/RP0/CPU0:r1#
DEBUG:netmiko:read_channel: 
DEBUG:netmiko:read_channel: 
DEBUG:netmiko:read_channel: 
DEBUG:netmiko:write_channel: b'\n'
DEBUG:netmiko:read_channel: 
DEBUG:netmiko:read_channel: 
DEBUG:netmiko:write_channel: b'\n'
DEBUG:netmiko:read_channel: 
DEBUG:netmiko:write_channel: b'\n'
DEBUG:netmiko:read_channel: 
RP/0/RP0/CPU0:r1#
DEBUG:netmiko:read_channel: 
DEBUG:netmiko:read_channel: 
RP/0/RP0/CPU0:r1#
RP/0/RP0/CPU0:r1#
DEBUG:netmiko:In disable_paging
DEBUG:netmiko:Command: terminal length 0

DEBUG:netmiko:write_channel: b'terminal length 0\n'
DEBUG:netmiko:Pattern is: RP\/0\/RP0\/CPU0\:r1
DEBUG:netmiko:_read_channel_expect read_data: terminal length 0

DEBUG:netmiko:_read_channel_expect read_data: Tue Dec  1 12:33:50.254 UTC

DEBUG:netmiko:_read_channel_expect read_data: RP/0/RP0/CPU0:r1#
DEBUG:netmiko:Pattern found: RP\/0\/RP0\/CPU0\:r1 terminal length 0
Tue Dec  1 12:33:50.254 UTC
RP/0/RP0/CPU0:r1#
DEBUG:netmiko:terminal length 0
Tue Dec  1 12:33:50.254 UTC
RP/0/RP0/CPU0:r1#
DEBUG:netmiko:Exiting disable_paging
DEBUG:netmiko:write_channel: b'terminal width 511\n'
DEBUG:netmiko:Pattern is: RP\/0\/RP0\/CPU0\:r1
DEBUG:netmiko:_read_channel_expect read_data: terminal width 511

DEBUG:netmiko:_read_channel_expect read_data: Tue Dec  1 12:33:50.641 UTC
RP/0/RP0/CPU0:r1#
DEBUG:netmiko:Pattern found: RP\/0\/RP0\/CPU0\:r1 terminal width 511
Tue Dec  1 12:33:50.641 UTC
RP/0/RP0/CPU0:r1#
DEBUG:netmiko:read_channel: 
DEBUG:netmiko:read_channel: 
DEBUG:netmiko:write_channel: b'\n'
DEBUG:netmiko:read_channel: 
DEBUG:netmiko:read_channel: 
DEBUG:netmiko:write_channel: b'\n'
DEBUG:netmiko:read_channel: 
DEBUG:netmiko:write_channel: b'\n'
DEBUG:netmiko:read_channel: 
RP/0/RP0/CPU0:r1#
DEBUG:netmiko:read_channel: 
DEBUG:netmiko:read_channel: 

RP/0/RP0/CPU0:r1#
RP/0/RP0/CPU0:r1#
DEBUG:netmiko:write_channel: b'show run\n'
DEBUG:netmiko:read_channel: 
DEBUG:netmiko:read_channel: 
DEBUG:netmiko:read_channel: show run
Tue Dec  1 12:33:51.940 UTC

DEBUG:netmiko:read_channel: Building configuration...
!! IOS XR Configuration version = 6.4.1
!! Last configuration change at Tue Dec  1 12:32:53 2020 by admin

DEBUG:netmiko:read_channel: 
DEBUG:netmiko:read_channel: !
hostname r1
banner motd ;
--------------------------------------------------------------------------
  Router 1 (Cisco IOS XR Sandbox)
--------------------------------------------------------------------------
;
service timestamps log datetime msec
service timestamps debug datetime msec
username admin
 group root-lr
 group cisco-support
 secret 5 $1$A4C9$oaNorr6BXDruE4gDd086L.
!
line console
 timestamp disable
 exec-timeout 0 0
!
vty-pool default 0 4 line-template VTY-TEMPLATE
call-home
 service active
 contact smart-licensing
 profile CiscoTAC-1
  active
  destination transport-method http
 !
!
interface Bundle-Ether33
 description ==TEST1==
 mtu 9216
 bundle maximum-active links 2
 bundle minimum-active links 1
!
interface Bundle-Ether33.1
 description 95014353 National Bank Of Kenya-Nakuru
 vrf NBK
 ipv4 address 1.1.1.1 255.255.255.252
 encapsulation dot1q 3021 second-dot1q 3302
!
interface Bundle-Ether33.2
 description 95014354 National Bank Of Kenya Nakuru Hospital ATM
 vrf NBK
 ipv4 address 2.2.2.2 255.255.255.252
 encapsulation dot1q 3021 second-dot1q 3303
!
interface Bundle-Ether33.3
 description 95014450_Jamii_Bora_Bank-Nakuru_Backup
 vrf JAMII_BORA
 ipv4 address 172.30.17.53 255.255.255.252
 encapsulation dot1q 3021 second-dot1q 3304
!
interface Bundle-Ether33.4
 description 95015815 NBK-Westside Mall Nakuru ATM
 vrf NBK
 ipv4 address 172.30.17.77 255.255.255.252
 encapsulation dot1q 3021 second-dot1q 3311
!
interface MgmtEth0/RP0/CPU0/0
 description *** MANAGEMENT INTERFACE ***
 ipv4 address dhcp
!
interface GigabitEthernet0/0/0/0
 bundle id 33 mode on
 shutdown
!
interface GigabitEthernet0/0/0/1
 bundle id 33 mode on
 shutdown
!
interface GigabitEthernet0/0/0/2
 shutdown
!
interface GigabitEthernet0/0/0/3
 shutdown
!
interface GigabitEthernet0/0/0/4
 shutdown
!
router static
 address-family ipv4 unicast
  0.0.0.0/0 192.168.122.1
 !
!
netconf-yang agent
 ssh
!
ssh server v2
ssh server netconf vrf default
router eigrp 200
 address-family ipv4
 !
 vrf NBK
  address-family ipv4
   default-metric 1024 100 255 1 1500
   autonomous-system 500
   redistribute connected
   redistribute static
   interface Bundle-Ether33.1
   !
   interface Bundle-Ether33.2
   !
   interface Bundle-Ether33.4
   !
  !
 !
!
end

RP/0/RP0/CPU0:r1#
DEBUG:paramiko.transport:starting thread (client mode): 0x295c2668
DEBUG:paramiko.transport:Local version/idstring: SSH-2.0-paramiko_2.4.2
DEBUG:paramiko.transport:Remote version/idstring: SSH-1.99-Cisco-2.0
INFO:paramiko.transport:Connected (version 1.99, client Cisco-2.0)
DEBUG:paramiko.transport:kex algos:['ecdh-sha2-nistp521', 'ecdh-sha2-nistp384', 'ecdh-sha2-nistp256', 'diffie-hellman-group14-sha1'] server key:['ssh-rsa'] client encrypt:['aes128-ctr', 'aes192-ctr', 'aes256-ctr', 'aes128-gcm@openssh.com', 'aes256-gcm@openssh.com'] server encrypt:['aes128-ctr', 'aes192-ctr', 'aes256-ctr', 'aes128-gcm@openssh.com', 'aes256-gcm@openssh.com'] client mac:['hmac-sha2-512', 'hmac-sha2-256', 'hmac-sha1'] server mac:['hmac-sha2-512', 'hmac-sha2-256', 'hmac-sha1'] client compress:['none'] server compress:['none'] client lang:[''] server lang:[''] kex follows?False
DEBUG:paramiko.transport:Kex agreed: ecdh-sha2-nistp256
DEBUG:paramiko.transport:HostKey agreed: ssh-rsa
DEBUG:paramiko.transport:Cipher agreed: aes128-ctr
DEBUG:paramiko.transport:MAC agreed: hmac-sha2-256
DEBUG:paramiko.transport:Compression agreed: none
DEBUG:paramiko.transport:kex engine KexNistp256 specified hash_algo <built-in function openssl_sha256>
DEBUG:paramiko.transport:Switch to new keys ...
DEBUG:paramiko.transport:Adding ssh-rsa host key for [10.10.20.70]:2231: b'0b7fe057af98893860da3ac18b449501'
DEBUG:paramiko.transport:userauth is OK
INFO:paramiko.transport:Authentication (password) successful!
DEBUG:paramiko.transport:[chan 0] Max packet in: 32768 bytes
DEBUG:paramiko.transport:[chan 0] Max packet out: 32768 bytes
DEBUG:paramiko.transport:Secsh channel 0 opened.
DEBUG:paramiko.transport:[chan 0] Sesch channel 0 request ok
DEBUG:paramiko.transport:[chan 0] Sesch channel 0 request ok
DEBUG:netmiko:read_channel: 

RP/0/RP0/CPU0:r2#
DEBUG:netmiko:read_channel: 
DEBUG:netmiko:read_channel: 
DEBUG:netmiko:read_channel: 
DEBUG:netmiko:write_channel: b'\n'
DEBUG:netmiko:read_channel: 
DEBUG:netmiko:read_channel: 
DEBUG:netmiko:write_channel: b'\n'
DEBUG:netmiko:read_channel: 
DEBUG:netmiko:write_channel: b'\n'
DEBUG:netmiko:read_channel: 
RP/0/RP0/CPU0:r2#
DEBUG:netmiko:read_channel: 
DEBUG:netmiko:read_channel: 
RP/0/RP0/CPU0:r2#
RP/0/RP0/CPU0:r2#
DEBUG:netmiko:In disable_paging
DEBUG:netmiko:Command: terminal length 0

DEBUG:netmiko:write_channel: b'terminal length 0\n'
DEBUG:netmiko:Pattern is: RP\/0\/RP0\/CPU0\:r2
DEBUG:netmiko:_read_channel_expect read_data: terminal length 0

DEBUG:netmiko:_read_channel_expect read_data: Tue Dec  1 12:34:00.812 UTC

DEBUG:netmiko:_read_channel_expect read_data: RP/0/RP0/CPU0:r2#
DEBUG:netmiko:Pattern found: RP\/0\/RP0\/CPU0\:r2 terminal length 0
Tue Dec  1 12:34:00.812 UTC
RP/0/RP0/CPU0:r2#
DEBUG:netmiko:terminal length 0
Tue Dec  1 12:34:00.812 UTC
RP/0/RP0/CPU0:r2#
DEBUG:netmiko:Exiting disable_paging
DEBUG:netmiko:write_channel: b'terminal width 511\n'
DEBUG:netmiko:Pattern is: RP\/0\/RP0\/CPU0\:r2
DEBUG:netmiko:_read_channel_expect read_data: terminal width 511

DEBUG:netmiko:_read_channel_expect read_data: Tue Dec  1 12:34:01.177 UTC
RP/0/RP0/CPU0:r2#
DEBUG:netmiko:Pattern found: RP\/0\/RP0\/CPU0\:r2 terminal width 511
Tue Dec  1 12:34:01.177 UTC
RP/0/RP0/CPU0:r2#
DEBUG:netmiko:read_channel: 
DEBUG:netmiko:read_channel: 
DEBUG:netmiko:write_channel: b'\n'
DEBUG:netmiko:read_channel: 
DEBUG:netmiko:read_channel: 
DEBUG:netmiko:write_channel: b'\n'
DEBUG:netmiko:read_channel: 
DEBUG:netmiko:write_channel: b'\n'
DEBUG:netmiko:read_channel: 
RP/0/RP0/CPU0:r2#
DEBUG:netmiko:read_channel: 
DEBUG:netmiko:read_channel: 
RP/0/RP0/CPU0:r2#
RP/0/RP0/CPU0:r2#
DEBUG:netmiko:write_channel: b'show run\n'
DEBUG:netmiko:read_channel: 
DEBUG:netmiko:read_channel: 
DEBUG:netmiko:read_channel: show run
Tue Dec  1 12:34:02.383 UTC

DEBUG:netmiko:read_channel: Building configuration...
!! IOS XR Configuration version = 6.4.1
!! Last configuration change at Tue Dec  1 12:26:31 2020 by admin
!
hostname r2
banner motd ;
--------------------------------------------------------------------------
  Router 2 (Cisco IOS XR Sandbox)
--------------------------------------------------------------------------
;
service timestamps log datetime msec
service timestamps debug datetime msec
username admin
 group root-lr
 group cisco-support
 secret 5 $1$A4C9$oaNorr6BXDruE4gDd086L.
!
line console
 timestamp disable
 exec-timeout 0 0
!
call-home
 service active
 contact smart-licensing
 profile CiscoTAC-1
  active
  destination transport-method http
 !
!
interface MgmtEth0/RP0/CPU0/0
 description *** MANAGEMENT INTERFACE ***
 ipv4 address dhcp
!
interface GigabitEthernet0/0/0/0
 shutdown
!
interface GigabitEthernet0/0/0/1
 shutdown
!
interface GigabitEthernet0/0/0/2
 shutdown
!
interface GigabitEthernet0/0/0/3
 shutdown
!
interface GigabitEthernet0/0/0/4
 shutdown
!
router static
 address-family ipv4 unicast
  0.0.0.0/0 192.168.122.1
 !
!
xml agent tty
 iteration off
!
netconf-yang agent
 ssh
!
ssh server v2
ssh server netconf vrf default
end

RP/0/RP0/CPU0:r2#
DEBUG:paramiko.transport:starting thread (client mode): 0x7547a550
DEBUG:paramiko.transport:Local version/idstring: SSH-2.0-paramiko_2.4.2
DEBUG:paramiko.transport:Remote version/idstring: SSH-1.99-Cisco-2.0
INFO:paramiko.transport:Connected (version 1.99, client Cisco-2.0)
DEBUG:paramiko.transport:kex algos:['ecdh-sha2-nistp521', 'ecdh-sha2-nistp384', 'ecdh-sha2-nistp256', 'diffie-hellman-group14-sha1'] server key:['ssh-rsa'] client encrypt:['aes128-ctr', 'aes192-ctr', 'aes256-ctr', 'aes128-gcm@openssh.com', 'aes256-gcm@openssh.com'] server encrypt:['aes128-ctr', 'aes192-ctr', 'aes256-ctr', 'aes128-gcm@openssh.com', 'aes256-gcm@openssh.com'] client mac:['hmac-sha2-512', 'hmac-sha2-256', 'hmac-sha1'] server mac:['hmac-sha2-512', 'hmac-sha2-256', 'hmac-sha1'] client compress:['none'] server compress:['none'] client lang:[''] server lang:[''] kex follows?False
DEBUG:paramiko.transport:Kex agreed: ecdh-sha2-nistp256
DEBUG:paramiko.transport:HostKey agreed: ssh-rsa
DEBUG:paramiko.transport:Cipher agreed: aes128-ctr
DEBUG:paramiko.transport:MAC agreed: hmac-sha2-256
DEBUG:paramiko.transport:Compression agreed: none
DEBUG:paramiko.transport:kex engine KexNistp256 specified hash_algo <built-in function openssl_sha256>
DEBUG:paramiko.transport:Switch to new keys ...
DEBUG:paramiko.transport:Adding ssh-rsa host key for [10.10.20.70]:2231: b'0b7fe057af98893860da3ac18b449501'
DEBUG:paramiko.transport:userauth is OK
INFO:paramiko.transport:Authentication (password) successful!
DEBUG:paramiko.transport:[chan 0] Max packet in: 32768 bytes
DEBUG:paramiko.transport:[chan 0] Max packet out: 32768 bytes
DEBUG:paramiko.transport:Secsh channel 0 opened.
DEBUG:paramiko.transport:[chan 0] Sesch channel 0 request ok
DEBUG:paramiko.transport:[chan 0] Sesch channel 0 request ok
DEBUG:netmiko:read_channel: 

RP/0/RP0/CPU0:r2#
DEBUG:netmiko:read_channel: 
DEBUG:netmiko:read_channel: 
DEBUG:netmiko:read_channel: 
DEBUG:netmiko:write_channel: b'\n'
DEBUG:netmiko:read_channel: 
DEBUG:netmiko:read_channel: 
DEBUG:netmiko:write_channel: b'\n'
DEBUG:netmiko:read_channel: 
DEBUG:netmiko:write_channel: b'\n'
DEBUG:netmiko:read_channel: 
RP/0/RP0/CPU0:r2#
DEBUG:netmiko:read_channel: 
DEBUG:netmiko:read_channel: 

RP/0/RP0/CPU0:r2#
RP/0/RP0/CPU0:r2#
DEBUG:netmiko:In disable_paging
DEBUG:netmiko:Command: terminal length 0

DEBUG:netmiko:write_channel: b'terminal length 0\n'
DEBUG:netmiko:Pattern is: RP\/0\/RP0\/CPU0\:r2
DEBUG:netmiko:_read_channel_expect read_data: terminal length 0

DEBUG:netmiko:_read_channel_expect read_data: Tue Dec  1 12:47:53.674 UTC

DEBUG:netmiko:_read_channel_expect read_data: RP/0/RP0/CPU0:r2#
DEBUG:netmiko:Pattern found: RP\/0\/RP0\/CPU0\:r2 terminal length 0
Tue Dec  1 12:47:53.674 UTC
RP/0/RP0/CPU0:r2#
DEBUG:netmiko:terminal length 0
Tue Dec  1 12:47:53.674 UTC
RP/0/RP0/CPU0:r2#
DEBUG:netmiko:Exiting disable_paging
DEBUG:netmiko:write_channel: b'terminal width 511\n'
DEBUG:netmiko:Pattern is: RP\/0\/RP0\/CPU0\:r2
DEBUG:netmiko:_read_channel_expect read_data: terminal width 511

DEBUG:netmiko:_read_channel_expect read_data: Tue Dec  1 12:47:54.073 UTC
RP/0/RP0/CPU0:r2#
DEBUG:netmiko:Pattern found: RP\/0\/RP0\/CPU0\:r2 terminal width 511
Tue Dec  1 12:47:54.073 UTC
RP/0/RP0/CPU0:r2#
DEBUG:netmiko:read_channel: 
DEBUG:netmiko:read_channel: 
DEBUG:netmiko:write_channel: b'\n'
DEBUG:netmiko:read_channel: 
DEBUG:netmiko:read_channel: 
DEBUG:netmiko:write_channel: b'\n'
DEBUG:netmiko:read_channel: 
DEBUG:netmiko:write_channel: b'\n'
DEBUG:netmiko:read_channel: 
RP/0/RP0/CPU0:r2#
DEBUG:netmiko:read_channel: 
DEBUG:netmiko:read_channel: 
DEBUG:netmiko:write_channel: b'xml\n'
DEBUG:netmiko:read_channel: 
DEBUG:netmiko:read_channel: 
RP/0/RP0/CPU0:r2#
RP/0/RP0/CPU0:r2#xml
Tue Dec  1 12:47:55.272 UTC
XML> 
DEBUG:netmiko:read_channel: 
DEBUG:netmiko:read_channel: 
DEBUG:netmiko:read_channel: 
DEBUG:netmiko:write_channel: b'<?xml version="1.0" encoding="UTF-8"?><Request MajorVersion="1" MinorVersion="0"><Lock/></Request>\n'
DEBUG:netmiko:read_channel: 
DEBUG:netmiko:read_channel: 
DEBUG:netmiko:read_channel: <?xml version="1.0" encoding="UTF-8"?>
<Response MajorVersion="1" MinorVersion="0"><Lock/><ResultSummary ErrorCount="0"/></Response>
XML> 
DEBUG:netmiko:read_channel: 
DEBUG:netmiko:write_channel: b'<?xml version="1.0" encoding="UTF-8"?><Request MajorVersion="1" MinorVersion="0"><CLI><Configuration>\nTue Dec  1 12:34:02.383 UTC\nBuilding configuration...\n!! IOS XR Configuration version = 6.4.1\n!! Last configuration change at Tue Dec  1 12:26:31 2020 by admin\n!\nhostname r2\nbanner motd ;\n--------------------------------------------------------------------------\n  Router 2 (Cisco IOS XR Sandbox)\n--------------------------------------------------------------------------\n;\nservice timestamps log datetime msec\nservice timestamps debug datetime msec\nusername admin\n group root-lr\n group cisco-support\n secret 5 $1$A4C9$oaNorr6BXDruE4gDd086L.\n!\nline console\n timestamp disable\n exec-timeout 0 0\n!\ncall-home\n service active\n contact smart-licensing\n profile CiscoTAC-1\n  active\n  destination transport-method http\n !\n!\ninterface MgmtEth0/RP0/CPU0/0\n description *** MANAGEMENT INTERFACE ***\n ipv4 address dhcp\n!\ninterface GigabitEthernet0/0/0/0\n shutdown\n!\ninterface GigabitEthernet0/0/0/1\n shutdown\n!\ninterface GigabitEthernet0/0/0/2\n shutdown\n!\ninterface GigabitEthernet0/0/0/3\n shutdown\n!\ninterface GigabitEthernet0/0/0/4\n shutdown\n!\nrouter static\n address-family ipv4 unicast\n  0.0.0.0/0 192.168.122.1\n !\n!\nxml agent tty\n iteration off\n!\nnetconf-yang agent\n ssh\n!\nssh server v2\nssh server netconf vrf default\nend\n</Configuration></CLI></Request>\n'
DEBUG:netmiko:read_channel: 
DEBUG:netmiko:read_channel: 
DEBUG:netmiko:read_channel: <?xml version="1.0" encoding="UTF-8"?>
<Response MajorVersion="1" MinorVersion="0"><CLI><Configuration>
Tue Dec  1 12:34:02.383 UTC
 ^
% Invalid input detected at &apos;^&apos; marker.
Building configuration...
  ^
% Invalid input detected at &apos;^&apos; marker.
</Configuration></CLI><ResultSummary ErrorCount="0"/></Response>
XML> 
DEBUG:netmiko:read_channel: 
DEBUG:netmiko:write_channel: b'<?xml version="1.0" encoding="UTF-8"?><Request MajorVersion="1" MinorVersion="0"><Clear/></Request>\n'
DEBUG:netmiko:read_channel: 
DEBUG:netmiko:read_channel: 
DEBUG:netmiko:read_channel: <?xml version="1.0" encoding="UTF-8"?>
<Response MajorVersion="1" MinorVersion="0"><Clear/><ResultSummary ErrorCount="0"/></Response>
XML> 
DEBUG:paramiko.transport:starting thread (client mode): 0xfb3777b8
DEBUG:paramiko.transport:Local version/idstring: SSH-2.0-paramiko_2.4.2
DEBUG:paramiko.transport:Remote version/idstring: SSH-1.99-Cisco-2.0
INFO:paramiko.transport:Connected (version 1.99, client Cisco-2.0)
DEBUG:paramiko.transport:kex algos:['ecdh-sha2-nistp521', 'ecdh-sha2-nistp384', 'ecdh-sha2-nistp256', 'diffie-hellman-group14-sha1'] server key:['ssh-rsa'] client encrypt:['aes128-ctr', 'aes192-ctr', 'aes256-ctr', 'aes128-gcm@openssh.com', 'aes256-gcm@openssh.com'] server encrypt:['aes128-ctr', 'aes192-ctr', 'aes256-ctr', 'aes128-gcm@openssh.com', 'aes256-gcm@openssh.com'] client mac:['hmac-sha2-512', 'hmac-sha2-256', 'hmac-sha1'] server mac:['hmac-sha2-512', 'hmac-sha2-256', 'hmac-sha1'] client compress:['none'] server compress:['none'] client lang:[''] server lang:[''] kex follows?False
DEBUG:paramiko.transport:Kex agreed: ecdh-sha2-nistp256
DEBUG:paramiko.transport:HostKey agreed: ssh-rsa
DEBUG:paramiko.transport:Cipher agreed: aes128-ctr
DEBUG:paramiko.transport:MAC agreed: hmac-sha2-256
DEBUG:paramiko.transport:Compression agreed: none
DEBUG:paramiko.transport:kex engine KexNistp256 specified hash_algo <built-in function openssl_sha256>
DEBUG:paramiko.transport:Switch to new keys ...
DEBUG:paramiko.transport:Adding ssh-rsa host key for [10.10.20.70]:2231: b'0b7fe057af98893860da3ac18b449501'
DEBUG:paramiko.transport:userauth is OK
INFO:paramiko.transport:Authentication (password) successful!
DEBUG:paramiko.transport:[chan 0] Max packet in: 32768 bytes
DEBUG:paramiko.transport:[chan 0] Max packet out: 32768 bytes
DEBUG:paramiko.transport:Secsh channel 0 opened.
DEBUG:paramiko.transport:[chan 0] Sesch channel 0 request ok
DEBUG:paramiko.transport:[chan 0] Sesch channel 0 request ok
DEBUG:netmiko:read_channel: 

RP/0/RP0/CPU0:r2#
DEBUG:netmiko:read_channel: 
DEBUG:netmiko:read_channel: 
DEBUG:netmiko:read_channel: 
DEBUG:netmiko:write_channel: b'\n'
DEBUG:netmiko:read_channel: 
DEBUG:netmiko:read_channel: 
DEBUG:netmiko:write_channel: b'\n'
DEBUG:netmiko:read_channel: 
DEBUG:netmiko:write_channel: b'\n'
DEBUG:netmiko:read_channel: 
RP/0/RP0/CPU0:r2#
DEBUG:netmiko:read_channel: 
DEBUG:netmiko:read_channel: 
RP/0/RP0/CPU0:r2#
RP/0/RP0/CPU0:r2#
DEBUG:netmiko:In disable_paging
DEBUG:netmiko:Command: terminal length 0

DEBUG:netmiko:write_channel: b'terminal length 0\n'
DEBUG:netmiko:Pattern is: RP\/0\/RP0\/CPU0\:r2
DEBUG:netmiko:_read_channel_expect read_data: terminal length 0

DEBUG:netmiko:_read_channel_expect read_data: Wed Dec  2 05:39:43.799 UTC

DEBUG:netmiko:_read_channel_expect read_data: RP/0/RP0/CPU0:r2#
DEBUG:netmiko:Pattern found: RP\/0\/RP0\/CPU0\:r2 terminal length 0
Wed Dec  2 05:39:43.799 UTC
RP/0/RP0/CPU0:r2#
DEBUG:netmiko:terminal length 0
Wed Dec  2 05:39:43.799 UTC
RP/0/RP0/CPU0:r2#
DEBUG:netmiko:Exiting disable_paging
DEBUG:netmiko:write_channel: b'terminal width 511\n'
DEBUG:netmiko:Pattern is: RP\/0\/RP0\/CPU0\:r2
DEBUG:netmiko:_read_channel_expect read_data: terminal width 511

DEBUG:netmiko:_read_channel_expect read_data: Wed Dec  2 05:39:44.202 UTC

DEBUG:netmiko:_read_channel_expect read_data: RP/0/RP0/CPU0:r2#
DEBUG:netmiko:Pattern found: RP\/0\/RP0\/CPU0\:r2 terminal width 511
Wed Dec  2 05:39:44.202 UTC
RP/0/RP0/CPU0:r2#
DEBUG:netmiko:read_channel: 
DEBUG:netmiko:read_channel: 
DEBUG:netmiko:write_channel: b'\n'
DEBUG:netmiko:read_channel: 
DEBUG:netmiko:read_channel: 
DEBUG:netmiko:write_channel: b'\n'
DEBUG:netmiko:read_channel: 
RP/0/RP0/CPU0:r2#
DEBUG:netmiko:read_channel: 
DEBUG:netmiko:read_channel: 
DEBUG:netmiko:write_channel: b'xml\n'
DEBUG:netmiko:read_channel: 
DEBUG:netmiko:read_channel: 
RP/0/RP0/CPU0:r2#xml
Wed Dec  2 05:39:45.537 UTC
XML> 
DEBUG:netmiko:read_channel: 
DEBUG:netmiko:read_channel: 
DEBUG:netmiko:read_channel: 
DEBUG:netmiko:write_channel: b'<?xml version="1.0" encoding="UTF-8"?><Request MajorVersion="1" MinorVersion="0"><Lock/></Request>\n'
DEBUG:netmiko:read_channel: 
DEBUG:netmiko:read_channel: 
DEBUG:netmiko:read_channel: <?xml version="1.0" encoding="UTF-8"?>
<Response MajorVersion="1" MinorVersion="0"><Lock/><ResultSummary ErrorCount="0"/></Response>
XML> 
DEBUG:netmiko:read_channel: 
DEBUG:netmiko:write_channel: b'<?xml version="1.0" encoding="UTF-8"?><Request MajorVersion="1" MinorVersion="0"><CLI><Configuration>Mon Oct 12 10:53:52.571 UTC\n\nlogging console disable\nline console\n exec-timeout 0 0\n absolute-timeout 0\n session-timeout 0\n!\nline default\n exec-timeout 0 0\n absolute-timeout 0\n session-timeout 0\n!\ninterface Bundle-Ether33\n description ==TEST1==\n mtu 9216\n \n bundle maximum-active links 2\n bundle minimum-active links 1\n!\ninterface Bundle-Ether33.1\n description 95014353 National Bank Of Kenya-Nakuru\n vrf NBK\n ipv4 address 1.1.1.1 255.255.255.252\n encapsulation dot1q 3021 second-dot1q 3302\n!\ninterface Bundle-Ether33.2\n description 95014354 National Bank Of Kenya Nakuru Hospital ATM\n vrf NBK\n ipv4 address 2.2.2.2 255.255.255.252\n encapsulation dot1q 3021 second-dot1q 3303\n!\ninterface Bundle-Ether33.3\n description 95014450_Jamii_Bora_Bank-Nakuru_Backup\n vrf JAMII_BORA\n ipv4 address 172.30.17.53 255.255.255.252\n encapsulation dot1q 3021 second-dot1q 3304\n!\ninterface Bundle-Ether33.4\n description 95015815 NBK-Westside Mall Nakuru ATM\n vrf NBK\n ipv4 address 172.30.17.77 255.255.255.252\n encapsulation dot1q 3021 second-dot1q 3311\n!\ninterface MgmtEth0/0/CPU0/0\n shutdown\n!\ninterface GigabitEthernet0/0/0/0\n bundle id 33 mode on\n!\ninterface GigabitEthernet0/0/0/1\n bundle id 33 mode on\n!\ninterface GigabitEthernet0/0/0/2\n shutdown\n!\ninterface GigabitEthernet0/0/0/3\n shutdown\n!\ninterface GigabitEthernet0/0/0/4\n shutdown\n!\ninterface GigabitEthernet0/0/0/5\n shutdown\n!\ninterface GigabitEthernet0/0/0/6\n shutdown\n!\ninterface GigabitEthernet0/0/0/7\n shutdown\n!\nrouter eigrp 200\n address-family ipv4\n !\n vrf NBK\n  address-family ipv4\n   default-metric 1024 100 255 1 1500\n   autonomous-system 500\n   redistribute connected\n   redistribute static\n   interface Bundle-Ether33.1\n   !\n   interface Bundle-Ether33.2\n   !\n   interface Bundle-Ether33.4\n   !\n  !\n !\n!\nend\n\n\n</Configuration></CLI></Request>\n'
DEBUG:netmiko:read_channel: 
DEBUG:netmiko:read_channel: 
DEBUG:netmiko:read_channel: <?xml version="1.0" encoding="UTF-8"?>
<Response MajorVersion="1" MinorVersion="0"><CLI><Configuration>
Mon Oct 12 10:53:52.571 UTC
 ^
% Invalid input detected at &apos;^&apos; marker.
</Configuration></CLI><ResultSummary ErrorCount="0"/></Response>
XML> 
DEBUG:netmiko:read_channel: 
DEBUG:netmiko:write_channel: b'<?xml version="1.0" encoding="UTF-8"?><Request MajorVersion="1" MinorVersion="0"><Clear/></Request>\n'
DEBUG:netmiko:read_channel: 
DEBUG:netmiko:read_channel: 
DEBUG:netmiko:read_channel: <?xml version="1.0" encoding="UTF-8"?>
<Response MajorVersion="1" MinorVersion="0"><Clear/><ResultSummary ErrorCount="0"/></Response>
XML> 
DEBUG:paramiko.transport:starting thread (client mode): 0xc18d97f0
DEBUG:paramiko.transport:Local version/idstring: SSH-2.0-paramiko_2.4.2
DEBUG:paramiko.transport:Remote version/idstring: SSH-1.99-Cisco-2.0
INFO:paramiko.transport:Connected (version 1.99, client Cisco-2.0)
DEBUG:paramiko.transport:kex algos:['ecdh-sha2-nistp521', 'ecdh-sha2-nistp384', 'ecdh-sha2-nistp256', 'diffie-hellman-group14-sha1'] server key:['ssh-rsa'] client encrypt:['aes128-ctr', 'aes192-ctr', 'aes256-ctr', 'aes128-gcm@openssh.com', 'aes256-gcm@openssh.com'] server encrypt:['aes128-ctr', 'aes192-ctr', 'aes256-ctr', 'aes128-gcm@openssh.com', 'aes256-gcm@openssh.com'] client mac:['hmac-sha2-512', 'hmac-sha2-256', 'hmac-sha1'] server mac:['hmac-sha2-512', 'hmac-sha2-256', 'hmac-sha1'] client compress:['none'] server compress:['none'] client lang:[''] server lang:[''] kex follows?False
DEBUG:paramiko.transport:Kex agreed: ecdh-sha2-nistp256
DEBUG:paramiko.transport:HostKey agreed: ssh-rsa
DEBUG:paramiko.transport:Cipher agreed: aes128-ctr
DEBUG:paramiko.transport:MAC agreed: hmac-sha2-256
DEBUG:paramiko.transport:Compression agreed: none
DEBUG:paramiko.transport:kex engine KexNistp256 specified hash_algo <built-in function openssl_sha256>
DEBUG:paramiko.transport:Switch to new keys ...
DEBUG:paramiko.transport:Adding ssh-rsa host key for [10.10.20.70]:2231: b'0b7fe057af98893860da3ac18b449501'
DEBUG:paramiko.transport:userauth is OK
INFO:paramiko.transport:Authentication (password) successful!
DEBUG:paramiko.transport:[chan 0] Max packet in: 32768 bytes
DEBUG:paramiko.transport:[chan 0] Max packet out: 32768 bytes
DEBUG:paramiko.transport:Secsh channel 0 opened.
DEBUG:paramiko.transport:[chan 0] Sesch channel 0 request ok
DEBUG:paramiko.transport:[chan 0] Sesch channel 0 request ok
DEBUG:netmiko:read_channel: 

RP/0/RP0/CPU0:r2#
DEBUG:netmiko:read_channel: 
DEBUG:netmiko:read_channel: 
DEBUG:netmiko:read_channel: 
DEBUG:netmiko:write_channel: b'\n'
DEBUG:netmiko:read_channel: 
DEBUG:netmiko:read_channel: 
DEBUG:netmiko:write_channel: b'\n'
DEBUG:netmiko:read_channel: 
DEBUG:netmiko:write_channel: b'\n'
DEBUG:netmiko:read_channel: 
RP/0/RP0/CPU0:r2#
DEBUG:netmiko:read_channel: 
DEBUG:netmiko:read_channel: 

RP/0/RP0/CPU0:r2#
RP/0/RP0/CPU0:r2#
DEBUG:netmiko:In disable_paging
DEBUG:netmiko:Command: terminal length 0

DEBUG:netmiko:write_channel: b'terminal length 0\n'
DEBUG:netmiko:Pattern is: RP\/0\/RP0\/CPU0\:r2
DEBUG:netmiko:_read_channel_expect read_data: terminal length 0

DEBUG:netmiko:_read_channel_expect read_data: Wed Dec  2 05:41:29.758 UTC

DEBUG:netmiko:_read_channel_expect read_data: RP/0/RP0/CPU0:r2#
DEBUG:netmiko:Pattern found: RP\/0\/RP0\/CPU0\:r2 terminal length 0
Wed Dec  2 05:41:29.758 UTC
RP/0/RP0/CPU0:r2#
DEBUG:netmiko:terminal length 0
Wed Dec  2 05:41:29.758 UTC
RP/0/RP0/CPU0:r2#
DEBUG:netmiko:Exiting disable_paging
DEBUG:netmiko:write_channel: b'terminal width 511\n'
DEBUG:netmiko:Pattern is: RP\/0\/RP0\/CPU0\:r2
DEBUG:netmiko:_read_channel_expect read_data: terminal width 511

DEBUG:netmiko:_read_channel_expect read_data: Wed Dec  2 05:41:30.142 UTC

DEBUG:netmiko:_read_channel_expect read_data: RP/0/RP0/CPU0:r2#
DEBUG:netmiko:Pattern found: RP\/0\/RP0\/CPU0\:r2 terminal width 511
Wed Dec  2 05:41:30.142 UTC
RP/0/RP0/CPU0:r2#
DEBUG:netmiko:read_channel: 
DEBUG:netmiko:read_channel: 
DEBUG:netmiko:write_channel: b'\n'
DEBUG:netmiko:read_channel: 
DEBUG:netmiko:read_channel: 
DEBUG:netmiko:write_channel: b'\n'
DEBUG:netmiko:read_channel: 
DEBUG:netmiko:write_channel: b'\n'
DEBUG:netmiko:read_channel: 
RP/0/RP0/CPU0:r2#
DEBUG:netmiko:read_channel: 
DEBUG:netmiko:read_channel: 
DEBUG:netmiko:write_channel: b'xml\n'
DEBUG:netmiko:read_channel: 

RP/0/RP0/CPU0:r2#
RP/0/RP0/CPU0:r2#
DEBUG:netmiko:read_channel: 
DEBUG:netmiko:read_channel: xml
Wed Dec  2 05:41:31.378 UTC
XML> 
DEBUG:netmiko:read_channel: 
DEBUG:netmiko:read_channel: 
DEBUG:netmiko:read_channel: 
DEBUG:netmiko:write_channel: b'<?xml version="1.0" encoding="UTF-8"?><Request MajorVersion="1" MinorVersion="0"><Lock/></Request>\n'
DEBUG:netmiko:read_channel: 
DEBUG:netmiko:read_channel: 
DEBUG:netmiko:read_channel: <?xml version="1.0" encoding="UTF-8"?>
<Response MajorVersion="1" MinorVersion="0"><Lock/><ResultSummary ErrorCount="0"/></Response>
XML> 
DEBUG:netmiko:read_channel: 
DEBUG:netmiko:write_channel: b'<?xml version="1.0" encoding="UTF-8"?><Request MajorVersion="1" MinorVersion="0"><CLI><Configuration>\n\nlogging console disable\nline console\n exec-timeout 0 0\n absolute-timeout 0\n session-timeout 0\n!\nline default\n exec-timeout 0 0\n absolute-timeout 0\n session-timeout 0\n!\ninterface Bundle-Ether33\n description ==TEST1==\n mtu 9216\n \n bundle maximum-active links 2\n bundle minimum-active links 1\n!\ninterface Bundle-Ether33.1\n description 95014353 National Bank Of Kenya-Nakuru\n vrf NBK\n ipv4 address 1.1.1.1 255.255.255.252\n encapsulation dot1q 3021 second-dot1q 3302\n!\ninterface Bundle-Ether33.2\n description 95014354 National Bank Of Kenya Nakuru Hospital ATM\n vrf NBK\n ipv4 address 2.2.2.2 255.255.255.252\n encapsulation dot1q 3021 second-dot1q 3303\n!\ninterface Bundle-Ether33.3\n description 95014450_Jamii_Bora_Bank-Nakuru_Backup\n vrf JAMII_BORA\n ipv4 address 172.30.17.53 255.255.255.252\n encapsulation dot1q 3021 second-dot1q 3304\n!\ninterface Bundle-Ether33.4\n description 95015815 NBK-Westside Mall Nakuru ATM\n vrf NBK\n ipv4 address 172.30.17.77 255.255.255.252\n encapsulation dot1q 3021 second-dot1q 3311\n!\ninterface MgmtEth0/0/CPU0/0\n shutdown\n!\ninterface GigabitEthernet0/0/0/0\n bundle id 33 mode on\n!\ninterface GigabitEthernet0/0/0/1\n bundle id 33 mode on\n!\ninterface GigabitEthernet0/0/0/2\n shutdown\n!\ninterface GigabitEthernet0/0/0/3\n shutdown\n!\ninterface GigabitEthernet0/0/0/4\n shutdown\n!\ninterface GigabitEthernet0/0/0/5\n shutdown\n!\ninterface GigabitEthernet0/0/0/6\n shutdown\n!\ninterface GigabitEthernet0/0/0/7\n shutdown\n!\nrouter eigrp 200\n address-family ipv4\n !\n vrf NBK\n  address-family ipv4\n   default-metric 1024 100 255 1 1500\n   autonomous-system 500\n   redistribute connected\n   redistribute static\n   interface Bundle-Ether33.1\n   !\n   interface Bundle-Ether33.2\n   !\n   interface Bundle-Ether33.4\n   !\n  !\n !\n!\nend\n\n\n</Configuration></CLI></Request>\n'
DEBUG:netmiko:read_channel: 
DEBUG:netmiko:read_channel: 
DEBUG:netmiko:read_channel: <?xml version="1.0" encoding="UTF-8"?>
<Response MajorVersion="1" MinorVersion="0"><CLI><Configuration/></CLI><ResultSummary ErrorCount="0"/></Response>
XML> 
DEBUG:netmiko:read_channel: 
DEBUG:netmiko:write_channel: b'<?xml version="1.0" encoding="UTF-8"?><Request MajorVersion="1" MinorVersion="0"><CLI><Configuration>show configuration merge</Configuration></CLI></Request>\n'
DEBUG:netmiko:read_channel: 
DEBUG:netmiko:read_channel: 
DEBUG:netmiko:read_channel: 
DEBUG:netmiko:read_channel: 
DEBUG:netmiko:read_channel: 
DEBUG:netmiko:read_channel: <?xml version="1.0" encoding="UTF-8"?>
<Response MajorVersion="1" MinorVersion="0"><CLI><Configuration>
Building configuration...
!! IOS XR Configuration version = 6.4.1
!! Last configuration change at Wed Dec  2 05:41:16 2020 by admin
!
hostname r2
banner motd ;
--------------------------------------------------------------------------
  Router 2 (Cisco IOS XR Sandbox)
--------------------------------------------------------------------------
;
logging console disable
service timestamps log datetime msec
service timestamps debug datetime msec
username admin
 group root-lr
 group cisco-support
 secret 5 $1$A4C9$oaNorr6BXDruE4gDd086L.
!
line console
 timestamp disable
 exec-timeout 0 0
 absolute-timeout 0
 session-timeout 0
!
line default
 exec-timeout 0 0
 absolute-timeout 0
 session-timeout 0
!
call-home
 service active
 contact smart-licensing
 profile CiscoTAC-1
  active
  destination transport-method http
 !
!
interface Bundle-Ether33
 description ==TEST1==
 mtu 9216
 bundle maximum-active links 2
 bundle minimum-active links 1
!
interface Bundle-Ether33.1
 description 95014353 National Bank Of Kenya-Nakuru
 vrf NBK
 ipv4 address 1.1.1.1 255.255.255.252
 encapsulation dot1q 3021 second-dot1q 3302
!
interface Bundle-Ether33.2
 description 95014354 National Bank Of Kenya Nakuru Hospital ATM
 vrf NBK
 ipv4 address 2.2.2.2 255.255.255.252
 encapsulation dot1q 3021 second-dot1q 3303
!
interface Bundle-Ether33.3
 description 95014450_Jamii_Bora_Bank-Nakuru_Backup
 vrf JAMII_BORA
 ipv4 address 172.30.17.53 255.255.255.252
 encapsulation dot1q 3021 second-dot1q 3304
!
interface Bundle-Ether33.4
 description 95015815 NBK-Westside Mall Nakuru ATM
 vrf NBK
 ipv4 address 172.30.17.77 255.255.255.252
 encapsulation dot1q 3021 second-dot1q 3311
!
interface MgmtEth0/RP0/CPU0/0
 description *** MANAGEMENT INTERFACE ***
 ipv4 address dhcp
!
interface MgmtEth0/0/CPU0/0
 shutdown
!
interface GigabitEthernet0/0/0/0
 bundle id 33 mode on
 shutdown
!
interface GigabitEthernet0/0/0/1
 bundle id 33 mode on
 shutdown
!
interface GigabitEthernet0/0/0/2
 shutdown
!
interface GigabitEthernet0/0/0/3
 shutdown
!
interface GigabitEthernet0/0/0/4
 shutdown
!
interface GigabitEthernet0/0/0/5
 shutdown
!
interface GigabitEthernet0/0/0/6
 shutdown
!
interface GigabitEthernet0/0/0/7
 shutdown
!
router static
 address-family ipv4 unicast
  0.0.0.0/0 192.168.122.1
 !
!
xml agent tty
 iteration off
!
netconf-yang agent
 ssh
!
ssh server v2
ssh server netconf vrf default
router eigrp 200
 address-family ipv4
 !
 vrf NBK
  address-family ipv4
   default-metric 1024 100 255 1 1500
   autonomous-system 500
   redistribute connected
   redistribute static
   interface Bundle-Ether33.1
   !
   interface Bundle-Ether33.2
   !
   interface Bundle-Ether33.4
   !
  !
 !
!
end

</Configuration></CLI><ResultSummary ErrorCount="0"/></Response>
XML> 
DEBUG:netmiko:read_channel: 
DEBUG:netmiko:write_channel: b'<?xml version="1.0" encoding="UTF-8"?><Request MajorVersion="1" MinorVersion="0"><CLI><Configuration>show running-config</Configuration></CLI></Request>\n'
DEBUG:netmiko:read_channel: 
DEBUG:netmiko:read_channel: 
DEBUG:netmiko:read_channel: 
DEBUG:netmiko:read_channel: 
DEBUG:netmiko:read_channel: 
DEBUG:netmiko:read_channel: <?xml version="1.0" encoding="UTF-8"?>
<Response MajorVersion="1" MinorVersion="0"><CLI><Configuration>
Building configuration...
!! IOS XR Configuration version = 6.4.1
!! Last configuration change at Wed Dec  2 05:41:16 2020 by admin
!
hostname r2
banner motd ;
--------------------------------------------------------------------------
  Router 2 (Cisco IOS XR Sandbox)
--------------------------------------------------------------------------
;
service timestamps log datetime msec
service timestamps debug datetime msec
username admin
 group root-lr
 group cisco-support
 secret 5 $1$A4C9$oaNorr6BXDruE4gDd086L.
!
line console
 timestamp disable
 exec-timeout 0 0
!
call-home
 service active
 contact smart-licensing
 profile CiscoTAC-1
  active
  destination transport-method http
 !
!
interface MgmtEth0/RP0/CPU0/0
 description *** MANAGEMENT INTERFACE ***
 ipv4 address dhcp
!
interface GigabitEthernet0/0/0/0
 shutdown
!
interface GigabitEthernet0/0/0/1
 shutdown
!
interface GigabitEthernet0/0/0/2
 shutdown
!
interface GigabitEthernet0/0/0/3
 shutdown
!
interface GigabitEthernet0/0/0/4
 shutdown
!
router static
 address-family ipv4 unicast
  0.0.0.0/0 192.168.122.1
 !
!
xml agent tty
 iteration off
!
netconf-yang agent
 ssh
!
ssh server v2
ssh server netconf vrf default
end

</Configuration></CLI><ResultSummary ErrorCount="0"/></Response>
XML> 
DEBUG:netmiko:read_channel: 
DEBUG:netmiko:write_channel: b'<?xml version="1.0" encoding="UTF-8"?><Request MajorVersion="1" MinorVersion="0"><Commit/></Request>\n'
DEBUG:netmiko:read_channel: 
DEBUG:netmiko:read_channel: 
DEBUG:netmiko:read_channel: 
DEBUG:netmiko:read_channel: 
DEBUG:netmiko:read_channel: 
DEBUG:netmiko:read_channel: 
DEBUG:netmiko:read_channel: 
DEBUG:netmiko:read_channel: 
DEBUG:netmiko:read_channel: 
DEBUG:netmiko:read_channel: 
DEBUG:netmiko:read_channel: 
DEBUG:netmiko:read_channel: 
DEBUG:netmiko:read_channel: 
DEBUG:netmiko:read_channel: 
DEBUG:netmiko:read_channel: 
DEBUG:netmiko:read_channel: 
DEBUG:netmiko:read_channel: 
DEBUG:netmiko:read_channel: 
DEBUG:netmiko:read_channel: 
DEBUG:netmiko:read_channel: 
DEBUG:netmiko:read_channel: 
DEBUG:netmiko:read_channel: 
DEBUG:netmiko:read_channel: 
DEBUG:netmiko:read_channel: 
DEBUG:netmiko:read_channel: 
DEBUG:netmiko:read_channel: 
DEBUG:netmiko:read_channel: 
DEBUG:netmiko:read_channel: 
DEBUG:netmiko:read_channel: 
DEBUG:netmiko:read_channel: 
DEBUG:netmiko:read_channel: 
DEBUG:netmiko:read_channel: 
DEBUG:netmiko:read_channel: 
DEBUG:netmiko:read_channel: 
DEBUG:netmiko:read_channel: 
DEBUG:netmiko:read_channel: 
DEBUG:netmiko:read_channel: 
DEBUG:netmiko:read_channel: 
DEBUG:netmiko:read_channel: 
DEBUG:netmiko:read_channel: 
DEBUG:netmiko:read_channel: 
DEBUG:netmiko:read_channel: 
DEBUG:netmiko:read_channel: 
DEBUG:netmiko:read_channel: 
DEBUG:netmiko:read_channel: 
DEBUG:netmiko:read_channel: 
DEBUG:netmiko:read_channel: 
DEBUG:netmiko:read_channel: <?xml version="1.0" encoding="UTF-8"?>
<Response MajorVersion="1" MinorVersion="0"><Commit CommitID="1000000015"/><ResultSummary ErrorCount="0"/></Response>
XML> 
DEBUG:netmiko:read_channel: 
DEBUG:netmiko:write_channel: b'<?xml version="1.0" encoding="UTF-8"?><Request MajorVersion="1" MinorVersion="0"><Unlock/></Request>\n'
DEBUG:netmiko:read_channel: 
DEBUG:netmiko:read_channel: 
DEBUG:netmiko:read_channel: <?xml version="1.0" encoding="UTF-8"?>
<Response MajorVersion="1" MinorVersion="0"><Unlock/><ResultSummary ErrorCount="0"/></Response>
XML> 
DEBUG:paramiko.transport:[chan 0] EOF sent (0)
DEBUG:paramiko.transport:starting thread (client mode): 0x5af31d0
DEBUG:paramiko.transport:Local version/idstring: SSH-2.0-paramiko_2.4.2
DEBUG:paramiko.transport:Remote version/idstring: SSH-1.99-Cisco-2.0
INFO:paramiko.transport:Connected (version 1.99, client Cisco-2.0)
DEBUG:paramiko.transport:kex algos:['ecdh-sha2-nistp521', 'ecdh-sha2-nistp384', 'ecdh-sha2-nistp256', 'diffie-hellman-group14-sha1'] server key:['ssh-rsa'] client encrypt:['aes128-ctr', 'aes192-ctr', 'aes256-ctr', 'aes128-gcm@openssh.com', 'aes256-gcm@openssh.com'] server encrypt:['aes128-ctr', 'aes192-ctr', 'aes256-ctr', 'aes128-gcm@openssh.com', 'aes256-gcm@openssh.com'] client mac:['hmac-sha2-512', 'hmac-sha2-256', 'hmac-sha1'] server mac:['hmac-sha2-512', 'hmac-sha2-256', 'hmac-sha1'] client compress:['none'] server compress:['none'] client lang:[''] server lang:[''] kex follows?False
DEBUG:paramiko.transport:Kex agreed: ecdh-sha2-nistp256
DEBUG:paramiko.transport:HostKey agreed: ssh-rsa
DEBUG:paramiko.transport:Cipher agreed: aes128-ctr
DEBUG:paramiko.transport:MAC agreed: hmac-sha2-256
DEBUG:paramiko.transport:Compression agreed: none
DEBUG:paramiko.transport:kex engine KexNistp256 specified hash_algo <built-in function openssl_sha256>
DEBUG:paramiko.transport:Switch to new keys ...
DEBUG:paramiko.transport:Adding ssh-rsa host key for [10.10.20.70]:2221: b'e1ad3e53cdc053037494810944e7d7d0'
DEBUG:paramiko.transport:userauth is OK
INFO:paramiko.transport:Authentication (password) successful!
DEBUG:paramiko.transport:[chan 0] Max packet in: 32768 bytes
DEBUG:paramiko.transport:[chan 0] Max packet out: 32768 bytes
DEBUG:paramiko.transport:Secsh channel 0 opened.
DEBUG:paramiko.transport:[chan 0] Sesch channel 0 request ok
DEBUG:paramiko.transport:[chan 0] Sesch channel 0 request ok
DEBUG:netmiko:read_channel: 

RP/0/RP0/CPU0:r1#
DEBUG:netmiko:read_channel: 
DEBUG:netmiko:read_channel: 
DEBUG:netmiko:read_channel: 
DEBUG:netmiko:write_channel: b'\n'
DEBUG:netmiko:read_channel: 
DEBUG:netmiko:read_channel: 
DEBUG:netmiko:write_channel: b'\n'
DEBUG:netmiko:read_channel: 
DEBUG:netmiko:write_channel: b'\n'
DEBUG:netmiko:read_channel: 
RP/0/RP0/CPU0:r1#
DEBUG:netmiko:read_channel: 
DEBUG:netmiko:read_channel: 
RP/0/RP0/CPU0:r1#
RP/0/RP0/CPU0:r1#
DEBUG:netmiko:In disable_paging
DEBUG:netmiko:Command: terminal length 0

DEBUG:netmiko:write_channel: b'terminal length 0\n'
DEBUG:netmiko:Pattern is: RP\/0\/RP0\/CPU0\:r1
DEBUG:netmiko:_read_channel_expect read_data: terminal length 0

DEBUG:netmiko:_read_channel_expect read_data: Wed Dec  2 10:07:13.446 UTC

DEBUG:netmiko:_read_channel_expect read_data: RP/0/RP0/CPU0:r1#
DEBUG:netmiko:Pattern found: RP\/0\/RP0\/CPU0\:r1 terminal length 0
Wed Dec  2 10:07:13.446 UTC
RP/0/RP0/CPU0:r1#
DEBUG:netmiko:terminal length 0
Wed Dec  2 10:07:13.446 UTC
RP/0/RP0/CPU0:r1#
DEBUG:netmiko:Exiting disable_paging
DEBUG:netmiko:write_channel: b'terminal width 511\n'
DEBUG:netmiko:Pattern is: RP\/0\/RP0\/CPU0\:r1
DEBUG:netmiko:_read_channel_expect read_data: terminal width 511

DEBUG:netmiko:_read_channel_expect read_data: Wed Dec  2 10:07:13.987 UTC
RP/0/RP0/CPU0:r1#
DEBUG:netmiko:Pattern found: RP\/0\/RP0\/CPU0\:r1 terminal width 511
Wed Dec  2 10:07:13.987 UTC
RP/0/RP0/CPU0:r1#
DEBUG:netmiko:read_channel: 
DEBUG:netmiko:read_channel: 
DEBUG:netmiko:write_channel: b'\n'
DEBUG:netmiko:read_channel: 
DEBUG:netmiko:read_channel: 
DEBUG:netmiko:write_channel: b'\n'
DEBUG:netmiko:read_channel: 
DEBUG:netmiko:write_channel: b'\n'
DEBUG:netmiko:read_channel: 
RP/0/RP0/CPU0:r1#
DEBUG:netmiko:read_channel: 
DEBUG:netmiko:read_channel: 
RP/0/RP0/CPU0:r1#
RP/0/RP0/CPU0:r1#
DEBUG:netmiko:write_channel: b'show run\n'
DEBUG:netmiko:read_channel: 
DEBUG:netmiko:read_channel: 
DEBUG:netmiko:read_channel: show run
Wed Dec  2 10:07:15.245 UTC

DEBUG:netmiko:read_channel: 
DEBUG:netmiko:read_channel: Building configuration...
!! IOS XR Configuration version = 6.4.1
!! Last configuration change at Tue Dec  1 12:32:53 2020 by admin
!

DEBUG:netmiko:read_channel: hostname r1
banner motd ;
--------------------------------------------------------------------------
  Router 1 (Cisco IOS XR Sandbox)
--------------------------------------------------------------------------
;
service timestamps log datetime msec
service timestamps debug datetime msec
username admin
 group root-lr
 group cisco-support
 secret 5 $1$A4C9$oaNorr6BXDruE4gDd086L.
!
line console
 timestamp disable
 exec-timeout 0 0
!
vty-pool default 0 4 line-template VTY-TEMPLATE
call-home
 service active
 contact smart-licensing
 profile CiscoTAC-1
  active
  destination transport-method http
 !
!
interface Bundle-Ether33
 description ==TEST1==
 mtu 9216
 bundle maximum-active links 2
 bundle minimum-active links 1
!
interface Bundle-Ether33.1
 description 95014353 National Bank Of Kenya-Nakuru
 vrf NBK
 ipv4 address 1.1.1.1 255.255.255.252
 encapsulation dot1q 3021 second-dot1q 3302
!
interface Bundle-Ether33.2
 description 95014354 National Bank Of Kenya Nakuru Hospital ATM
 vrf NBK
 ipv4 address 2.2.2.2 255.255.255.252
 encapsulation dot1q 3021 second-dot1q 3303
!
interface Bundle-Ether33.3
 description 95014450_Jamii_Bora_Bank-Nakuru_Backup
 vrf JAMII_BORA
 ipv4 address 172.30.17.53 255.255.255.252
 encapsulation dot1q 3021 second-dot1q 3304
!
interface Bundle-Ether33.4
 description 95015815 NBK-Westside Mall Nakuru ATM
 vrf NBK
 ipv4 address 172.30.17.77 255.255.255.252
 encapsulation dot1q 3021 second-dot1q 3311
!
interface MgmtEth0/RP0/CPU0/0
 description *** MANAGEMENT INTERFACE ***
 ipv4 address dhcp
!
interface GigabitEthernet0/0/0/0
 bundle id 33 mode on
 shutdown
!
interface GigabitEthernet0/0/0/1
 bundle id 33 mode on
 shutdown
!
interface GigabitEthernet0/0/0/2
 shutdown
!
interface GigabitEthernet0/0/0/3
 shutdown
!
interface GigabitEthernet0/0/0/4
 shutdown
!
router static
 address-family ipv4 unicast
  0.0.0.0/0 192.168.122.1
 !
!
netconf-yang agent
 ssh
!
ssh server v2
ssh server netconf vrf default
router eigrp 200
 address-family ipv4
 !
 vrf NBK
  address-family ipv4
   default-metric 1024 100 255 1 1500
   autonomous-system 500
   redistribute connected
   redistribute static
   interface Bundle-Ether33.1
   !
   interface Bundle-Ether33.2
   !
   interface Bundle-Ether33.4
   !
  !
 !
!
end

RP/0/RP0/CPU0:r1#
DEBUG:paramiko.transport:starting thread (client mode): 0x41666a0
DEBUG:paramiko.transport:Local version/idstring: SSH-2.0-paramiko_2.4.2
DEBUG:paramiko.transport:Remote version/idstring: SSH-1.99-Cisco-2.0
INFO:paramiko.transport:Connected (version 1.99, client Cisco-2.0)
DEBUG:paramiko.transport:kex algos:['ecdh-sha2-nistp521', 'ecdh-sha2-nistp384', 'ecdh-sha2-nistp256', 'diffie-hellman-group14-sha1'] server key:['ssh-rsa'] client encrypt:['aes128-ctr', 'aes192-ctr', 'aes256-ctr', 'aes128-gcm@openssh.com', 'aes256-gcm@openssh.com'] server encrypt:['aes128-ctr', 'aes192-ctr', 'aes256-ctr', 'aes128-gcm@openssh.com', 'aes256-gcm@openssh.com'] client mac:['hmac-sha2-512', 'hmac-sha2-256', 'hmac-sha1'] server mac:['hmac-sha2-512', 'hmac-sha2-256', 'hmac-sha1'] client compress:['none'] server compress:['none'] client lang:[''] server lang:[''] kex follows?False
DEBUG:paramiko.transport:Kex agreed: ecdh-sha2-nistp256
DEBUG:paramiko.transport:HostKey agreed: ssh-rsa
DEBUG:paramiko.transport:Cipher agreed: aes128-ctr
DEBUG:paramiko.transport:MAC agreed: hmac-sha2-256
DEBUG:paramiko.transport:Compression agreed: none
DEBUG:paramiko.transport:kex engine KexNistp256 specified hash_algo <built-in function openssl_sha256>
DEBUG:paramiko.transport:Switch to new keys ...
DEBUG:paramiko.transport:Adding ssh-rsa host key for [10.10.20.70]:2231: b'0b7fe057af98893860da3ac18b449501'
DEBUG:paramiko.transport:userauth is OK
INFO:paramiko.transport:Authentication (password) successful!
DEBUG:paramiko.transport:[chan 0] Max packet in: 32768 bytes
DEBUG:paramiko.transport:[chan 0] Max packet out: 32768 bytes
DEBUG:paramiko.transport:Secsh channel 0 opened.
DEBUG:paramiko.transport:[chan 0] Sesch channel 0 request ok
DEBUG:paramiko.transport:[chan 0] Sesch channel 0 request ok
DEBUG:netmiko:read_channel: 

RP/0/RP0/CPU0:r2#
DEBUG:netmiko:read_channel: 
DEBUG:netmiko:read_channel: 
DEBUG:netmiko:read_channel: 
DEBUG:netmiko:write_channel: b'\n'
DEBUG:netmiko:read_channel: 
DEBUG:netmiko:read_channel: 
DEBUG:netmiko:write_channel: b'\n'
DEBUG:netmiko:read_channel: 
DEBUG:netmiko:write_channel: b'\n'
DEBUG:netmiko:read_channel: 
RP/0/RP0/CPU0:r2#
DEBUG:netmiko:read_channel: 
DEBUG:netmiko:read_channel: 
RP/0/RP0/CPU0:r2#
RP/0/RP0/CPU0:r2#
DEBUG:netmiko:In disable_paging
DEBUG:netmiko:Command: terminal length 0

DEBUG:netmiko:write_channel: b'terminal length 0\n'
DEBUG:netmiko:Pattern is: RP\/0\/RP0\/CPU0\:r2
DEBUG:netmiko:_read_channel_expect read_data: terminal length 0

DEBUG:netmiko:_read_channel_expect read_data: Wed Dec  2 10:07:24.380 UTC

DEBUG:netmiko:_read_channel_expect read_data: RP/0/RP0/CPU0:r2#
DEBUG:netmiko:Pattern found: RP\/0\/RP0\/CPU0\:r2 terminal length 0
Wed Dec  2 10:07:24.380 UTC
RP/0/RP0/CPU0:r2#
DEBUG:netmiko:terminal length 0
Wed Dec  2 10:07:24.380 UTC
RP/0/RP0/CPU0:r2#
DEBUG:netmiko:Exiting disable_paging
DEBUG:netmiko:write_channel: b'terminal width 511\n'
DEBUG:netmiko:Pattern is: RP\/0\/RP0\/CPU0\:r2
DEBUG:netmiko:_read_channel_expect read_data: terminal width 511

DEBUG:netmiko:_read_channel_expect read_data: Wed Dec  2 10:07:24.825 UTC

DEBUG:netmiko:_read_channel_expect read_data: RP/0/RP0/CPU0:r2#
DEBUG:netmiko:Pattern found: RP\/0\/RP0\/CPU0\:r2 terminal width 511
Wed Dec  2 10:07:24.825 UTC
RP/0/RP0/CPU0:r2#
DEBUG:netmiko:read_channel: 
DEBUG:netmiko:read_channel: 
DEBUG:netmiko:write_channel: b'\n'
DEBUG:netmiko:read_channel: 
DEBUG:netmiko:read_channel: 
DEBUG:netmiko:write_channel: b'\n'
DEBUG:netmiko:read_channel: 
DEBUG:netmiko:write_channel: b'\n'
DEBUG:netmiko:read_channel: 
RP/0/RP0/CPU0:r2#
DEBUG:netmiko:read_channel: 
DEBUG:netmiko:read_channel: 
RP/0/RP0/CPU0:r2#
RP/0/RP0/CPU0:r2#
DEBUG:netmiko:write_channel: b'show run\n'
DEBUG:netmiko:read_channel: 
DEBUG:netmiko:read_channel: 
DEBUG:netmiko:read_channel: show run
Wed Dec  2 10:07:26.204 UTC

DEBUG:netmiko:read_channel: Building configuration...
!! IOS XR Configuration version = 6.4.1
!! Last configuration change at Wed Dec  2 05:42:00 2020 by admin
!

DEBUG:netmiko:read_channel: hostname r2
banner motd ;
--------------------------------------------------------------------------
  Router 2 (Cisco IOS XR Sandbox)
--------------------------------------------------------------------------
;
logging console disable
service timestamps log datetime msec
service timestamps debug datetime msec
username admin
 group root-lr
 group cisco-support
 secret 5 $1$A4C9$oaNorr6BXDruE4gDd086L.
!
line console
 timestamp disable
 exec-timeout 0 0
 absolute-timeout 0
 session-timeout 0
!
line default
 exec-timeout 0 0
 absolute-timeout 0
 session-timeout 0
!
call-home
 service active
 contact smart-licensing
 profile CiscoTAC-1
  active
  destination transport-method http
 !
!
interface Bundle-Ether33
 description ==TEST1==
 mtu 9216
 bundle maximum-active links 2
 bundle minimum-active links 1
!
interface Bundle-Ether33.1
 description 95014353 National Bank Of Kenya-Nakuru
 vrf NBK
 ipv4 address 1.1.1.1 255.255.255.252
 encapsulation dot1q 3021 second-dot1q 3302
!
interface Bundle-Ether33.2
 description 95014354 National Bank Of Kenya Nakuru Hospital ATM
 vrf NBK
 ipv4 address 2.2.2.2 255.255.255.252
 encapsulation dot1q 3021 second-dot1q 3303
!
interface Bundle-Ether33.3
 description 95014450_Jamii_Bora_Bank-Nakuru_Backup
 vrf JAMII_BORA
 ipv4 address 172.30.17.53 255.255.255.252
 encapsulation dot1q 3021 second-dot1q 3304
!
interface Bundle-Ether33.4
 description 95015815 NBK-Westside Mall Nakuru ATM
 vrf NBK
 ipv4 address 172.30.17.77 255.255.255.252
 encapsulation dot1q 3021 second-dot1q 3311
!
interface MgmtEth0/RP0/CPU0/0
 description *** MANAGEMENT INTERFACE ***
 ipv4 address dhcp
!
interface GigabitEthernet0/0/0/0
 bundle id 33 mode on
 shutdown
!
interface GigabitEthernet0/0/0/1
 bundle id 33 mode on
 shutdown
!
interface GigabitEthernet0/0/0/2
 shutdown
!
interface GigabitEthernet0/0/0/3
 shutdown
!
interface GigabitEthernet0/0/0/4
 shutdown
!
interface preconfigure MgmtEth0/0/CPU0/0
 shutdown
!
interface preconfigure GigabitEthernet0/0/0/5
 shutdown
!
interface preconfigure GigabitEthernet0/0/0/6
 shutdown
!
interface preconfigure GigabitEthernet0/0/0/7
 shutdown
!
router static
 address-family ipv4 unicast
  0.0.0.0/0 192.168.122.1
 !
!
xml agent tty
 iteration off
!
netconf-yang agent
 ssh
!
ssh server v2
ssh server netconf vrf default
router eigrp 200
 address-family ipv4
 !
 vrf NBK
  address-family ipv4
   default-metric 1024 100 255 1 1500
   autonomous-system 500
   redistribute connected
   redistribute static
   interface Bundle-Ether33.1
   !
   interface Bundle-Ether33.2
   !
   interface Bundle-Ether33.4
   !
  !
 !
!
end

RP/0/RP0/CPU0:r2#
DEBUG:paramiko.transport:starting thread (client mode): 0x68a931d0
DEBUG:paramiko.transport:Local version/idstring: SSH-2.0-paramiko_2.4.2
DEBUG:paramiko.transport:Remote version/idstring: SSH-1.99-Cisco-2.0
INFO:paramiko.transport:Connected (version 1.99, client Cisco-2.0)
DEBUG:paramiko.transport:kex algos:['ecdh-sha2-nistp521', 'ecdh-sha2-nistp384', 'ecdh-sha2-nistp256', 'diffie-hellman-group14-sha1'] server key:['ssh-rsa'] client encrypt:['aes128-ctr', 'aes192-ctr', 'aes256-ctr', 'aes128-gcm@openssh.com', 'aes256-gcm@openssh.com'] server encrypt:['aes128-ctr', 'aes192-ctr', 'aes256-ctr', 'aes128-gcm@openssh.com', 'aes256-gcm@openssh.com'] client mac:['hmac-sha2-512', 'hmac-sha2-256', 'hmac-sha1'] server mac:['hmac-sha2-512', 'hmac-sha2-256', 'hmac-sha1'] client compress:['none'] server compress:['none'] client lang:[''] server lang:[''] kex follows?False
DEBUG:paramiko.transport:Kex agreed: ecdh-sha2-nistp256
DEBUG:paramiko.transport:HostKey agreed: ssh-rsa
DEBUG:paramiko.transport:Cipher agreed: aes128-ctr
DEBUG:paramiko.transport:MAC agreed: hmac-sha2-256
DEBUG:paramiko.transport:Compression agreed: none
DEBUG:paramiko.transport:kex engine KexNistp256 specified hash_algo <built-in function openssl_sha256>
DEBUG:paramiko.transport:Switch to new keys ...
DEBUG:paramiko.transport:Adding ssh-rsa host key for [10.10.20.70]:2221: b'e1ad3e53cdc053037494810944e7d7d0'
DEBUG:paramiko.transport:userauth is OK
INFO:paramiko.transport:Authentication (password) successful!
DEBUG:paramiko.transport:[chan 0] Max packet in: 32768 bytes
DEBUG:paramiko.transport:[chan 0] Max packet out: 32768 bytes
DEBUG:paramiko.transport:Secsh channel 0 opened.
DEBUG:paramiko.transport:[chan 0] Sesch channel 0 request ok
DEBUG:paramiko.transport:[chan 0] Sesch channel 0 request ok
DEBUG:netmiko:read_channel: 

RP/0/RP0/CPU0:r1#
DEBUG:netmiko:read_channel: 
DEBUG:netmiko:read_channel: 
DEBUG:netmiko:read_channel: 
DEBUG:netmiko:write_channel: b'\n'
DEBUG:netmiko:read_channel: 
DEBUG:netmiko:read_channel: 
DEBUG:netmiko:write_channel: b'\n'
DEBUG:netmiko:read_channel: 
DEBUG:netmiko:write_channel: b'\n'
DEBUG:netmiko:read_channel: 
DEBUG:netmiko:write_channel: b'\n'
DEBUG:netmiko:read_channel: 
DEBUG:netmiko:write_channel: b'\n'
DEBUG:netmiko:read_channel: 
RP/0/RP0/CPU0:r1#
DEBUG:netmiko:read_channel: 
DEBUG:netmiko:read_channel: 
DEBUG:netmiko:In disable_paging
DEBUG:netmiko:Command: terminal length 0

DEBUG:netmiko:write_channel: b'terminal length 0\n'
DEBUG:netmiko:Pattern is: RP\/0\/RP0\/CPU0\:r1
DEBUG:netmiko:_read_channel_expect read_data: 

DEBUG:netmiko:_read_channel_expect read_data: 


RP/0/RP0/CPU0:r1#
RP/0/RP0/CPU0:r1#

DEBUG:netmiko:Pattern found: RP\/0\/RP0\/CPU0\:r1 



RP/0/RP0/CPU0:r1#
RP/0/RP0/CPU0:r1#

DEBUG:netmiko:



RP/0/RP0/CPU0:r1#
RP/0/RP0/CPU0:r1#

DEBUG:netmiko:Exiting disable_paging
DEBUG:netmiko:write_channel: b'terminal width 511\n'
DEBUG:netmiko:Pattern is: RP\/0\/RP0\/CPU0\:r1
DEBUG:netmiko:_read_channel_expect read_data: RP/0/RP0/CPU0:r1#

DEBUG:netmiko:Pattern found: RP\/0\/RP0\/CPU0\:r1 RP/0/RP0/CPU0:r1#

DEBUG:netmiko:read_channel: RP/0/RP0/CPU0:r1#terminal length 0
Fri Dec  4 05:42:20.489 UTC
RP/0/RP0/CPU0:r1#
DEBUG:netmiko:read_channel: 
DEBUG:netmiko:write_channel: b'\n'
DEBUG:netmiko:read_channel: terminal width 511
Fri Dec  4 05:42:20.795 UTC
RP/0/RP0/CPU0:r1#
DEBUG:netmiko:read_channel: 
RP/0/RP0/CPU0:r1#
DEBUG:netmiko:read_channel: 
DEBUG:netmiko:write_channel: b'show run\n'
DEBUG:netmiko:read_channel: 
DEBUG:netmiko:read_channel: show run

DEBUG:netmiko:read_channel: Fri Dec  4 05:42:21.511 UTC

DEBUG:netmiko:read_channel: Building configuration...
!! IOS XR Configuration version = 6.4.1
!! Last configuration change at Wed Dec  2 12:15:42 2020 by admin
!

DEBUG:netmiko:read_channel: hostname r1
banner motd ;
--------------------------------------------------------------------------
  Router 1 (Cisco IOS XR Sandbox)
--------------------------------------------------------------------------
;
service timestamps log datetime msec
service timestamps debug datetime msec
username admin
 group root-lr
 group cisco-support
 secret 5 $1$A4C9$oaNorr6BXDruE4gDd086L.
!
line console
 timestamp disable
 exec-timeout 0 0
!
vty-pool default 0 4 line-template VTY-TEMPLATE
call-home
 service active
 contact smart-licensing
 profile CiscoTAC-1
  active
  destination transport-method http
 !
!
interface Bundle-Ether33
 description ==TEST1==
 mtu 9216
 bundle maximum-active links 2
 bundle minimum-active links 1
!
interface Bundle-Ether33.1
 description 95014353 National Bank Of Kenya-Nakuru
 vrf NBK
 ipv4 address 1.1.1.1 255.255.255.252
 encapsulation dot1q 3021 second-dot1q 3302
!
interface Bundle-Ether33.2
 description 95014354 National Bank Of Kenya Nakuru Hospital ATM
 vrf NBK
 ipv4 address 2.2.2.2 255.255.255.252
 encapsulation dot1q 3021 second-dot1q 3303
!
interface Bundle-Ether33.3
 description 95014450_Jamii_Bora_Bank-Nakuru_Backup
 vrf JAMII_BORA
 ipv4 address 172.30.17.53 255.255.255.252
 encapsulation dot1q 3021 second-dot1q 3304
!
interface Bundle-Ether33.4
 description 95015815 NBK-Westside Mall Nakuru ATM
 vrf NBK
 ipv4 address 172.30.17.77 255.255.255.252
 encapsulation dot1q 3021 second-dot1q 3311
!
interface MgmtEth0/RP0/CPU0/0
 description *** MANAGEMENT INTERFACE ***
 ipv4 address dhcp
!
interface GigabitEthernet0/0/0/0
 bundle id 33 mode on
 shutdown
!
interface GigabitEthernet0/0/0/1
 bundle id 33 mode on
 shutdown
!
interface GigabitEthernet0/0/0/2
 shutdown
!
interface GigabitEthernet0/0/0/3
 shutdown
!
interface GigabitEthernet0/0/0/4
 shutdown
!
router static
 address-family ipv4 unicast
  0.0.0.0/0 192.168.122.1
 !
!
xml agent tty
 iteration off
!
xml agent
!
netconf-yang agent
 ssh
!
ssh server v2
ssh server netconf vrf default
router eigrp 200
 address-family ipv4
 !
 vrf NBK
  address-family ipv4
   default-metric 1024 100 255 1 1500
   autonomous-system 500
   redistribute connected
   redistribute static
   interface Bundle-Ether33.1
   !
   interface Bundle-Ether33.2
   !
   interface Bundle-Ether33.4
   !
  !
 !
!
end

RP/0/RP0/CPU0:r1#
DEBUG:paramiko.transport:starting thread (client mode): 0x68067668
DEBUG:paramiko.transport:Local version/idstring: SSH-2.0-paramiko_2.4.2
DEBUG:paramiko.transport:Remote version/idstring: SSH-1.99-Cisco-2.0
INFO:paramiko.transport:Connected (version 1.99, client Cisco-2.0)
DEBUG:paramiko.transport:kex algos:['ecdh-sha2-nistp521', 'ecdh-sha2-nistp384', 'ecdh-sha2-nistp256', 'diffie-hellman-group14-sha1'] server key:['ssh-rsa'] client encrypt:['aes128-ctr', 'aes192-ctr', 'aes256-ctr', 'aes128-gcm@openssh.com', 'aes256-gcm@openssh.com'] server encrypt:['aes128-ctr', 'aes192-ctr', 'aes256-ctr', 'aes128-gcm@openssh.com', 'aes256-gcm@openssh.com'] client mac:['hmac-sha2-512', 'hmac-sha2-256', 'hmac-sha1'] server mac:['hmac-sha2-512', 'hmac-sha2-256', 'hmac-sha1'] client compress:['none'] server compress:['none'] client lang:[''] server lang:[''] kex follows?False
DEBUG:paramiko.transport:Kex agreed: ecdh-sha2-nistp256
DEBUG:paramiko.transport:HostKey agreed: ssh-rsa
DEBUG:paramiko.transport:Cipher agreed: aes128-ctr
DEBUG:paramiko.transport:MAC agreed: hmac-sha2-256
DEBUG:paramiko.transport:Compression agreed: none
DEBUG:paramiko.transport:kex engine KexNistp256 specified hash_algo <built-in function openssl_sha256>
DEBUG:paramiko.transport:Switch to new keys ...
DEBUG:paramiko.transport:Adding ssh-rsa host key for [10.10.20.70]:2231: b'0b7fe057af98893860da3ac18b449501'
DEBUG:paramiko.transport:userauth is OK
INFO:paramiko.transport:Authentication (password) successful!
DEBUG:paramiko.transport:[chan 0] Max packet in: 32768 bytes
DEBUG:paramiko.transport:[chan 0] Max packet out: 32768 bytes
DEBUG:paramiko.transport:Secsh channel 0 opened.
DEBUG:paramiko.transport:[chan 0] Sesch channel 0 request ok
DEBUG:paramiko.transport:[chan 0] Sesch channel 0 request ok
DEBUG:netmiko:read_channel: 

RP/0/RP0/CPU0:r2#
DEBUG:netmiko:read_channel: 
DEBUG:netmiko:read_channel: 
DEBUG:netmiko:read_channel: 
DEBUG:netmiko:write_channel: b'\n'
DEBUG:netmiko:read_channel: 
DEBUG:netmiko:read_channel: 
DEBUG:netmiko:write_channel: b'\n'
DEBUG:netmiko:read_channel: 
DEBUG:netmiko:write_channel: b'\n'
DEBUG:netmiko:read_channel: 
DEBUG:netmiko:write_channel: b'\n'
DEBUG:netmiko:read_channel: 
RP/0/RP0/CPU0:r2#
DEBUG:netmiko:read_channel: 
DEBUG:netmiko:read_channel: 
DEBUG:netmiko:In disable_paging
DEBUG:netmiko:Command: terminal length 0

DEBUG:netmiko:write_channel: b'terminal length 0\n'
DEBUG:netmiko:Pattern is: RP\/0\/RP0\/CPU0\:r2
DEBUG:netmiko:_read_channel_expect read_data: 

DEBUG:netmiko:_read_channel_expect read_data: RP/0/RP0/CPU0:r2#
RP/0/RP0/CPU0:r2#
RP/0/RP0/CPU0:r2#
DEBUG:netmiko:Pattern found: RP\/0\/RP0\/CPU0\:r2 
RP/0/RP0/CPU0:r2#
RP/0/RP0/CPU0:r2#
RP/0/RP0/CPU0:r2#
DEBUG:netmiko:
RP/0/RP0/CPU0:r2#
RP/0/RP0/CPU0:r2#
RP/0/RP0/CPU0:r2#
DEBUG:netmiko:Exiting disable_paging
DEBUG:netmiko:write_channel: b'terminal width 511\n'
DEBUG:netmiko:Pattern is: RP\/0\/RP0\/CPU0\:r2
DEBUG:netmiko:_read_channel_expect read_data: terminal length 0

DEBUG:netmiko:_read_channel_expect read_data: Fri Dec  4 05:42:30.778 UTC
RP/0/RP0/CPU0:r2#
DEBUG:netmiko:Pattern found: RP\/0\/RP0\/CPU0\:r2 terminal length 0
Fri Dec  4 05:42:30.778 UTC
RP/0/RP0/CPU0:r2#
DEBUG:netmiko:read_channel: terminal width 511
Fri Dec  4 05:42:31.039 UTC
RP/0/RP0/CPU0:r2#
DEBUG:netmiko:read_channel: 
DEBUG:netmiko:write_channel: b'\n'
DEBUG:netmiko:read_channel: 
DEBUG:netmiko:read_channel: 
DEBUG:netmiko:write_channel: b'\n'
DEBUG:netmiko:read_channel: 
RP/0/RP0/CPU0:r2#
DEBUG:netmiko:read_channel: 
DEBUG:netmiko:read_channel: 
RP/0/RP0/CPU0:r2#
DEBUG:netmiko:write_channel: b'show run\n'
DEBUG:netmiko:read_channel: 
DEBUG:netmiko:read_channel: show run

DEBUG:netmiko:read_channel: Fri Dec  4 05:42:31.956 UTC

DEBUG:netmiko:read_channel: 
DEBUG:netmiko:read_channel: Building configuration...
!! IOS XR Configuration version = 6.4.1
!! Last configuration change at Wed Dec  2 05:42:00 2020 by admin
!
hostname r2
banner motd ;
--------------------------------------------------------------------------
  Router 2 (Cisco IOS XR Sandbox)
--------------------------------------------------------------------------
;
logging console disable
service timestamps log datetime msec
service timestamps debug datetime msec
username admin
 group root-lr
 group cisco-support
 secret 5 $1$A4C9$oaNorr6BXDruE4gDd086L.
!
line console
 timestamp disable
 exec-timeout 0 0
 absolute-timeout 0
 session-timeout 0
!
line default
 exec-timeout 0 0
 absolute-timeout 0
 session-timeout 0
!
call-home
 service active
 contact smart-licensing
 profile CiscoTAC-1
  active
  destination transport-method http
 !
!
interface Bundle-Ether33
 description ==TEST1==
 mtu 9216
 bundle maximum-active links 2
 bundle minimum-active links 1
!
interface Bundle-Ether33.1
 description 95014353 National Bank Of Kenya-Nakuru
 vrf NBK
 ipv4 address 1.1.1.1 255.255.255.252
 encapsulation dot1q 3021 second-dot1q 3302
!
interface Bundle-Ether33.2
 description 95014354 National Bank Of Kenya Nakuru Hospital ATM
 vrf NBK
 ipv4 address 2.2.2.2 255.255.255.252
 encapsulation dot1q 3021 second-dot1q 3303
!
interface Bundle-Ether33.3
 description 95014450_Jamii_Bora_Bank-Nakuru_Backup
 vrf JAMII_BORA
 ipv4 address 172.30.17.53 255.255.255.252
 encapsulation dot1q 3021 second-dot1q 3304
!
interface Bundle-Ether33.4
 description 95015815 NBK-Westside Mall Nakuru ATM
 vrf NBK
 ipv4 address 172.30.17.77 255.255.255.252
 encapsulation dot1q 3021 second-dot1q 3311
!
interface MgmtEth0/RP0/CPU0/0
 description *** MANAGEMENT INTERFACE ***
 ipv4 address dhcp
!
interface GigabitEthernet0/0/0/0
 bundle id 33 mode on
 shutdown
!
interface GigabitEthernet0/0/0/1
 bundle id 33 mode on
 shutdown
!
interface GigabitEthernet0/0/0/2
 shutdown
!
interface GigabitEthernet0/0/0/3
 shutdown
!
interface GigabitEthernet0/0/0/4
 shutdown
!
interface preconfigure MgmtEth0/0/CPU0/0
 shutdown
!
interface preconfigure GigabitEthernet0/0/0/5
 shutdown
!
interface preconfigure GigabitEthernet0/0/0/6
 shutdown
!
interface preconfigure GigabitEthernet0/0/0/7
 shutdown
!
router static
 address-family ipv4 unicast
  0.0.0.0/0 192.168.122.1
 !
!
xml agent tty
 iteration off
!
netconf-yang agent
 ssh
!
ssh server v2
ssh server netconf vrf default
router eigrp 200
 address-family ipv4
 !
 vrf NBK
  address-family ipv4
   default-metric 1024 100 255 1 1500
   autonomous-system 500
   redistribute connected
   redistribute static
   interface Bundle-Ether33.1
   !
   interface Bundle-Ether33.2
   !
   interface Bundle-Ether33.4
   !
  !
 !
!
end


DEBUG:netmiko:read_channel: RP/0/RP0/CPU0:r2#
DEBUG:paramiko.transport:starting thread (client mode): 0x744b11d0
DEBUG:paramiko.transport:Local version/idstring: SSH-2.0-paramiko_2.4.2
DEBUG:paramiko.transport:Remote version/idstring: SSH-1.99-Cisco-2.0
INFO:paramiko.transport:Connected (version 1.99, client Cisco-2.0)
DEBUG:paramiko.transport:kex algos:['ecdh-sha2-nistp521', 'ecdh-sha2-nistp384', 'ecdh-sha2-nistp256', 'diffie-hellman-group14-sha1'] server key:['ssh-rsa'] client encrypt:['aes128-ctr', 'aes192-ctr', 'aes256-ctr', 'aes128-gcm@openssh.com', 'aes256-gcm@openssh.com'] server encrypt:['aes128-ctr', 'aes192-ctr', 'aes256-ctr', 'aes128-gcm@openssh.com', 'aes256-gcm@openssh.com'] client mac:['hmac-sha2-512', 'hmac-sha2-256', 'hmac-sha1'] server mac:['hmac-sha2-512', 'hmac-sha2-256', 'hmac-sha1'] client compress:['none'] server compress:['none'] client lang:[''] server lang:[''] kex follows?False
DEBUG:paramiko.transport:Kex agreed: ecdh-sha2-nistp256
DEBUG:paramiko.transport:HostKey agreed: ssh-rsa
DEBUG:paramiko.transport:Cipher agreed: aes128-ctr
DEBUG:paramiko.transport:MAC agreed: hmac-sha2-256
DEBUG:paramiko.transport:Compression agreed: none
DEBUG:paramiko.transport:kex engine KexNistp256 specified hash_algo <built-in function openssl_sha256>
DEBUG:paramiko.transport:Switch to new keys ...
DEBUG:paramiko.transport:Adding ssh-rsa host key for [10.10.20.70]:2221: b'e1ad3e53cdc053037494810944e7d7d0'
DEBUG:paramiko.transport:userauth is OK
INFO:paramiko.transport:Authentication (password) successful!
DEBUG:paramiko.transport:[chan 0] Max packet in: 32768 bytes
DEBUG:paramiko.transport:[chan 0] Max packet out: 32768 bytes
DEBUG:paramiko.transport:Secsh channel 0 opened.
DEBUG:paramiko.transport:[chan 0] Sesch channel 0 request ok
DEBUG:paramiko.transport:[chan 0] Sesch channel 0 request ok
DEBUG:netmiko:read_channel: 

RP/0/RP0/CPU0:r1#
DEBUG:netmiko:read_channel: 
DEBUG:netmiko:read_channel: 
DEBUG:netmiko:read_channel: 
DEBUG:netmiko:write_channel: b'\n'
DEBUG:netmiko:read_channel: 
DEBUG:netmiko:read_channel: 
DEBUG:netmiko:write_channel: b'\n'
DEBUG:netmiko:read_channel: 
DEBUG:netmiko:write_channel: b'\n'
DEBUG:netmiko:read_channel: 
DEBUG:netmiko:write_channel: b'\n'
DEBUG:netmiko:read_channel: 
RP/0/RP0/CPU0:r1#
DEBUG:netmiko:read_channel: 
DEBUG:netmiko:read_channel: 
DEBUG:netmiko:In disable_paging
DEBUG:netmiko:Command: terminal length 0

DEBUG:netmiko:write_channel: b'terminal length 0\n'
DEBUG:netmiko:Pattern is: RP\/0\/RP0\/CPU0\:r1
DEBUG:netmiko:_read_channel_expect read_data: 

DEBUG:netmiko:_read_channel_expect read_data: 
RP/0/RP0/CPU0:r1#

RP/0/RP0/CPU0:r1#
RP/0/RP0/CPU0:r1#
DEBUG:netmiko:Pattern found: RP\/0\/RP0\/CPU0\:r1 

RP/0/RP0/CPU0:r1#

RP/0/RP0/CPU0:r1#
RP/0/RP0/CPU0:r1#
DEBUG:netmiko:

RP/0/RP0/CPU0:r1#

RP/0/RP0/CPU0:r1#
RP/0/RP0/CPU0:r1#
DEBUG:netmiko:Exiting disable_paging
DEBUG:netmiko:write_channel: b'terminal width 511\n'
DEBUG:netmiko:Pattern is: RP\/0\/RP0\/CPU0\:r1
DEBUG:netmiko:_read_channel_expect read_data: terminal length 0
Fri Dec  4 05:44:44.971 UTC

DEBUG:netmiko:_read_channel_expect read_data: RP/0/RP0/CPU0:r1#
DEBUG:netmiko:Pattern found: RP\/0\/RP0\/CPU0\:r1 terminal length 0
Fri Dec  4 05:44:44.971 UTC
RP/0/RP0/CPU0:r1#
DEBUG:netmiko:read_channel: terminal width 511
Fri Dec  4 05:44:45.282 UTC
RP/0/RP0/CPU0:r1#
DEBUG:netmiko:read_channel: 
DEBUG:netmiko:write_channel: b'\n'
DEBUG:netmiko:read_channel: 
DEBUG:netmiko:read_channel: 
DEBUG:netmiko:write_channel: b'\n'
DEBUG:netmiko:read_channel: 
RP/0/RP0/CPU0:r1#
DEBUG:netmiko:read_channel: 
DEBUG:netmiko:read_channel: 
RP/0/RP0/CPU0:r1#
DEBUG:netmiko:write_channel: b'show run\n'
DEBUG:netmiko:read_channel: 
DEBUG:netmiko:read_channel: show run

DEBUG:netmiko:read_channel: Fri Dec  4 05:44:46.195 UTC

DEBUG:netmiko:read_channel: 
DEBUG:netmiko:read_channel: Building configuration...
!! IOS XR Configuration version = 6.4.1
!! Last configuration change at Wed Dec  2 12:15:42 2020 by admin
!
hostname r1
banner motd ;
--------------------------------------------------------------------------
  Router 1 (Cisco IOS XR Sandbox)
--------------------------------------------------------------------------
;
service timestamps log datetime msec
service timestamps debug datetime msec
username admin
 group root-lr
 group cisco-support
 secret 5 $1$A4C9$oaNorr6BXDruE4gDd086L.
!
line console
 timestamp disable
 exec-timeout 0 0
!
vty-pool default 0 4 line-template VTY-TEMPLATE
call-home
 service active
 contact smart-licensing
 profile CiscoTAC-1
  active
  destination transport-method http
 !
!
interface Bundle-Ether33
 description ==TEST1==
 mtu 9216
 bundle maximum-active links 2
 bundle minimum-active links 1
!
interface Bundle-Ether33.1
 description 95014353 National Bank Of Kenya-Nakuru
 vrf NBK
 ipv4 address 1.1.1.1 255.255.255.252
 encapsulation dot1q 3021 second-dot1q 3302
!
interface Bundle-Ether33.2
 description 95014354 National Bank Of Kenya Nakuru Hospital ATM
 vrf NBK
 ipv4 address 2.2.2.2 255.255.255.252
 encapsulation dot1q 3021 second-dot1q 3303
!
interface Bundle-Ether33.3
 description 95014450_Jamii_Bora_Bank-Nakuru_Backup
 vrf JAMII_BORA
 ipv4 address 172.30.17.53 255.255.255.252
 encapsulation dot1q 3021 second-dot1q 3304
!
interface Bundle-Ether33.4
 description 95015815 NBK-Westside Mall Nakuru ATM
 vrf NBK
 ipv4 address 172.30.17.77 255.255.255.252
 encapsulation dot1q 3021 second-dot1q 3311
!
interface MgmtEth0/RP0/CPU0/0
 description *** MANAGEMENT INTERFACE ***
 ipv4 address dhcp
!
interface GigabitEthernet0/0/0/0
 bundle id 33 mode on
 shutdown
!
interface GigabitEthernet0/0/0/1
 bundle id 33 mode on
 shutdown
!
interface GigabitEthernet0/0/0/2
 shutdown
!
interface GigabitEthernet0/0/0/3
 shutdown
!
interface GigabitEthernet0/0/0/4
 shutdown
!
router static
 address-family ipv4 unicast
  0.0.0.0/0 192.168.122.1
 !
!
xml agent tty
 iteration off
!
xml agent
!
netconf-yang agent
 ssh
!
ssh server v2
ssh server netconf vrf default
router eigrp 200
 address-family ipv4
 !
 vrf NBK
  address-family ipv4
   default-metric 1024 100 255 1 1500
   autonomous-system 500
   redistribute connected
   redistribute static
   interface Bundle-Ether33.1
   !
   interface Bundle-Ether33.2
   !
   interface Bundle-Ether33.4
   !
  !
 !
!
end

RP/0/RP0/CPU0:r1#
DEBUG:paramiko.transport:starting thread (client mode): 0x72679668
DEBUG:paramiko.transport:Local version/idstring: SSH-2.0-paramiko_2.4.2
DEBUG:paramiko.transport:Remote version/idstring: SSH-1.99-Cisco-2.0
INFO:paramiko.transport:Connected (version 1.99, client Cisco-2.0)
DEBUG:paramiko.transport:kex algos:['ecdh-sha2-nistp521', 'ecdh-sha2-nistp384', 'ecdh-sha2-nistp256', 'diffie-hellman-group14-sha1'] server key:['ssh-rsa'] client encrypt:['aes128-ctr', 'aes192-ctr', 'aes256-ctr', 'aes128-gcm@openssh.com', 'aes256-gcm@openssh.com'] server encrypt:['aes128-ctr', 'aes192-ctr', 'aes256-ctr', 'aes128-gcm@openssh.com', 'aes256-gcm@openssh.com'] client mac:['hmac-sha2-512', 'hmac-sha2-256', 'hmac-sha1'] server mac:['hmac-sha2-512', 'hmac-sha2-256', 'hmac-sha1'] client compress:['none'] server compress:['none'] client lang:[''] server lang:[''] kex follows?False
DEBUG:paramiko.transport:Kex agreed: ecdh-sha2-nistp256
DEBUG:paramiko.transport:HostKey agreed: ssh-rsa
DEBUG:paramiko.transport:Cipher agreed: aes128-ctr
DEBUG:paramiko.transport:MAC agreed: hmac-sha2-256
DEBUG:paramiko.transport:Compression agreed: none
DEBUG:paramiko.transport:kex engine KexNistp256 specified hash_algo <built-in function openssl_sha256>
DEBUG:paramiko.transport:Switch to new keys ...
DEBUG:paramiko.transport:Adding ssh-rsa host key for [10.10.20.70]:2231: b'0b7fe057af98893860da3ac18b449501'
DEBUG:paramiko.transport:userauth is OK
INFO:paramiko.transport:Authentication (password) successful!
DEBUG:paramiko.transport:[chan 0] Max packet in: 32768 bytes
DEBUG:paramiko.transport:[chan 0] Max packet out: 32768 bytes
DEBUG:paramiko.transport:Secsh channel 0 opened.
DEBUG:paramiko.transport:[chan 0] Sesch channel 0 request ok
DEBUG:paramiko.transport:[chan 0] Sesch channel 0 request ok
DEBUG:netmiko:read_channel: 


DEBUG:netmiko:read_channel: 
DEBUG:netmiko:read_channel: RP/0/RP0/CPU0:r2#
DEBUG:netmiko:read_channel: 
DEBUG:netmiko:read_channel: 
DEBUG:netmiko:read_channel: 
DEBUG:netmiko:write_channel: b'\n'
DEBUG:netmiko:read_channel: 
DEBUG:netmiko:read_channel: 
DEBUG:netmiko:write_channel: b'\n'
DEBUG:netmiko:read_channel: 
DEBUG:netmiko:write_channel: b'\n'
DEBUG:netmiko:read_channel: 
RP/0/RP0/CPU0:r2#
DEBUG:netmiko:read_channel: 
DEBUG:netmiko:read_channel: 
DEBUG:netmiko:In disable_paging
DEBUG:netmiko:Command: terminal length 0

DEBUG:netmiko:write_channel: b'terminal length 0\n'
DEBUG:netmiko:Pattern is: RP\/0\/RP0\/CPU0\:r2
DEBUG:netmiko:_read_channel_expect read_data: 
RP/0/RP0/CPU0:r2#
RP/0/RP0/CPU0:r2#
DEBUG:netmiko:Pattern found: RP\/0\/RP0\/CPU0\:r2 
RP/0/RP0/CPU0:r2#
RP/0/RP0/CPU0:r2#
DEBUG:netmiko:
RP/0/RP0/CPU0:r2#
RP/0/RP0/CPU0:r2#
DEBUG:netmiko:Exiting disable_paging
DEBUG:netmiko:write_channel: b'terminal width 511\n'
DEBUG:netmiko:Pattern is: RP\/0\/RP0\/CPU0\:r2
DEBUG:netmiko:_read_channel_expect read_data: terminal length 0

DEBUG:netmiko:_read_channel_expect read_data: Fri Dec  4 05:44:57.580 UTC
RP/0/RP0/CPU0:r2#
DEBUG:netmiko:Pattern found: RP\/0\/RP0\/CPU0\:r2 terminal length 0
Fri Dec  4 05:44:57.580 UTC
RP/0/RP0/CPU0:r2#
DEBUG:netmiko:read_channel: terminal width 511
Fri Dec  4 05:44:57.887 UTC
RP/0/RP0/CPU0:r2#
DEBUG:netmiko:read_channel: 
DEBUG:netmiko:write_channel: b'\n'
DEBUG:netmiko:read_channel: 
DEBUG:netmiko:read_channel: 
DEBUG:netmiko:write_channel: b'\n'
DEBUG:netmiko:read_channel: 
DEBUG:netmiko:write_channel: b'\n'
DEBUG:netmiko:read_channel: 
DEBUG:netmiko:write_channel: b'\n'
DEBUG:netmiko:read_channel: 
RP/0/RP0/CPU0:r2#
DEBUG:netmiko:read_channel: 
DEBUG:netmiko:read_channel: 

RP/0/RP0/CPU0:r2#
RP/0/RP0/CPU0:r2#
RP/0/RP0/CPU0:r2#
DEBUG:netmiko:write_channel: b'show run\n'
DEBUG:netmiko:read_channel: 
DEBUG:netmiko:read_channel: show run

DEBUG:netmiko:read_channel: Fri Dec  4 05:44:59.007 UTC

DEBUG:netmiko:read_channel: 
DEBUG:netmiko:read_channel: Building configuration...
!! IOS XR Configuration version = 6.4.1
!! Last configuration change at Wed Dec  2 05:42:00 2020 by admin
!
hostname r2
banner motd ;
--------------------------------------------------------------------------
  Router 2 (Cisco IOS XR Sandbox)
--------------------------------------------------------------------------
;
logging console disable
service timestamps log datetime msec
service timestamps debug datetime msec
username admin
 group root-lr
 group cisco-support
 secret 5 $1$A4C9$oaNorr6BXDruE4gDd086L.
!
line console
 timestamp disable
 exec-timeout 0 0
 absolute-timeout 0
 session-timeout 0
!
line default
 exec-timeout 0 0
 absolute-timeout 0
 session-timeout 0
!
call-home
 service active
 contact smart-licensing
 profile CiscoTAC-1
  active
  destination transport-method http
 !
!
interface Bundle-Ether33
 description ==TEST1==
 mtu 9216
 bundle maximum-active links 2
 bundle minimum-active links 1
!
interface Bundle-Ether33.1
 description 95014353 National Bank Of Kenya-Nakuru
 vrf NBK
 ipv4 address 1.1.1.1 255.255.255.252
 encapsulation dot1q 3021 second-dot1q 3302
!
interface Bundle-Ether33.2
 description 95014354 National Bank Of Kenya Nakuru Hospital ATM
 vrf NBK
 ipv4 address 2.2.2.2 255.255.255.252
 encapsulation dot1q 3021 second-dot1q 3303
!
interface Bundle-Ether33.3
 description 95014450_Jamii_Bora_Bank-Nakuru_Backup
 vrf JAMII_BORA
 ipv4 address 172.30.17.53 255.255.255.252
 encapsulation dot1q 3021 second-dot1q 3304
!
interface Bundle-Ether33.4
 description 95015815 NBK-Westside Mall Nakuru ATM
 vrf NBK
 ipv4 address 172.30.17.77 255.255.255.252
 encapsulation dot1q 3021 second-dot1q 3311
!
interface MgmtEth0/RP0/CPU0/0
 description *** MANAGEMENT INTERFACE ***
 ipv4 address dhcp
!
interface GigabitEthernet0/0/0/0
 bundle id 33 mode on
 shutdown
!
interface GigabitEthernet0/0/0/1
 bundle id 33 mode on
 shutdown
!
interface GigabitEthernet0/0/0/2
 shutdown
!
interface GigabitEthernet0/0/0/3
 shutdown
!
interface GigabitEthernet0/0/0/4
 shutdown
!
interface preconfigure MgmtEth0/0/CPU0/0
 shutdown
!
interface pr
DEBUG:netmiko:read_channel: 
DEBUG:netmiko:read_channel: econfigure GigabitEthernet0/0/0/5
 shutdown
!
interface preconfigure GigabitEthernet0/0/0/6
 shutdown
!
interface preconfigure GigabitEthernet0/0/0/7
 shutdown
!
router static
 address-family ipv4 unicast
  0.0.0.0/0 192.168.122.1
 !
!
xml agent tty
 iteration off
!
netconf-yang agent
 ssh
!
ssh server v2
ssh server netconf vrf default
router eigrp 200
 address-family ipv4
 !
 vrf NBK
  address-family ipv4
   default-metric 1024 100 255 1 1500
   autonomous-system 500
   redistribute connected
   redistribute static
   interface Bundle-Ether33.1
   !
   interface Bundle-Ether33.2
   !
   interface Bundle-Ether33.4
   !
  !
 !
!
end

RP/0/RP0/CPU0:r2#
DEBUG:paramiko.transport:starting thread (client mode): 0x2d3331d0
DEBUG:paramiko.transport:Local version/idstring: SSH-2.0-paramiko_2.4.2
DEBUG:paramiko.transport:Remote version/idstring: SSH-1.99-Cisco-2.0
INFO:paramiko.transport:Connected (version 1.99, client Cisco-2.0)
DEBUG:paramiko.transport:kex algos:['ecdh-sha2-nistp521', 'ecdh-sha2-nistp384', 'ecdh-sha2-nistp256', 'diffie-hellman-group14-sha1'] server key:['ssh-rsa'] client encrypt:['aes128-ctr', 'aes192-ctr', 'aes256-ctr', 'aes128-gcm@openssh.com', 'aes256-gcm@openssh.com'] server encrypt:['aes128-ctr', 'aes192-ctr', 'aes256-ctr', 'aes128-gcm@openssh.com', 'aes256-gcm@openssh.com'] client mac:['hmac-sha2-512', 'hmac-sha2-256', 'hmac-sha1'] server mac:['hmac-sha2-512', 'hmac-sha2-256', 'hmac-sha1'] client compress:['none'] server compress:['none'] client lang:[''] server lang:[''] kex follows?False
DEBUG:paramiko.transport:Kex agreed: ecdh-sha2-nistp256
DEBUG:paramiko.transport:HostKey agreed: ssh-rsa
DEBUG:paramiko.transport:Cipher agreed: aes128-ctr
DEBUG:paramiko.transport:MAC agreed: hmac-sha2-256
DEBUG:paramiko.transport:Compression agreed: none
DEBUG:paramiko.transport:kex engine KexNistp256 specified hash_algo <built-in function openssl_sha256>
DEBUG:paramiko.transport:Switch to new keys ...
DEBUG:paramiko.transport:Adding ssh-rsa host key for [10.10.20.70]:2221: b'e1ad3e53cdc053037494810944e7d7d0'
DEBUG:paramiko.transport:userauth is OK
INFO:paramiko.transport:Authentication (password) successful!
DEBUG:paramiko.transport:[chan 0] Max packet in: 32768 bytes
DEBUG:paramiko.transport:[chan 0] Max packet out: 32768 bytes
DEBUG:paramiko.transport:Secsh channel 0 opened.
DEBUG:paramiko.transport:[chan 0] Sesch channel 0 request ok
DEBUG:paramiko.transport:[chan 0] Sesch channel 0 request ok
DEBUG:netmiko:read_channel: 

RP/0/RP0/CPU0:r1#
DEBUG:netmiko:read_channel: 
DEBUG:netmiko:read_channel: 
DEBUG:netmiko:read_channel: 
DEBUG:netmiko:write_channel: b'\n'
DEBUG:netmiko:read_channel: 
DEBUG:netmiko:read_channel: 
DEBUG:netmiko:write_channel: b'\n'
DEBUG:netmiko:read_channel: 
DEBUG:netmiko:write_channel: b'\n'
DEBUG:netmiko:read_channel: 
RP/0/RP0/CPU0:r1#
DEBUG:netmiko:read_channel: 
DEBUG:netmiko:read_channel: 
RP/0/RP0/CPU0:r1#
RP/0/RP0/CPU0:r1#
DEBUG:netmiko:In disable_paging
DEBUG:netmiko:Command: terminal length 0

DEBUG:netmiko:write_channel: b'terminal length 0\n'
DEBUG:netmiko:Pattern is: RP\/0\/RP0\/CPU0\:r1
DEBUG:netmiko:_read_channel_expect read_data: terminal length 0

DEBUG:netmiko:_read_channel_expect read_data: Fri Dec  4 05:45:58.321 UTC
RP/0/RP0/CPU0:r1#
DEBUG:netmiko:Pattern found: RP\/0\/RP0\/CPU0\:r1 terminal length 0
Fri Dec  4 05:45:58.321 UTC
RP/0/RP0/CPU0:r1#
DEBUG:netmiko:terminal length 0
Fri Dec  4 05:45:58.321 UTC
RP/0/RP0/CPU0:r1#
DEBUG:netmiko:Exiting disable_paging
DEBUG:netmiko:write_channel: b'terminal width 511\n'
DEBUG:netmiko:Pattern is: RP\/0\/RP0\/CPU0\:r1
DEBUG:netmiko:_read_channel_expect read_data: terminal width 511

DEBUG:netmiko:_read_channel_expect read_data: Fri Dec  4 05:45:58.714 UTC

DEBUG:netmiko:_read_channel_expect read_data: RP/0/RP0/CPU0:r1#
DEBUG:netmiko:Pattern found: RP\/0\/RP0\/CPU0\:r1 terminal width 511
Fri Dec  4 05:45:58.714 UTC
RP/0/RP0/CPU0:r1#
DEBUG:netmiko:read_channel: 
DEBUG:netmiko:read_channel: 
DEBUG:netmiko:write_channel: b'\n'
DEBUG:netmiko:read_channel: 
DEBUG:netmiko:read_channel: 
DEBUG:netmiko:write_channel: b'\n'
DEBUG:netmiko:read_channel: 
DEBUG:netmiko:write_channel: b'\n'
DEBUG:netmiko:read_channel: 
DEBUG:netmiko:write_channel: b'\n'
DEBUG:netmiko:read_channel: 
DEBUG:netmiko:write_channel: b'\n'
DEBUG:netmiko:read_channel: 
RP/0/RP0/CPU0:r1#
DEBUG:netmiko:read_channel: 
DEBUG:netmiko:read_channel: 
RP/0/RP0/CPU0:r1#
RP/0/RP0/CPU0:r1#
RP/0/RP0/CPU0:r1#
RP/0/RP0/CPU0:r1#
DEBUG:netmiko:write_channel: b'show run\n'
DEBUG:netmiko:read_channel: 
DEBUG:netmiko:read_channel: 
DEBUG:netmiko:read_channel: show run
Fri Dec  4 05:46:00.213 UTC

DEBUG:netmiko:read_channel: Building configuration...
!! IOS XR Configuration version = 6.4.1
!! Last configuration change at Wed Dec  2 12:15:42 2020 by admin
!

DEBUG:netmiko:read_channel: hostname r1
banner motd ;
--------------------------------------------------------------------------
  Router 1 (Cisco IOS XR Sandbox)
--------------------------------------------------------------------------
;
service timestamps log datetime msec
service timestamps debug datetime msec
username admin
 group root-lr
 group cisco-support
 secret 5 $1$A4C9$oaNorr6BXDruE4gDd086L.
!
line console
 timestamp disable
 exec-timeout 0 0
!
vty-pool default 0 4 line-template VTY-TEMPLATE
call-home
 service active
 contact smart-licensing
 profile CiscoTAC-1
  active
  destination transport-method http
 !
!
interface Bundle-Ether33
 description ==TEST1==
 mtu 9216
 bundle maximum-active links 2
 bundle minimum-active links 1
!
interface Bundle-Ether33.1
 description 95014353 National Bank Of Kenya-Nakuru
 vrf NBK
 ipv4 address 1.1.1.1 255.255.255.252
 encapsulation dot1q 3021 second-dot1q 3302
!
interface Bundle-Ether33.2
 description 95014354 National Bank Of Kenya Nakuru Hospital ATM
 vrf NBK
 ipv4 address 2.2.2.2 255.255.255.252
 encapsulation dot1q 3021 second-dot1q 3303
!
interface Bundle-Ether33.3
 description 95014450_Jamii_Bora_Bank-Nakuru_Backup
 vrf JAMII_BORA
 ipv4 address 172.30.17.53 255.255.255.252
 encapsulation dot1q 3021 second-dot1q 3304
!
interface Bundle-Ether33.4
 description 95015815 NBK-Westside Mall Nakuru ATM
 vrf NBK
 ipv4 address 172.30.17.77 255.255.255.252
 encapsulation dot1q 3021 second-dot1q 3311
!
interface MgmtEth0/RP0/CPU0/0
 description *** MANAGEMENT INTERFACE ***
 ipv4 address dhcp
!
interface GigabitEthernet0/0/0/0
 bundle id 33 mode on
 shutdown
!
interface GigabitEthernet0/0/0/1
 bundle id 33 mode on
 shutdown
!
interface GigabitEthernet0/0/0/2
 shutdown
!
interface GigabitEthernet0/0/0/3
 shutdown
!
interface GigabitEthernet0/0/0/4
 shutdown
!
router static
 address-family ipv4 unicast
  0.0.0.0/0 192.168.122.1
 !
!
xml agent tty
 iteration off
!
xml agent
!
netconf-yang agent
 ssh
!
ssh server v2
ssh server netconf vrf default
router eigrp 200
 address-family ipv4
 !
 vrf NBK
  address-family ipv4
   default-metric 1024 100 255 1 1500
   autonomous-system 500
   redistribute connected
   redistribute static
   interface Bundle-Ether33.1
   !
   interface Bundle-Ether33.2
   !
   interface Bundle-Ether33.4
   !
  !
 !
!
end

RP/0/RP0/CPU0:r1#
DEBUG:paramiko.transport:starting thread (client mode): 0x274d4668
DEBUG:paramiko.transport:Local version/idstring: SSH-2.0-paramiko_2.4.2
DEBUG:paramiko.transport:Remote version/idstring: SSH-1.99-Cisco-2.0
INFO:paramiko.transport:Connected (version 1.99, client Cisco-2.0)
DEBUG:paramiko.transport:kex algos:['ecdh-sha2-nistp521', 'ecdh-sha2-nistp384', 'ecdh-sha2-nistp256', 'diffie-hellman-group14-sha1'] server key:['ssh-rsa'] client encrypt:['aes128-ctr', 'aes192-ctr', 'aes256-ctr', 'aes128-gcm@openssh.com', 'aes256-gcm@openssh.com'] server encrypt:['aes128-ctr', 'aes192-ctr', 'aes256-ctr', 'aes128-gcm@openssh.com', 'aes256-gcm@openssh.com'] client mac:['hmac-sha2-512', 'hmac-sha2-256', 'hmac-sha1'] server mac:['hmac-sha2-512', 'hmac-sha2-256', 'hmac-sha1'] client compress:['none'] server compress:['none'] client lang:[''] server lang:[''] kex follows?False
DEBUG:paramiko.transport:Kex agreed: ecdh-sha2-nistp256
DEBUG:paramiko.transport:HostKey agreed: ssh-rsa
DEBUG:paramiko.transport:Cipher agreed: aes128-ctr
DEBUG:paramiko.transport:MAC agreed: hmac-sha2-256
DEBUG:paramiko.transport:Compression agreed: none
DEBUG:paramiko.transport:kex engine KexNistp256 specified hash_algo <built-in function openssl_sha256>
DEBUG:paramiko.transport:Switch to new keys ...
DEBUG:paramiko.transport:Adding ssh-rsa host key for [10.10.20.70]:2231: b'0b7fe057af98893860da3ac18b449501'
DEBUG:paramiko.transport:userauth is OK
INFO:paramiko.transport:Authentication (password) successful!
DEBUG:paramiko.transport:[chan 0] Max packet in: 32768 bytes
DEBUG:paramiko.transport:[chan 0] Max packet out: 32768 bytes
DEBUG:paramiko.transport:Secsh channel 0 opened.
DEBUG:paramiko.transport:[chan 0] Sesch channel 0 request ok
DEBUG:paramiko.transport:[chan 0] Sesch channel 0 request ok
DEBUG:netmiko:read_channel: 

RP/0/RP0/CPU0:r2#
DEBUG:netmiko:read_channel: 
DEBUG:netmiko:read_channel: 
DEBUG:netmiko:read_channel: 
DEBUG:netmiko:write_channel: b'\n'
DEBUG:netmiko:read_channel: 
DEBUG:netmiko:read_channel: 
DEBUG:netmiko:write_channel: b'\n'
DEBUG:netmiko:read_channel: 
DEBUG:netmiko:write_channel: b'\n'
DEBUG:netmiko:read_channel: 
DEBUG:netmiko:write_channel: b'\n'
DEBUG:netmiko:read_channel: 
RP/0/RP0/CPU0:r2#
DEBUG:netmiko:read_channel: 
DEBUG:netmiko:read_channel: 
DEBUG:netmiko:In disable_paging
DEBUG:netmiko:Command: terminal length 0

DEBUG:netmiko:write_channel: b'terminal length 0\n'
DEBUG:netmiko:Pattern is: RP\/0\/RP0\/CPU0\:r2
DEBUG:netmiko:_read_channel_expect read_data: 
RP/0/RP0/CPU0:r2#
DEBUG:netmiko:Pattern found: RP\/0\/RP0\/CPU0\:r2 
RP/0/RP0/CPU0:r2#
DEBUG:netmiko:
RP/0/RP0/CPU0:r2#
DEBUG:netmiko:Exiting disable_paging
DEBUG:netmiko:write_channel: b'terminal width 511\n'
DEBUG:netmiko:Pattern is: RP\/0\/RP0\/CPU0\:r2
DEBUG:netmiko:_read_channel_expect read_data: 
RP/0/RP0/CPU0:r2#
RP/0/RP0/CPU0:r2#
DEBUG:netmiko:Pattern found: RP\/0\/RP0\/CPU0\:r2 
RP/0/RP0/CPU0:r2#
RP/0/RP0/CPU0:r2#
DEBUG:netmiko:read_channel: 
DEBUG:netmiko:read_channel: 
DEBUG:netmiko:write_channel: b'\n'
DEBUG:netmiko:read_channel: terminal length 0
Fri Dec  4 05:46:09.265 UTC
RP/0/RP0/CPU0:r2#
DEBUG:netmiko:read_channel: 
DEBUG:netmiko:read_channel: terminal width 511

Fri Dec  4 05:46:09.574 UTC
RP/0/RP0/CPU0:r2#
RP/0/RP0/CPU0:r2#
DEBUG:netmiko:write_channel: b'show run\n'
DEBUG:netmiko:read_channel: 
DEBUG:netmiko:read_channel: show run

DEBUG:netmiko:read_channel: Fri Dec  4 05:46:09.964 UTC

DEBUG:netmiko:read_channel: 
DEBUG:netmiko:read_channel: Building configuration...
!! IOS XR Configuration version = 6.4.1
!! Last configuration change at Wed Dec  2 05:42:00 2020 by admin
!
hostname r2
banner motd ;
--------------------------------------------------------------------------
  Router 2 (Cisco IOS XR Sandbox)
--------------------------------------------------------------------------
;
logging console disable
service timestamps log datetime msec
service timestamps debug datetime msec
username admin
 group root-lr
 group cisco-support
 secret 5 $1$A4C9$oaNorr6BXDruE4gDd086L.
!
line console
 timestamp disable
 exec-timeout 0 0
 absolute-timeout 0
 session-timeout 0
!
line default
 exec-timeout 0 0
 absolute-timeout 0
 session-timeout 0
!
call-home
 service active
 contact smart-licensing
 profile CiscoTAC-1
  active
  destination transport-method http
 !
!
interface Bundle-Ether33
 description ==TEST1==
 mtu 9216
 bundle maximum-active links 2
 bundle minimum-active links 1
!
interface Bundle-Ether33.1
 description 95014353 National Bank Of Kenya-Nakuru
 vrf NBK
 ipv4 address 1.1.1.1 255.255.255.252
 encapsulation dot1q 3021 second-dot1q 3302
!
interface Bundle-Ether33.2
 description 95014354 National Bank Of Kenya Nakuru Hospital ATM
 vrf NBK
 ipv4 address 2.2.2.2 255.255.255.252
 encapsulation dot1q 3021 second-dot1q 3303
!
interface Bundle-Ether33.3
 description 95014450_Jamii_Bora_Bank-Nakuru_Backup
 vrf JAMII_BORA
 ipv4 address 172.30.17.53 255.255.255.252
 encapsulation dot1q 3021 second-dot1q 3304
!
interface Bundle-Ether33.4
 description 95015815 NBK-Westside Mall Nakuru ATM
 vrf NBK
 ipv4 address 172.30.17.77 255.255.255.252
 encapsulation dot1q 3021 second-dot1q 3311
!
interface MgmtEth0/RP0/CPU0/0
 description *** MANAGEMENT INTERFACE ***
 ipv4 address dhcp
!
interface GigabitEthernet0/0/0/0
 bundle id 33 mode on
 shutdown
!
interface GigabitEthernet0/0/0/1
 bundle id 33 mode on
 shutdown
!
interface GigabitEthernet0/0/0/2
 shutdown
!
interface GigabitEthernet0/0/0/3
 shutdown
!
interface GigabitEthernet0/0/0/4
 shutdown
!
interface preconfigure MgmtEth0/0/CPU0/0
 shutdown
!
interface preconfigure GigabitEthernet0/0/0/5
 shutdown
!
interface preconfigure GigabitEthernet0/0/0/6
 shutdown
!
interface preconfigure GigabitEthernet0/0/0/7
 shutdown
!
router static
 address-family ipv4 unicast
  0.0.0.0/0 192.168.122.1
 !
!
xml agent tty
 iteration off
!
netconf-yang agent
 ssh
!
ssh server v2
ssh server netconf vrf default
router eigrp 200
 address-family ipv4
 !
 vrf NBK
  address-family ipv4
   default-metric 1024 100 255 1 1500
   autonomous-system 500
   redistribute connected
   redistribute static
   interface Bundle-Ether33.1
   !
   interface Bundle-Ether33.2
   !
   interface Bundle-Ether33.4
   !
  !
 !
!
end

RP/0/RP0/CPU0:r2#
DEBUG:paramiko.transport:starting thread (client mode): 0x4b0b07f0
DEBUG:paramiko.transport:Local version/idstring: SSH-2.0-paramiko_2.4.2
DEBUG:paramiko.transport:Remote version/idstring: SSH-1.99-Cisco-2.0
INFO:paramiko.transport:Connected (version 1.99, client Cisco-2.0)
DEBUG:paramiko.transport:kex algos:['ecdh-sha2-nistp521', 'ecdh-sha2-nistp384', 'ecdh-sha2-nistp256', 'diffie-hellman-group14-sha1'] server key:['ssh-rsa'] client encrypt:['aes128-ctr', 'aes192-ctr', 'aes256-ctr', 'aes128-gcm@openssh.com', 'aes256-gcm@openssh.com'] server encrypt:['aes128-ctr', 'aes192-ctr', 'aes256-ctr', 'aes128-gcm@openssh.com', 'aes256-gcm@openssh.com'] client mac:['hmac-sha2-512', 'hmac-sha2-256', 'hmac-sha1'] server mac:['hmac-sha2-512', 'hmac-sha2-256', 'hmac-sha1'] client compress:['none'] server compress:['none'] client lang:[''] server lang:[''] kex follows?False
DEBUG:paramiko.transport:Kex agreed: ecdh-sha2-nistp256
DEBUG:paramiko.transport:HostKey agreed: ssh-rsa
DEBUG:paramiko.transport:Cipher agreed: aes128-ctr
DEBUG:paramiko.transport:MAC agreed: hmac-sha2-256
DEBUG:paramiko.transport:Compression agreed: none
DEBUG:paramiko.transport:kex engine KexNistp256 specified hash_algo <built-in function openssl_sha256>
DEBUG:paramiko.transport:Switch to new keys ...
DEBUG:paramiko.transport:Adding ssh-rsa host key for [10.10.20.70]:2231: b'0b7fe057af98893860da3ac18b449501'
DEBUG:paramiko.transport:userauth is OK
INFO:paramiko.transport:Authentication (password) successful!
DEBUG:paramiko.transport:[chan 0] Max packet in: 32768 bytes
DEBUG:paramiko.transport:[chan 0] Max packet out: 32768 bytes
DEBUG:paramiko.transport:Secsh channel 0 opened.
DEBUG:paramiko.transport:[chan 0] Sesch channel 0 request ok
DEBUG:paramiko.transport:[chan 0] Sesch channel 0 request ok
DEBUG:netmiko:read_channel: 

RP/0/RP0/CPU0:r2#
DEBUG:netmiko:read_channel: 
DEBUG:netmiko:read_channel: 
DEBUG:netmiko:read_channel: 
DEBUG:netmiko:write_channel: b'\n'
DEBUG:netmiko:read_channel: 
DEBUG:netmiko:read_channel: 
DEBUG:netmiko:write_channel: b'\n'
DEBUG:netmiko:read_channel: 
DEBUG:netmiko:write_channel: b'\n'
DEBUG:netmiko:read_channel: 
DEBUG:netmiko:write_channel: b'\n'
DEBUG:netmiko:read_channel: 
RP/0/RP0/CPU0:r2#
DEBUG:netmiko:read_channel: 
DEBUG:netmiko:read_channel: 
DEBUG:netmiko:In disable_paging
DEBUG:netmiko:Command: terminal length 0

DEBUG:netmiko:write_channel: b'terminal length 0\n'
DEBUG:netmiko:Pattern is: RP\/0\/RP0\/CPU0\:r2
DEBUG:netmiko:_read_channel_expect read_data: 

DEBUG:netmiko:_read_channel_expect read_data: RP/0/RP0/CPU0:r2#
RP/0/RP0/CPU0:r2#
RP/0/RP0/CPU0:r2#
DEBUG:netmiko:Pattern found: RP\/0\/RP0\/CPU0\:r2 
RP/0/RP0/CPU0:r2#
RP/0/RP0/CPU0:r2#
RP/0/RP0/CPU0:r2#
DEBUG:netmiko:
RP/0/RP0/CPU0:r2#
RP/0/RP0/CPU0:r2#
RP/0/RP0/CPU0:r2#
DEBUG:netmiko:Exiting disable_paging
DEBUG:netmiko:write_channel: b'terminal width 511\n'
DEBUG:netmiko:Pattern is: RP\/0\/RP0\/CPU0\:r2
DEBUG:netmiko:_read_channel_expect read_data: terminal length 0
Fri Dec  4 05:47:40.904 UTC
RP/0/RP0/CPU0:r2#
DEBUG:netmiko:Pattern found: RP\/0\/RP0\/CPU0\:r2 terminal length 0
Fri Dec  4 05:47:40.904 UTC
RP/0/RP0/CPU0:r2#
DEBUG:netmiko:read_channel: 
DEBUG:netmiko:read_channel: 
DEBUG:netmiko:write_channel: b'\n'
DEBUG:netmiko:read_channel: terminal width 511
Fri Dec  4 05:47:41.289 UTC
RP/0/RP0/CPU0:r2#
DEBUG:netmiko:read_channel: 
DEBUG:netmiko:read_channel: 
DEBUG:netmiko:write_channel: b'xml\n'
DEBUG:netmiko:read_channel: 
DEBUG:netmiko:read_channel: 
RP/0/RP0/CPU0:r2#xml
Fri Dec  4 05:47:41.936 UTC
XML> 
DEBUG:netmiko:read_channel: 
DEBUG:netmiko:read_channel: 
DEBUG:netmiko:read_channel: 
DEBUG:netmiko:write_channel: b'<?xml version="1.0" encoding="UTF-8"?><Request MajorVersion="1" MinorVersion="0"><Lock/></Request>\n'
DEBUG:netmiko:read_channel: 
DEBUG:netmiko:read_channel: 
DEBUG:netmiko:read_channel: <?xml version="1.0" encoding="UTF-8"?>
<Response MajorVersion="1" MinorVersion="0"><Lock/><ResultSummary ErrorCount="0"/></Response>
XML> 
DEBUG:netmiko:read_channel: 
DEBUG:netmiko:write_channel: b'<?xml version="1.0" encoding="UTF-8"?><Request MajorVersion="1" MinorVersion="0"><CLI><Configuration>\n\nlogging console disable\nline console\n exec-timeout 0 0\n absolute-timeout 0\n session-timeout 0\n!\nline default\n exec-timeout 0 0\n absolute-timeout 0\n session-timeout 0\n!\ninterface Bundle-Ether33\n description ==TEST1==\n mtu 9216\n \n bundle maximum-active links 2\n bundle minimum-active links 1\n!\ninterface Bundle-Ether33.1\n description 95014353 National Bank Of Kenya-Nakuru\n vrf NBK\n ipv4 address 1.1.1.1 255.255.255.252\n encapsulation dot1q 3021 second-dot1q 3302\n!\ninterface Bundle-Ether33.2\n description 95014354 National Bank Of Kenya Nakuru Hospital ATM\n vrf NBK\n ipv4 address 2.2.2.2 255.255.255.252\n encapsulation dot1q 3021 second-dot1q 3303\n!\ninterface Bundle-Ether33.3\n description 95014450_Jamii_Bora_Bank-Nakuru_Backup\n vrf JAMII_BORA\n ipv4 address 172.30.17.53 255.255.255.252\n encapsulation dot1q 3021 second-dot1q 3304\n!\ninterface Bundle-Ether33.4\n description 95015815 NBK-Westside Mall Nakuru ATM\n vrf NBK\n ipv4 address 172.30.17.77 255.255.255.252\n encapsulation dot1q 3021 second-dot1q 3311\n!\ninterface MgmtEth0/0/CPU0/0\n shutdown\n!\ninterface GigabitEthernet0/0/0/0\n bundle id 33 mode on\n!\ninterface GigabitEthernet0/0/0/1\n bundle id 33 mode on\n!\ninterface GigabitEthernet0/0/0/2\n shutdown\n!\ninterface GigabitEthernet0/0/0/3\n shutdown\n!\ninterface GigabitEthernet0/0/0/4\n shutdown\n!\ninterface GigabitEthernet0/0/0/5\n shutdown\n!\ninterface GigabitEthernet0/0/0/6\n shutdown\n!\ninterface GigabitEthernet0/0/0/7\n shutdown\n!\nrouter eigrp 200\n address-family ipv4\n !\n vrf NBK\n  address-family ipv4\n   default-metric 1024 100 255 1 1500\n   autonomous-system 500\n   redistribute connected\n   redistribute static\n   interface Bundle-Ether33.1\n   !\n   interface Bundle-Ether33.2\n   !\n   interface Bundle-Ether33.4\n   !\n  !\n !\n!\nend\n\n\n</Configuration></CLI></Request>\n'
DEBUG:netmiko:read_channel: 
DEBUG:netmiko:read_channel: 
DEBUG:netmiko:read_channel: <?xml version="1.0" encoding="UTF-8"?>
<Response MajorVersion="1" MinorVersion="0"><CLI><Configuration/></CLI><ResultSummary ErrorCount="0"/></Response>
XML> 
DEBUG:netmiko:read_channel: 
DEBUG:netmiko:write_channel: b'<?xml version="1.0" encoding="UTF-8"?><Request MajorVersion="1" MinorVersion="0"><CLI><Configuration>show configuration merge</Configuration></CLI></Request>\n'
DEBUG:netmiko:read_channel: 
DEBUG:netmiko:read_channel: 
DEBUG:netmiko:read_channel: 
DEBUG:netmiko:read_channel: 
DEBUG:netmiko:read_channel: 
DEBUG:netmiko:read_channel: 
DEBUG:netmiko:read_channel: <?xml version="1.0" encoding="UTF-8"?>
<Response MajorVersion="1" MinorVersion="0"><CLI><Configuration>
Building configuration...
!! IOS XR Configuration version = 6.4.1
!! Last configuration change at Wed Dec  2 05:42:00 2020 by admin
!
hostname r2
banner motd ;
--------------------------------------------------------------------------
  Router 2 (Cisco IOS XR Sandbox)
--------------------------------------------------------------------------
;
logging console disable
service timestamps log datetime msec
service timestamps debug datetime msec
username admin
 group root-lr
 group cisco-support
 secret 5 $1$A4C9$oaNorr6BXDruE4gDd086L.
!
line console
 timestamp disable
 exec-timeout 0 0
 absolute-timeout 0
 session-timeout 0
!
line default
 exec-timeout 0 0
 absolute-timeout 0
 session-timeout 0
!
call-home
 service active
 contact smart-licensing
 profile CiscoTAC-1
  active
  destination transport-method http
 !
!
interface Bundle-Ether33
 description ==TEST1==
 mtu 9216
 bundle maximum-active links 2
 bundle minimum-active links 1
!
interface Bundle-Ether33.1
 description 95014353 National Bank Of Kenya-Nakuru
 vrf NBK
 ipv4 address 1.1.1.1 255.255.255.252
 encapsulation dot1q 3021 second-dot1q 3302
!
interface Bundle-Ether33.2
 description 95014354 National Bank Of Kenya Nakuru Hospital ATM
 vrf NBK
 ipv4 address 2.2.2.2 255.255.255.252
 encapsulation dot1q 3021 second-dot1q 3303
!
interface Bundle-Ether33.3
 description 95014450_Jamii_Bora_Bank-Nakuru_Backup
 vrf JAMII_BORA
 ipv4 address 172.30.17.53 255.255.255.252
 encapsulation dot1q 3021 second-dot1q 3304
!
interface Bundle-Ether33.4
 description 95015815 NBK-Westside Mall Nakuru ATM
 vrf NBK
 ipv4 address 172.30.17.77 255.255.255.252
 encapsulation dot1q 3021 second-dot1q 3311
!
interface MgmtEth0/RP0/CPU0/0
 description *** MANAGEMENT INTERFACE ***
 ipv4 address dhcp
!
interface MgmtEth0/0/CPU0/0
 shutdown
!
interface GigabitEthernet0/0/0/0
 bundle id 33 mode on
 shutdown
!
interface GigabitEthernet0/0/0/1
 bundle id 33 mode on
 shutdown
!
interface GigabitEthernet0/0/0/2
 shutdown
!
interface GigabitEthernet0/0/0/3
 shutdown
!
interface GigabitEthernet0/0/0/4
 shutdown
!
interface GigabitEthernet0/0/0/5
 shutdown
!
interface GigabitEthernet0/0/0/6
 shutdown
!
interface GigabitEthernet0/0/0/7
 shutdown
!
interface preconfigure MgmtEth0/0/CPU0/0
 shutdown
!
interface preconfigure GigabitEthernet0/0/0/5
 shutdown
!
interface preconfigure GigabitEthernet0/0/0/6
 shutdown
!
interface preconfigure GigabitEthernet0/0/0/7
 shutdown
!
router static
 address-family ipv4 unicast
  0.0.0.0/0 192.168.122.1
 !
!
xml agent tty
 iteration off
!
netconf-yang agent
 ssh
!
ssh server v2
ssh server netconf vrf default
router eigrp 200
 address-family ipv4
 !
 vrf NBK
  address-family ipv4
   default-metric 1024 100 255 1 1500
   autonomous-system 500
   redistribute connected
   redistribute static
   interface Bundle-Ether33.1
   !
   interface Bundle-Ether33.2
   !
   interface Bundle-Ether33.4
   !
  !
 !
!
end

</Configuration></CLI><ResultSummary ErrorCount="0"/></Response>
XML> 
DEBUG:netmiko:read_channel: 
DEBUG:netmiko:write_channel: b'<?xml version="1.0" encoding="UTF-8"?><Request MajorVersion="1" MinorVersion="0"><CLI><Configuration>show running-config</Configuration></CLI></Request>\n'
DEBUG:netmiko:read_channel: 
DEBUG:netmiko:read_channel: 
DEBUG:netmiko:read_channel: 
DEBUG:netmiko:read_channel: 
DEBUG:netmiko:read_channel: 
DEBUG:netmiko:read_channel: <?xml version="1.0" encoding="UTF-8"?>
<Response MajorVersion="1" MinorVersion="0"><CLI><Configuration>
Building configuration...
!! IOS XR Configuration version = 6.4.1
!! Last configuration change at Wed Dec  2 05:42:00 2020 by admin
!
hostname r2
banner motd ;
--------------------------------------------------------------------------
  Router 2 (Cisco IOS XR Sandbox)
--------------------------------------------------------------------------
;
logging console disable
service timestamps log datetime msec
service timestamps debug datetime msec
username admin
 group root-lr
 group cisco-support
 secret 5 $1$A4C9$oaNorr6BXDruE4gDd086L.
!
line console
 timestamp disable
 exec-timeout 0 0
 absolute-timeout 0
 session-timeout 0
!
line default
 exec-timeout 0 0
 absolute-timeout 0
 session-timeout 0
!
call-home
 service active
 contact smart-licensing
 profile CiscoTAC-1
  active
  destination transport-method http
 !
!
interface Bundle-Ether33
 description ==TEST1==
 mtu 9216
 bundle maximum-active links 2
 bundle minimum-active links 1
!
interface Bundle-Ether33.1
 description 95014353 National Bank Of Kenya-Nakuru
 vrf NBK
 ipv4 address 1.1.1.1 255.255.255.252
 encapsulation dot1q 3021 second-dot1q 3302
!
interface Bundle-Ether33.2
 description 95014354 National Bank Of Kenya Nakuru Hospital ATM
 vrf NBK
 ipv4 address 2.2.2.2 255.255.255.252
 encapsulation dot1q 3021 second-dot1q 3303
!
interface Bundle-Ether33.3
 description 95014450_Jamii_Bora_Bank-Nakuru_Backup
 vrf JAMII_BORA
 ipv4 address 172.30.17.53 255.255.255.252
 encapsulation dot1q 3021 second-dot1q 3304
!
interface Bundle-Ether33.4
 description 95015815 NBK-Westside Mall Nakuru ATM
 vrf NBK
 ipv4 address 172.30.17.77 255.255.255.252
 encapsulation dot1q 3021 second-dot1q 3311
!
interface MgmtEth0/RP0/CPU0/0
 description *** MANAGEMENT INTERFACE ***
 ipv4 address dhcp
!
interface GigabitEthernet0/0/0/0
 bundle id 33 mode on
 shutdown
!
interface GigabitEthernet0/0/0/1
 bundle id 33 mode on
 shutdown
!
interface GigabitEthernet0/0/0/2
 shutdown
!
interface GigabitEthernet0/0/0/3
 shutdown
!
interface GigabitEthernet0/0/0/4
 shutdown
!
interface preconfigure MgmtEth0/0/CPU0/0
 shutdown
!
interface preconfigure GigabitEthernet0/0/0/5
 shutdown
!
interface preconfigure GigabitEthernet0/0/0/6
 shutdown
!
interface preconfigure GigabitEthernet0/0/0/7
 shutdown
!
router static
 address-family ipv4 unicast
  0.0.0.0/0 192.168.122.1
 !
!
xml agent tty
 iteration off
!
netconf-yang agent
 ssh
!
ssh server v2
ssh server netconf vrf default
router eigrp 200
 address-family ipv4
 !
 vrf NBK
  address-family ipv4
   default-metric 1024 100 255 1 1500
   autonomous-system 500
   redistribute connected
   redistribute static
   interface Bundle-Ether33.1
   !
   interface Bundle-Ether33.2
   !
   interface Bundle-Ether33.4
   !
  !
 !
!
end

</Configuration></CLI><ResultSummary ErrorCount="0"/></Response>
XML> 
DEBUG:netmiko:read_channel: 
DEBUG:netmiko:write_channel: b'<?xml version="1.0" encoding="UTF-8"?><Request MajorVersion="1" MinorVersion="0"><Commit/></Request>\n'
DEBUG:netmiko:read_channel: 
DEBUG:netmiko:read_channel: 
DEBUG:netmiko:read_channel: 
DEBUG:netmiko:read_channel: 
DEBUG:netmiko:read_channel: 
DEBUG:netmiko:read_channel: 
DEBUG:netmiko:read_channel: 
DEBUG:netmiko:read_channel: 
DEBUG:netmiko:read_channel: 
DEBUG:netmiko:read_channel: 
DEBUG:netmiko:read_channel: 
DEBUG:netmiko:read_channel: <?xml version="1.0" encoding="UTF-8"?>
<Response MajorVersion="1" MinorVersion="0"><Commit CommitID="1000000016"/><ResultSummary ErrorCount="0"/></Response>
XML> 
DEBUG:netmiko:read_channel: 
DEBUG:netmiko:write_channel: b'<?xml version="1.0" encoding="UTF-8"?><Request MajorVersion="1" MinorVersion="0"><Unlock/></Request>\n'
DEBUG:netmiko:read_channel: 
DEBUG:netmiko:read_channel: 
DEBUG:netmiko:read_channel: <?xml version="1.0" encoding="UTF-8"?>
<Response MajorVersion="1" MinorVersion="0"><Unlock/><ResultSummary ErrorCount="0"/></Response>
XML> 
DEBUG:paramiko.transport:[chan 0] EOF sent (0)
DEBUG:paramiko.transport:starting thread (client mode): 0xbbb99550
DEBUG:paramiko.transport:Local version/idstring: SSH-2.0-paramiko_2.4.2
DEBUG:paramiko.transport:Remote version/idstring: SSH-1.99-Cisco-2.0
INFO:paramiko.transport:Connected (version 1.99, client Cisco-2.0)
DEBUG:paramiko.transport:kex algos:['ecdh-sha2-nistp521', 'ecdh-sha2-nistp384', 'ecdh-sha2-nistp256', 'diffie-hellman-group14-sha1'] server key:['ssh-rsa'] client encrypt:['aes128-ctr', 'aes192-ctr', 'aes256-ctr', 'aes128-gcm@openssh.com', 'aes256-gcm@openssh.com'] server encrypt:['aes128-ctr', 'aes192-ctr', 'aes256-ctr', 'aes128-gcm@openssh.com', 'aes256-gcm@openssh.com'] client mac:['hmac-sha2-512', 'hmac-sha2-256', 'hmac-sha1'] server mac:['hmac-sha2-512', 'hmac-sha2-256', 'hmac-sha1'] client compress:['none'] server compress:['none'] client lang:[''] server lang:[''] kex follows?False
DEBUG:paramiko.transport:Kex agreed: ecdh-sha2-nistp256
DEBUG:paramiko.transport:HostKey agreed: ssh-rsa
DEBUG:paramiko.transport:Cipher agreed: aes128-ctr
DEBUG:paramiko.transport:MAC agreed: hmac-sha2-256
DEBUG:paramiko.transport:Compression agreed: none
DEBUG:paramiko.transport:kex engine KexNistp256 specified hash_algo <built-in function openssl_sha256>
DEBUG:paramiko.transport:Switch to new keys ...
DEBUG:paramiko.transport:Adding ssh-rsa host key for [10.10.20.70]:2231: b'0b7fe057af98893860da3ac18b449501'
DEBUG:paramiko.transport:userauth is OK
INFO:paramiko.transport:Authentication (password) successful!
DEBUG:paramiko.transport:[chan 0] Max packet in: 32768 bytes
DEBUG:paramiko.transport:[chan 0] Max packet out: 32768 bytes
DEBUG:paramiko.transport:Secsh channel 0 opened.
DEBUG:paramiko.transport:[chan 0] Sesch channel 0 request ok
DEBUG:paramiko.transport:[chan 0] Sesch channel 0 request ok
DEBUG:netmiko:read_channel: 

RP/0/RP0/CPU0:r2#
DEBUG:netmiko:read_channel: 
DEBUG:netmiko:read_channel: 
DEBUG:netmiko:read_channel: 
DEBUG:netmiko:write_channel: b'\n'
DEBUG:netmiko:read_channel: 
DEBUG:netmiko:read_channel: 
DEBUG:netmiko:write_channel: b'\n'
DEBUG:netmiko:read_channel: 
DEBUG:netmiko:write_channel: b'\n'
DEBUG:netmiko:read_channel: 
DEBUG:netmiko:write_channel: b'\n'
DEBUG:netmiko:read_channel: 
RP/0/RP0/CPU0:r2#
DEBUG:netmiko:read_channel: 
DEBUG:netmiko:read_channel: 
DEBUG:netmiko:In disable_paging
DEBUG:netmiko:Command: terminal length 0

DEBUG:netmiko:write_channel: b'terminal length 0\n'
DEBUG:netmiko:Pattern is: RP\/0\/RP0\/CPU0\:r2
DEBUG:netmiko:_read_channel_expect read_data: 

DEBUG:netmiko:_read_channel_expect read_data: RP/0/RP0/CPU0:r2#
RP/0/RP0/CPU0:r2#
RP/0/RP0/CPU0:r2#
DEBUG:netmiko:Pattern found: RP\/0\/RP0\/CPU0\:r2 
RP/0/RP0/CPU0:r2#
RP/0/RP0/CPU0:r2#
RP/0/RP0/CPU0:r2#
DEBUG:netmiko:
RP/0/RP0/CPU0:r2#
RP/0/RP0/CPU0:r2#
RP/0/RP0/CPU0:r2#
DEBUG:netmiko:Exiting disable_paging
DEBUG:netmiko:write_channel: b'terminal width 511\n'
DEBUG:netmiko:Pattern is: RP\/0\/RP0\/CPU0\:r2
DEBUG:netmiko:_read_channel_expect read_data: terminal length 0

DEBUG:netmiko:_read_channel_expect read_data: Fri Dec  4 05:48:56.167 UTC
RP/0/RP0/CPU0:r2#
DEBUG:netmiko:Pattern found: RP\/0\/RP0\/CPU0\:r2 terminal length 0
Fri Dec  4 05:48:56.167 UTC
RP/0/RP0/CPU0:r2#
DEBUG:netmiko:read_channel: terminal width 511
Fri Dec  4 05:48:56.472 UTC
RP/0/RP0/CPU0:r2#
DEBUG:netmiko:read_channel: 
DEBUG:netmiko:write_channel: b'\n'
DEBUG:netmiko:read_channel: 
DEBUG:netmiko:read_channel: 
DEBUG:netmiko:write_channel: b'\n'
DEBUG:netmiko:read_channel: 
RP/0/RP0/CPU0:r2#
DEBUG:netmiko:read_channel: 
DEBUG:netmiko:read_channel: 
DEBUG:netmiko:write_channel: b'xml\n'
DEBUG:netmiko:read_channel: 
DEBUG:netmiko:read_channel: 
RP/0/RP0/CPU0:r2#xml
Fri Dec  4 05:48:57.495 UTC
XML> 
DEBUG:netmiko:read_channel: 
DEBUG:netmiko:read_channel: 
DEBUG:netmiko:read_channel: 
DEBUG:netmiko:write_channel: b'<?xml version="1.0" encoding="UTF-8"?><Request MajorVersion="1" MinorVersion="0"><Lock/></Request>\n'
DEBUG:netmiko:read_channel: 
DEBUG:netmiko:read_channel: 
DEBUG:netmiko:read_channel: 
DEBUG:netmiko:read_channel: <?xml version="1.0" encoding="UTF-8"?>
<Response MajorVersion="1" MinorVersion="0"><Lock/><ResultSummary ErrorCount="0"/></Response>
XML> 
DEBUG:netmiko:read_channel: 
DEBUG:netmiko:write_channel: b'<?xml version="1.0" encoding="UTF-8"?><Request MajorVersion="1" MinorVersion="0"><CLI><Configuration>\n\nlogging console disable\nline console\n exec-timeout 0 0\n absolute-timeout 0\n session-timeout 0\n!\nline default\n exec-timeout 0 0\n absolute-timeout 0\n session-timeout 0\n!\ninterface Bundle-Ether33\n description ==TEST1==\n mtu 9216\n \n bundle maximum-active links 2\n bundle minimum-active links 1\n!\ninterface Bundle-Ether33.1\n description 95014353 National Bank Of Kenya-Nakuru\n vrf NBK\n ipv4 address 1.1.1.1 255.255.255.252\n encapsulation dot1q 3021 second-dot1q 3302\n!\ninterface Bundle-Ether33.2\n description 95014354 National Bank Of Kenya Nakuru Hospital ATM\n vrf NBK\n ipv4 address 2.2.2.2 255.255.255.252\n encapsulation dot1q 3021 second-dot1q 3303\n!\ninterface Bundle-Ether33.3\n description 95014450_Jamii_Bora_Bank-Nakuru_Backup\n vrf JAMII_BORA\n ipv4 address 172.30.17.53 255.255.255.252\n encapsulation dot1q 3021 second-dot1q 3304\n!\ninterface Bundle-Ether33.4\n description 95015815 NBK-Westside Mall Nakuru ATM\n vrf NBK\n ipv4 address 172.30.17.77 255.255.255.252\n encapsulation dot1q 3021 second-dot1q 3311\n!\ninterface MgmtEth0/0/CPU0/0\n shutdown\n!\ninterface GigabitEthernet0/0/0/0\n bundle id 33 mode on\n!\ninterface GigabitEthernet0/0/0/1\n bundle id 33 mode on\n!\ninterface GigabitEthernet0/0/0/2\n shutdown\n!\ninterface GigabitEthernet0/0/0/3\n shutdown\n!\ninterface GigabitEthernet0/0/0/4\n shutdown\n!\ninterface GigabitEthernet0/0/0/5\n shutdown\n!\ninterface GigabitEthernet0/0/0/6\n shutdown\n!\ninterface GigabitEthernet0/0/0/7\n shutdown\n!\nrouter eigrp 200\n address-family ipv4\n !\n vrf NBK\n  address-family ipv4\n   default-metric 1024 100 255 1 1500\n   autonomous-system 500\n   redistribute connected\n   redistribute static\n   interface Bundle-Ether33.1\n   !\n   interface Bundle-Ether33.2\n   !\n   interface Bundle-Ether33.4\n   !\n  !\n !\n!\nend\n\n\n</Configuration></CLI></Request>\n'
DEBUG:netmiko:read_channel: 
DEBUG:netmiko:read_channel: 
DEBUG:netmiko:read_channel: 
DEBUG:netmiko:read_channel: <?xml version="1.0" encoding="UTF-8"?>
<Response MajorVersion="1" MinorVersion="0"><CLI><Configuration/></CLI><ResultSummary ErrorCount="0"/></Response>
XML> 
DEBUG:netmiko:read_channel: 
DEBUG:netmiko:write_channel: b'<?xml version="1.0" encoding="UTF-8"?><Request MajorVersion="1" MinorVersion="0"><CLI><Configuration>show configuration merge</Configuration></CLI></Request>\n'
DEBUG:netmiko:read_channel: 
DEBUG:netmiko:read_channel: 
DEBUG:netmiko:read_channel: 
DEBUG:netmiko:read_channel: 
DEBUG:netmiko:read_channel: 
DEBUG:netmiko:read_channel: <?xml version="1.0" encoding="UTF-8"?>
<Response MajorVersion="1" MinorVersion="0"><CLI><Configuration>
Building configuration...
!! IOS XR Configuration version = 6.4.1
!! Last configuration change at Fri Dec  4 05:48:42 2020 by admin
!
hostname r2
banner motd ;
--------------------------------------------------------------------------
  Router 2 (Cisco IOS XR Sandbox)
--------------------------------------------------------------------------
;
logging console disable
service timestamps log datetime msec
service timestamps debug datetime msec
username admin
 group root-lr
 group cisco-support
 secret 5 $1$A4C9$oaNorr6BXDruE4gDd086L.
!
line console
 timestamp disable
 exec-timeout 0 0
 absolute-timeout 0
 session-timeout 0
!
line default
 exec-timeout 0 0
 absolute-timeout 0
 session-timeout 0
!
call-home
 service active
 contact smart-licensing
 profile CiscoTAC-1
  active
  destination transport-method http
 !
!
interface Bundle-Ether33
 description ==TEST1==
 mtu 9216
 bundle maximum-active links 2
 bundle minimum-active links 1
!
interface Bundle-Ether33.1
 description 95014353 National Bank Of Kenya-Nakuru
 vrf NBK
 ipv4 address 1.1.1.1 255.255.255.252
 encapsulation dot1q 3021 second-dot1q 3302
!
interface Bundle-Ether33.2
 description 95014354 National Bank Of Kenya Nakuru Hospital ATM
 vrf NBK
 ipv4 address 2.2.2.2 255.255.255.252
 encapsulation dot1q 3021 second-dot1q 3303
!
interface Bundle-Ether33.3
 description 95014450_Jamii_Bora_Bank-Nakuru_Backup
 vrf JAMII_BORA
 ipv4 address 172.30.17.53 255.255.255.252
 encapsulation dot1q 3021 second-dot1q 3304
!
interface Bundle-Ether33.4
 description 95015815 NBK-Westside Mall Nakuru ATM
 vrf NBK
 ipv4 address 172.30.17.77 255.255.255.252
 encapsulation dot1q 3021 second-dot1q 3311
!
interface MgmtEth0/RP0/CPU0/0
 description *** MANAGEMENT INTERFACE ***
 ipv4 address dhcp
!
interface MgmtEth0/0/CPU0/0
 shutdown
!
interface GigabitEthernet0/0/0/0
 bundle id 33 mode on
 shutdown
!
interface GigabitEthernet0/0/0/1
 bundle id 33 mode on
 shutdown
!
interface GigabitEthernet0/0/0/2
 shutdown
!
interface GigabitEthernet0/0/0/3
 shutdown
!
interface GigabitEthernet0/0/0/4
 shutdown
!
interface GigabitEthernet0/0/0/5
 shutdown
!
interface GigabitEthernet0/0/0/6
 shutdown
!
interface GigabitEthernet0/0/0/7
 shutdown
!
interface preconfigure MgmtEth0/0/CPU0/0
 shutdown
!
interface preconfigure GigabitEthernet0/0/0/5
 shutdown
!
interface preconfigure GigabitEthernet0/0/0/6
 shutdown
!
interface preconfigure GigabitEthernet0/0/0/7
 shutdown
!
router static
 address-family ipv4 unicast
  0.0.0.0/0 192.168.122.1
 !
!
xml agent tty
 iteration off
!
netconf-yang agent
 ssh
!
ssh server v2
ssh server netconf vrf default
router eigrp 200
 address-family ipv4
 !
 vrf NBK
  address-family ipv4
   default-metric 1024 100 255 1 1500
   autonomous-system 500
   redistribute connected
   redistribute static
   interface Bundle-Ether33.1
   !
   interface Bundle-Ether33.2
   !
   interface Bundle-Ether33.4
   !
  !
 !
!
end

</Configuration></CLI><ResultSummary ErrorCount="0"/></Response>
XML> 
DEBUG:netmiko:read_channel: 
DEBUG:netmiko:write_channel: b'<?xml version="1.0" encoding="UTF-8"?><Request MajorVersion="1" MinorVersion="0"><CLI><Configuration>show running-config</Configuration></CLI></Request>\n'
DEBUG:netmiko:read_channel: 
DEBUG:netmiko:read_channel: 
DEBUG:netmiko:read_channel: 
DEBUG:netmiko:read_channel: 
DEBUG:netmiko:read_channel: <?xml version="1.0" encoding="UTF-8"?>
<Response MajorVersion="1" MinorVersion="0"><CLI><Configuration>
Building configuration...
!! IOS XR Configuration version = 6.4.1
!! Last configuration change at Fri Dec  4 05:48:42 2020 by admin
!
hostname r2
banner motd ;
--------------------------------------------------------------------------
  Router 2 (Cisco IOS XR Sandbox)
--------------------------------------------------------------------------
;
logging console disable
service timestamps log datetime msec
service timestamps debug datetime msec
username admin
 group root-lr
 group cisco-support
 secret 5 $1$A4C9$oaNorr6BXDruE4gDd086L.
!
line console
 timestamp disable
 exec-timeout 0 0
 absolute-timeout 0
 session-timeout 0
!
line default
 exec-timeout 0 0
 absolute-timeout 0
 session-timeout 0
!
call-home
 service active
 contact smart-licensing
 profile CiscoTAC-1
  active
  destination transport-method http
 !
!
interface Bundle-Ether33
 description ==TEST1==
 mtu 9216
 bundle maximum-active links 2
 bundle minimum-active links 1
!
interface Bundle-Ether33.1
 description 95014353 National Bank Of Kenya-Nakuru
 vrf NBK
 ipv4 address 1.1.1.1 255.255.255.252
 encapsulation dot1q 3021 second-dot1q 3302
!
interface Bundle-Ether33.2
 description 95014354 National Bank Of Kenya Nakuru Hospital ATM
 vrf NBK
 ipv4 address 2.2.2.2 255.255.255.252
 encapsulation dot1q 3021 second-dot1q 3303
!
interface Bundle-Ether33.3
 description 95014450_Jamii_Bora_Bank-Nakuru_Backup
 vrf JAMII_BORA
 ipv4 address 172.30.17.53 255.255.255.252
 encapsulation dot1q 3021 second-dot1q 3304
!
interface Bundle-Ether33.4
 description 95015815 NBK-Westside Mall Nakuru ATM
 vrf NBK
 ipv4 address 172.30.17.77 255.255.255.252
 encapsulation dot1q 3021 second-dot1q 3311
!
interface MgmtEth0/RP0/CPU0/0
 description *** MANAGEMENT INTERFACE ***
 ipv4 address dhcp
!
interface GigabitEthernet0/0/0/0
 bundle id 33 mode on
 shutdown
!
interface GigabitEthernet0/0/0/1
 bundle id 33 mode on
 shutdown
!
interface GigabitEthernet0/0/0/2
 shutdown
!
interface GigabitEthernet0/0/0/3
 shutdown
!
interface GigabitEthernet0/0/0/4
 shutdown
!
interface preconfigure MgmtEth0/0/CPU0/0
 shutdown
!
interface preconfigure GigabitEthernet0/0/0/5
 shutdown
!
interface preconfigure GigabitEthernet0/0/0/6
 shutdown
!
interface preconfigure GigabitEthernet0/0/0/7
 shutdown
!
router static
 address-family ipv4 unicast
  0.0.0.0/0 192.168.122.1
 !
!
xml agent tty
 iteration off
!
netconf-yang agent
 ssh
!
ssh server v2
ssh server netconf vrf default
router eigrp 200
 address-family ipv4
 !
 vrf NBK
  address-family ipv4
   default-metric 1024 100 255 1 1500
   autonomous-system 500
   redistribute connected
   redistribute static
   interface Bundle-Ether33.1
   !
   interface Bundle-Ether33.2
   !
   interface Bundle-Ether33.4
   !
  !
 !
!
end

</Configuration></CLI><ResultSummary ErrorCount="0"/></Response>
XML> 
DEBUG:netmiko:read_channel: 
DEBUG:netmiko:write_channel: b'<?xml version="1.0" encoding="UTF-8"?><Request MajorVersion="1" MinorVersion="0"><Clear/></Request>\n'
DEBUG:netmiko:read_channel: 
DEBUG:netmiko:read_channel: <?xml version="1.0" encoding="UTF-8"?>
<Response MajorVersion="1" MinorVersion="0"><Clear/><ResultSummary ErrorCount="0"/></Response>
DEBUG:netmiko:read_channel: 
XML> 
DEBUG:netmiko:read_channel: 
DEBUG:netmiko:write_channel: b'<?xml version="1.0" encoding="UTF-8"?><Request MajorVersion="1" MinorVersion="0"><Unlock/></Request>\n'
DEBUG:netmiko:read_channel: 
DEBUG:netmiko:read_channel: 
DEBUG:netmiko:read_channel: <?xml version="1.0" encoding="UTF-8"?>
<Response MajorVersion="1" MinorVersion="0"><Unlock/><ResultSummary ErrorCount="0"/></Response>
XML> 
DEBUG:paramiko.transport:[chan 0] EOF sent (0)
DEBUG:paramiko.transport:starting thread (client mode): 0xc4469588
DEBUG:paramiko.transport:Local version/idstring: SSH-2.0-paramiko_2.4.2
DEBUG:paramiko.transport:Remote version/idstring: SSH-1.99-Cisco-2.0
INFO:paramiko.transport:Connected (version 1.99, client Cisco-2.0)
DEBUG:paramiko.transport:kex algos:['ecdh-sha2-nistp521', 'ecdh-sha2-nistp384', 'ecdh-sha2-nistp256', 'diffie-hellman-group14-sha1'] server key:['ssh-rsa'] client encrypt:['aes128-ctr', 'aes192-ctr', 'aes256-ctr', 'aes128-gcm@openssh.com', 'aes256-gcm@openssh.com'] server encrypt:['aes128-ctr', 'aes192-ctr', 'aes256-ctr', 'aes128-gcm@openssh.com', 'aes256-gcm@openssh.com'] client mac:['hmac-sha2-512', 'hmac-sha2-256', 'hmac-sha1'] server mac:['hmac-sha2-512', 'hmac-sha2-256', 'hmac-sha1'] client compress:['none'] server compress:['none'] client lang:[''] server lang:[''] kex follows?False
DEBUG:paramiko.transport:Kex agreed: ecdh-sha2-nistp256
DEBUG:paramiko.transport:HostKey agreed: ssh-rsa
DEBUG:paramiko.transport:Cipher agreed: aes128-ctr
DEBUG:paramiko.transport:MAC agreed: hmac-sha2-256
DEBUG:paramiko.transport:Compression agreed: none
DEBUG:paramiko.transport:kex engine KexNistp256 specified hash_algo <built-in function openssl_sha256>
DEBUG:paramiko.transport:Switch to new keys ...
DEBUG:paramiko.transport:Adding ssh-rsa host key for [10.10.20.70]:2231: b'0b7fe057af98893860da3ac18b449501'
DEBUG:paramiko.transport:userauth is OK
INFO:paramiko.transport:Authentication (password) successful!
DEBUG:paramiko.transport:[chan 0] Max packet in: 32768 bytes
DEBUG:paramiko.transport:[chan 0] Max packet out: 32768 bytes
DEBUG:paramiko.transport:Secsh channel 0 opened.
DEBUG:paramiko.transport:[chan 0] Sesch channel 0 request ok
DEBUG:paramiko.transport:[chan 0] Sesch channel 0 request ok
DEBUG:netmiko:read_channel: 

RP/0/RP0/CPU0:r2#
DEBUG:netmiko:read_channel: 
DEBUG:netmiko:read_channel: 
DEBUG:netmiko:read_channel: 
DEBUG:netmiko:write_channel: b'\n'
DEBUG:netmiko:read_channel: 
DEBUG:netmiko:read_channel: 
DEBUG:netmiko:write_channel: b'\n'
DEBUG:netmiko:read_channel: 
DEBUG:netmiko:write_channel: b'\n'
DEBUG:netmiko:read_channel: 

DEBUG:netmiko:write_channel: b'\n'
DEBUG:netmiko:read_channel: 
DEBUG:netmiko:write_channel: b'\n'
DEBUG:netmiko:read_channel: 
DEBUG:netmiko:write_channel: b'\n'
DEBUG:netmiko:read_channel: 
DEBUG:netmiko:write_channel: b'\n'
DEBUG:netmiko:read_channel: 
DEBUG:netmiko:write_channel: b'\n'
DEBUG:netmiko:read_channel: RP/0/RP0/CPU0:r2#
RP/0/RP0/CPU0:r2#
RP/0/RP0/CPU0:r2#
DEBUG:netmiko:read_channel: 
DEBUG:netmiko:read_channel: 
DEBUG:netmiko:In disable_paging
DEBUG:netmiko:Command: terminal length 0

DEBUG:netmiko:write_channel: b'terminal length 0\n'
DEBUG:netmiko:Pattern is: RP\/0\/RP0\/CPU0\:r2
DEBUG:netmiko:_read_channel_expect read_data: 
RP/0/RP0/CPU0:r2#
DEBUG:netmiko:Pattern found: RP\/0\/RP0\/CPU0\:r2 
RP/0/RP0/CPU0:r2#
DEBUG:netmiko:
RP/0/RP0/CPU0:r2#
DEBUG:netmiko:Exiting disable_paging
DEBUG:netmiko:write_channel: b'terminal width 511\n'
DEBUG:netmiko:Pattern is: RP\/0\/RP0\/CPU0\:r2
DEBUG:netmiko:_read_channel_expect read_data: 
RP/0/RP0/CPU0:r2#
DEBUG:netmiko:Pattern found: RP\/0\/RP0\/CPU0\:r2 
RP/0/RP0/CPU0:r2#
DEBUG:netmiko:read_channel: 
RP/0/RP0/CPU0:r2#
RP/0/RP0/CPU0:r2#
RP/0/RP0/CPU0:r2#
DEBUG:netmiko:read_channel: 
DEBUG:netmiko:write_channel: b'\n'
DEBUG:netmiko:read_channel: terminal length 0
Fri Dec  4 05:52:17.604 UTC
RP/0/RP0/CPU0:r2#
DEBUG:netmiko:read_channel: 
DEBUG:netmiko:read_channel: 
DEBUG:netmiko:write_channel: b'xml\n'
DEBUG:netmiko:read_channel: 
DEBUG:netmiko:read_channel: terminal width 511

Fri Dec  4 05:52:17.897 UTC
RP/0/RP0/CPU0:r2#
RP/0/RP0/CPU0:r2#xml
Fri Dec  4 05:52:18.188 UTC
XML> 
DEBUG:netmiko:read_channel: 
DEBUG:netmiko:read_channel: 
DEBUG:netmiko:read_channel: 
DEBUG:netmiko:write_channel: b'<?xml version="1.0" encoding="UTF-8"?><Request MajorVersion="1" MinorVersion="0"><Lock/></Request>\n'
DEBUG:netmiko:read_channel: 
DEBUG:netmiko:read_channel: 
DEBUG:netmiko:read_channel: <?xml version="1.0" encoding="UTF-8"?>
<Response MajorVersion="1" MinorVersion="0"><Lock/><ResultSummary ErrorCount="0"/></Response>
XML> 
DEBUG:netmiko:read_channel: 
DEBUG:netmiko:write_channel: b'<?xml version="1.0" encoding="UTF-8"?><Request MajorVersion="1" MinorVersion="0"><CLI><Configuration>\n\nlogging console disable\nline console\n exec-timeout 0 0\n absolute-timeout 0\n session-timeout 0\n!\nline default\n exec-timeout 0 0\n absolute-timeout 0\n session-timeout 0\n!\ninterface Bundle-Ether33\n description ==TEST1==\n mtu 9216\n \n bundle maximum-active links 2\n bundle minimum-active links 1\n!\ninterface Bundle-Ether33.1\n description 95014353 National Bank Of Kenya-Nakuru\n vrf NBK\n ipv4 address 1.1.1.1 255.255.255.252\n encapsulation dot1q 3021 second-dot1q 3302\n!\ninterface Bundle-Ether33.2\n description 95014354 National Bank Of Kenya Nakuru Hospital ATM\n vrf NBK\n ipv4 address 2.2.2.2 255.255.255.252\n encapsulation dot1q 3021 second-dot1q 3303\n!\ninterface Bundle-Ether33.3\n description 95014450_Jamii_Bora_Bank-Nakuru_Backup\n vrf JAMII_BORA\n ipv4 address 172.30.17.53 255.255.255.252\n encapsulation dot1q 3021 second-dot1q 3304\n!\ninterface Bundle-Ether33.4\n description 95015815 NBK-Westside Mall Nakuru ATM\n vrf NBK\n ipv4 address 172.30.17.77 255.255.255.252\n encapsulation dot1q 3021 second-dot1q 3311\n!\ninterface MgmtEth0/0/CPU0/0\n shutdown\n!\ninterface GigabitEthernet0/0/0/0\n bundle id 33 mode on\n!\ninterface GigabitEthernet0/0/0/1\n bundle id 33 mode on\n!\ninterface GigabitEthernet0/0/0/2\n shutdown\n!\ninterface GigabitEthernet0/0/0/3\n shutdown\n!\ninterface GigabitEthernet0/0/0/4\n shutdown\n!\ninterface GigabitEthernet0/0/0/5\n shutdown\n!\ninterface GigabitEthernet0/0/0/6\n shutdown\n!\ninterface GigabitEthernet0/0/0/7\n shutdown\n!\nrouter eigrp 200\n address-family ipv4\n !\n vrf NBK\n  address-family ipv4\n   default-metric 1024 100 255 1 1500\n   autonomous-system 500\n   redistribute connected\n   redistribute static\n   interface Bundle-Ether33.1\n   !\n   interface Bundle-Ether33.2\n   !\n   interface Bundle-Ether33.4\n   !\n  !\n !\n!\nend\n\n\n</Configuration></CLI></Request>\n'
DEBUG:netmiko:read_channel: 
DEBUG:netmiko:read_channel: 
DEBUG:netmiko:read_channel: <?xml version="1.0" encoding="UTF-8"?>
<Response MajorVersion="1" MinorVersion="0"><CLI><Configuration/></CLI><ResultSummary ErrorCount="0"/></Response>
XML> 
DEBUG:netmiko:read_channel: 
DEBUG:netmiko:write_channel: b'<?xml version="1.0" encoding="UTF-8"?><Request MajorVersion="1" MinorVersion="0"><CLI><Configuration>show configuration merge</Configuration></CLI></Request>\n'
DEBUG:netmiko:read_channel: 
DEBUG:netmiko:read_channel: 
DEBUG:netmiko:read_channel: 
DEBUG:netmiko:read_channel: 
DEBUG:netmiko:read_channel: 
DEBUG:netmiko:read_channel: 
DEBUG:netmiko:read_channel: 
DEBUG:netmiko:read_channel: 
DEBUG:netmiko:read_channel: 
DEBUG:netmiko:read_channel: 
DEBUG:netmiko:read_channel: <?xml version="1.0" encoding="UTF-8"?>
<Response MajorVersion="1" MinorVersion="0"><CLI><Configuration>
Building configuration...
!! IOS XR Configuration version = 6.4.1
!! Last configuration change at Fri Dec  4 05:48:42 2020 by admin
!
hostname r2
banner motd ;
--------------------------------------------------------------------------
  Router 2 (Cisco IOS XR Sandbox)
--------------------------------------------------------------------------
;
logging console disable
service timestamps log datetime msec
service timestamps debug datetime msec
username admin
 group root-lr
 group cisco-support
 secret 5 $1$A4C9$oaNorr6BXDruE4gDd086L.
!
line console
 timestamp disable
 exec-timeout 0 0
 absolute-timeout 0
 session-timeout 0
!
line default
 exec-timeout 0 0
 absolute-timeout 0
 session-timeout 0
!
call-home
 service active
 contact smart-licensing
 profile CiscoTAC-1
  active
  destination transport-method http
 !
!
interface Bundle-Ether33
 description ==TEST1==
DEBUG:netmiko:read_channel: 
DEBUG:netmiko:read_channel: 
 mtu 9216
 bundle maximum-active links 2
 bundle minimum-active links 1
!
interface Bundle-Ether33.1
 description 95014353 National Bank Of Kenya-Nakuru
 vrf NBK
 ipv4 address 1.1.1.1 255.255.255.252
 encapsulation dot1q 3021 second-dot1q 3302
!
interface Bundle-Ether33.2
 description 95014354 National Bank Of Kenya Nakuru Hospital ATM
 vrf NBK
 ipv4 address 2.2.2.2 255.255.255.252
 encapsulation dot1q 3021 second-dot1q 3303
!
interface Bundle-Ether33.3
 description 95014450_Jamii_Bora_Bank-Nakuru_Backup
 vrf JAMII_BORA
 ipv4 address 172.30.17.53 255.255.255.252
 encapsulation dot1q 3021 second-dot1q 3304
!
interface Bundle-Ether33.4
 description 95015815 NBK-Westside Mall Nakuru ATM
 vrf NBK
 ipv4 address 172.30.17.77 255.255.255.252
 encapsulation dot1q 3021 second-dot1q 3311
!
interface MgmtEth0/RP0/CPU0/0
 description *** MANAGEMENT INTERFACE ***
 ipv4 address dhcp
!
interface MgmtEth0/0/CPU0/0
 shutdown
!
interface GigabitEthernet0/0/0/0
 bundle id 33 mode on
 shutdown
!
interface GigabitEthernet0/0/0/1
 bundle id 33 mode on
 shutdown
!
interface GigabitEthernet0/0/0/2
 shutdown
!
interface GigabitEthernet0/0/0/3
 shutdown
!
interface GigabitEthernet0/0/0/4
 shutdown
!
interface GigabitEthernet0/0/0/5
 shutdown
!
interface GigabitEthernet0/0/0/6
 shutdown
!
interface GigabitEthernet0/0/0/7
 shutdown
!
interface preconfigure MgmtEth0/0/CPU0/0
 shutdown
!
interface preconfigure GigabitEthernet0/0/0/5
 shutdown
!
interface preconfigure GigabitEthernet0/0/0/6
 shutdown
!
interface preconfigure GigabitEthernet0/0/0/7
 shutdown
!
router static
 address-family ipv4 unicast
  0.0.0.0/0 192.168.122.1
 !
!
xml agent tty
 iteration off
!
netconf-yang agent
 ssh
!
ssh server v2
ssh server netconf vrf default
router eigrp 200
 address-family ipv4
 !
 vrf NBK
  address-family ipv4
   default-metric 1024 100 255 1 1500
   autonomous-system 500
   redistribute connected
   redistribute static
   interface Bundle-Ether33.1
   !
   interface Bundle-Ether33.2
   !
   interface Bundle-Ether33.4
   !
  !
 !
!
end

</Configuration></CLI><ResultSummary ErrorCount="0"/></Response>
XML> 
DEBUG:netmiko:read_channel: 
DEBUG:netmiko:write_channel: b'<?xml version="1.0" encoding="UTF-8"?><Request MajorVersion="1" MinorVersion="0"><CLI><Configuration>show running-config</Configuration></CLI></Request>\n'
DEBUG:netmiko:read_channel: 
DEBUG:netmiko:read_channel: 
DEBUG:netmiko:read_channel: 
DEBUG:netmiko:read_channel: 
DEBUG:netmiko:read_channel: 
DEBUG:netmiko:read_channel: <?xml version="1.0" encoding="UTF-8"?>
<Response MajorVersion="1" MinorVersion="0"><CLI><Configuration>
Building configuration...
!! IOS XR Configuration version = 6.4.1
!! Last configuration change at Fri Dec  4 05:48:42 2020 by admin
!
hostname r2
banner motd ;
--------------------------------------------------------------------------
  Router 2 (Cisco IOS XR Sandbox)
--------------------------------------------------------------------------
;
logging console disable
service timestamps log datetime msec
service timestamps debug datetime msec
username admin
 group root-lr
 group cisco-support
 secret 5 $1$A4C9$oaNorr6BXDruE4gDd086L.
!
line console
 timestamp disable
 exec-timeout 0 0
 absolute-timeout 0
 session-timeout 0
!
line default
 exec-timeout 0 0
 absolute-timeout 0
 session-timeout 0
!
call-home
 service active
 contact smart-licensing
 profile CiscoTAC-1
  active
  destination transport-method http
 !
!
interface Bundle-Ether33
 description ==TEST1==
 mtu 9216
 bundle maximum-active links 2
 bundle minimum-active links 1
!
interface Bundle-Ether33.1
 description 95014353 National Bank Of Kenya-Nakuru
 vrf NBK
 ipv4 address 1.1.1.1 255.255.255.252
 encapsulation dot1q 3021 second-dot1q 3302
!
interface Bundle-Ether33.2
 description 95014354 National Bank Of Kenya Nakuru Hospital ATM
 vrf NBK
 ipv4 address 2.2.2.2 255.255.255.252
 encapsulation dot1q 3021 second-dot1q 3303
!
interface Bundle-Ether33.3
 description 95014450_Jamii_Bora_Bank-Nakuru_Backup
 vrf JAMII_BORA
 ipv4 address 172.30.17.53 255.255.255.252
 encapsulation dot1q 3021 second-dot1q 3304
!
interface Bundle-Ether33.4
 description 95015815 NBK-Westside Mall Nakuru ATM
 vrf NBK
 ipv4 address 172.30.17.77 255.255.255.252
 encapsulation dot1q 3021 second-dot1q 3311
!
interface MgmtEth0/RP0/CPU0/0
 description *** MANAGEMENT INTERFACE ***
 ipv4 address dhcp
!
interface GigabitEthernet0/0/0/0
 bundle id 33 mode on
 shutdown
!
interface GigabitEthernet0
DEBUG:netmiko:read_channel: /0/0/1
 bundle id 33 mode on
 shutdown
!
interface GigabitEthernet0/0/0/2
 shutdown
!
interface GigabitEthernet0/0/0/3
 shutdown
!
interface GigabitEthernet0/0/0/4
 shutdown
!
interface preconfigure MgmtEth0/0/CPU0/0
 shutdown
!
interface preconfigure GigabitEthernet0/0/0/5
 shutdown
!
interface preconfigure GigabitEthernet0/0/0/6
 shutdown
!
interface preconfigure GigabitEthernet0/0/0/7
 shutdown
!
router static
 address-family ipv4 unicast
  0.0.0.0/0 192.168.122.1
 !
!
xml agent tty
 iteration off
!
netconf-yang agent
 ssh
!
ssh server v2
ssh server netconf vrf default
router eigrp 200
 address-family ipv4
 !
 vrf NBK
  address-family ipv4
   default-metric 1024 100 255 1 1500
   autonomous-system 500
   redistribute connected
   redistribute static
   interface Bundle-Ether33.1
   !
   interface Bundle-Ether33.2
   !
   interface Bundle-Ether33.4
   !
  !
 !
!
end

</Configuration></CLI><ResultSummary ErrorCount="0"/></Response>
XML> 
DEBUG:paramiko.transport:starting thread (client mode): 0x6fc657b8
DEBUG:paramiko.transport:Local version/idstring: SSH-2.0-paramiko_2.4.2
DEBUG:paramiko.transport:Remote version/idstring: SSH-1.99-Cisco-2.0
INFO:paramiko.transport:Connected (version 1.99, client Cisco-2.0)
DEBUG:paramiko.transport:kex algos:['ecdh-sha2-nistp521', 'ecdh-sha2-nistp384', 'ecdh-sha2-nistp256', 'diffie-hellman-group14-sha1'] server key:['ssh-rsa'] client encrypt:['aes128-ctr', 'aes192-ctr', 'aes256-ctr', 'aes128-gcm@openssh.com', 'aes256-gcm@openssh.com'] server encrypt:['aes128-ctr', 'aes192-ctr', 'aes256-ctr', 'aes128-gcm@openssh.com', 'aes256-gcm@openssh.com'] client mac:['hmac-sha2-512', 'hmac-sha2-256', 'hmac-sha1'] server mac:['hmac-sha2-512', 'hmac-sha2-256', 'hmac-sha1'] client compress:['none'] server compress:['none'] client lang:[''] server lang:[''] kex follows?False
DEBUG:paramiko.transport:Kex agreed: ecdh-sha2-nistp256
DEBUG:paramiko.transport:HostKey agreed: ssh-rsa
DEBUG:paramiko.transport:Cipher agreed: aes128-ctr
DEBUG:paramiko.transport:MAC agreed: hmac-sha2-256
DEBUG:paramiko.transport:Compression agreed: none
DEBUG:paramiko.transport:kex engine KexNistp256 specified hash_algo <built-in function openssl_sha256>
DEBUG:paramiko.transport:Switch to new keys ...
DEBUG:paramiko.transport:Adding ssh-rsa host key for [10.10.20.70]:2231: b'0b7fe057af98893860da3ac18b449501'
DEBUG:paramiko.transport:userauth is OK
INFO:paramiko.transport:Authentication (password) successful!
DEBUG:paramiko.transport:[chan 0] Max packet in: 32768 bytes
DEBUG:paramiko.transport:[chan 0] Max packet out: 32768 bytes
DEBUG:paramiko.transport:Secsh channel 0 opened.
DEBUG:paramiko.transport:[chan 0] Sesch channel 0 request ok
DEBUG:paramiko.transport:[chan 0] Sesch channel 0 request ok
DEBUG:netmiko:read_channel: 

RP/0/RP0/CPU0:r2#
DEBUG:netmiko:read_channel: 
DEBUG:netmiko:read_channel: 
DEBUG:netmiko:read_channel: 
DEBUG:netmiko:write_channel: b'\n'
DEBUG:netmiko:read_channel: 
DEBUG:netmiko:read_channel: 
DEBUG:netmiko:write_channel: b'\n'
DEBUG:netmiko:read_channel: 
DEBUG:netmiko:write_channel: b'\n'
DEBUG:netmiko:read_channel: 
RP/0/RP0/CPU0:r2#
DEBUG:netmiko:read_channel: 
DEBUG:netmiko:read_channel: 
RP/0/RP0/CPU0:r2#
RP/0/RP0/CPU0:r2#
DEBUG:netmiko:In disable_paging
DEBUG:netmiko:Command: terminal length 0

DEBUG:netmiko:write_channel: b'terminal length 0\n'
DEBUG:netmiko:Pattern is: RP\/0\/RP0\/CPU0\:r2
DEBUG:netmiko:_read_channel_expect read_data: terminal length 0

DEBUG:netmiko:_read_channel_expect read_data: Fri Dec  4 05:52:56.933 UTC

DEBUG:netmiko:_read_channel_expect read_data: RP/0/RP0/CPU0:r2#
DEBUG:netmiko:Pattern found: RP\/0\/RP0\/CPU0\:r2 terminal length 0
Fri Dec  4 05:52:56.933 UTC
RP/0/RP0/CPU0:r2#
DEBUG:netmiko:terminal length 0
Fri Dec  4 05:52:56.933 UTC
RP/0/RP0/CPU0:r2#
DEBUG:netmiko:Exiting disable_paging
DEBUG:netmiko:write_channel: b'terminal width 511\n'
DEBUG:netmiko:Pattern is: RP\/0\/RP0\/CPU0\:r2
DEBUG:netmiko:_read_channel_expect read_data: terminal width 511

DEBUG:netmiko:_read_channel_expect read_data: Fri Dec  4 05:52:57.313 UTC
RP/0/RP0/CPU0:r2#
DEBUG:netmiko:Pattern found: RP\/0\/RP0\/CPU0\:r2 terminal width 511
Fri Dec  4 05:52:57.313 UTC
RP/0/RP0/CPU0:r2#
DEBUG:netmiko:read_channel: 
DEBUG:netmiko:read_channel: 
DEBUG:netmiko:write_channel: b'\n'
DEBUG:netmiko:read_channel: 
DEBUG:netmiko:read_channel: 
DEBUG:netmiko:write_channel: b'\n'
DEBUG:netmiko:read_channel: 
DEBUG:netmiko:write_channel: b'\n'
DEBUG:netmiko:read_channel: 
DEBUG:netmiko:write_channel: b'\n'
DEBUG:netmiko:read_channel: 
RP/0/RP0/CPU0:r2#
DEBUG:netmiko:read_channel: 
DEBUG:netmiko:read_channel: 
DEBUG:netmiko:write_channel: b'xml\n'
DEBUG:netmiko:read_channel: 
DEBUG:netmiko:read_channel: 
RP/0/RP0/CPU0:r2#
RP/0/RP0/CPU0:r2#
RP/0/RP0/CPU0:r2#xml
Fri Dec  4 05:52:58.541 UTC
XML> 
DEBUG:netmiko:read_channel: 
DEBUG:netmiko:read_channel: 
DEBUG:netmiko:read_channel: 
DEBUG:netmiko:write_channel: b'<?xml version="1.0" encoding="UTF-8"?><Request MajorVersion="1" MinorVersion="0"><Lock/></Request>\n'
DEBUG:netmiko:read_channel: 
DEBUG:netmiko:read_channel: 
DEBUG:netmiko:read_channel: <?xml version="1.0" encoding="UTF-8"?>
<Response MajorVersion="1" MinorVersion="0"><Lock/><ResultSummary ErrorCount="0"/></Response>
XML> 
DEBUG:netmiko:read_channel: 
DEBUG:netmiko:write_channel: b'<?xml version="1.0" encoding="UTF-8"?><Request MajorVersion="1" MinorVersion="0"><CLI><Configuration>\n\nlogging console disable\nline console\n exec-timeout 0 0\n absolute-timeout 0\n session-timeout 0\n!\nline default\n exec-timeout 0 0\n absolute-timeout 0\n session-timeout 0\n!\ninterface Bundle-Ether33\n description ==TEST1==\n mtu 9216\n \n bundle maximum-active links 2\n bundle minimum-active links 1\n!\ninterface Bundle-Ether33.1\n description 95014353 National Bank Of Kenya-Nakuru\n vrf NBK\n ipv4 address 1.1.1.1 255.255.255.252\n encapsulation dot1q 3021 second-dot1q 3302\n!\ninterface Bundle-Ether33.2\n description 95014354 National Bank Of Kenya Nakuru Hospital ATM\n vrf NBK\n ipv4 address 2.2.2.2 255.255.255.252\n encapsulation dot1q 3021 second-dot1q 3303\n!\ninterface Bundle-Ether33.3\n description 95014450_Jamii_Bora_Bank-Nakuru_Backup\n vrf JAMII_BORA\n ipv4 address 172.30.17.53 255.255.255.252\n encapsulation dot1q 3021 second-dot1q 3304\n!\ninterface Bundle-Ether33.4\n description 95015815 NBK-Westside Mall Nakuru ATM\n vrf NBK\n ipv4 address 172.30.17.77 255.255.255.252\n encapsulation dot1q 3021 second-dot1q 3311\n!\ninterface MgmtEth0/0/CPU0/0\n shutdown\n!\ninterface GigabitEthernet0/0/0/0\n bundle id 33 mode on\n!\ninterface GigabitEthernet0/0/0/1\n bundle id 33 mode on\n!\ninterface GigabitEthernet0/0/0/2\n shutdown\n!\ninterface GigabitEthernet0/0/0/3\n shutdown\n!\ninterface GigabitEthernet0/0/0/4\n shutdown\n!\ninterface GigabitEthernet0/0/0/5\n shutdown\n!\ninterface GigabitEthernet0/0/0/6\n shutdown\n!\ninterface GigabitEthernet0/0/0/7\n shutdown\n!\nrouter eigrp 200\n address-family ipv4\n !\n vrf NBK\n  address-family ipv4\n   default-metric 1024 100 255 1 1500\n   autonomous-system 500\n   redistribute connected\n   redistribute static\n   interface Bundle-Ether33.1\n   !\n   interface Bundle-Ether33.2\n   !\n   interface Bundle-Ether33.4\n   !\n  !\n !\n!\nend\n\n\n</Configuration></CLI></Request>\n'
DEBUG:netmiko:read_channel: 
DEBUG:netmiko:read_channel: 
DEBUG:netmiko:read_channel: <?xml version="1.0" encoding="UTF-8"?>
<Response MajorVersion="1" MinorVersion="0"><CLI><Configuration/></CLI><ResultSummary ErrorCount="0"/></Response>
XML> 
DEBUG:netmiko:read_channel: 
DEBUG:netmiko:write_channel: b'<?xml version="1.0" encoding="UTF-8"?><Request MajorVersion="1" MinorVersion="0"><CLI><Configuration>show configuration merge</Configuration></CLI></Request>\n'
DEBUG:netmiko:read_channel: 
DEBUG:netmiko:read_channel: 
DEBUG:netmiko:read_channel: 
DEBUG:netmiko:read_channel: 
DEBUG:netmiko:read_channel: 
DEBUG:netmiko:read_channel: <?xml version="1.0" encoding="UTF-8"?>
<Response MajorVersion="1" MinorVersion="0"><CLI><Configuration>
Building configuration...
!! IOS XR Configuration version = 6.4.1
!! Last configuration change at Fri Dec  4 05:48:42 2020 by admin
!
hostname r2
banner motd ;
--------------------------------------------------------------------------
  Router 2 (Cisco IOS XR Sandbox)
--------------------------------------------------------------------------
;
logging console disable
service timestamps log datetime msec
service timestamps debug datetime msec
username admin
 group root-lr
 group cisco-support
 secret 5 $1$A4C9$oaNorr6BXDruE4gDd086L.
!
line console
 timestamp disable
 exec-timeout 0 0
 absolute-timeout 0
 session-timeout 0
!
line default
 exec-timeout 0 0
 absolute-timeout 0
 session-timeout 0
!
call-home
 service active
 contact smart-licensing
 profile CiscoTAC-1
  active
  destination transport-method http
 !
!
interface Bundle-Ether33
 description ==TEST1==
 mtu 9216
 bundle maximum-active links 2
 bundle minimum-active links 1
!
interface Bundle-Ether33.1
 description 95014353 National Bank Of Kenya-Nakuru
 vrf NBK
 ipv4 address 1.1.1.1 255.255.255.252
 encapsulation dot1q 3021 second-dot1q 3302
!
interface Bundle-Ether33.2
 description 95014354 National Bank Of Kenya Nakuru Hospital ATM
 vrf NBK
 ipv4 address 2.2.2.2 255.255.255.252
 encapsulation dot1q 3021 second-dot1q 3303
!
interface Bundle-Ether33.3
 description 95014450_Jamii_Bora_Bank-Nakuru_Backup
 vrf JAMII_BORA
 ipv4 address 172.30.17.53 255.255.255.252
 encapsulation dot1q 3021 second-dot1q 3304
!
interface Bundle-Ether33.4
 description 95015815 NBK-Westside Mall Nakuru ATM
 vrf NBK
 ipv4 address 172.30.17.77 255.255.255.252
 encapsulation dot1q 3021 second-dot1q 3311
!
interface MgmtEth0/RP0/CPU0/0
 description *** MANAGEMENT INTERFACE ***
 ipv4 address dhcp
!
interface MgmtEth0/0/CPU0/0
 shutdown
!
interface GigabitEthernet0/0/0/0
 bundle id 33 mode on
 shutdown
!
interface GigabitEthernet0/0/0/1
 bundle id 33 mode on
 shutdown
!
interface GigabitEthernet0/0/0/2
 shutdown
!
interface GigabitEthernet0/0/0/3
 shutdown
!
interface GigabitEthernet0/0/0/4
 shutdown
!
interface GigabitEthernet0/0/0/5
 shutdown
!
interface GigabitEthernet0/0/0/6
 shutdown
!
interface GigabitEthernet0/0/0/7
 shutdown
!
interface preconfigure MgmtEth0/0/CPU0/0
 shutdown
!
interface preconfigure GigabitEthernet0/0/0/5
 shutdown
!
interface preconfigure GigabitEthernet0/0/0/6
 shutdown
!
interface preconfigure GigabitEthernet0/0/0/7
 shutdown
!
router static
 address-family ipv4 unicast
  0.0.0.0/0 192.168.122.1
 !
!
xml agent tty
 iteration off
!
netconf-yang agent
 ssh
!
ssh server v2
ssh server netconf vrf default
router eigrp 200
 address-family ipv4
 !
 vrf NBK
  address-family ipv4
   default-metric 1024 100 255 1 1500
   autonomous-system 500
   redistribute connected
   redistribute static
   interface Bundle-Ether33.1
   !
   interface Bundle-Ether33.2
   !
   interface Bundle-Ether33.4
   !
  !
 !
!
end

</Configuration></CLI><ResultSummary ErrorCount="0"/></Response>
XML> 
DEBUG:netmiko:read_channel: 
DEBUG:netmiko:write_channel: b'<?xml version="1.0" encoding="UTF-8"?><Request MajorVersion="1" MinorVersion="0"><CLI><Configuration>show running-config</Configuration></CLI></Request>\n'
DEBUG:netmiko:read_channel: 
DEBUG:netmiko:read_channel: 
DEBUG:netmiko:read_channel: 
DEBUG:netmiko:read_channel: 
DEBUG:netmiko:read_channel: <?xml version="1.0" encoding="UTF-8"?>
<Response MajorVersion="1" MinorVersion="0"><CLI><Configuration>
Building configuration...
!! IOS XR Configuration version = 6.4.1
!! Last configuration change at Fri Dec  4 05:48:42 2020 by admin
!
hostname r2
banner motd ;
--------------------------------------------------------------------------
  Router 2 (Cisco IOS XR Sandbox)
--------------------------------------------------------------------------
;
logging console disable
service timestamps log datetime msec
service timestamps debug datetime msec
username admin
 group root-lr
 group cisco-support
 secret 5 $1$A4C9$oaNorr6BXDruE4gDd086L.
!
line console
 timestamp disable
 exec-timeout 0 0
 absolute-timeout 0
 session-timeout 0
!
line default
 exec-timeout 0 0
 absolute-timeout 0
 session-timeout 0
!
call-home
 service active
 contact smart-licensing
 profile CiscoTAC-1
  active
  destination transport-method http
 !
!
interface Bundle-Ether33
 description ==TEST1==
 mtu 9216
 bundle maximum-active links 2
 bundle minimum-active links 1
!
interface Bundle-Ether33.1
 description 95014353 National Bank Of Kenya-Nakuru
 vrf NBK
 ipv4 address 1.1.1.1 255.255.255.252
 encapsulation dot1q 3021 second-dot1q 3302
!
interface Bundle-Ether33.2
 description 95014354 National Bank Of Kenya Nakuru Hospital ATM
 vrf NBK
 ipv4 address 2.2.2.2 255.255.255.252
 encapsulation dot1q 3021 second-dot1q 3303
!
interface Bundle-Ether33.3
 description 95014450_Jamii_Bora_Bank-Nakuru_Backup
 vrf JAMII_BORA
 ipv4 address 172.30.17.53 255.255.255.252
 encapsulation dot1q 3021 second-dot1q 3304
!
interface Bundle-Ether33.4
 description 95015815 NBK-Westside Mall Nakuru ATM
 vrf NBK
 ipv4 address 172.30.17.77 255.255.255.252
 encapsulation dot1q 3021 second-dot1q 3311
!
interface MgmtEth0/RP0/CPU0/0
 description *** MANAGEMENT INTERFACE ***
 ipv4 address dhcp
!
interface GigabitEthernet0/0/0/0
 bundle id 33 mode on
 shutdown
!
interface GigabitEthernet0/0/0/1
 bundle id 33 mode on
 shutdown
!
interface GigabitEthernet0/0/0/2
 shutdown
!
interface GigabitEthernet0/0/0/3
 shutdown
!
interface GigabitEthernet0/0/0/4
 shutdown
!
interface preconfigure MgmtEth0/0/CPU0/0
 shutdown
!
interface preconfigure GigabitEthernet0/0/0/5
 shutdown
!
interface preconfigure GigabitEthernet0/0/0/6
 shutdown
!
interface preconfigure GigabitEthernet0/0/0/7
 shutdown
!
router static
 address-family ipv4 unicast
  0.0.0.0/0 192.168.122.1
 !
!
xml agent tty
 iteration off
!
netconf-yang agent
 ssh
!
ssh server v2
ssh server netconf vrf default
router eigrp 200
 address-family ipv4
 !
 vrf NBK
  address-family ipv4
   default-metric 1024 100 255 1 1500
   autonomous-system 500
   redistribute connected
   redistribute static
   interface Bundle-Ether33.1
   !
   interface Bundle-Ether33.2
   !
   interface Bundle-Ether33.4
   !
  !
 !
!
end

</Configuration></CLI><ResultSummary ErrorCount="0"/></Response>
XML> 
DEBUG:netmiko:read_channel: 
DEBUG:netmiko:write_channel: b'<?xml version="1.0" encoding="UTF-8"?><Request MajorVersion="1" MinorVersion="0"><Clear/></Request>\n'
DEBUG:netmiko:read_channel: 
DEBUG:netmiko:read_channel: 
DEBUG:netmiko:read_channel: <?xml version="1.0" encoding="UTF-8"?>
<Response MajorVersion="1" MinorVersion="0"><Clear/><ResultSummary ErrorCount="0"/></Response>
XML> 
DEBUG:netmiko:read_channel: 
DEBUG:netmiko:write_channel: b'<?xml version="1.0" encoding="UTF-8"?><Request MajorVersion="1" MinorVersion="0"><Unlock/></Request>\n'
DEBUG:netmiko:read_channel: 
DEBUG:netmiko:read_channel: 
DEBUG:netmiko:read_channel: 
DEBUG:netmiko:read_channel: <?xml version="1.0" encoding="UTF-8"?>
<Response MajorVersion="1" MinorVersion="0"><Unlock/><ResultSummary ErrorCount="0"/></Response>
XML> 
DEBUG:paramiko.transport:[chan 0] EOF sent (0)
DEBUG:paramiko.transport:starting thread (client mode): 0xc37ab160
DEBUG:paramiko.transport:Local version/idstring: SSH-2.0-paramiko_2.4.2
DEBUG:paramiko.transport:Remote version/idstring: SSH-1.99-Cisco-2.0
INFO:paramiko.transport:Connected (version 1.99, client Cisco-2.0)
DEBUG:paramiko.transport:kex algos:['ecdh-sha2-nistp521', 'ecdh-sha2-nistp384', 'ecdh-sha2-nistp256', 'diffie-hellman-group14-sha1'] server key:['ssh-rsa'] client encrypt:['aes128-ctr', 'aes192-ctr', 'aes256-ctr', 'aes128-gcm@openssh.com', 'aes256-gcm@openssh.com'] server encrypt:['aes128-ctr', 'aes192-ctr', 'aes256-ctr', 'aes128-gcm@openssh.com', 'aes256-gcm@openssh.com'] client mac:['hmac-sha2-512', 'hmac-sha2-256', 'hmac-sha1'] server mac:['hmac-sha2-512', 'hmac-sha2-256', 'hmac-sha1'] client compress:['none'] server compress:['none'] client lang:[''] server lang:[''] kex follows?False
DEBUG:paramiko.transport:Kex agreed: ecdh-sha2-nistp256
DEBUG:paramiko.transport:HostKey agreed: ssh-rsa
DEBUG:paramiko.transport:Cipher agreed: aes128-ctr
DEBUG:paramiko.transport:MAC agreed: hmac-sha2-256
DEBUG:paramiko.transport:Compression agreed: none
DEBUG:paramiko.transport:kex engine KexNistp256 specified hash_algo <built-in function openssl_sha256>
DEBUG:paramiko.transport:Switch to new keys ...
DEBUG:paramiko.transport:Adding ssh-rsa host key for [10.10.20.70]:2221: b'e1ad3e53cdc053037494810944e7d7d0'
DEBUG:paramiko.transport:userauth is OK
INFO:paramiko.transport:Authentication (password) successful!
DEBUG:paramiko.transport:[chan 0] Max packet in: 32768 bytes
DEBUG:paramiko.transport:[chan 0] Max packet out: 32768 bytes
DEBUG:paramiko.transport:Secsh channel 0 opened.
DEBUG:paramiko.transport:[chan 0] Sesch channel 0 request ok
DEBUG:paramiko.transport:[chan 0] Sesch channel 0 request ok
DEBUG:netmiko:read_channel: 

RP/0/RP0/CPU0:r1#
DEBUG:netmiko:read_channel: 
DEBUG:netmiko:read_channel: 
DEBUG:netmiko:read_channel: 
DEBUG:netmiko:write_channel: b'\n'
DEBUG:netmiko:read_channel: 
DEBUG:netmiko:read_channel: 
DEBUG:netmiko:write_channel: b'\n'
DEBUG:netmiko:read_channel: 
DEBUG:netmiko:write_channel: b'\n'
DEBUG:netmiko:read_channel: 
DEBUG:netmiko:write_channel: b'\n'
DEBUG:netmiko:read_channel: 
RP/0/RP0/CPU0:r1#
DEBUG:netmiko:read_channel: 
DEBUG:netmiko:read_channel: 
DEBUG:netmiko:In disable_paging
DEBUG:netmiko:Command: terminal length 0

DEBUG:netmiko:write_channel: b'terminal length 0\n'
DEBUG:netmiko:Pattern is: RP\/0\/RP0\/CPU0\:r1
DEBUG:netmiko:_read_channel_expect read_data: 

DEBUG:netmiko:_read_channel_expect read_data: RP/0/RP0/CPU0:r1#
RP/0/RP0/CPU0:r1#
RP/0/RP0/CPU0:r1#
DEBUG:netmiko:Pattern found: RP\/0\/RP0\/CPU0\:r1 
RP/0/RP0/CPU0:r1#
RP/0/RP0/CPU0:r1#
RP/0/RP0/CPU0:r1#
DEBUG:netmiko:
RP/0/RP0/CPU0:r1#
RP/0/RP0/CPU0:r1#
RP/0/RP0/CPU0:r1#
DEBUG:netmiko:Exiting disable_paging
DEBUG:netmiko:write_channel: b'terminal width 511\n'
DEBUG:netmiko:Pattern is: RP\/0\/RP0\/CPU0\:r1
DEBUG:netmiko:_read_channel_expect read_data: terminal length 0

DEBUG:netmiko:_read_channel_expect read_data: Fri Dec  4 05:58:51.813 UTC
RP/0/RP0/CPU0:r1#
DEBUG:netmiko:Pattern found: RP\/0\/RP0\/CPU0\:r1 terminal length 0
Fri Dec  4 05:58:51.813 UTC
RP/0/RP0/CPU0:r1#
DEBUG:netmiko:read_channel: terminal width 511
Fri Dec  4 05:58:52.114 UTC
RP/0/RP0/CPU0:r1#
DEBUG:netmiko:read_channel: 
DEBUG:netmiko:write_channel: b'\n'
DEBUG:netmiko:read_channel: 
DEBUG:netmiko:read_channel: 
DEBUG:netmiko:write_channel: b'\n'
DEBUG:netmiko:read_channel: 
DEBUG:netmiko:write_channel: b'\n'
DEBUG:netmiko:read_channel: 
RP/0/RP0/CPU0:r1#
DEBUG:netmiko:read_channel: 
DEBUG:netmiko:read_channel: 
RP/0/RP0/CPU0:r1#
DEBUG:netmiko:write_channel: b'show run\n'
DEBUG:netmiko:read_channel: 
DEBUG:netmiko:read_channel: 
RP/0/RP0/CPU0:r1#
DEBUG:paramiko.transport:starting thread (client mode): 0xc19765f8
DEBUG:paramiko.transport:Local version/idstring: SSH-2.0-paramiko_2.4.2
DEBUG:paramiko.transport:Remote version/idstring: SSH-1.99-Cisco-2.0
INFO:paramiko.transport:Connected (version 1.99, client Cisco-2.0)
DEBUG:paramiko.transport:kex algos:['ecdh-sha2-nistp521', 'ecdh-sha2-nistp384', 'ecdh-sha2-nistp256', 'diffie-hellman-group14-sha1'] server key:['ssh-rsa'] client encrypt:['aes128-ctr', 'aes192-ctr', 'aes256-ctr', 'aes128-gcm@openssh.com', 'aes256-gcm@openssh.com'] server encrypt:['aes128-ctr', 'aes192-ctr', 'aes256-ctr', 'aes128-gcm@openssh.com', 'aes256-gcm@openssh.com'] client mac:['hmac-sha2-512', 'hmac-sha2-256', 'hmac-sha1'] server mac:['hmac-sha2-512', 'hmac-sha2-256', 'hmac-sha1'] client compress:['none'] server compress:['none'] client lang:[''] server lang:[''] kex follows?False
DEBUG:paramiko.transport:Kex agreed: ecdh-sha2-nistp256
DEBUG:paramiko.transport:HostKey agreed: ssh-rsa
DEBUG:paramiko.transport:Cipher agreed: aes128-ctr
DEBUG:paramiko.transport:MAC agreed: hmac-sha2-256
DEBUG:paramiko.transport:Compression agreed: none
DEBUG:paramiko.transport:kex engine KexNistp256 specified hash_algo <built-in function openssl_sha256>
DEBUG:paramiko.transport:Switch to new keys ...
DEBUG:paramiko.transport:Adding ssh-rsa host key for [10.10.20.70]:2231: b'0b7fe057af98893860da3ac18b449501'
DEBUG:paramiko.transport:userauth is OK
INFO:paramiko.transport:Authentication (password) successful!
DEBUG:paramiko.transport:[chan 0] Max packet in: 32768 bytes
DEBUG:paramiko.transport:[chan 0] Max packet out: 32768 bytes
DEBUG:paramiko.transport:Secsh channel 0 opened.
DEBUG:paramiko.transport:[chan 0] Sesch channel 0 request ok
DEBUG:paramiko.transport:[chan 0] Sesch channel 0 request ok
DEBUG:netmiko:read_channel: 

RP/0/RP0/CPU0:r2#
DEBUG:netmiko:read_channel: 
DEBUG:netmiko:read_channel: 
DEBUG:netmiko:read_channel: 
DEBUG:netmiko:write_channel: b'\n'
DEBUG:netmiko:read_channel: 
DEBUG:netmiko:read_channel: 
DEBUG:netmiko:write_channel: b'\n'
DEBUG:netmiko:read_channel: 
DEBUG:netmiko:write_channel: b'\n'
DEBUG:netmiko:read_channel: 
RP/0/RP0/CPU0:r2#
DEBUG:netmiko:read_channel: 
DEBUG:netmiko:read_channel: 
DEBUG:netmiko:In disable_paging
DEBUG:netmiko:Command: terminal length 0

DEBUG:netmiko:write_channel: b'terminal length 0\n'
DEBUG:netmiko:Pattern is: RP\/0\/RP0\/CPU0\:r2
DEBUG:netmiko:_read_channel_expect read_data: 

DEBUG:netmiko:_read_channel_expect read_data: 
RP/0/RP0/CPU0:r2#
RP/0/RP0/CPU0:r2#
DEBUG:netmiko:Pattern found: RP\/0\/RP0\/CPU0\:r2 

RP/0/RP0/CPU0:r2#
RP/0/RP0/CPU0:r2#
DEBUG:netmiko:

RP/0/RP0/CPU0:r2#
RP/0/RP0/CPU0:r2#
DEBUG:netmiko:Exiting disable_paging
DEBUG:netmiko:write_channel: b'terminal width 511\n'
DEBUG:netmiko:Pattern is: RP\/0\/RP0\/CPU0\:r2
DEBUG:netmiko:_read_channel_expect read_data: terminal length 0

DEBUG:netmiko:_read_channel_expect read_data: Fri Dec  4 05:59:01.585 UTC
RP/0/RP0/CPU0:r2#
DEBUG:netmiko:Pattern found: RP\/0\/RP0\/CPU0\:r2 terminal length 0
Fri Dec  4 05:59:01.585 UTC
RP/0/RP0/CPU0:r2#
DEBUG:netmiko:read_channel: terminal width 511
Fri Dec  4 05:59:01.848 UTC
RP/0/RP0/CPU0:r2#
DEBUG:netmiko:read_channel: 
DEBUG:netmiko:write_channel: b'\n'
DEBUG:netmiko:read_channel: 
DEBUG:netmiko:read_channel: 
DEBUG:netmiko:write_channel: b'\n'
DEBUG:netmiko:read_channel: 
RP/0/RP0/CPU0:r2#
DEBUG:netmiko:read_channel: 
DEBUG:netmiko:read_channel: 
RP/0/RP0/CPU0:r2#
DEBUG:netmiko:write_channel: b'show run\n'
DEBUG:netmiko:read_channel: 
DEBUG:netmiko:read_channel: show run

DEBUG:netmiko:read_channel: Fri Dec  4 05:59:02.775 UTC

DEBUG:netmiko:read_channel: 
DEBUG:netmiko:read_channel: Building configuration...
!! IOS XR Configuration version = 6.4.1
!! Last configuration change at Fri Dec  4 05:48:42 2020 by admin
!
hostname r2
banner motd ;
--------------------------------------------------------------------------
  Router 2 (Cisco IOS XR Sandbox)
--------------------------------------------------------------------------
;
logging console disable
service timestamps log datetime msec
service timestamps debug datetime msec
username admin
 group root-lr
 group cisco-support
 secret 5 $1$A4C9$oaNorr6BXDruE4gDd086L.
!
line console
 timestamp disable
 exec-timeout 0 0
 absolute-timeout 0
 session-timeout 0
!
line default
 exec-timeout 0 0
 absolute-timeout 0
 session-timeout 0
!
call-home
 service active
 contact smart-licensing
 profile CiscoTAC-1
  active
  destination transport-method http
 !
!
interface Bundle-Ether33
 description ==TEST1==
 mtu 9216
 bundle maximum-active links 2
 bundle minimum-active links 1
!
interface Bundle-Ether33.1
 description 95014353 National Bank Of Kenya-Nakuru
 vrf NBK
 ipv4 address 1.1.1.1 255.255.255.252
 encapsulation dot1q 3021 second-dot1q 3302
!
interface Bundle-Ether33.2
 description 95014354 National Bank Of Kenya Nakuru Hospital ATM
 vrf NBK
 ipv4 address 2.2.2.2 255.255.255.252
 encapsulation dot1q 3021 second-dot1q 3303
!
interface Bundle-Ether33.3
 description 95014450_Jamii_Bora_Bank-Nakuru_Backup
 vrf JAMII_BORA
 ipv4 address 172.30.17.53 255.255.255.252
 encapsulation dot1q 3021 second-dot1q 3304
!
interface Bundle-Ether33.4
 description 95015815 NBK-Westside Mall Nakuru ATM
 vrf NBK
 ipv4 address 172.30.17.77 255.255.255.252
 encapsulation dot1q 3021 second-dot1q 3311
!
interface MgmtEth0/RP0/CPU0/0
 description *** MANAGEMENT INTERFACE ***
 ipv4 address dhcp
!
interface GigabitEthernet0/0/0/0
 bundle id 33 mode on
 shutdown
!
interface GigabitEthernet0/0/0/1
 bundle id 33 mode on
 shutdown
!
interface GigabitEthernet0/0/0/2
 shutdown
!
interface GigabitEthernet0/0/0/3
 shutdown
!
interface GigabitEthernet0/0/0/4
 shutdown
!
interface preconfigure MgmtEth0/0/CPU0/0
 shutdown
!
interface preconfigure GigabitEthernet0/0/0/5
 shutdown
!
interface preconfigure GigabitEthernet0/0/0/6
 shutdown
!
interface preconfigure GigabitEthernet0/0/0/7
 shutdown
!
router static
 address-family ipv4 unicast
  0.0.0.0/0 192.168.122.1
 !
!
xml agent tty
 iteration off
!
netconf-yang agent
 ssh
!
ssh server v2
ssh server netconf vrf default
router eigrp 200
 address-family ipv4
 !
 vrf NBK
  address-family ipv4
   default-metric 1024 100 255 1 1500
   autonomous-system 500
   redistribute connected
   redistribute static
   interface Bundle-Ether33.1
   !
   interface Bundle-Ether33.2
   !
   interface Bundle-Ether33.4
   !
  !
 !
!
end

RP/0/RP0/CPU0:r2#
DEBUG:paramiko.transport:starting thread (client mode): 0xdb4111d0
DEBUG:paramiko.transport:Local version/idstring: SSH-2.0-paramiko_2.4.2
DEBUG:paramiko.transport:Remote version/idstring: SSH-1.99-Cisco-2.0
INFO:paramiko.transport:Connected (version 1.99, client Cisco-2.0)
DEBUG:paramiko.transport:kex algos:['ecdh-sha2-nistp521', 'ecdh-sha2-nistp384', 'ecdh-sha2-nistp256', 'diffie-hellman-group14-sha1'] server key:['ssh-rsa'] client encrypt:['aes128-ctr', 'aes192-ctr', 'aes256-ctr', 'aes128-gcm@openssh.com', 'aes256-gcm@openssh.com'] server encrypt:['aes128-ctr', 'aes192-ctr', 'aes256-ctr', 'aes128-gcm@openssh.com', 'aes256-gcm@openssh.com'] client mac:['hmac-sha2-512', 'hmac-sha2-256', 'hmac-sha1'] server mac:['hmac-sha2-512', 'hmac-sha2-256', 'hmac-sha1'] client compress:['none'] server compress:['none'] client lang:[''] server lang:[''] kex follows?False
DEBUG:paramiko.transport:Kex agreed: ecdh-sha2-nistp256
DEBUG:paramiko.transport:HostKey agreed: ssh-rsa
DEBUG:paramiko.transport:Cipher agreed: aes128-ctr
DEBUG:paramiko.transport:MAC agreed: hmac-sha2-256
DEBUG:paramiko.transport:Compression agreed: none
DEBUG:paramiko.transport:kex engine KexNistp256 specified hash_algo <built-in function openssl_sha256>
DEBUG:paramiko.transport:Switch to new keys ...
DEBUG:paramiko.transport:Adding ssh-rsa host key for [10.10.20.70]:2221: b'e1ad3e53cdc053037494810944e7d7d0'
DEBUG:paramiko.transport:userauth is OK
INFO:paramiko.transport:Authentication (password) successful!
DEBUG:paramiko.transport:[chan 0] Max packet in: 32768 bytes
DEBUG:paramiko.transport:[chan 0] Max packet out: 32768 bytes
DEBUG:paramiko.transport:Secsh channel 0 opened.
DEBUG:paramiko.transport:[chan 0] Sesch channel 0 request ok
DEBUG:paramiko.transport:[chan 0] Sesch channel 0 request ok
DEBUG:netmiko:read_channel: 

RP/0/RP0/CPU0:r1#
DEBUG:netmiko:read_channel: 
DEBUG:netmiko:read_channel: 
DEBUG:netmiko:read_channel: 
DEBUG:netmiko:write_channel: b'\n'
DEBUG:netmiko:read_channel: 
DEBUG:netmiko:read_channel: 
DEBUG:netmiko:write_channel: b'\n'
DEBUG:netmiko:read_channel: 
DEBUG:netmiko:write_channel: b'\n'
DEBUG:netmiko:read_channel: 
DEBUG:netmiko:write_channel: b'\n'
DEBUG:netmiko:read_channel: 
DEBUG:netmiko:write_channel: b'\n'
DEBUG:netmiko:read_channel: 
RP/0/RP0/CPU0:r1#
DEBUG:netmiko:read_channel: 
DEBUG:netmiko:read_channel: 
DEBUG:netmiko:In disable_paging
DEBUG:netmiko:Command: terminal length 0

DEBUG:netmiko:write_channel: b'terminal length 0\n'
DEBUG:netmiko:Pattern is: RP\/0\/RP0\/CPU0\:r1
DEBUG:netmiko:_read_channel_expect read_data: 
RP/0/RP0/CPU0:r1#
RP/0/RP0/CPU0:r1#
DEBUG:netmiko:Pattern found: RP\/0\/RP0\/CPU0\:r1 
RP/0/RP0/CPU0:r1#
RP/0/RP0/CPU0:r1#
DEBUG:netmiko:
RP/0/RP0/CPU0:r1#
RP/0/RP0/CPU0:r1#
DEBUG:netmiko:Exiting disable_paging
DEBUG:netmiko:write_channel: b'terminal width 511\n'
DEBUG:netmiko:Pattern is: RP\/0\/RP0\/CPU0\:r1
DEBUG:netmiko:_read_channel_expect read_data: 
RP/0/RP0/CPU0:r1#
RP/0/RP0/CPU0:r1#
DEBUG:netmiko:Pattern found: RP\/0\/RP0\/CPU0\:r1 
RP/0/RP0/CPU0:r1#
RP/0/RP0/CPU0:r1#
DEBUG:netmiko:read_channel: 
DEBUG:netmiko:read_channel: 
DEBUG:netmiko:write_channel: b'\n'
DEBUG:netmiko:read_channel: terminal length 0
Fri Dec  4 05:59:40.757 UTC
RP/0/RP0/CPU0:r1#
DEBUG:netmiko:read_channel: 
DEBUG:netmiko:read_channel: terminal width 511

Fri Dec  4 05:59:41.060 UTC
RP/0/RP0/CPU0:r1#
RP/0/RP0/CPU0:r1#
DEBUG:netmiko:write_channel: b'show run\n'
DEBUG:netmiko:read_channel: 
DEBUG:netmiko:read_channel: show run

DEBUG:netmiko:read_channel: Fri Dec  4 05:59:41.462 UTC

DEBUG:netmiko:read_channel: 
DEBUG:netmiko:read_channel: Building configuration...
!! IOS XR Configuration version = 6.4.1
!! Last configuration change at Wed Dec  2 12:15:42 2020 by admin
!
hostname r1

DEBUG:netmiko:read_channel: banner motd ;
--------------------------------------------------------------------------
  Router 1 (Cisco IOS XR Sandbox)
--------------------------------------------------------------------------
;
service timestamps log datetime msec
service timestamps debug datetime msec
username admin
 group root-lr
 group cisco-support
 secret 5 $1$A4C9$oaNorr6BXDruE4gDd086L.
!
line console
 timestamp disable
 exec-timeout 0 0
!
vty-pool default 0 4 line-template VTY-TEMPLATE
call-home
 service active
 contact smart-licensing
 profile CiscoTAC-1
  active
  destination transport-method http
 !
!
interface Bundle-Ether33
 description ==TEST1==
 mtu 9216
 bundle maximum-active links 2
 bundle minimum-active links 1
!
interface Bundle-Ether33.1
 description 95014353 National Bank Of Kenya-Nakuru
 vrf NBK
 ipv4 address 1.1.1.1 255.255.255.252
 encapsulation dot1q 3021 second-dot1q 3302
!
interface Bundle-Ether33.2
 description 95014354 National Bank Of Kenya Nakuru Hospital ATM
 vrf NBK
 ipv4 address 2.2.2.2 255.255.255.252
 encapsulation dot1q 3021 second-dot1q 3303
!
interface Bundle-Ether33.3
 description 95014450_Jamii_Bora_Bank-Nakuru_Backup
 vrf JAMII_BORA
 ipv4 address 172.30.17.53 255.255.255.252
 encapsulation dot1q 3021 second-dot1q 3304
!
interface Bundle-Ether33.4
 description 95015815 NBK-Westside Mall Nakuru ATM
 vrf NBK
 ipv4 address 172.30.17.77 255.255.255.252
 encapsulation dot1q 3021 second-dot1q 3311
!
interface MgmtEth0/RP0/CPU0/0
 description *** MANAGEMENT INTERFACE ***
 ipv4 address dhcp
!
interface GigabitEthernet0/0/0/0
 bundle id 33 mode on
 shutdown
!
interface GigabitEthernet0/0/0/1
 bundle id 33 mode on
 shutdown
!
interface GigabitEthernet0/0/0/2
 shutdown
!
interface GigabitEthernet0/0/0/3
 shutdown
!
interface GigabitEthernet0/0/0/4
 shutdown
!
router static
 address-family ipv4 unicast
  0.0.0.0/0 192.168.122.1
 !
!
xml agent tty
 iteration off
!
xml agent
!
netconf-yang agent
 ssh
!
ssh se
DEBUG:netmiko:read_channel: rver v2
ssh server netconf vrf default
router eigrp 200
 address-family ipv4
 !
 vrf NBK
  address-family ipv4
   default-metric 1024 100 255 1 1500
   autonomous-system 500
   redistribute connected
   redistribute static
   interface Bundle-Ether33.1
   !
   interface Bundle-Ether33.2
   !
   interface Bundle-Ether33.4
   !
  !
 !
!
end

RP/0/RP0/CPU0:r1#
DEBUG:paramiko.transport:starting thread (client mode): 0xd95dab38
DEBUG:paramiko.transport:Local version/idstring: SSH-2.0-paramiko_2.4.2
DEBUG:paramiko.transport:Remote version/idstring: SSH-1.99-Cisco-2.0
INFO:paramiko.transport:Connected (version 1.99, client Cisco-2.0)
DEBUG:paramiko.transport:kex algos:['ecdh-sha2-nistp521', 'ecdh-sha2-nistp384', 'ecdh-sha2-nistp256', 'diffie-hellman-group14-sha1'] server key:['ssh-rsa'] client encrypt:['aes128-ctr', 'aes192-ctr', 'aes256-ctr', 'aes128-gcm@openssh.com', 'aes256-gcm@openssh.com'] server encrypt:['aes128-ctr', 'aes192-ctr', 'aes256-ctr', 'aes128-gcm@openssh.com', 'aes256-gcm@openssh.com'] client mac:['hmac-sha2-512', 'hmac-sha2-256', 'hmac-sha1'] server mac:['hmac-sha2-512', 'hmac-sha2-256', 'hmac-sha1'] client compress:['none'] server compress:['none'] client lang:[''] server lang:[''] kex follows?False
DEBUG:paramiko.transport:Kex agreed: ecdh-sha2-nistp256
DEBUG:paramiko.transport:HostKey agreed: ssh-rsa
DEBUG:paramiko.transport:Cipher agreed: aes128-ctr
DEBUG:paramiko.transport:MAC agreed: hmac-sha2-256
DEBUG:paramiko.transport:Compression agreed: none
DEBUG:paramiko.transport:kex engine KexNistp256 specified hash_algo <built-in function openssl_sha256>
DEBUG:paramiko.transport:Switch to new keys ...
DEBUG:paramiko.transport:Adding ssh-rsa host key for [10.10.20.70]:2231: b'0b7fe057af98893860da3ac18b449501'
DEBUG:paramiko.transport:userauth is OK
INFO:paramiko.transport:Authentication (password) successful!
DEBUG:paramiko.transport:[chan 0] Max packet in: 32768 bytes
DEBUG:paramiko.transport:[chan 0] Max packet out: 32768 bytes
DEBUG:paramiko.transport:Secsh channel 0 opened.
DEBUG:paramiko.transport:[chan 0] Sesch channel 0 request ok
DEBUG:paramiko.transport:[chan 0] Sesch channel 0 request ok
DEBUG:netmiko:read_channel: 

RP/0/RP0/CPU0:r2#
DEBUG:netmiko:read_channel: 
DEBUG:netmiko:read_channel: 
DEBUG:netmiko:read_channel: 
DEBUG:netmiko:write_channel: b'\n'
DEBUG:netmiko:read_channel: 
DEBUG:netmiko:read_channel: 
DEBUG:netmiko:write_channel: b'\n'
DEBUG:netmiko:read_channel: 
DEBUG:netmiko:write_channel: b'\n'
DEBUG:netmiko:read_channel: 
DEBUG:netmiko:write_channel: b'\n'
DEBUG:netmiko:read_channel: 
DEBUG:netmiko:write_channel: b'\n'
DEBUG:netmiko:read_channel: 
RP/0/RP0/CPU0:r2#
DEBUG:netmiko:read_channel: 
DEBUG:netmiko:read_channel: 
DEBUG:netmiko:In disable_paging
DEBUG:netmiko:Command: terminal length 0

DEBUG:netmiko:write_channel: b'terminal length 0\n'
DEBUG:netmiko:Pattern is: RP\/0\/RP0\/CPU0\:r2
DEBUG:netmiko:_read_channel_expect read_data: 

DEBUG:netmiko:_read_channel_expect read_data: RP/0/RP0/CPU0:r2#
RP/0/RP0/CPU0:r2#
RP/0/RP0/CPU0:r2#
RP/0/RP0/CPU0:r2#
DEBUG:netmiko:Pattern found: RP\/0\/RP0\/CPU0\:r2 
RP/0/RP0/CPU0:r2#
RP/0/RP0/CPU0:r2#
RP/0/RP0/CPU0:r2#
RP/0/RP0/CPU0:r2#
DEBUG:netmiko:
RP/0/RP0/CPU0:r2#
RP/0/RP0/CPU0:r2#
RP/0/RP0/CPU0:r2#
RP/0/RP0/CPU0:r2#
DEBUG:netmiko:Exiting disable_paging
DEBUG:netmiko:write_channel: b'terminal width 511\n'
DEBUG:netmiko:Pattern is: RP\/0\/RP0\/CPU0\:r2
DEBUG:netmiko:_read_channel_expect read_data: terminal length 0

DEBUG:netmiko:_read_channel_expect read_data: Fri Dec  4 05:59:51.415 UTC
RP/0/RP0/CPU0:r2#
DEBUG:netmiko:Pattern found: RP\/0\/RP0\/CPU0\:r2 terminal length 0
Fri Dec  4 05:59:51.415 UTC
RP/0/RP0/CPU0:r2#
DEBUG:netmiko:read_channel: terminal width 511
Fri Dec  4 05:59:51.721 UTC
RP/0/RP0/CPU0:r2#
DEBUG:netmiko:read_channel: 
DEBUG:netmiko:write_channel: b'\n'
DEBUG:netmiko:read_channel: 
DEBUG:netmiko:read_channel: 
DEBUG:netmiko:write_channel: b'\n'
DEBUG:netmiko:read_channel: 
RP/0/RP0/CPU0:r2#
DEBUG:netmiko:read_channel: 
DEBUG:netmiko:read_channel: 
RP/0/RP0/CPU0:r2#
DEBUG:netmiko:write_channel: b'show run\n'
DEBUG:netmiko:read_channel: 
DEBUG:netmiko:read_channel: show run

DEBUG:netmiko:read_channel: 
DEBUG:netmiko:read_channel: 
DEBUG:netmiko:read_channel: 
DEBUG:netmiko:read_channel: 
DEBUG:netmiko:read_channel: Fri Dec  4 05:59:52.628 UTC
Building configuration...
!! IOS XR Configuration version = 6.4.1
!! Last configuration change at Fri Dec  4 05:48:42 2020 by admin
!
hostname r2
banner motd ;
--------------------------------------------------------------------------
  Router 2 (Cisco IOS XR Sandbox)
--------------------------------------------------------------------------
;
logging console disable
service timestamps log datetime msec
service timestamps debug datetime msec
username admin
 group root-lr
 group cisco-support
 secret 5 $1$A4C9$oaNorr6BXDruE4gDd086L.
!
line console
 timestamp disable
 exec-timeout 0 0
 absolute-timeout 0
 session-timeout 0
!
line default
 exec-timeout 0 0
 absolute-timeout 0
 session-timeout 0
!
call-home
 service active
 contact smart-licensing
 profile CiscoTAC-1
  active
  destination transport-method http
 !
!
interface Bundle-Ether33
 description ==TEST1==
 mtu 9216
 bundle maximum-active links 2
 bundle minimum-active links 1
!
interface Bundle-Ether33.1
 description 95014353 National Bank Of Kenya-Nakuru
 vrf NBK
 ipv4 address 1.1.1.1 255.255.255.252
 encapsulation dot1q 3021 second-dot1q 3302
!
interface Bundle-Ether33.2
 description 95014354 National Bank Of Kenya Nakuru Hospital ATM
 vrf NBK
 ipv4 address 2.2.2.2 255.255.255.252
 encapsulation dot1q 3021 second-dot1q 3303
!
interface Bundle-Ether33.3
 description 95014450_Jamii_Bora_Bank-Nakuru_Backup
 vrf JAMII_BORA
 ipv4 address 172.30.17.53 255.255.255.252
 encapsulation dot1q 3021 second-dot1q 3304
!
interface Bundle-Ether33.4
 description 95015815 NBK-Westside Mall Nakuru ATM
 vrf NBK
 ipv4 address 172.30.17.77 255.255.255.252
 encapsulation dot1q 3021 second-dot1q 3311
!
interface MgmtEth0/RP0/CPU0/0
 description *** MANAGEMENT INTERFACE ***
 ipv4 address dhcp
!
interface GigabitEthernet0/0/0/0
 bundle id 33 mode on
 shutdown
!
interface GigabitEthernet0/0/0/1
 bundle id 33 mode on
 shutdown
!
interface GigabitEthernet0/0/0/2
 shutdown
!
interface GigabitEthernet0/0/0/3
 shutdown
!
interface GigabitEthernet0/0/0/4
 shutdown
!
interface preconfigure MgmtEth0/0/CPU0/0
 shutdown
!
interface preconfigure GigabitEthernet0/0/0/5
 shutdown
!
interface preconfigure GigabitEthernet0/0/0/6
 shutdown
!
interface preconfigure GigabitEthernet0/0/0/7
 shutdown
!
router static
 address-family ipv4 unicast
  0.0.0.0/0 192.168.122.1
 !
!
xml agent tty
 iteration off
!
netconf-yang agent
 ssh
!
ssh server v2
ssh server netconf vrf default
router eigrp 200
 address-family ipv4
 !
 vrf NBK
  address-family ipv4
   default-metric 1024 100 255 1 1500
   autonomous-system 500
   redistribute connected
   redistribute static
   interface Bundle-Ether33.1
   !
   interface Bundle-Ether33.2
   !
   interface Bundle-Ether33.4
   !
  !
 !
!
end

RP/0/RP0/CPU0:r2#
DEBUG:paramiko.transport:starting thread (client mode): 0x25709160
DEBUG:paramiko.transport:Local version/idstring: SSH-2.0-paramiko_2.4.2
DEBUG:paramiko.transport:Remote version/idstring: SSH-1.99-Cisco-2.0
INFO:paramiko.transport:Connected (version 1.99, client Cisco-2.0)
DEBUG:paramiko.transport:kex algos:['ecdh-sha2-nistp521', 'ecdh-sha2-nistp384', 'ecdh-sha2-nistp256', 'diffie-hellman-group14-sha1'] server key:['ssh-rsa'] client encrypt:['aes128-ctr', 'aes192-ctr', 'aes256-ctr', 'aes128-gcm@openssh.com', 'aes256-gcm@openssh.com'] server encrypt:['aes128-ctr', 'aes192-ctr', 'aes256-ctr', 'aes128-gcm@openssh.com', 'aes256-gcm@openssh.com'] client mac:['hmac-sha2-512', 'hmac-sha2-256', 'hmac-sha1'] server mac:['hmac-sha2-512', 'hmac-sha2-256', 'hmac-sha1'] client compress:['none'] server compress:['none'] client lang:[''] server lang:[''] kex follows?False
DEBUG:paramiko.transport:Kex agreed: ecdh-sha2-nistp256
DEBUG:paramiko.transport:HostKey agreed: ssh-rsa
DEBUG:paramiko.transport:Cipher agreed: aes128-ctr
DEBUG:paramiko.transport:MAC agreed: hmac-sha2-256
DEBUG:paramiko.transport:Compression agreed: none
DEBUG:paramiko.transport:kex engine KexNistp256 specified hash_algo <built-in function openssl_sha256>
DEBUG:paramiko.transport:Switch to new keys ...
DEBUG:paramiko.transport:Adding ssh-rsa host key for [10.10.20.70]:2221: b'e1ad3e53cdc053037494810944e7d7d0'
DEBUG:paramiko.transport:userauth is OK
INFO:paramiko.transport:Authentication (password) successful!
DEBUG:paramiko.transport:[chan 0] Max packet in: 32768 bytes
DEBUG:paramiko.transport:[chan 0] Max packet out: 32768 bytes
DEBUG:paramiko.transport:Secsh channel 0 opened.
DEBUG:paramiko.transport:[chan 0] Sesch channel 0 request ok
DEBUG:paramiko.transport:[chan 0] Sesch channel 0 request ok
DEBUG:netmiko:read_channel: 

RP/0/RP0/CPU0:r1#
DEBUG:netmiko:read_channel: 
DEBUG:netmiko:read_channel: 
DEBUG:netmiko:read_channel: 
DEBUG:netmiko:write_channel: b'\n'
DEBUG:netmiko:read_channel: 
DEBUG:netmiko:read_channel: 
DEBUG:netmiko:write_channel: b'\n'
DEBUG:netmiko:read_channel: 
DEBUG:netmiko:write_channel: b'\n'
DEBUG:netmiko:read_channel: 
RP/0/RP0/CPU0:r1#
DEBUG:netmiko:read_channel: 
DEBUG:netmiko:read_channel: 
DEBUG:netmiko:In disable_paging
DEBUG:netmiko:Command: terminal length 0

DEBUG:netmiko:write_channel: b'terminal length 0\n'
DEBUG:netmiko:Pattern is: RP\/0\/RP0\/CPU0\:r1
DEBUG:netmiko:_read_channel_expect read_data: 
RP/0/RP0/CPU0:r1#
DEBUG:netmiko:Pattern found: RP\/0\/RP0\/CPU0\:r1 
RP/0/RP0/CPU0:r1#
DEBUG:netmiko:
RP/0/RP0/CPU0:r1#
DEBUG:netmiko:Exiting disable_paging
DEBUG:netmiko:write_channel: b'terminal width 511\n'
DEBUG:netmiko:Pattern is: RP\/0\/RP0\/CPU0\:r1
DEBUG:netmiko:_read_channel_expect read_data: 

DEBUG:netmiko:_read_channel_expect read_data: RP/0/RP0/CPU0:r1#
DEBUG:netmiko:Pattern found: RP\/0\/RP0\/CPU0\:r1 
RP/0/RP0/CPU0:r1#
DEBUG:netmiko:read_channel: terminal length 0
Fri Dec  4 07:34:48.128 UTC
RP/0/RP0/CPU0:r1#
DEBUG:netmiko:read_channel: 
DEBUG:netmiko:write_channel: b'\n'
DEBUG:netmiko:read_channel: terminal width 511
Fri Dec  4 07:34:48.304 UTC

DEBUG:netmiko:read_channel: RP/0/RP0/CPU0:r1#
DEBUG:netmiko:read_channel: 
RP/0/RP0/CPU0:r1#
DEBUG:netmiko:write_channel: b'show run\n'
DEBUG:netmiko:read_channel: 
DEBUG:netmiko:read_channel: 
DEBUG:netmiko:read_channel: show run
Fri Dec  4 07:34:48.932 UTC

DEBUG:netmiko:read_channel: Building configuration...
!! IOS XR Configuration version = 6.4.1
!! Last configuration change at Wed Dec  2 12:15:42 2020 by admin
!

DEBUG:netmiko:read_channel: hostname r1
banner motd ;
--------------------------------------------------------------------------
  Router 1 (Cisco IOS XR Sandbox)
--------------------------------------------------------------------------
;
service timestamps log datetime msec
service timestamps debug datetime msec
username admin
 group root-lr
 group cisco-support
 secret 5 $1$A4C9$oaNorr6BXDruE4gDd086L.
!
line console
 timestamp disable
 exec-timeout 0 0
!
vty-pool default 0 4 line-template VTY-TEMPLATE
call-home
 service active
 contact smart-licensing
 profile CiscoTAC-1
  active
  destination transport-method http
 !
!
interface Bundle-Ether33
 description ==TEST1==
 mtu 9216
 bundle maximum-active links 2
 bundle minimum-active links 1
!
interface Bundle-Ether33.1
 description 95014353 National Bank Of Kenya-Nakuru
 vrf NBK
 ipv4 address 1.1.1.1 255.255.255.252
 encapsulation dot1q 3021 second-dot1q 3302
!
interface Bundle-Ether33.2
 description 95014354 National Bank Of Kenya Nakuru Hospital ATM
 vrf NBK
 ipv4 address 2.2.2.2 255.255.255.252
 encapsulation dot1q 3021 second-dot1q 3303
!
interface Bundle-Ether33.3
 description 95014450_Jamii_Bora_Bank-Nakuru_Backup
 vrf JAMII_BORA
 ipv4 address 172.30.17.53 255.255.255.252
 encapsulation dot1q 3021 second-dot1q 3304
!
interface Bundle-Ether33.4
 description 95015815 NBK-Westside Mall Nakuru ATM
 vrf NBK
 ipv4 address 172.30.17.77 255.255.255.252
 encapsulation dot1q 3021 second-dot1q 3311
!
interface MgmtEth0/RP0/CPU0/0
 description *** MANAGEMENT INTERFACE ***
 ipv4 address dhcp
!
interface GigabitEthernet0/0/0/0
 bundle id 33 mode on
 shutdown
!
interface GigabitEthernet0/0/0/1
 bundle id 33 mode on
 shutdown
!
interface GigabitEthernet0/0/0/2
 shutdown
!
interface GigabitEthernet0/0/0/3
 shutdown
!
interface GigabitEthernet0/0/0/4
 shutdown
!
router static
 address-family ipv4 unicast
  0.0.0.0/0 192.168.122.1
 !
!
xml agent tty
 iteration off
!
xml agent
!
netconf-yang agent
 ssh
!
ssh server v2
ssh server netconf vrf default
router eigrp 200
 address-family ipv4
 !
 vrf NBK
  address-family ipv4
   default-metric 1024 100 255 1 1500
   autonomous-system 500
   redistribute connected
   redistribute static
   interface Bundle-Ether33.1
   !
   interface Bundle-Ether33.2
   !
   interface Bundle-Ether33.4
   !
  !
 !
!
end

RP/0/RP0/CPU0:r1#
DEBUG:netmiko:read_channel: 
DEBUG:netmiko:read_channel: 
DEBUG:netmiko:read_channel: 
DEBUG:netmiko:read_channel: 
DEBUG:netmiko:read_channel: 
DEBUG:netmiko:read_channel: 
DEBUG:netmiko:read_channel: 
DEBUG:netmiko:read_channel: 
DEBUG:netmiko:read_channel: 
DEBUG:netmiko:read_channel: 
DEBUG:netmiko:read_channel: 
DEBUG:netmiko:read_channel: 
DEBUG:netmiko:read_channel: 
DEBUG:netmiko:read_channel: 
DEBUG:netmiko:read_channel: 
DEBUG:netmiko:read_channel: 
DEBUG:netmiko:read_channel: 
DEBUG:netmiko:read_channel: 
DEBUG:netmiko:read_channel: 
DEBUG:netmiko:read_channel: 
DEBUG:netmiko:read_channel: 
DEBUG:netmiko:read_channel: 
DEBUG:netmiko:read_channel: 
DEBUG:netmiko:read_channel: 
DEBUG:netmiko:read_channel: 
DEBUG:netmiko:read_channel: 
DEBUG:netmiko:read_channel: 
DEBUG:netmiko:read_channel: 
DEBUG:netmiko:read_channel: 
DEBUG:netmiko:read_channel: 
DEBUG:netmiko:read_channel: 
DEBUG:netmiko:read_channel: 
DEBUG:netmiko:read_channel: 
DEBUG:netmiko:read_channel: 
DEBUG:netmiko:read_channel: 
DEBUG:netmiko:read_channel: 
DEBUG:netmiko:read_channel: 
DEBUG:netmiko:read_channel: 
DEBUG:netmiko:read_channel: 
DEBUG:netmiko:read_channel: 
DEBUG:netmiko:read_channel: 
DEBUG:netmiko:read_channel: 
DEBUG:netmiko:read_channel: 
DEBUG:netmiko:read_channel: 
DEBUG:netmiko:read_channel: 
DEBUG:netmiko:read_channel: 
DEBUG:netmiko:read_channel: 
DEBUG:netmiko:read_channel: 
DEBUG:netmiko:read_channel: 
DEBUG:netmiko:read_channel: 
DEBUG:netmiko:read_channel: 
DEBUG:netmiko:read_channel: 
DEBUG:netmiko:read_channel: 
DEBUG:netmiko:read_channel: 
DEBUG:netmiko:read_channel: 
DEBUG:netmiko:read_channel: 
DEBUG:netmiko:read_channel: 
DEBUG:netmiko:read_channel: 
DEBUG:netmiko:read_channel: 
DEBUG:netmiko:read_channel: 
DEBUG:netmiko:read_channel: 
DEBUG:netmiko:read_channel: 
DEBUG:netmiko:read_channel: 
DEBUG:netmiko:read_channel: 
DEBUG:netmiko:read_channel: 
DEBUG:netmiko:read_channel: 
DEBUG:netmiko:read_channel: 
DEBUG:netmiko:read_channel: 
DEBUG:netmiko:read_channel: 
DEBUG:netmiko:read_channel: 
DEBUG:netmiko:read_channel: 
DEBUG:netmiko:read_channel: 
DEBUG:netmiko:read_channel: 
DEBUG:netmiko:read_channel: 
DEBUG:netmiko:read_channel: 
DEBUG:netmiko:read_channel: 
DEBUG:netmiko:read_channel: 
DEBUG:netmiko:read_channel: 
DEBUG:netmiko:read_channel: 
DEBUG:netmiko:read_channel: 
DEBUG:netmiko:read_channel: 
DEBUG:netmiko:read_channel: 
DEBUG:netmiko:read_channel: 
DEBUG:netmiko:read_channel: 
DEBUG:netmiko:read_channel: 
DEBUG:netmiko:read_channel: 
DEBUG:netmiko:read_channel: 
DEBUG:netmiko:read_channel: 
DEBUG:netmiko:read_channel: 
DEBUG:netmiko:read_channel: 
DEBUG:netmiko:read_channel: 
DEBUG:netmiko:read_channel: 
DEBUG:netmiko:read_channel: 
DEBUG:netmiko:read_channel: 
DEBUG:netmiko:read_channel: 
DEBUG:netmiko:read_channel: 
DEBUG:netmiko:read_channel: 
DEBUG:netmiko:read_channel: 
DEBUG:netmiko:read_channel: 
DEBUG:netmiko:read_channel: 
DEBUG:netmiko:read_channel: 
DEBUG:netmiko:read_channel: 
DEBUG:netmiko:read_channel: 
DEBUG:netmiko:read_channel: 
DEBUG:netmiko:read_channel: 
DEBUG:netmiko:read_channel: 
DEBUG:netmiko:read_channel: 
DEBUG:netmiko:read_channel: 
DEBUG:netmiko:read_channel: 
DEBUG:netmiko:read_channel: 
DEBUG:netmiko:read_channel: 
DEBUG:netmiko:read_channel: 
DEBUG:netmiko:read_channel: 
DEBUG:netmiko:read_channel: 
DEBUG:netmiko:read_channel: 
DEBUG:netmiko:read_channel: 
DEBUG:netmiko:read_channel: 
DEBUG:netmiko:read_channel: 
DEBUG:netmiko:read_channel: 
DEBUG:netmiko:read_channel: 
DEBUG:netmiko:read_channel: 
DEBUG:netmiko:read_channel: 
DEBUG:netmiko:read_channel: 
DEBUG:netmiko:read_channel: 
DEBUG:netmiko:read_channel: 
DEBUG:netmiko:read_channel: 
DEBUG:netmiko:read_channel: 
DEBUG:netmiko:read_channel: 
DEBUG:netmiko:read_channel: 
DEBUG:netmiko:read_channel: 
DEBUG:netmiko:read_channel: 
DEBUG:netmiko:read_channel: 
DEBUG:netmiko:read_channel: 
DEBUG:netmiko:read_channel: 
DEBUG:netmiko:read_channel: 
DEBUG:netmiko:read_channel: 
DEBUG:netmiko:read_channel: 
DEBUG:netmiko:read_channel: 
DEBUG:netmiko:read_channel: 
DEBUG:netmiko:read_channel: 
DEBUG:netmiko:read_channel: 
DEBUG:netmiko:read_channel: 
DEBUG:netmiko:read_channel: 
DEBUG:netmiko:read_channel: 
DEBUG:netmiko:read_channel: 
DEBUG:netmiko:read_channel: 
DEBUG:netmiko:read_channel: 
DEBUG:netmiko:read_channel: 
DEBUG:netmiko:read_channel: 
DEBUG:netmiko:read_channel: 
DEBUG:netmiko:read_channel: 
DEBUG:netmiko:read_channel: 
DEBUG:netmiko:read_channel: 
DEBUG:netmiko:read_channel: 
DEBUG:netmiko:read_channel: 
DEBUG:netmiko:read_channel: 
DEBUG:netmiko:read_channel: 
DEBUG:netmiko:read_channel: 
DEBUG:netmiko:read_channel: 
DEBUG:netmiko:read_channel: 
DEBUG:netmiko:read_channel: 
DEBUG:netmiko:read_channel: 
DEBUG:netmiko:read_channel: 
DEBUG:netmiko:read_channel: 
DEBUG:netmiko:read_channel: 
DEBUG:netmiko:read_channel: 
DEBUG:netmiko:read_channel: 
DEBUG:netmiko:read_channel: 
DEBUG:netmiko:read_channel: 
DEBUG:netmiko:read_channel: 
DEBUG:netmiko:read_channel: 
DEBUG:netmiko:read_channel: 
DEBUG:netmiko:read_channel: 
DEBUG:netmiko:read_channel: 
DEBUG:netmiko:read_channel: 
DEBUG:netmiko:read_channel: 
DEBUG:netmiko:read_channel: 
DEBUG:netmiko:read_channel: 
DEBUG:netmiko:read_channel: 
DEBUG:netmiko:read_channel: 
DEBUG:netmiko:read_channel: 
DEBUG:netmiko:read_channel: 
DEBUG:netmiko:read_channel: 
DEBUG:netmiko:read_channel: 
DEBUG:netmiko:read_channel: 
DEBUG:netmiko:read_channel: 
DEBUG:netmiko:read_channel: 
DEBUG:netmiko:read_channel: 
DEBUG:netmiko:read_channel: 
DEBUG:netmiko:read_channel: 
DEBUG:netmiko:read_channel: 
DEBUG:netmiko:read_channel: 
DEBUG:netmiko:read_channel: 
DEBUG:netmiko:read_channel: 
DEBUG:netmiko:read_channel: 
DEBUG:netmiko:read_channel: 
DEBUG:netmiko:read_channel: 
DEBUG:netmiko:read_channel: 
DEBUG:netmiko:read_channel: 
DEBUG:netmiko:read_channel: 
DEBUG:netmiko:read_channel: 
DEBUG:netmiko:read_channel: 
DEBUG:netmiko:read_channel: 
DEBUG:netmiko:read_channel: 
DEBUG:netmiko:read_channel: 
DEBUG:netmiko:read_channel: 
DEBUG:netmiko:read_channel: 
DEBUG:netmiko:read_channel: 
DEBUG:netmiko:read_channel: 
DEBUG:netmiko:read_channel: 
DEBUG:netmiko:read_channel: 
DEBUG:netmiko:read_channel: 
DEBUG:netmiko:read_channel: 
DEBUG:netmiko:read_channel: 
DEBUG:netmiko:read_channel: 
DEBUG:netmiko:read_channel: 
DEBUG:netmiko:read_channel: 
DEBUG:netmiko:read_channel: 
DEBUG:netmiko:read_channel: 
DEBUG:netmiko:read_channel: 
DEBUG:netmiko:read_channel: 
DEBUG:netmiko:read_channel: 
DEBUG:netmiko:read_channel: 
DEBUG:netmiko:read_channel: 
DEBUG:netmiko:read_channel: 
DEBUG:netmiko:read_channel: 
DEBUG:netmiko:read_channel: 
DEBUG:netmiko:read_channel: 
DEBUG:netmiko:read_channel: 
DEBUG:netmiko:read_channel: 
DEBUG:netmiko:read_channel: 
DEBUG:netmiko:read_channel: 
DEBUG:netmiko:read_channel: 
DEBUG:netmiko:read_channel: 
DEBUG:netmiko:read_channel: 
DEBUG:netmiko:read_channel: 
DEBUG:netmiko:read_channel: 
DEBUG:netmiko:read_channel: 
DEBUG:netmiko:read_channel: 
DEBUG:netmiko:read_channel: 
DEBUG:netmiko:read_channel: 
DEBUG:netmiko:read_channel: 
DEBUG:netmiko:read_channel: 
DEBUG:netmiko:read_channel: 
DEBUG:netmiko:read_channel: 
DEBUG:netmiko:read_channel: 
DEBUG:netmiko:read_channel: 
DEBUG:netmiko:read_channel: 
DEBUG:netmiko:read_channel: 
DEBUG:netmiko:read_channel: 
DEBUG:netmiko:read_channel: 
DEBUG:netmiko:read_channel: 
DEBUG:netmiko:read_channel: 
DEBUG:netmiko:read_channel: 
DEBUG:netmiko:read_channel: 
DEBUG:netmiko:read_channel: 
DEBUG:netmiko:read_channel: 
DEBUG:netmiko:read_channel: 
DEBUG:netmiko:read_channel: 
DEBUG:netmiko:read_channel: 
DEBUG:netmiko:read_channel: 
DEBUG:netmiko:read_channel: 
DEBUG:netmiko:read_channel: 
DEBUG:netmiko:read_channel: 
DEBUG:netmiko:read_channel: 
DEBUG:netmiko:read_channel: 
DEBUG:netmiko:read_channel: 
DEBUG:netmiko:read_channel: 
DEBUG:netmiko:read_channel: 
DEBUG:netmiko:read_channel: 
DEBUG:netmiko:read_channel: 
DEBUG:netmiko:read_channel: 
DEBUG:netmiko:read_channel: 
DEBUG:netmiko:read_channel: 
DEBUG:netmiko:read_channel: 
DEBUG:netmiko:read_channel: 
DEBUG:netmiko:read_channel: 
DEBUG:netmiko:read_channel: 
DEBUG:netmiko:read_channel: 
DEBUG:netmiko:read_channel: 
DEBUG:netmiko:read_channel: 
DEBUG:netmiko:read_channel: 
DEBUG:netmiko:read_channel: 
DEBUG:netmiko:read_channel: 
DEBUG:netmiko:read_channel: 
DEBUG:netmiko:read_channel: 
DEBUG:netmiko:read_channel: 
DEBUG:netmiko:read_channel: 
DEBUG:netmiko:read_channel: 
DEBUG:netmiko:read_channel: 
DEBUG:netmiko:read_channel: 
DEBUG:netmiko:read_channel: 
DEBUG:netmiko:read_channel: 
DEBUG:netmiko:read_channel: 
DEBUG:netmiko:read_channel: 
DEBUG:netmiko:read_channel: 
DEBUG:netmiko:read_channel: 
DEBUG:netmiko:read_channel: 
DEBUG:netmiko:read_channel: 
DEBUG:netmiko:read_channel: 
DEBUG:netmiko:read_channel: 
DEBUG:netmiko:read_channel: 
DEBUG:netmiko:read_channel: 
DEBUG:netmiko:read_channel: 
DEBUG:netmiko:read_channel: 
DEBUG:netmiko:read_channel: 
DEBUG:netmiko:read_channel: 
DEBUG:netmiko:read_channel: 
DEBUG:netmiko:read_channel: 
DEBUG:netmiko:read_channel: 
DEBUG:netmiko:read_channel: 
DEBUG:netmiko:read_channel: 
DEBUG:netmiko:read_channel: 
DEBUG:netmiko:read_channel: 
DEBUG:netmiko:read_channel: 
DEBUG:netmiko:read_channel: 
DEBUG:netmiko:read_channel: 
DEBUG:netmiko:read_channel: 
DEBUG:netmiko:read_channel: 
DEBUG:netmiko:read_channel: 
DEBUG:netmiko:read_channel: 
DEBUG:netmiko:read_channel: 
DEBUG:netmiko:read_channel: 
DEBUG:netmiko:read_channel: 
DEBUG:netmiko:read_channel: 
DEBUG:netmiko:read_channel: 
DEBUG:netmiko:read_channel: 
DEBUG:netmiko:read_channel: 
DEBUG:netmiko:read_channel: 
DEBUG:netmiko:read_channel: 
DEBUG:netmiko:read_channel: 
DEBUG:netmiko:read_channel: 
DEBUG:netmiko:read_channel: 
DEBUG:netmiko:read_channel: 
DEBUG:netmiko:read_channel: 
DEBUG:netmiko:read_channel: 
DEBUG:netmiko:read_channel: 
DEBUG:netmiko:read_channel: 
DEBUG:netmiko:read_channel: 
DEBUG:netmiko:read_channel: 
DEBUG:netmiko:read_channel: 
DEBUG:netmiko:read_channel: 
DEBUG:netmiko:read_channel: 
DEBUG:netmiko:read_channel: 
DEBUG:netmiko:read_channel: 
DEBUG:netmiko:read_channel: 
DEBUG:netmiko:read_channel: 
DEBUG:netmiko:read_channel: 
DEBUG:netmiko:read_channel: 
DEBUG:netmiko:read_channel: 
DEBUG:netmiko:read_channel: 
DEBUG:netmiko:read_channel: 
DEBUG:netmiko:read_channel: 
DEBUG:netmiko:read_channel: 
DEBUG:netmiko:read_channel: 
DEBUG:netmiko:read_channel: 
DEBUG:netmiko:read_channel: 
DEBUG:netmiko:read_channel: 
DEBUG:netmiko:read_channel: 
DEBUG:netmiko:read_channel: 
DEBUG:netmiko:read_channel: 
DEBUG:netmiko:read_channel: 
DEBUG:netmiko:read_channel: 
DEBUG:netmiko:read_channel: 
DEBUG:netmiko:read_channel: 
DEBUG:netmiko:read_channel: 
DEBUG:netmiko:read_channel: 
DEBUG:netmiko:read_channel: 
DEBUG:netmiko:read_channel: 
DEBUG:netmiko:read_channel: 
DEBUG:netmiko:read_channel: 
DEBUG:netmiko:read_channel: 
DEBUG:netmiko:read_channel: 
DEBUG:netmiko:read_channel: 
DEBUG:netmiko:read_channel: 
DEBUG:netmiko:read_channel: 
DEBUG:netmiko:read_channel: 
DEBUG:netmiko:read_channel: 
DEBUG:netmiko:read_channel: 
DEBUG:netmiko:read_channel: 
DEBUG:netmiko:read_channel: 
DEBUG:netmiko:read_channel: 
DEBUG:netmiko:read_channel: 
DEBUG:netmiko:read_channel: 
DEBUG:netmiko:read_channel: 
DEBUG:netmiko:read_channel: 
DEBUG:netmiko:read_channel: 
DEBUG:netmiko:read_channel: 
DEBUG:netmiko:read_channel: 
DEBUG:netmiko:read_channel: 
DEBUG:netmiko:read_channel: 
DEBUG:netmiko:read_channel: 
DEBUG:netmiko:read_channel: 
DEBUG:netmiko:read_channel: 
DEBUG:netmiko:read_channel: 
DEBUG:netmiko:read_channel: 
DEBUG:netmiko:read_channel: 
DEBUG:netmiko:read_channel: 
DEBUG:netmiko:read_channel: 
DEBUG:netmiko:read_channel: 
DEBUG:netmiko:read_channel: 
DEBUG:netmiko:read_channel: 
DEBUG:netmiko:read_channel: 
DEBUG:netmiko:read_channel: 
DEBUG:netmiko:read_channel: 
DEBUG:netmiko:read_channel: 
DEBUG:netmiko:read_channel: 
DEBUG:netmiko:read_channel: 
DEBUG:netmiko:read_channel: 
DEBUG:netmiko:read_channel: 
DEBUG:netmiko:read_channel: 
DEBUG:netmiko:read_channel: 
DEBUG:netmiko:read_channel: 
DEBUG:netmiko:read_channel: 
DEBUG:netmiko:read_channel: 
DEBUG:netmiko:read_channel: 
DEBUG:netmiko:read_channel: 
DEBUG:netmiko:read_channel: 
DEBUG:netmiko:read_channel: 
DEBUG:netmiko:read_channel: 
DEBUG:netmiko:read_channel: 
DEBUG:netmiko:read_channel: 
DEBUG:netmiko:read_channel: 
DEBUG:netmiko:read_channel: 
DEBUG:netmiko:read_channel: 
DEBUG:netmiko:read_channel: 
DEBUG:netmiko:read_channel: 
DEBUG:netmiko:read_channel: 
DEBUG:netmiko:read_channel: 
DEBUG:netmiko:read_channel: 
DEBUG:netmiko:read_channel: 
DEBUG:netmiko:read_channel: 
DEBUG:netmiko:read_channel: 
DEBUG:netmiko:read_channel: 
DEBUG:netmiko:read_channel: 
DEBUG:netmiko:read_channel: 
DEBUG:netmiko:read_channel: 
DEBUG:netmiko:read_channel: 
DEBUG:netmiko:read_channel: 
DEBUG:netmiko:read_channel: 
DEBUG:netmiko:read_channel: 
DEBUG:netmiko:read_channel: 
DEBUG:netmiko:read_channel: 
DEBUG:netmiko:read_channel: 
DEBUG:netmiko:read_channel: 
DEBUG:netmiko:read_channel: 
DEBUG:netmiko:read_channel: 
DEBUG:netmiko:read_channel: 
DEBUG:netmiko:read_channel: 
DEBUG:netmiko:read_channel: 
DEBUG:netmiko:read_channel: 
DEBUG:netmiko:read_channel: 
DEBUG:netmiko:read_channel: 
DEBUG:netmiko:read_channel: 
DEBUG:netmiko:read_channel: 
DEBUG:netmiko:read_channel: 
DEBUG:netmiko:read_channel: 
DEBUG:netmiko:read_channel: 
DEBUG:netmiko:read_channel: 
DEBUG:netmiko:read_channel: 
DEBUG:netmiko:read_channel: 
DEBUG:netmiko:read_channel: 
DEBUG:netmiko:read_channel: 
DEBUG:netmiko:read_channel: 
DEBUG:netmiko:read_channel: 
DEBUG:netmiko:read_channel: 
DEBUG:netmiko:read_channel: 
DEBUG:netmiko:read_channel: 
DEBUG:netmiko:read_channel: 
DEBUG:netmiko:read_channel: 
DEBUG:netmiko:read_channel: 
DEBUG:netmiko:read_channel: 
DEBUG:netmiko:read_channel: 
DEBUG:netmiko:read_channel: 
DEBUG:netmiko:read_channel: 
DEBUG:netmiko:read_channel: 
DEBUG:netmiko:read_channel: 
DEBUG:netmiko:read_channel: 
DEBUG:netmiko:read_channel: 
DEBUG:netmiko:read_channel: 
DEBUG:netmiko:read_channel: 
DEBUG:netmiko:read_channel: 
DEBUG:netmiko:read_channel: 
DEBUG:netmiko:read_channel: 
DEBUG:netmiko:read_channel: 
DEBUG:netmiko:read_channel: 
DEBUG:netmiko:read_channel: 
DEBUG:netmiko:read_channel: 
DEBUG:netmiko:read_channel: 
DEBUG:netmiko:read_channel: 
DEBUG:netmiko:read_channel: 
DEBUG:netmiko:read_channel: 
DEBUG:netmiko:read_channel: 
DEBUG:netmiko:read_channel: 
DEBUG:netmiko:read_channel: 
DEBUG:paramiko.transport:starting thread (client mode): 0x37ed8160
DEBUG:paramiko.transport:Local version/idstring: SSH-2.0-paramiko_2.4.2
DEBUG:paramiko.transport:Remote version/idstring: SSH-1.99-Cisco-2.0
INFO:paramiko.transport:Connected (version 1.99, client Cisco-2.0)
DEBUG:paramiko.transport:kex algos:['ecdh-sha2-nistp521', 'ecdh-sha2-nistp384', 'ecdh-sha2-nistp256', 'diffie-hellman-group14-sha1'] server key:['ssh-rsa'] client encrypt:['aes128-ctr', 'aes192-ctr', 'aes256-ctr', 'aes128-gcm@openssh.com', 'aes256-gcm@openssh.com'] server encrypt:['aes128-ctr', 'aes192-ctr', 'aes256-ctr', 'aes128-gcm@openssh.com', 'aes256-gcm@openssh.com'] client mac:['hmac-sha2-512', 'hmac-sha2-256', 'hmac-sha1'] server mac:['hmac-sha2-512', 'hmac-sha2-256', 'hmac-sha1'] client compress:['none'] server compress:['none'] client lang:[''] server lang:[''] kex follows?False
DEBUG:paramiko.transport:Kex agreed: ecdh-sha2-nistp256
DEBUG:paramiko.transport:HostKey agreed: ssh-rsa
DEBUG:paramiko.transport:Cipher agreed: aes128-ctr
DEBUG:paramiko.transport:MAC agreed: hmac-sha2-256
DEBUG:paramiko.transport:Compression agreed: none
DEBUG:paramiko.transport:kex engine KexNistp256 specified hash_algo <built-in function openssl_sha256>
DEBUG:paramiko.transport:Switch to new keys ...
DEBUG:paramiko.transport:Adding ssh-rsa host key for [10.10.20.70]:2221: b'e1ad3e53cdc053037494810944e7d7d0'
DEBUG:paramiko.transport:userauth is OK
INFO:paramiko.transport:Authentication (password) successful!
DEBUG:paramiko.transport:[chan 0] Max packet in: 32768 bytes
DEBUG:paramiko.transport:[chan 0] Max packet out: 32768 bytes
DEBUG:paramiko.transport:Secsh channel 0 opened.
DEBUG:paramiko.transport:[chan 0] Sesch channel 0 request ok
DEBUG:paramiko.transport:[chan 0] Sesch channel 0 request ok
DEBUG:netmiko:read_channel: 

RP/0/RP0/CPU0:r1#
DEBUG:netmiko:read_channel: 
DEBUG:netmiko:read_channel: 
DEBUG:netmiko:read_channel: 
DEBUG:netmiko:write_channel: b'\n'
DEBUG:netmiko:read_channel: 
DEBUG:netmiko:read_channel: 
DEBUG:netmiko:write_channel: b'\n'
DEBUG:netmiko:read_channel: 
DEBUG:netmiko:write_channel: b'\n'
DEBUG:netmiko:read_channel: 
RP/0/RP0/CPU0:r1#
DEBUG:netmiko:read_channel: 
DEBUG:netmiko:read_channel: 
RP/0/RP0/CPU0:r1#
RP/0/RP0/CPU0:r1#
DEBUG:netmiko:In disable_paging
DEBUG:netmiko:Command: terminal length 0

DEBUG:netmiko:write_channel: b'terminal length 0\n'
DEBUG:netmiko:Pattern is: RP\/0\/RP0\/CPU0\:r1
DEBUG:netmiko:_read_channel_expect read_data: terminal length 0

DEBUG:netmiko:_read_channel_expect read_data: Fri Dec  4 07:37:24.945 UTC
RP/0/RP0/CPU0:r1#
DEBUG:netmiko:Pattern found: RP\/0\/RP0\/CPU0\:r1 terminal length 0
Fri Dec  4 07:37:24.945 UTC
RP/0/RP0/CPU0:r1#
DEBUG:netmiko:terminal length 0
Fri Dec  4 07:37:24.945 UTC
RP/0/RP0/CPU0:r1#
DEBUG:netmiko:Exiting disable_paging
DEBUG:netmiko:write_channel: b'terminal width 511\n'
DEBUG:netmiko:Pattern is: RP\/0\/RP0\/CPU0\:r1
DEBUG:netmiko:_read_channel_expect read_data: terminal width 511

DEBUG:netmiko:_read_channel_expect read_data: Fri Dec  4 07:37:25.292 UTC
RP/0/RP0/CPU0:r1#
DEBUG:netmiko:Pattern found: RP\/0\/RP0\/CPU0\:r1 terminal width 511
Fri Dec  4 07:37:25.292 UTC
RP/0/RP0/CPU0:r1#
DEBUG:netmiko:read_channel: 
DEBUG:netmiko:read_channel: 
DEBUG:netmiko:write_channel: b'\n'
DEBUG:netmiko:read_channel: 
DEBUG:netmiko:read_channel: 
DEBUG:netmiko:write_channel: b'\n'
DEBUG:netmiko:read_channel: 

DEBUG:netmiko:write_channel: b'\n'
DEBUG:netmiko:read_channel: RP/0/RP0/CPU0:r1#
DEBUG:netmiko:read_channel: 
RP/0/RP0/CPU0:r1#
DEBUG:netmiko:read_channel: 
RP/0/RP0/CPU0:r1#
DEBUG:netmiko:write_channel: b'show run\n'
DEBUG:netmiko:read_channel: 
DEBUG:netmiko:read_channel: 
DEBUG:netmiko:read_channel: show run
Fri Dec  4 07:37:26.552 UTC

DEBUG:netmiko:read_channel: 
DEBUG:netmiko:read_channel: Building configuration...
!! IOS XR Configuration version = 6.4.1
!! Last configuration change at Wed Dec  2 12:15:42 2020 by admin
!
hostname r1
banner motd ;
--------------------------------------------------------------------------
  Router 1 (Cisco IOS XR Sandbox)
--------------------------------------------------------------------------
;
service timestamps log datetime msec
service timestamps debug datetime msec
username admin
 group root-lr
 group cisco-support
 secret 5 $1$A4C9$oaNorr6BXDruE4gDd086L.
!
line console
 timestamp disable
 exec-timeout 0 0
!
vty-pool default 0 4 line-template VTY-TEMPLATE
call-home
 service active
 contact smart-licensing
 profile CiscoTAC-1
  active
  destination transport-method http
 !
!
interface Bundle-Ether33
 description ==TEST1==
 mtu 9216
 bundle maximum-active links 2
 bundle minimum-active links 1
!
interface Bundle-Ether33.1
 description 95014353 National Bank Of Kenya-Nakuru
 vrf NBK
 ipv4 address 1.1.1.1 255.255.255.252
 encapsulation dot1q 3021 second-dot1q 3302
!
interface Bundle-Ether33.2
 description 95014354 National Bank Of Kenya Nakuru Hospital ATM
 vrf NBK
 ipv4 address 2.2.2.2 255.255.255.252
 encapsulation dot1q 3021 second-dot1q 3303
!
interface Bundle-Ether33.3
 description 95014450_Jamii_Bora_Bank-Nakuru_Backup
 vrf JAMII_BORA
 ipv4 address 172.30.17.53 255.255.255.252
 encapsulation dot1q 3021 second-dot1q 3304
!
interface Bundle-Ether33.4
 description 95015815 NBK-Westside Mall Nakuru ATM
 vrf NBK
 ipv4 address 172.30.17.77 255.255.255.252
 encapsulation dot1q 3021 second-dot1q 3311
!
interface MgmtEth0/RP0/CPU0/0
 description *** MANAGEMENT INTERFACE ***
 ipv4 address dhcp
!
interface GigabitEthernet0/0/0/0
 bundle id 33 mode on
 shutdown
!
interface GigabitEthernet0/0/0/1
 bundle id 33 mode on
 shutdown
!
interface GigabitEthernet0/0/0/2
 shutdown
!
interface GigabitEthernet0/0/0/3
 shutdown
!
interface GigabitEthernet0/0/0/4
 shutdown
!
router static
 address-family ipv4 unicast
  0.0.0.0/0 192.168.122.1
 !
!
xml agent tty
 iteration off
!
xml agent
!
netconf-yang agent
 ssh
!
ssh server v2
ssh server netconf vrf default
router eigrp 200
 address-family ipv4
 !
 vrf NBK
  address-family ipv4
   default-metric 1024 100 255 1 1500
   autonomous-system 500
   redistribute connected
   redistribute static
   interface Bundle-Ether33.1
   !
   interface Bundle-Ether33.2
   !
   interface Bundle-Ether33.4
   !
  !
 !
!
end

RP/0/RP0/CPU0:r1#
DEBUG:paramiko.transport:starting thread (client mode): 0x360a35c0
DEBUG:paramiko.transport:Local version/idstring: SSH-2.0-paramiko_2.4.2
DEBUG:paramiko.transport:Remote version/idstring: SSH-1.99-Cisco-2.0
INFO:paramiko.transport:Connected (version 1.99, client Cisco-2.0)
DEBUG:paramiko.transport:kex algos:['ecdh-sha2-nistp521', 'ecdh-sha2-nistp384', 'ecdh-sha2-nistp256', 'diffie-hellman-group14-sha1'] server key:['ssh-rsa'] client encrypt:['aes128-ctr', 'aes192-ctr', 'aes256-ctr', 'aes128-gcm@openssh.com', 'aes256-gcm@openssh.com'] server encrypt:['aes128-ctr', 'aes192-ctr', 'aes256-ctr', 'aes128-gcm@openssh.com', 'aes256-gcm@openssh.com'] client mac:['hmac-sha2-512', 'hmac-sha2-256', 'hmac-sha1'] server mac:['hmac-sha2-512', 'hmac-sha2-256', 'hmac-sha1'] client compress:['none'] server compress:['none'] client lang:[''] server lang:[''] kex follows?False
DEBUG:paramiko.transport:Kex agreed: ecdh-sha2-nistp256
DEBUG:paramiko.transport:HostKey agreed: ssh-rsa
DEBUG:paramiko.transport:Cipher agreed: aes128-ctr
DEBUG:paramiko.transport:MAC agreed: hmac-sha2-256
DEBUG:paramiko.transport:Compression agreed: none
DEBUG:paramiko.transport:kex engine KexNistp256 specified hash_algo <built-in function openssl_sha256>
DEBUG:paramiko.transport:Switch to new keys ...
DEBUG:paramiko.transport:Adding ssh-rsa host key for [10.10.20.70]:2231: b'0b7fe057af98893860da3ac18b449501'
DEBUG:paramiko.transport:userauth is OK
INFO:paramiko.transport:Authentication (password) successful!
DEBUG:paramiko.transport:[chan 0] Max packet in: 32768 bytes
DEBUG:paramiko.transport:[chan 0] Max packet out: 32768 bytes
DEBUG:paramiko.transport:Secsh channel 0 opened.
DEBUG:paramiko.transport:[chan 0] Sesch channel 0 request ok
DEBUG:paramiko.transport:[chan 0] Sesch channel 0 request ok
DEBUG:netmiko:read_channel: 

RP/0/RP0/CPU0:r2#
DEBUG:netmiko:read_channel: 
DEBUG:netmiko:read_channel: 
DEBUG:netmiko:read_channel: 
DEBUG:netmiko:write_channel: b'\n'
DEBUG:netmiko:read_channel: 
DEBUG:netmiko:read_channel: 
DEBUG:netmiko:write_channel: b'\n'
DEBUG:netmiko:read_channel: 
DEBUG:netmiko:write_channel: b'\n'
DEBUG:netmiko:read_channel: 
RP/0/RP0/CPU0:r2#
DEBUG:netmiko:read_channel: 
DEBUG:netmiko:read_channel: 

RP/0/RP0/CPU0:r2#
RP/0/RP0/CPU0:r2#
DEBUG:netmiko:In disable_paging
DEBUG:netmiko:Command: terminal length 0

DEBUG:netmiko:write_channel: b'terminal length 0\n'
DEBUG:netmiko:Pattern is: RP\/0\/RP0\/CPU0\:r2
DEBUG:netmiko:_read_channel_expect read_data: terminal length 0

DEBUG:netmiko:_read_channel_expect read_data: Fri Dec  4 07:37:35.051 UTC
RP/0/RP0/CPU0:r2#
DEBUG:netmiko:Pattern found: RP\/0\/RP0\/CPU0\:r2 terminal length 0
Fri Dec  4 07:37:35.051 UTC
RP/0/RP0/CPU0:r2#
DEBUG:netmiko:terminal length 0
Fri Dec  4 07:37:35.051 UTC
RP/0/RP0/CPU0:r2#
DEBUG:netmiko:Exiting disable_paging
DEBUG:netmiko:write_channel: b'terminal width 511\n'
DEBUG:netmiko:Pattern is: RP\/0\/RP0\/CPU0\:r2
DEBUG:netmiko:_read_channel_expect read_data: terminal width 511

DEBUG:netmiko:_read_channel_expect read_data: Fri Dec  4 07:37:35.627 UTC
RP/0/RP0/CPU0:r2#
DEBUG:netmiko:Pattern found: RP\/0\/RP0\/CPU0\:r2 terminal width 511
Fri Dec  4 07:37:35.627 UTC
RP/0/RP0/CPU0:r2#
DEBUG:netmiko:read_channel: 
DEBUG:netmiko:read_channel: 
DEBUG:netmiko:write_channel: b'\n'
DEBUG:netmiko:read_channel: 
DEBUG:netmiko:read_channel: 
DEBUG:netmiko:write_channel: b'\n'
DEBUG:netmiko:read_channel: 
DEBUG:netmiko:write_channel: b'\n'
DEBUG:netmiko:read_channel: 
RP/0/RP0/CPU0:r2#
DEBUG:netmiko:read_channel: 
DEBUG:netmiko:read_channel: 
RP/0/RP0/CPU0:r2#
RP/0/RP0/CPU0:r2#
DEBUG:netmiko:write_channel: b'show run\n'
DEBUG:netmiko:read_channel: 
DEBUG:netmiko:read_channel: 
DEBUG:netmiko:read_channel: show run
Fri Dec  4 07:37:36.869 UTC

DEBUG:netmiko:read_channel: Building configuration...
!! IOS XR Configuration version = 6.4.1
!! Last configuration change at Fri Dec  4 05:48:42 2020 by admin
!

DEBUG:netmiko:read_channel: hostname r2
banner motd ;
--------------------------------------------------------------------------
  Router 2 (Cisco IOS XR Sandbox)
--------------------------------------------------------------------------
;
logging console disable
service timestamps log datetime msec
service timestamps debug datetime msec
username admin
 group root-lr
 group cisco-support
 secret 5 $1$A4C9$oaNorr6BXDruE4gDd086L.
!
line console
 timestamp disable
 exec-timeout 0 0
 absolute-timeout 0
 session-timeout 0
!
line default
 exec-timeout 0 0
 absolute-timeout 0
 session-timeout 0
!
call-home
 service active
 contact smart-licensing
 profile CiscoTAC-1
  active
  destination transport-method http
 !
!
interface Bundle-Ether33
 description ==TEST1==
 mtu 9216
 bundle maximum-active links 2
 bundle minimum-active links 1
!
interface Bundle-Ether33.1
 description 95014353 National Bank Of Kenya-Nakuru
 vrf NBK
 ipv4 address 1.1.1.1 255.255.255.252
 encapsulation dot1q 3021 second-dot1q 3302
!
interface Bundle-Ether33.2
 description 95014354 National Bank Of Kenya Nakuru Hospital ATM
 vrf NBK
 ipv4 address 2.2.2.2 255.255.255.252
 encapsulation dot1q 3021 second-dot1q 3303
!
interface Bundle-Ether33.3
 description 95014450_Jamii_Bora_Bank-Nakuru_Backup
 vrf JAMII_BORA
 ipv4 address 172.30.17.53 255.255.255.252
 encapsulation dot1q 3021 second-dot1q 3304
!
interface Bundle-Ether33.4
 description 95015815 NBK-Westside Mall Nakuru ATM
 vrf NBK
 ipv4 address 172.30.17.77 255.255.255.252
 encapsulation dot1q 3021 second-dot1q 3311
!
interface MgmtEth0/RP0/CPU0/0
 description *** MANAGEMENT INTERFACE ***
 ipv4 address dhcp
!
interface GigabitEthernet0/0/0/0
 bundle id 33 mode on
 shutdown
!
interface GigabitEthernet0/0/0/1
 bundle id 33 mode on
 shutdown
!
interface GigabitEthernet0/0/0/2
 shutdown
!
interface GigabitEthernet0/0/0/3
 shutdown
!
interface GigabitEthernet0/0/0/4
 shutdown
!
interface preconfigure MgmtEth0/0/CPU0/0
 shutdown
!
interface preconfigure GigabitEthernet0/0/0/5
 shutdown
!
interface preconfigure GigabitEthernet0/0/0/6
 shutdown
!
interface preconfigure GigabitEthernet0/0/0/7
 shutdown
!
router static
 address-family ipv4 unicast
  0.0.0.0/0 192.168.122.1
 !
!
xml agent tty
 iteration off
!
netconf-yang agent
 ssh
!
ssh server v2
ssh server netconf vrf default
router eigrp 200
 address-family ipv4
 !
 vrf NBK
  address-family ipv4
   default-metric 1024 100 255 1 1500
   autonomous-system 500
   redistribute connected
   redistribute static
   interface Bundle-Ether33.1
   !
   interface Bundle-Ether33.2
   !
   interface Bundle-Ether33.4
   !
  !
 !
!
end

RP/0/RP0/CPU0:r2#
DEBUG:paramiko.transport:starting thread (client mode): 0x249b01d0
DEBUG:paramiko.transport:Local version/idstring: SSH-2.0-paramiko_2.4.2
DEBUG:paramiko.transport:Remote version/idstring: SSH-1.99-Cisco-2.0
INFO:paramiko.transport:Connected (version 1.99, client Cisco-2.0)
DEBUG:paramiko.transport:kex algos:['ecdh-sha2-nistp521', 'ecdh-sha2-nistp384', 'ecdh-sha2-nistp256', 'diffie-hellman-group14-sha1'] server key:['ssh-rsa'] client encrypt:['aes128-ctr', 'aes192-ctr', 'aes256-ctr', 'aes128-gcm@openssh.com', 'aes256-gcm@openssh.com'] server encrypt:['aes128-ctr', 'aes192-ctr', 'aes256-ctr', 'aes128-gcm@openssh.com', 'aes256-gcm@openssh.com'] client mac:['hmac-sha2-512', 'hmac-sha2-256', 'hmac-sha1'] server mac:['hmac-sha2-512', 'hmac-sha2-256', 'hmac-sha1'] client compress:['none'] server compress:['none'] client lang:[''] server lang:[''] kex follows?False
DEBUG:paramiko.transport:Kex agreed: ecdh-sha2-nistp256
DEBUG:paramiko.transport:HostKey agreed: ssh-rsa
DEBUG:paramiko.transport:Cipher agreed: aes128-ctr
DEBUG:paramiko.transport:MAC agreed: hmac-sha2-256
DEBUG:paramiko.transport:Compression agreed: none
DEBUG:paramiko.transport:kex engine KexNistp256 specified hash_algo <built-in function openssl_sha256>
DEBUG:paramiko.transport:Switch to new keys ...
DEBUG:paramiko.transport:Adding ssh-rsa host key for [10.10.20.70]:2221: b'e1ad3e53cdc053037494810944e7d7d0'
DEBUG:paramiko.transport:userauth is OK
INFO:paramiko.transport:Authentication (password) successful!
DEBUG:paramiko.transport:[chan 0] Max packet in: 32768 bytes
DEBUG:paramiko.transport:[chan 0] Max packet out: 32768 bytes
DEBUG:paramiko.transport:Secsh channel 0 opened.
DEBUG:paramiko.transport:[chan 0] Sesch channel 0 request ok
DEBUG:paramiko.transport:[chan 0] Sesch channel 0 request ok
DEBUG:netmiko:read_channel: 

RP/0/RP0/CPU0:r1#
DEBUG:netmiko:read_channel: 
DEBUG:netmiko:read_channel: 
DEBUG:netmiko:read_channel: 
DEBUG:netmiko:write_channel: b'\n'
DEBUG:netmiko:read_channel: 
DEBUG:netmiko:read_channel: 
DEBUG:netmiko:write_channel: b'\n'
DEBUG:netmiko:read_channel: 
DEBUG:netmiko:write_channel: b'\n'
DEBUG:netmiko:read_channel: 
RP/0/RP0/CPU0:r1#
DEBUG:netmiko:read_channel: 
DEBUG:netmiko:read_channel: 
RP/0/RP0/CPU0:r1#
RP/0/RP0/CPU0:r1#
DEBUG:netmiko:In disable_paging
DEBUG:netmiko:Command: terminal length 0

DEBUG:netmiko:write_channel: b'terminal length 0\n'
DEBUG:netmiko:Pattern is: RP\/0\/RP0\/CPU0\:r1
DEBUG:netmiko:_read_channel_expect read_data: terminal length 0

DEBUG:netmiko:_read_channel_expect read_data: Fri Dec  4 07:40:26.464 UTC

DEBUG:netmiko:_read_channel_expect read_data: RP/0/RP0/CPU0:r1#
DEBUG:netmiko:Pattern found: RP\/0\/RP0\/CPU0\:r1 terminal length 0
Fri Dec  4 07:40:26.464 UTC
RP/0/RP0/CPU0:r1#
DEBUG:netmiko:terminal length 0
Fri Dec  4 07:40:26.464 UTC
RP/0/RP0/CPU0:r1#
DEBUG:netmiko:Exiting disable_paging
DEBUG:netmiko:write_channel: b'terminal width 511\n'
DEBUG:netmiko:Pattern is: RP\/0\/RP0\/CPU0\:r1
DEBUG:netmiko:_read_channel_expect read_data: terminal width 511

DEBUG:netmiko:_read_channel_expect read_data: Fri Dec  4 07:40:26.862 UTC

DEBUG:netmiko:_read_channel_expect read_data: RP/0/RP0/CPU0:r1#
DEBUG:netmiko:Pattern found: RP\/0\/RP0\/CPU0\:r1 terminal width 511
Fri Dec  4 07:40:26.862 UTC
RP/0/RP0/CPU0:r1#
DEBUG:netmiko:read_channel: 
DEBUG:netmiko:read_channel: 
DEBUG:netmiko:write_channel: b'\n'
DEBUG:netmiko:read_channel: 
DEBUG:netmiko:read_channel: 
DEBUG:netmiko:write_channel: b'\n'
DEBUG:netmiko:read_channel: 
DEBUG:netmiko:write_channel: b'\n'
DEBUG:netmiko:read_channel: 
RP/0/RP0/CPU0:r1#
DEBUG:netmiko:read_channel: 
DEBUG:netmiko:read_channel: 
RP/0/RP0/CPU0:r1#
RP/0/RP0/CPU0:r1#
DEBUG:netmiko:write_channel: b'show run\n'
DEBUG:netmiko:read_channel: 
DEBUG:netmiko:read_channel: 
DEBUG:netmiko:read_channel: show run
Fri Dec  4 07:40:28.175 UTC

DEBUG:netmiko:read_channel: Building configuration...
!! IOS XR Configuration version = 6.4.1

DEBUG:netmiko:read_channel: 
DEBUG:netmiko:read_channel: 
DEBUG:netmiko:read_channel: !! Last configuration change at Fri Dec  4 07:40:13 2020 by admin
!
hostname r1
banner motd ;
--------------------------------------------------------------------------
  Router 1 (Cisco IOS XR Sandbox)
--------------------------------------------------------------------------
;
service timestamps log datetime msec
service timestamps debug datetime msec
username admin
 group root-lr
 group cisco-support
 secret 5 $1$A4C9$oaNorr6BXDruE4gDd086L.
!
line console
 timestamp disable
 exec-timeout 0 0
!
vty-pool default 0 4 line-template VTY-TEMPLATE
call-home
 service active
 contact smart-licensing
 profile CiscoTAC-1
  active
  destination transport-method http
 !
!
interface Bundle-Ether33
 description ==TEST1==
 mtu 9216
 bundle maximum-active links 2
 bundle minimum-active links 1
!
interface Bundle-Ether33.1
 description 95014353 National Bank Of Kenya-Nakuru
 vrf NBK
 ipv4 address 1.1.1.1 255.255.255.252
 encapsulation dot1q 3021 second-dot1q 3302
!
interface Bundle-Ether33.2
 description 95014354 National Bank Of Kenya Nakuru Hospital ATM
 vrf NBK
 ipv4 address 2.2.2.2 255.255.255.252
 encapsulation dot1q 3021 second-dot1q 3303
!
interface Bundle-Ether33.3
 description 95014450_Jamii_Bora_Bank-Nakuru_Backup
 vrf JAMII_BORA
 ipv4 address 172.30.17.53 255.255.255.252
 encapsulation dot1q 3021 second-dot1q 3304
!
interface Bundle-Ether33.4
 description 95015815 NBK-Westside Mall Nakuru ATM
 vrf NBK
 ipv4 address 172.30.17.77 255.255.255.252
 encapsulation dot1q 3021 second-dot1q 3311
!
interface Bundle-Ether33.5
 description test interface
 vrf carrier
!
interface MgmtEth0/RP0/CPU0/0
 description *** MANAGEMENT INTERFACE ***
 ipv4 address dhcp
!
interface GigabitEthernet0/0/0/0
 bundle id 33 mode on
 shutdown
!
interface GigabitEthernet0/0/0/1
 bundle id 33 mode on
 shutdown
!
interface GigabitEthernet0/0/0/2
 shutdown
!
interface GigabitEthernet0/0/0/3
 shutdown
!
interface GigabitEthernet0/0/0/4
 shutdown
!
router static
 address-family ipv4 unicast
  0.0.0.0/0 192.168.122.1
 !
!
xml agent tty
 iteration off
!
xml agent
!
netconf-yang agent
 ssh
!
ssh server v2
ssh server netconf vrf default
router eigrp 200
 address-family ipv4
 !
 vrf NBK
  address-family ipv4
   default-metric 1024 100 255 1 1500
   autonomous-system 500
   redistribute connected
   redistribute static
   interface Bundle-Ether33.1
   !
   interface Bundle-Ether33.2
   !
   interface Bundle-Ether33.4
   !
  !
 !
!
end

RP/0/RP0/CPU0:r1#
DEBUG:paramiko.transport:starting thread (client mode): 0x1eb51630
DEBUG:paramiko.transport:Local version/idstring: SSH-2.0-paramiko_2.4.2
DEBUG:paramiko.transport:Remote version/idstring: SSH-1.99-Cisco-2.0
INFO:paramiko.transport:Connected (version 1.99, client Cisco-2.0)
DEBUG:paramiko.transport:kex algos:['ecdh-sha2-nistp521', 'ecdh-sha2-nistp384', 'ecdh-sha2-nistp256', 'diffie-hellman-group14-sha1'] server key:['ssh-rsa'] client encrypt:['aes128-ctr', 'aes192-ctr', 'aes256-ctr', 'aes128-gcm@openssh.com', 'aes256-gcm@openssh.com'] server encrypt:['aes128-ctr', 'aes192-ctr', 'aes256-ctr', 'aes128-gcm@openssh.com', 'aes256-gcm@openssh.com'] client mac:['hmac-sha2-512', 'hmac-sha2-256', 'hmac-sha1'] server mac:['hmac-sha2-512', 'hmac-sha2-256', 'hmac-sha1'] client compress:['none'] server compress:['none'] client lang:[''] server lang:[''] kex follows?False
DEBUG:paramiko.transport:Kex agreed: ecdh-sha2-nistp256
DEBUG:paramiko.transport:HostKey agreed: ssh-rsa
DEBUG:paramiko.transport:Cipher agreed: aes128-ctr
DEBUG:paramiko.transport:MAC agreed: hmac-sha2-256
DEBUG:paramiko.transport:Compression agreed: none
DEBUG:paramiko.transport:kex engine KexNistp256 specified hash_algo <built-in function openssl_sha256>
DEBUG:paramiko.transport:Switch to new keys ...
DEBUG:paramiko.transport:Adding ssh-rsa host key for [10.10.20.70]:2231: b'0b7fe057af98893860da3ac18b449501'
DEBUG:paramiko.transport:userauth is OK
INFO:paramiko.transport:Authentication (password) successful!
DEBUG:paramiko.transport:[chan 0] Max packet in: 32768 bytes
DEBUG:paramiko.transport:[chan 0] Max packet out: 32768 bytes
DEBUG:paramiko.transport:Secsh channel 0 opened.
DEBUG:paramiko.transport:[chan 0] Sesch channel 0 request ok
DEBUG:paramiko.transport:[chan 0] Sesch channel 0 request ok
DEBUG:netmiko:read_channel: 

RP/0/RP0/CPU0:r2#
DEBUG:netmiko:read_channel: 
DEBUG:netmiko:read_channel: 
DEBUG:netmiko:read_channel: 
DEBUG:netmiko:write_channel: b'\n'
DEBUG:netmiko:read_channel: 
DEBUG:netmiko:read_channel: 
DEBUG:netmiko:write_channel: b'\n'
DEBUG:netmiko:read_channel: 
DEBUG:netmiko:write_channel: b'\n'
DEBUG:netmiko:read_channel: 
RP/0/RP0/CPU0:r2#
DEBUG:netmiko:read_channel: 
DEBUG:netmiko:read_channel: 
DEBUG:netmiko:In disable_paging
DEBUG:netmiko:Command: terminal length 0

DEBUG:netmiko:write_channel: b'terminal length 0\n'
DEBUG:netmiko:Pattern is: RP\/0\/RP0\/CPU0\:r2
DEBUG:netmiko:_read_channel_expect read_data: 
RP/0/RP0/CPU0:r2#
RP/0/RP0/CPU0:r2#terminal length 0

DEBUG:netmiko:Pattern found: RP\/0\/RP0\/CPU0\:r2 
RP/0/RP0/CPU0:r2#
RP/0/RP0/CPU0:r2#terminal length 0

DEBUG:netmiko:
RP/0/RP0/CPU0:r2#
RP/0/RP0/CPU0:r2#terminal length 0

DEBUG:netmiko:Exiting disable_paging
DEBUG:netmiko:write_channel: b'terminal width 511\n'
DEBUG:netmiko:Pattern is: RP\/0\/RP0\/CPU0\:r2
DEBUG:netmiko:_read_channel_expect read_data: Fri Dec  4 07:40:37.221 UTC
RP/0/RP0/CPU0:r2#terminal width 511
Fri Dec  4 07:40:37.450 UTC
RP/0/RP0/CPU0:r2#
DEBUG:netmiko:Pattern found: RP\/0\/RP0\/CPU0\:r2 Fri Dec  4 07:40:37.221 UTC
RP/0/RP0/CPU0:r2#terminal width 511
Fri Dec  4 07:40:37.450 UTC
RP/0/RP0/CPU0:r2#
DEBUG:netmiko:read_channel: 
DEBUG:netmiko:read_channel: 
DEBUG:netmiko:write_channel: b'\n'
DEBUG:netmiko:read_channel: 
DEBUG:netmiko:read_channel: 
DEBUG:netmiko:write_channel: b'\n'
DEBUG:netmiko:read_channel: 
DEBUG:netmiko:write_channel: b'\n'
DEBUG:netmiko:read_channel: 
RP/0/RP0/CPU0:r2#
DEBUG:netmiko:read_channel: 
DEBUG:netmiko:read_channel: 

RP/0/RP0/CPU0:r2#
RP/0/RP0/CPU0:r2#
DEBUG:netmiko:write_channel: b'show run\n'
DEBUG:netmiko:read_channel: 
DEBUG:netmiko:read_channel: 
DEBUG:netmiko:read_channel: show run
Fri Dec  4 07:40:38.960 UTC

DEBUG:netmiko:read_channel: 
DEBUG:netmiko:read_channel: Building configuration...
!! IOS XR Configuration version = 6.4.1
!! Last configuration change at Fri Dec  4 05:48:42 2020 by admin
!

DEBUG:netmiko:read_channel: hostname r2
banner motd ;
--------------------------------------------------------------------------
  Router 2 (Cisco IOS XR Sandbox)
--------------------------------------------------------------------------
;
logging console disable
service timestamps log datetime msec
service timestamps debug datetime msec
username admin
 group root-lr
 group cisco-support
 secret 5 $1$A4C9$oaNorr6BXDruE4gDd086L.
!
line console
 timestamp disable
 exec-timeout 0 0
 absolute-timeout 0
 session-timeout 0
!
line default
 exec-timeout 0 0
 absolute-timeout 0
 session-timeout 0
!
call-home
 service active
 contact smart-licensing
 profile CiscoTAC-1
  active
  destination transport-method http
 !
!
interface Bundle-Ether33
 description ==TEST1==
 mtu 9216
 bundle maximum-active links 2
 bundle minimum-active links 1
!
interface Bundle-Ether33.1
 description 95014353 National Bank Of Kenya-Nakuru
 vrf NBK
 ipv4 address 1.1.1.1 255.255.255.252
 encapsulation dot1q 3021 second-dot1q 3302
!
interface Bundle-Ether33.2
 description 95014354 National Bank Of Kenya Nakuru Hospital ATM
 vrf NBK
 ipv4 address 2.2.2.2 255.255.255.252
 encapsulation dot1q 3021 second-dot1q 3303
!
interface Bundle-Ether33.3
 description 95014450_Jamii_Bora_Bank-Nakuru_Backup
 vrf JAMII_BORA
 ipv4 address 172.30.17.53 255.255.255.252
 encapsulation dot1q 3021 second-dot1q 3304
!
interface Bundle-Ether33.4
 description 95015815 NBK-Westside Mall Nakuru ATM
 vrf NBK
 ipv4 address 172.30.17.77 255.255.255.252
 encapsulation dot1q 3021 second-dot1q 3311
!
interface MgmtEth0/RP0/CPU0/0
 description *** MANAGEMENT INTERFACE ***
 ipv4 address dhcp
!
interface GigabitEthernet0/0/0/0
 bundle id 33 mode on
 shutdown
!
interface GigabitEthernet0/0/0/1
 bundle id 33 mode on
 shutdown
!
interface GigabitEthernet0/0/0/2
 shutdown
!
interface GigabitEthernet0/0/0/3
 shutdown
!
interface GigabitEthernet0/0/0/4
 shutdown
!
interface preconfigure MgmtEth0/0/CPU0/0
 shutdown
!
interface preconfigure GigabitEthernet0/0/0/5
 shutdown
!
interface preconfigure GigabitEthernet0/0/0/6
 shutdown
!
interface preconfigure GigabitEthernet0/0/0/7
 shutdown
!
router static
 address-family ipv4 unicast
  0.0.0.0/0 192.168.122.1
 !
!
xml agent tty
 iteration off
!
netconf-yang agent
 ssh
!
ssh server v2
ssh server netconf vrf default
router eigrp 200
 address-family ipv4
 !
 vrf NBK
  address-family ipv4
   default-metric 1024 100 255 1 1500
   autonomous-system 500
   redistribute connected
   redistribute static
   interface Bundle-Ether33.1
   !
   interface Bundle-Ether33.2
   !
   interface Bundle-Ether33.4
   !
  !
 !
!
end


DEBUG:netmiko:read_channel: RP/0/RP0/CPU0:r2#
DEBUG:paramiko.transport:starting thread (client mode): 0xad36c550
DEBUG:paramiko.transport:Local version/idstring: SSH-2.0-paramiko_2.4.2
DEBUG:paramiko.transport:Remote version/idstring: SSH-1.99-Cisco-2.0
INFO:paramiko.transport:Connected (version 1.99, client Cisco-2.0)
DEBUG:paramiko.transport:kex algos:['ecdh-sha2-nistp521', 'ecdh-sha2-nistp384', 'ecdh-sha2-nistp256', 'diffie-hellman-group14-sha1'] server key:['ssh-rsa'] client encrypt:['aes128-ctr', 'aes192-ctr', 'aes256-ctr', 'aes128-gcm@openssh.com', 'aes256-gcm@openssh.com'] server encrypt:['aes128-ctr', 'aes192-ctr', 'aes256-ctr', 'aes128-gcm@openssh.com', 'aes256-gcm@openssh.com'] client mac:['hmac-sha2-512', 'hmac-sha2-256', 'hmac-sha1'] server mac:['hmac-sha2-512', 'hmac-sha2-256', 'hmac-sha1'] client compress:['none'] server compress:['none'] client lang:[''] server lang:[''] kex follows?False
DEBUG:paramiko.transport:Kex agreed: ecdh-sha2-nistp256
DEBUG:paramiko.transport:HostKey agreed: ssh-rsa
DEBUG:paramiko.transport:Cipher agreed: aes128-ctr
DEBUG:paramiko.transport:MAC agreed: hmac-sha2-256
DEBUG:paramiko.transport:Compression agreed: none
DEBUG:paramiko.transport:kex engine KexNistp256 specified hash_algo <built-in function openssl_sha256>
DEBUG:paramiko.transport:Switch to new keys ...
DEBUG:paramiko.transport:Adding ssh-rsa host key for [10.10.20.70]:2231: b'0b7fe057af98893860da3ac18b449501'
DEBUG:paramiko.transport:userauth is OK
INFO:paramiko.transport:Authentication (password) successful!
DEBUG:paramiko.transport:[chan 0] Max packet in: 32768 bytes
DEBUG:paramiko.transport:[chan 0] Max packet out: 32768 bytes
DEBUG:paramiko.transport:Secsh channel 0 opened.
DEBUG:paramiko.transport:[chan 0] Sesch channel 0 request ok
DEBUG:paramiko.transport:[chan 0] Sesch channel 0 request ok
DEBUG:netmiko:read_channel: 

RP/0/RP0/CPU0:r2#
DEBUG:netmiko:read_channel: 
DEBUG:netmiko:read_channel: 
DEBUG:netmiko:read_channel: 
DEBUG:netmiko:write_channel: b'\n'
DEBUG:netmiko:read_channel: 
DEBUG:netmiko:read_channel: 
DEBUG:netmiko:write_channel: b'\n'
DEBUG:netmiko:read_channel: 
DEBUG:netmiko:write_channel: b'\n'
DEBUG:netmiko:read_channel: 
RP/0/RP0/CPU0:r2#
DEBUG:netmiko:read_channel: 
DEBUG:netmiko:read_channel: 
RP/0/RP0/CPU0:r2#

DEBUG:netmiko:In disable_paging
DEBUG:netmiko:Command: terminal length 0

DEBUG:netmiko:write_channel: b'terminal length 0\n'
DEBUG:netmiko:Pattern is: RP\/0\/RP0\/CPU0\:r2
DEBUG:netmiko:_read_channel_expect read_data: RP/0/RP0/CPU0:r2#
DEBUG:netmiko:Pattern found: RP\/0\/RP0\/CPU0\:r2 RP/0/RP0/CPU0:r2#
DEBUG:netmiko:RP/0/RP0/CPU0:r2#
DEBUG:netmiko:Exiting disable_paging
DEBUG:netmiko:write_channel: b'terminal width 511\n'
DEBUG:netmiko:Pattern is: RP\/0\/RP0\/CPU0\:r2
DEBUG:netmiko:_read_channel_expect read_data: terminal length 0
Fri Dec  4 07:41:16.776 UTC

DEBUG:netmiko:_read_channel_expect read_data: RP/0/RP0/CPU0:r2#
DEBUG:netmiko:Pattern found: RP\/0\/RP0\/CPU0\:r2 terminal length 0
Fri Dec  4 07:41:16.776 UTC
RP/0/RP0/CPU0:r2#
DEBUG:netmiko:read_channel: terminal width 511
Fri Dec  4 07:41:17.186 UTC
RP/0/RP0/CPU0:r2#
DEBUG:netmiko:read_channel: 
DEBUG:netmiko:write_channel: b'\n'
DEBUG:netmiko:read_channel: 
DEBUG:netmiko:read_channel: 
DEBUG:netmiko:write_channel: b'\n'
DEBUG:netmiko:read_channel: 

DEBUG:netmiko:write_channel: b'\n'
DEBUG:netmiko:read_channel: RP/0/RP0/CPU0:r2#
DEBUG:netmiko:read_channel: 
DEBUG:netmiko:read_channel: 
DEBUG:netmiko:write_channel: b'xml\n'
DEBUG:netmiko:read_channel: 
RP/0/RP0/CPU0:r2#
DEBUG:netmiko:read_channel: 
DEBUG:netmiko:read_channel: 
RP/0/RP0/CPU0:r2#xml
Fri Dec  4 07:41:18.192 UTC
XML> 
DEBUG:netmiko:read_channel: 
DEBUG:netmiko:read_channel: 
DEBUG:netmiko:read_channel: 
DEBUG:netmiko:write_channel: b'<?xml version="1.0" encoding="UTF-8"?><Request MajorVersion="1" MinorVersion="0"><Lock/></Request>\n'
DEBUG:netmiko:read_channel: 
DEBUG:netmiko:read_channel: 
DEBUG:netmiko:read_channel: <?xml version="1.0" encoding="UTF-8"?>
<Response MajorVersion="1" MinorVersion="0"><Lock/><ResultSummary ErrorCount="0"/></Response>
XML> 
DEBUG:netmiko:read_channel: 
DEBUG:netmiko:write_channel: b'<?xml version="1.0" encoding="UTF-8"?><Request MajorVersion="1" MinorVersion="0"><CLI><Configuration>\nservice timestamps log datetime msec\nservice timestamps debug datetime msec\nusername admin\n group root-lr\n group cisco-support\n secret 5 $1$A4C9$oaNorr6BXDruE4gDd086L.\n!\nline console\n timestamp disable\n exec-timeout 0 0\n!\nvty-pool default 0 4 line-template VTY-TEMPLATE\ncall-home\n service active\n contact smart-licensing\n profile CiscoTAC-1\n  active\n  destination transport-method http\n !\n!\ninterface Bundle-Ether33\n description ==TEST1==\n mtu 9216\n bundle maximum-active links 2\n bundle minimum-active links 1\n!\ninterface Bundle-Ether33.1\n description 95014353 National Bank Of Kenya-Nakuru\n vrf NBK\n ipv4 address 1.1.1.1 255.255.255.252\n encapsulation dot1q 3021 second-dot1q 3302\n!\ninterface Bundle-Ether33.2\n description 95014354 National Bank Of Kenya Nakuru Hospital ATM\n vrf NBK\n ipv4 address 2.2.2.2 255.255.255.252\n encapsulation dot1q 3021 second-dot1q 3303\n!\ninterface Bundle-Ether33.3\n description 95014450_Jamii_Bora_Bank-Nakuru_Backup\n vrf JAMII_BORA\n ipv4 address 172.30.17.53 255.255.255.252\n encapsulation dot1q 3021 second-dot1q 3304\n!\ninterface Bundle-Ether33.4\n description 95015815 NBK-Westside Mall Nakuru ATM\n vrf NBK\n ipv4 address 172.30.17.77 255.255.255.252\n encapsulation dot1q 3021 second-dot1q 3311\n!\ninterface Bundle-Ether33.5\n description test interface\n vrf carrier\n!\ninterface MgmtEth0/RP0/CPU0/0\n description *** MANAGEMENT INTERFACE ***\n ipv4 address dhcp\n!\ninterface GigabitEthernet0/0/0/0\n bundle id 33 mode on\n shutdown\n!\ninterface GigabitEthernet0/0/0/1\n bundle id 33 mode on\n shutdown\n!\ninterface GigabitEthernet0/0/0/2\n shutdown\n!\ninterface GigabitEthernet0/0/0/3\n shutdown\n!\ninterface GigabitEthernet0/0/0/4\n shutdown\n!\nrouter static\n address-family ipv4 unicast\n  0.0.0.0/0 192.168.122.1\n !\n!\nxml agent tty\n iteration off\n!\nxml agent\n!\nnetconf-yang agent\n ssh\n!\nssh server v2\nssh server netconf vrf default\nrouter eigrp 200\n address-family ipv4\n !\n vrf NBK\n  address-family ipv4\n   default-metric 1024 100 255 1 1500\n   autonomous-system 500\n   redistribute connected\n   redistribute static\n   interface Bundle-Ether33.1\n   !\n   interface Bundle-Ether33.2\n   !\n   interface Bundle-Ether33.4\n   !\n  !\n !\n!\nend\n</Configuration></CLI></Request>\n'
DEBUG:netmiko:read_channel: 
DEBUG:netmiko:read_channel: 
DEBUG:netmiko:read_channel: <?xml version="1.0" encoding="UTF-8"?>
<Response MajorVersion="1" MinorVersion="0"><CLI><Configuration/></CLI><ResultSummary ErrorCount="0"/></Response>
XML> 
DEBUG:netmiko:read_channel: 
DEBUG:netmiko:write_channel: b'<?xml version="1.0" encoding="UTF-8"?><Request MajorVersion="1" MinorVersion="0"><CLI><Configuration>show configuration merge</Configuration></CLI></Request>\n'
DEBUG:netmiko:read_channel: 
DEBUG:netmiko:read_channel: 
DEBUG:netmiko:read_channel: 
DEBUG:netmiko:read_channel: 
DEBUG:netmiko:read_channel: 
DEBUG:netmiko:read_channel: <?xml version="1.0" encoding="UTF-8"?>
<Response MajorVersion="1" MinorVersion="0"><CLI><Configuration>
Building configuration...
!! IOS XR Configuration version = 6.4.1
!! Last configuration change at Fri Dec  4 05:48:42 2020 by admin
!
hostname r2
banner motd ;
--------------------------------------------------------------------------
  Router 2 (Cisco IOS XR Sandbox)
--------------------------------------------------------------------------
;
logging console disable
service timestamps log datetime msec
service timestamps debug datetime msec
username admin
 group root-lr
 group cisco-support
 secret 5 $1$A4C9$oaNorr6BXDruE4gDd086L.
!
line console
 timestamp disable
 exec-timeout 0 0
 absolute-timeout 0
 session-timeout 0
!
line default
 exec-timeout 0 0
 absolute-timeout 0
 session-timeout 0
!
vty-pool default 0 4 line-template VTY-TEMPLATE
call-home
 service active
 contact smart-licensing
 profile CiscoTAC-1
  active
  destination transport-method http
 !
!
interface Bundle-Ether33
 description ==TEST1==
 mtu 9216
 bundle maximum-active links 2
 bundle minimum-active links 1
!
interface Bundle-Ether33.1
 description 95014353 National Bank Of Kenya-Nakuru
 vrf NBK
 ipv4 address 1.1.1.1 255.255.255.252
 encapsulation dot1q 3021 second-dot1q 3302
!
interface Bundle-Ether33.2
 description 95014354 National Bank Of Kenya Nakuru Hospital ATM
 vrf NBK
 ipv4 address 2.2.2.2 255.255.255.252
 encapsulation dot1q 3021 second-dot1q 3303
!
interface Bundle-Ether33.3
 description 95014450_Jamii_Bora_Bank-Nakuru_Backup
 vrf JAMII_BORA
 ipv4 address 172.30.17.53 255.255.255.252
 encapsulation dot1q 3021 second-dot1q 3304
!
interface Bundle-Ether33.4
 description 95015815 NBK-Westside Mall Nakuru ATM
 vrf NBK
 ipv4 address 172.30.17.77 255.255.255.252
 encapsulation dot1q 3021 second-dot1q 3311
!
interface Bundle-Ether33.5
 description test interface
 vrf carrier
!
interface MgmtEth0/RP0/CPU0/0
 description *** MANAGEMENT INTERFACE ***
 ipv4 address dhcp
!
interface GigabitEthernet0/0/0/0
 bundle id 33 mode on
 shutdown
!
interface GigabitEthernet0/0/0/1
 bundle id 33 mode on
 shutdown
!
interface GigabitEthernet0/0/0/2
 shutdown
!
interface GigabitEthernet0/0/0/3
 shutdown
!
interface GigabitEthernet0/0/0/4
 shutdown
!
interface preconfigure MgmtEth0/0/CPU0/0
 shutdown
!
interface preconfigure GigabitEthernet0/0/0/5
 shutdown
!
interface preconfigure GigabitEthernet0/0/0/6
 shutdown
!
interface preconfigure GigabitEthernet0/0/0/7
 shutdown
!
router static
 address-family ipv4 unicast
  0.0.0.0/0 192.168.122.1
 !
!
xml agent tty
 iteration off
!
xml agent
!
netconf-yang agent
 ssh
!
ssh server v2
ssh server netconf vrf default
router eigrp 200
 address-family ipv4
 !
 vrf NBK
  address-family ipv4
   default-metric 1024 100 255 1 1500
   autonomous-system 500
   redistribute connected
   redistribute static
   interface Bundle-Ether33.1
   !
   interface Bundle-Ether33.2
   !
   interface Bundle-Ether33.4
   !
  !
 !
!
end

</Configuration></CLI><ResultSummary ErrorCount="0"/></Response>
XML> 
DEBUG:netmiko:read_channel: 
DEBUG:netmiko:write_channel: b'<?xml version="1.0" encoding="UTF-8"?><Request MajorVersion="1" MinorVersion="0"><CLI><Configuration>show running-config</Configuration></CLI></Request>\n'
DEBUG:netmiko:read_channel: 
DEBUG:netmiko:read_channel: 
DEBUG:netmiko:read_channel: 
DEBUG:netmiko:read_channel: 
DEBUG:netmiko:read_channel: <?xml version="1.0" encoding="UTF-8"?>
<Response MajorVersion="1" MinorVersion="0"><CLI><Configuration>
Building configuration...
!! IOS XR Configuration version = 6.4.1
!! Last configuration change at Fri Dec  4 05:48:42 2020 by admin
!
hostname r2
banner motd ;
--------------------------------------------------------------------------
  Router 2 (Cisco IOS XR Sandbox)
--------------------------------------------------------------------------
;
logging console disable
service timestamps log datetime msec
service timestamps debug datetime msec
username admin
 group root-lr
 group cisco-support
 secret 5 $1$A4C9$oaNorr6BXDruE4gDd086L.
!
line console
 timestamp disable
 exec-timeout 0 0
 absolute-timeout 0
 session-timeout 0
!
line default
 exec-timeout 0 0
 absolute-timeout 0
 session-timeout 0
!
call-home
 service active
 contact smart-licensing
 profile CiscoTAC-1
  active
  destination transport-method http
 !
!
interface Bundle-Ether33
 description ==TEST1==
 mtu 9216
 bundle maximum-active links 2
 bundle minimum-active links 1
!
interface Bundle-Ether33.1
 description 95014353 National Bank Of Kenya-Nakuru
 vrf NBK
 ipv4 address 1.1.1.1 255.255.255.252
 encapsulation dot1q 3021 second-dot1q 3302
!
interface Bundle-Ether33.2
 description 95014354 National Bank Of Kenya Nakuru Hospital ATM
 vrf NBK
 ipv4 address 2.2.2.2 255.255.255.252
 encapsulation dot1q 3021 second-dot1q 3303
!
interface Bundle-Ether33.3
 description 95014450_Jamii_Bora_Bank-Nakuru_Backup
 vrf JAMII_BORA
 ipv4 address 172.30.17.53 255.255.255.252
 encapsulation dot1q 3021 second-dot1q 3304
!
interface Bundle-Ether33.4
 description 95015815 NBK-Westside Mall Nakuru ATM
 vrf NBK
 ipv4 address 172.30.17.77 255.255.255.252
 encapsulation dot1q 3021 second-dot1q 3311
!
interface MgmtEth0/RP0/CPU0/0
 description *** MANAGEMENT INTERFACE ***
 ipv4 address dhcp
!
interface GigabitEthernet0/0/0/0
 bundle id 33 mode on
 shutdown
!
interface GigabitEthernet0/0/0/1
 bundle id 33 mode on
 shutdown
!
interface GigabitEthernet0/0/0/2
 shutdown
!
interface GigabitEthernet0/0/0/3
 shutdown
!
interface GigabitEthernet0/0/0/4
 shutdown
!
interface preconfigure MgmtEth0/0/CPU0/0
 shutdown
!
interface preconfigure GigabitEthernet0/0/0/5
 shutdown
!
interface preconfigure GigabitEthernet0/0/0/6
 shutdown
!
interface preconfigure GigabitEthernet0/0/0/7
 shutdown
!
router static
 address-family ipv4 unicast
  0.0.0.0/0 192.168.122.1
 !
!
xml agent tty
 iteration off
!
netconf-yang agent
 ssh
!
ssh server v2
ssh server netconf vrf default
router eigrp 200
 address-family ipv4
 !
 vrf NBK
  address-family ipv4
   default-metric 1024 100 255 1 1500
   autonomous-system 500
   redistribute connected
   redistribute static
   interface Bundle-Ether33.1
   !
   interface Bundle-Ether33.2
   !
   interface Bundle-Ether33.4
   !
  !
 !
!
end

</Configuration></CLI><ResultSummary ErrorCount="0"/></Response>
XML> 
DEBUG:netmiko:read_channel: 
DEBUG:netmiko:write_channel: b'<?xml version="1.0" encoding="UTF-8"?><Request MajorVersion="1" MinorVersion="0"><Commit/></Request>\n'
DEBUG:netmiko:read_channel: 
DEBUG:netmiko:read_channel: 
DEBUG:netmiko:read_channel: 
DEBUG:netmiko:read_channel: 
DEBUG:netmiko:read_channel: 
DEBUG:netmiko:read_channel: 
DEBUG:netmiko:read_channel: 
DEBUG:netmiko:read_channel: 
DEBUG:netmiko:read_channel: <?xml version="1.0" encoding="UTF-8"?>
<Response MajorVersion="1" MinorVersion="0"><Commit CommitID="1000000017"/><ResultSummary ErrorCount="0"/></Response>
XML> 
DEBUG:netmiko:read_channel: 
DEBUG:netmiko:write_channel: b'<?xml version="1.0" encoding="UTF-8"?><Request MajorVersion="1" MinorVersion="0"><Unlock/></Request>\n'
DEBUG:netmiko:read_channel: 
DEBUG:netmiko:read_channel: 
DEBUG:netmiko:read_channel: <?xml version="1.0" encoding="UTF-8"?>
<Response MajorVersion="1" MinorVersion="0"><Unlock/><ResultSummary ErrorCount="0"/></Response>
XML> 
DEBUG:paramiko.transport:[chan 0] EOF sent (0)
DEBUG:paramiko.transport:starting thread (client mode): 0x23d5a1d0
DEBUG:paramiko.transport:Local version/idstring: SSH-2.0-paramiko_2.4.2
DEBUG:paramiko.transport:Remote version/idstring: SSH-1.99-Cisco-2.0
INFO:paramiko.transport:Connected (version 1.99, client Cisco-2.0)
DEBUG:paramiko.transport:kex algos:['ecdh-sha2-nistp521', 'ecdh-sha2-nistp384', 'ecdh-sha2-nistp256', 'diffie-hellman-group14-sha1'] server key:['ssh-rsa'] client encrypt:['aes128-ctr', 'aes192-ctr', 'aes256-ctr', 'aes128-gcm@openssh.com', 'aes256-gcm@openssh.com'] server encrypt:['aes128-ctr', 'aes192-ctr', 'aes256-ctr', 'aes128-gcm@openssh.com', 'aes256-gcm@openssh.com'] client mac:['hmac-sha2-512', 'hmac-sha2-256', 'hmac-sha1'] server mac:['hmac-sha2-512', 'hmac-sha2-256', 'hmac-sha1'] client compress:['none'] server compress:['none'] client lang:[''] server lang:[''] kex follows?False
DEBUG:paramiko.transport:Kex agreed: ecdh-sha2-nistp256
DEBUG:paramiko.transport:HostKey agreed: ssh-rsa
DEBUG:paramiko.transport:Cipher agreed: aes128-ctr
DEBUG:paramiko.transport:MAC agreed: hmac-sha2-256
DEBUG:paramiko.transport:Compression agreed: none
DEBUG:paramiko.transport:kex engine KexNistp256 specified hash_algo <built-in function openssl_sha256>
DEBUG:paramiko.transport:Switch to new keys ...
DEBUG:paramiko.transport:Adding ssh-rsa host key for [10.10.20.70]:2221: b'e1ad3e53cdc053037494810944e7d7d0'
DEBUG:paramiko.transport:userauth is OK
INFO:paramiko.transport:Authentication (password) successful!
DEBUG:paramiko.transport:[chan 0] Max packet in: 32768 bytes
DEBUG:paramiko.transport:[chan 0] Max packet out: 32768 bytes
DEBUG:paramiko.transport:Secsh channel 0 opened.
DEBUG:paramiko.transport:[chan 0] Sesch channel 0 request ok
DEBUG:paramiko.transport:[chan 0] Sesch channel 0 request ok
DEBUG:netmiko:read_channel: 

RP/0/RP0/CPU0:r1#
DEBUG:netmiko:read_channel: 
DEBUG:netmiko:read_channel: 
DEBUG:netmiko:read_channel: 
DEBUG:netmiko:write_channel: b'\n'
DEBUG:netmiko:read_channel: 
DEBUG:netmiko:read_channel: 
DEBUG:netmiko:write_channel: b'\n'
DEBUG:netmiko:read_channel: 
DEBUG:netmiko:write_channel: b'\n'
DEBUG:netmiko:read_channel: 
RP/0/RP0/CPU0:r1#
DEBUG:netmiko:read_channel: 
DEBUG:netmiko:read_channel: 
DEBUG:netmiko:In disable_paging
DEBUG:netmiko:Command: terminal length 0

DEBUG:netmiko:write_channel: b'terminal length 0\n'
DEBUG:netmiko:Pattern is: RP\/0\/RP0\/CPU0\:r1
DEBUG:netmiko:_read_channel_expect read_data: 

DEBUG:netmiko:_read_channel_expect read_data: RP/0/RP0/CPU0:r1#
RP/0/RP0/CPU0:r1#
DEBUG:netmiko:Pattern found: RP\/0\/RP0\/CPU0\:r1 
RP/0/RP0/CPU0:r1#
RP/0/RP0/CPU0:r1#
DEBUG:netmiko:
RP/0/RP0/CPU0:r1#
RP/0/RP0/CPU0:r1#
DEBUG:netmiko:Exiting disable_paging
DEBUG:netmiko:write_channel: b'terminal width 511\n'
DEBUG:netmiko:Pattern is: RP\/0\/RP0\/CPU0\:r1
DEBUG:netmiko:_read_channel_expect read_data: terminal length 0

DEBUG:netmiko:_read_channel_expect read_data: Wed Dec  9 07:26:04.954 UTC

DEBUG:netmiko:_read_channel_expect read_data: RP/0/RP0/CPU0:r1#
DEBUG:netmiko:Pattern found: RP\/0\/RP0\/CPU0\:r1 terminal length 0
Wed Dec  9 07:26:04.954 UTC
RP/0/RP0/CPU0:r1#
DEBUG:netmiko:read_channel: terminal width 511
Wed Dec  9 07:26:05.218 UTC
RP/0/RP0/CPU0:r1#
DEBUG:netmiko:read_channel: 
DEBUG:netmiko:write_channel: b'\n'
DEBUG:netmiko:read_channel: 
DEBUG:netmiko:read_channel: 
DEBUG:netmiko:write_channel: b'\n'
DEBUG:netmiko:read_channel: 
DEBUG:netmiko:write_channel: b'\n'
DEBUG:netmiko:read_channel: 
RP/0/RP0/CPU0:r1#
DEBUG:netmiko:read_channel: 
DEBUG:netmiko:read_channel: 
RP/0/RP0/CPU0:r1#
DEBUG:netmiko:write_channel: b'show run\n'
DEBUG:netmiko:read_channel: 
DEBUG:netmiko:read_channel: 
DEBUG:netmiko:read_channel: 
DEBUG:netmiko:read_channel: 
DEBUG:netmiko:read_channel: 
RP/0/RP0/CPU0:r1#show run
Wed Dec  9 07:26:06.359 UTC

DEBUG:paramiko.transport:starting thread (client mode): 0x23d5a8d0
DEBUG:paramiko.transport:Local version/idstring: SSH-2.0-paramiko_2.4.2
DEBUG:paramiko.transport:Remote version/idstring: SSH-1.99-Cisco-2.0
INFO:paramiko.transport:Connected (version 1.99, client Cisco-2.0)
DEBUG:paramiko.transport:kex algos:['ecdh-sha2-nistp521', 'ecdh-sha2-nistp384', 'ecdh-sha2-nistp256', 'diffie-hellman-group14-sha1'] server key:['ssh-rsa'] client encrypt:['aes128-ctr', 'aes192-ctr', 'aes256-ctr', 'aes128-gcm@openssh.com', 'aes256-gcm@openssh.com'] server encrypt:['aes128-ctr', 'aes192-ctr', 'aes256-ctr', 'aes128-gcm@openssh.com', 'aes256-gcm@openssh.com'] client mac:['hmac-sha2-512', 'hmac-sha2-256', 'hmac-sha1'] server mac:['hmac-sha2-512', 'hmac-sha2-256', 'hmac-sha1'] client compress:['none'] server compress:['none'] client lang:[''] server lang:[''] kex follows?False
DEBUG:paramiko.transport:Kex agreed: ecdh-sha2-nistp256
DEBUG:paramiko.transport:HostKey agreed: ssh-rsa
DEBUG:paramiko.transport:Cipher agreed: aes128-ctr
DEBUG:paramiko.transport:MAC agreed: hmac-sha2-256
DEBUG:paramiko.transport:Compression agreed: none
DEBUG:paramiko.transport:kex engine KexNistp256 specified hash_algo <built-in function openssl_sha256>
DEBUG:paramiko.transport:Switch to new keys ...
DEBUG:paramiko.transport:Adding ssh-rsa host key for [10.10.20.70]:2231: b'0b7fe057af98893860da3ac18b449501'
DEBUG:paramiko.transport:userauth is OK
INFO:paramiko.transport:Authentication (password) successful!
DEBUG:paramiko.transport:[chan 0] Max packet in: 32768 bytes
DEBUG:paramiko.transport:[chan 0] Max packet out: 32768 bytes
DEBUG:paramiko.transport:Secsh channel 0 opened.
DEBUG:paramiko.transport:[chan 0] Sesch channel 0 request ok
DEBUG:paramiko.transport:[chan 0] Sesch channel 0 request ok
DEBUG:netmiko:read_channel: 

RP/0/RP0/CPU0:r2#
DEBUG:netmiko:read_channel: 
DEBUG:netmiko:read_channel: 
DEBUG:netmiko:read_channel: 
DEBUG:netmiko:write_channel: b'\n'
DEBUG:netmiko:read_channel: 
DEBUG:netmiko:read_channel: 
DEBUG:netmiko:write_channel: b'\n'
DEBUG:netmiko:read_channel: 
DEBUG:netmiko:write_channel: b'\n'
DEBUG:netmiko:read_channel: 
DEBUG:netmiko:write_channel: b'\n'
DEBUG:netmiko:read_channel: 
RP/0/RP0/CPU0:r2#
DEBUG:netmiko:read_channel: 
DEBUG:netmiko:read_channel: 
DEBUG:netmiko:In disable_paging
DEBUG:netmiko:Command: terminal length 0

DEBUG:netmiko:write_channel: b'terminal length 0\n'
DEBUG:netmiko:Pattern is: RP\/0\/RP0\/CPU0\:r2
DEBUG:netmiko:_read_channel_expect read_data: 

DEBUG:netmiko:_read_channel_expect read_data: 
RP/0/RP0/CPU0:r2#
RP/0/RP0/CPU0:r2#
RP/0/RP0/CPU0:r2#
DEBUG:netmiko:Pattern found: RP\/0\/RP0\/CPU0\:r2 

RP/0/RP0/CPU0:r2#
RP/0/RP0/CPU0:r2#
RP/0/RP0/CPU0:r2#
DEBUG:netmiko:

RP/0/RP0/CPU0:r2#
RP/0/RP0/CPU0:r2#
RP/0/RP0/CPU0:r2#
DEBUG:netmiko:Exiting disable_paging
DEBUG:netmiko:write_channel: b'terminal width 511\n'
DEBUG:netmiko:Pattern is: RP\/0\/RP0\/CPU0\:r2
DEBUG:netmiko:_read_channel_expect read_data: terminal length 0

DEBUG:netmiko:_read_channel_expect read_data: Wed Dec  9 07:26:13.997 UTC
RP/0/RP0/CPU0:r2#
DEBUG:netmiko:Pattern found: RP\/0\/RP0\/CPU0\:r2 terminal length 0
Wed Dec  9 07:26:13.997 UTC
RP/0/RP0/CPU0:r2#
DEBUG:netmiko:read_channel: terminal width 511
Wed Dec  9 07:26:14.310 UTC
RP/0/RP0/CPU0:r2#
DEBUG:netmiko:read_channel: 
DEBUG:netmiko:write_channel: b'\n'
DEBUG:netmiko:read_channel: 
DEBUG:netmiko:read_channel: 
DEBUG:netmiko:write_channel: b'\n'
DEBUG:netmiko:read_channel: 
DEBUG:netmiko:write_channel: b'\n'
DEBUG:netmiko:read_channel: 
RP/0/RP0/CPU0:r2#
DEBUG:netmiko:read_channel: 
DEBUG:netmiko:read_channel: 
RP/0/RP0/CPU0:r2#
RP/0/RP0/CPU0:r2#
DEBUG:netmiko:write_channel: b'show run\n'
DEBUG:netmiko:read_channel: 
DEBUG:netmiko:read_channel: 
DEBUG:netmiko:read_channel: 
DEBUG:netmiko:read_channel: show run
Wed Dec  9 07:26:15.380 UTC

DEBUG:netmiko:read_channel: 
DEBUG:netmiko:read_channel: Building configuration...
!! IOS XR Configuration version = 6.4.1
!! Last configuration change at Sat Jul 28 02:38:41 2018 by ZTP
!
hostname r2
banner motd ;
--------------------------------------------------------------------------
  Router 2 (Cisco IOS XR Sandbox)
--------------------------------------------------------------------------
;
service timestamps log datetime msec
service timestamps debug datetime msec
username admin
 group root-lr
 group cisco-support
 secret 5 $1$A4C9$oaNorr6BXDruE4gDd086L.
!
line console
 timestamp disable
 exec-timeout 0 0
!
call-home
 service active
 contact smart-licensing
 profile CiscoTAC-1
  active
  destination transport-method http
 !
!
interface MgmtEth0/RP0/CPU0/0
 description *** MANAGEMENT INTERFACE ***
 ipv4 address dhcp
!
interface GigabitEthernet0/0/0/0
 shutdown
!
interface GigabitEthernet0/0/0/1
 shutdown
!
interface GigabitEthernet0/0/0/2
 shutdown
!
interface GigabitEthernet0/0/0/3
 shutdown
!
interface GigabitEthernet0/0/0/4
 shutdown
!
router static
 address-family ipv4 unicast
  0.0.0.0/0 192.168.122.1
 !
!
netconf-yang agent
 ssh
!
ssh server v2
ssh server netconf vrf default
end

DEBUG:netmiko:read_channel: 
RP/0/RP0/CPU0:r2#
DEBUG:paramiko.transport:starting thread (client mode): 0xccd271d0
DEBUG:paramiko.transport:Local version/idstring: SSH-2.0-paramiko_2.4.2
DEBUG:paramiko.transport:Remote version/idstring: SSH-1.99-Cisco-2.0
INFO:paramiko.transport:Connected (version 1.99, client Cisco-2.0)
DEBUG:paramiko.transport:kex algos:['ecdh-sha2-nistp521', 'ecdh-sha2-nistp384', 'ecdh-sha2-nistp256', 'diffie-hellman-group14-sha1'] server key:['ssh-rsa'] client encrypt:['aes128-ctr', 'aes192-ctr', 'aes256-ctr', 'aes128-gcm@openssh.com', 'aes256-gcm@openssh.com'] server encrypt:['aes128-ctr', 'aes192-ctr', 'aes256-ctr', 'aes128-gcm@openssh.com', 'aes256-gcm@openssh.com'] client mac:['hmac-sha2-512', 'hmac-sha2-256', 'hmac-sha1'] server mac:['hmac-sha2-512', 'hmac-sha2-256', 'hmac-sha1'] client compress:['none'] server compress:['none'] client lang:[''] server lang:[''] kex follows?False
DEBUG:paramiko.transport:Kex agreed: ecdh-sha2-nistp256
DEBUG:paramiko.transport:HostKey agreed: ssh-rsa
DEBUG:paramiko.transport:Cipher agreed: aes128-ctr
DEBUG:paramiko.transport:MAC agreed: hmac-sha2-256
DEBUG:paramiko.transport:Compression agreed: none
DEBUG:paramiko.transport:kex engine KexNistp256 specified hash_algo <built-in function openssl_sha256>
DEBUG:paramiko.transport:Switch to new keys ...
DEBUG:paramiko.transport:Adding ssh-rsa host key for [10.10.20.70]:2221: b'e1ad3e53cdc053037494810944e7d7d0'
DEBUG:paramiko.transport:userauth is OK
INFO:paramiko.transport:Authentication (password) successful!
DEBUG:paramiko.transport:[chan 0] Max packet in: 32768 bytes
DEBUG:paramiko.transport:[chan 0] Max packet out: 32768 bytes
DEBUG:paramiko.transport:Secsh channel 0 opened.
DEBUG:paramiko.transport:[chan 0] Sesch channel 0 request ok
DEBUG:paramiko.transport:[chan 0] Sesch channel 0 request ok
DEBUG:netmiko:read_channel: 

RP/0/RP0/CPU0:r1#
DEBUG:netmiko:read_channel: 
DEBUG:netmiko:read_channel: 
DEBUG:netmiko:read_channel: 
DEBUG:netmiko:write_channel: b'\n'
DEBUG:netmiko:read_channel: 
DEBUG:netmiko:read_channel: 
DEBUG:netmiko:write_channel: b'\n'
DEBUG:netmiko:read_channel: 
DEBUG:netmiko:write_channel: b'\n'
DEBUG:netmiko:read_channel: 
DEBUG:netmiko:write_channel: b'\n'
DEBUG:netmiko:read_channel: 
DEBUG:netmiko:write_channel: b'\n'
DEBUG:netmiko:read_channel: 
DEBUG:netmiko:write_channel: b'\n'
DEBUG:netmiko:read_channel: 
RP/0/RP0/CPU0:r1#
DEBUG:netmiko:read_channel: 
DEBUG:netmiko:read_channel: 
DEBUG:netmiko:In disable_paging
DEBUG:netmiko:Command: terminal length 0

DEBUG:netmiko:write_channel: b'terminal length 0\n'
DEBUG:netmiko:Pattern is: RP\/0\/RP0\/CPU0\:r1
DEBUG:netmiko:_read_channel_expect read_data: 
RP/0/RP0/CPU0:r1#
DEBUG:netmiko:Pattern found: RP\/0\/RP0\/CPU0\:r1 
RP/0/RP0/CPU0:r1#
DEBUG:netmiko:
RP/0/RP0/CPU0:r1#
DEBUG:netmiko:Exiting disable_paging
DEBUG:netmiko:write_channel: b'terminal width 511\n'
DEBUG:netmiko:Pattern is: RP\/0\/RP0\/CPU0\:r1
DEBUG:netmiko:_read_channel_expect read_data: 

DEBUG:netmiko:_read_channel_expect read_data: RP/0/RP0/CPU0:r1#

DEBUG:netmiko:Pattern found: RP\/0\/RP0\/CPU0\:r1 
RP/0/RP0/CPU0:r1#

DEBUG:netmiko:read_channel: RP/0/RP0/CPU0:r1#
RP/0/RP0/CPU0:r1#
RP/0/RP0/CPU0:r1#terminal length 0
Wed Dec  9 07:26:44.303 UTC
RP/0/RP0/CPU0:r1#terminal width 511
Wed Dec  9 07:26:44.568 UTC
RP/0/RP0/CPU0:r1#
DEBUG:netmiko:read_channel: 
DEBUG:netmiko:write_channel: b'\n'
DEBUG:netmiko:read_channel: 
DEBUG:netmiko:read_channel: 
DEBUG:netmiko:write_channel: b'\n'
DEBUG:netmiko:read_channel: 
DEBUG:netmiko:write_channel: b'\n'
DEBUG:netmiko:read_channel: 
DEBUG:netmiko:write_channel: b'\n'
DEBUG:netmiko:read_channel: 
RP/0/RP0/CPU0:r1#
DEBUG:netmiko:read_channel: 
DEBUG:netmiko:read_channel: 

DEBUG:netmiko:write_channel: b'show run\n'
DEBUG:netmiko:read_channel: 
DEBUG:netmiko:read_channel: 
DEBUG:netmiko:read_channel: 
DEBUG:netmiko:read_channel: 
DEBUG:netmiko:read_channel: 
DEBUG:netmiko:read_channel: 
DEBUG:netmiko:read_channel: 
DEBUG:netmiko:read_channel: 
DEBUG:netmiko:read_channel: 
DEBUG:netmiko:read_channel: 
DEBUG:netmiko:read_channel: 
DEBUG:netmiko:read_channel: 
DEBUG:netmiko:read_channel: RP/0/RP0/CPU0:r1#
RP/0/RP0/CPU0:r1#
RP/0/RP0/CPU0:r1#show run
Wed Dec  9 07:26:45.902 UTC
Building configuration...
!! IOS XR Configuration version = 6.4.1
!! Last configuration change at Sat Jul 28 02:39:47 2018 by ZTP

DEBUG:paramiko.transport:starting thread (client mode): 0xcc0f9630
DEBUG:paramiko.transport:Local version/idstring: SSH-2.0-paramiko_2.4.2
DEBUG:paramiko.transport:Remote version/idstring: SSH-1.99-Cisco-2.0
INFO:paramiko.transport:Connected (version 1.99, client Cisco-2.0)
DEBUG:paramiko.transport:kex algos:['ecdh-sha2-nistp521', 'ecdh-sha2-nistp384', 'ecdh-sha2-nistp256', 'diffie-hellman-group14-sha1'] server key:['ssh-rsa'] client encrypt:['aes128-ctr', 'aes192-ctr', 'aes256-ctr', 'aes128-gcm@openssh.com', 'aes256-gcm@openssh.com'] server encrypt:['aes128-ctr', 'aes192-ctr', 'aes256-ctr', 'aes128-gcm@openssh.com', 'aes256-gcm@openssh.com'] client mac:['hmac-sha2-512', 'hmac-sha2-256', 'hmac-sha1'] server mac:['hmac-sha2-512', 'hmac-sha2-256', 'hmac-sha1'] client compress:['none'] server compress:['none'] client lang:[''] server lang:[''] kex follows?False
DEBUG:paramiko.transport:Kex agreed: ecdh-sha2-nistp256
DEBUG:paramiko.transport:HostKey agreed: ssh-rsa
DEBUG:paramiko.transport:Cipher agreed: aes128-ctr
DEBUG:paramiko.transport:MAC agreed: hmac-sha2-256
DEBUG:paramiko.transport:Compression agreed: none
DEBUG:paramiko.transport:kex engine KexNistp256 specified hash_algo <built-in function openssl_sha256>
DEBUG:paramiko.transport:Switch to new keys ...
DEBUG:paramiko.transport:Adding ssh-rsa host key for [10.10.20.70]:2231: b'0b7fe057af98893860da3ac18b449501'
DEBUG:paramiko.transport:userauth is OK
INFO:paramiko.transport:Authentication (password) successful!
DEBUG:paramiko.transport:[chan 0] Max packet in: 32768 bytes
DEBUG:paramiko.transport:[chan 0] Max packet out: 32768 bytes
DEBUG:paramiko.transport:Secsh channel 0 opened.
DEBUG:paramiko.transport:[chan 0] Sesch channel 0 request ok
DEBUG:paramiko.transport:[chan 0] Sesch channel 0 request ok
DEBUG:netmiko:read_channel: 

RP/0/RP0/CPU0:r2#
DEBUG:netmiko:read_channel: 
DEBUG:netmiko:read_channel: 
DEBUG:netmiko:read_channel: 
DEBUG:netmiko:write_channel: b'\n'
DEBUG:netmiko:read_channel: 
DEBUG:netmiko:read_channel: 
DEBUG:netmiko:write_channel: b'\n'
DEBUG:netmiko:read_channel: 
DEBUG:netmiko:write_channel: b'\n'
DEBUG:netmiko:read_channel: 
DEBUG:netmiko:write_channel: b'\n'
DEBUG:netmiko:read_channel: 
RP/0/RP0/CPU0:r2#
DEBUG:netmiko:read_channel: 
DEBUG:netmiko:read_channel: 
DEBUG:netmiko:In disable_paging
DEBUG:netmiko:Command: terminal length 0

DEBUG:netmiko:write_channel: b'terminal length 0\n'
DEBUG:netmiko:Pattern is: RP\/0\/RP0\/CPU0\:r2
DEBUG:netmiko:_read_channel_expect read_data: 

RP/0/RP0/CPU0:r2#
RP/0/RP0/CPU0:r2#
RP/0/RP0/CPU0:r2#
DEBUG:netmiko:Pattern found: RP\/0\/RP0\/CPU0\:r2 

RP/0/RP0/CPU0:r2#
RP/0/RP0/CPU0:r2#
RP/0/RP0/CPU0:r2#
DEBUG:netmiko:

RP/0/RP0/CPU0:r2#
RP/0/RP0/CPU0:r2#
RP/0/RP0/CPU0:r2#
DEBUG:netmiko:Exiting disable_paging
DEBUG:netmiko:write_channel: b'terminal width 511\n'
DEBUG:netmiko:Pattern is: RP\/0\/RP0\/CPU0\:r2
DEBUG:netmiko:_read_channel_expect read_data: terminal length 0

DEBUG:netmiko:_read_channel_expect read_data: Wed Dec  9 07:26:55.521 UTC
RP/0/RP0/CPU0:r2#
DEBUG:netmiko:Pattern found: RP\/0\/RP0\/CPU0\:r2 terminal length 0
Wed Dec  9 07:26:55.521 UTC
RP/0/RP0/CPU0:r2#
DEBUG:netmiko:read_channel: terminal width 511
Wed Dec  9 07:26:55.761 UTC
RP/0/RP0/CPU0:r2#
DEBUG:netmiko:read_channel: 
DEBUG:netmiko:write_channel: b'\n'
DEBUG:netmiko:read_channel: 
DEBUG:netmiko:read_channel: 
DEBUG:netmiko:write_channel: b'\n'
DEBUG:netmiko:read_channel: 
DEBUG:netmiko:write_channel: b'\n'
DEBUG:netmiko:read_channel: 
RP/0/RP0/CPU0:r2#
DEBUG:netmiko:read_channel: 
DEBUG:netmiko:read_channel: 
RP/0/RP0/CPU0:r2#
RP/0/RP0/CPU0:r2#
DEBUG:netmiko:write_channel: b'show run\n'
DEBUG:netmiko:read_channel: 
DEBUG:netmiko:read_channel: 
DEBUG:netmiko:read_channel: show run
Wed Dec  9 07:26:56.774 UTC

DEBUG:netmiko:read_channel: 
DEBUG:netmiko:read_channel: Building configuration...
!! IOS XR Configuration version = 6.4.1
!! Last configuration change at Wed Dec  9 07:26:25 2020 by admin
!
hostname r2
banner motd ;
--------------------------------------------------------------------------
  Router 2 (Cisco IOS XR Sandbox)
--------------------------------------------------------------------------
;
service timestamps log datetime msec
service timestamps debug datetime msec
username admin
 group root-lr
 group cisco-support
 secret 5 $1$A4C9$oaNorr6BXDruE4gDd086L.
!
line console
 timestamp disable
 exec-timeout 0 0
!
call-home
 service active
 contact smart-licensing
 profile CiscoTAC-1
  active
  destination transport-method http
 !
!
interface MgmtEth0/RP0/CPU0/0
 description *** MANAGEMENT INTERFACE ***
 ipv4 address dhcp
!
interface GigabitEthernet0/0/0/0
 shutdown
!
interface GigabitEthernet0/0/0/1
 shutdown
!
interface GigabitEthernet0/0/0/2
 shutdown
!
interface GigabitEthernet0/0/0/3
 shutdown
!
interface GigabitEthernet0/0/0/4
 shutdown
!
router static
 address-family ipv4 unicast
  0.0.0.0/0 192.168.122.1
 !
!
xml agent tty
 iteration off
!
netconf-yang agent
 ssh
!
ssh server v2
ssh server netconf vrf default
end


DEBUG:netmiko:read_channel: RP/0/RP0/CPU0:r2#
DEBUG:paramiko.transport:starting thread (client mode): 0xf7b21160
DEBUG:paramiko.transport:Local version/idstring: SSH-2.0-paramiko_2.4.2
DEBUG:paramiko.transport:Remote version/idstring: SSH-1.99-Cisco-2.0
INFO:paramiko.transport:Connected (version 1.99, client Cisco-2.0)
DEBUG:paramiko.transport:kex algos:['ecdh-sha2-nistp521', 'ecdh-sha2-nistp384', 'ecdh-sha2-nistp256', 'diffie-hellman-group14-sha1'] server key:['ssh-rsa'] client encrypt:['aes128-ctr', 'aes192-ctr', 'aes256-ctr', 'aes128-gcm@openssh.com', 'aes256-gcm@openssh.com'] server encrypt:['aes128-ctr', 'aes192-ctr', 'aes256-ctr', 'aes128-gcm@openssh.com', 'aes256-gcm@openssh.com'] client mac:['hmac-sha2-512', 'hmac-sha2-256', 'hmac-sha1'] server mac:['hmac-sha2-512', 'hmac-sha2-256', 'hmac-sha1'] client compress:['none'] server compress:['none'] client lang:[''] server lang:[''] kex follows?False
DEBUG:paramiko.transport:Kex agreed: ecdh-sha2-nistp256
DEBUG:paramiko.transport:HostKey agreed: ssh-rsa
DEBUG:paramiko.transport:Cipher agreed: aes128-ctr
DEBUG:paramiko.transport:MAC agreed: hmac-sha2-256
DEBUG:paramiko.transport:Compression agreed: none
DEBUG:paramiko.transport:kex engine KexNistp256 specified hash_algo <built-in function openssl_sha256>
DEBUG:paramiko.transport:Switch to new keys ...
DEBUG:paramiko.transport:Adding ssh-rsa host key for [10.10.20.70]:2221: b'e1ad3e53cdc053037494810944e7d7d0'
DEBUG:paramiko.transport:userauth is OK
INFO:paramiko.transport:Authentication (password) successful!
DEBUG:paramiko.transport:[chan 0] Max packet in: 32768 bytes
DEBUG:paramiko.transport:[chan 0] Max packet out: 32768 bytes
DEBUG:paramiko.transport:Secsh channel 0 opened.
DEBUG:paramiko.transport:[chan 0] Sesch channel 0 request ok
DEBUG:paramiko.transport:[chan 0] Sesch channel 0 request ok
DEBUG:netmiko:read_channel: 

RP/0/RP0/CPU0:r1#
DEBUG:netmiko:read_channel: 
DEBUG:netmiko:read_channel: 
DEBUG:netmiko:read_channel: 
DEBUG:netmiko:write_channel: b'\n'
DEBUG:netmiko:read_channel: 
DEBUG:netmiko:read_channel: 
DEBUG:netmiko:write_channel: b'\n'
DEBUG:netmiko:read_channel: 
DEBUG:netmiko:write_channel: b'\n'
DEBUG:netmiko:read_channel: 
RP/0/RP0/CPU0:r1#
DEBUG:netmiko:read_channel: 
DEBUG:netmiko:read_channel: 
DEBUG:netmiko:In disable_paging
DEBUG:netmiko:Command: terminal length 0

DEBUG:netmiko:write_channel: b'terminal length 0\n'
DEBUG:netmiko:Pattern is: RP\/0\/RP0\/CPU0\:r1
DEBUG:netmiko:_read_channel_expect read_data: 
RP/0/RP0/CPU0:r1#

DEBUG:netmiko:Pattern found: RP\/0\/RP0\/CPU0\:r1 
RP/0/RP0/CPU0:r1#

DEBUG:netmiko:
RP/0/RP0/CPU0:r1#

DEBUG:netmiko:Exiting disable_paging
DEBUG:netmiko:write_channel: b'terminal width 511\n'
DEBUG:netmiko:Pattern is: RP\/0\/RP0\/CPU0\:r1
DEBUG:netmiko:_read_channel_expect read_data: RP/0/RP0/CPU0:r1#
DEBUG:netmiko:Pattern found: RP\/0\/RP0\/CPU0\:r1 RP/0/RP0/CPU0:r1#
DEBUG:netmiko:read_channel: 
DEBUG:netmiko:read_channel: 
DEBUG:netmiko:write_channel: b'\n'
DEBUG:netmiko:read_channel: terminal length 0
Wed Dec  9 07:27:19.316 UTC
RP/0/RP0/CPU0:r1#
DEBUG:netmiko:read_channel: 
DEBUG:netmiko:read_channel: terminal width 511

Wed Dec  9 07:27:19.581 UTC
RP/0/RP0/CPU0:r1#
RP/0/RP0/CPU0:r1#
DEBUG:netmiko:write_channel: b'show run\n'
DEBUG:netmiko:read_channel: 
DEBUG:netmiko:read_channel: 
DEBUG:netmiko:read_channel: show run
Wed Dec  9 07:27:19.997 UTC

DEBUG:netmiko:read_channel: 
DEBUG:netmiko:read_channel: Building configuration...
!! IOS XR Configuration version = 6.4.1
!! Last configuration change at Sat Jul 28 02:39:47 2018 by ZTP
!

DEBUG:netmiko:read_channel: hostname r1
banner motd ;
--------------------------------------------------------------------------
  Router 1 (Cisco IOS XR Sandbox)
--------------------------------------------------------------------------
;
service timestamps log datetime msec
service timestamps debug datetime msec
username admin
 group root-lr
 group cisco-support
 secret 5 $1$A4C9$oaNorr6BXDruE4gDd086L.
!
line console
 timestamp disable
 exec-timeout 0 0
!
vty-pool default 0 4 line-template VTY-TEMPLATE
call-home
 service active
 contact smart-licensing
 profile CiscoTAC-1
  active
  destination transport-method http
 !
!
interface MgmtEth0/RP0/CPU0/0
 description *** MANAGEMENT INTERFACE ***
 ipv4 address dhcp
!
interface GigabitEthernet0/0/0/0
 shutdown
!
interface GigabitEthernet0/0/0/1
 shutdown
!
interface GigabitEthernet0/0/0/2
 shutdown
!
interface GigabitEthernet0/0/0/3
 shutdown
!
interface GigabitEthernet0/0/0/4
 shutdown
!
router static
 address-family ipv4 unicast
  0.0.0.0/0 192.168.122.1
 !
!
netconf-yang agent
 ssh
!
ssh server v2
ssh server netconf vrf default
end

RP/0/RP0/CPU0:r1#
DEBUG:paramiko.transport:starting thread (client mode): 0xf5cec630
DEBUG:paramiko.transport:Local version/idstring: SSH-2.0-paramiko_2.4.2
DEBUG:paramiko.transport:Remote version/idstring: SSH-1.99-Cisco-2.0
INFO:paramiko.transport:Connected (version 1.99, client Cisco-2.0)
DEBUG:paramiko.transport:kex algos:['ecdh-sha2-nistp521', 'ecdh-sha2-nistp384', 'ecdh-sha2-nistp256', 'diffie-hellman-group14-sha1'] server key:['ssh-rsa'] client encrypt:['aes128-ctr', 'aes192-ctr', 'aes256-ctr', 'aes128-gcm@openssh.com', 'aes256-gcm@openssh.com'] server encrypt:['aes128-ctr', 'aes192-ctr', 'aes256-ctr', 'aes128-gcm@openssh.com', 'aes256-gcm@openssh.com'] client mac:['hmac-sha2-512', 'hmac-sha2-256', 'hmac-sha1'] server mac:['hmac-sha2-512', 'hmac-sha2-256', 'hmac-sha1'] client compress:['none'] server compress:['none'] client lang:[''] server lang:[''] kex follows?False
DEBUG:paramiko.transport:Kex agreed: ecdh-sha2-nistp256
DEBUG:paramiko.transport:HostKey agreed: ssh-rsa
DEBUG:paramiko.transport:Cipher agreed: aes128-ctr
DEBUG:paramiko.transport:MAC agreed: hmac-sha2-256
DEBUG:paramiko.transport:Compression agreed: none
DEBUG:paramiko.transport:kex engine KexNistp256 specified hash_algo <built-in function openssl_sha256>
DEBUG:paramiko.transport:Switch to new keys ...
DEBUG:paramiko.transport:Adding ssh-rsa host key for [10.10.20.70]:2231: b'0b7fe057af98893860da3ac18b449501'
DEBUG:paramiko.transport:userauth is OK
INFO:paramiko.transport:Authentication (password) successful!
DEBUG:paramiko.transport:[chan 0] Max packet in: 32768 bytes
DEBUG:paramiko.transport:[chan 0] Max packet out: 32768 bytes
DEBUG:paramiko.transport:Secsh channel 0 opened.
DEBUG:paramiko.transport:[chan 0] Sesch channel 0 request ok
DEBUG:paramiko.transport:[chan 0] Sesch channel 0 request ok
DEBUG:netmiko:read_channel: 

RP/0/RP0/CPU0:r2#
DEBUG:netmiko:read_channel: 
DEBUG:netmiko:read_channel: 
DEBUG:netmiko:read_channel: 
DEBUG:netmiko:write_channel: b'\n'
DEBUG:netmiko:read_channel: 
DEBUG:netmiko:read_channel: 
DEBUG:netmiko:write_channel: b'\n'
DEBUG:netmiko:read_channel: 
DEBUG:netmiko:write_channel: b'\n'
DEBUG:netmiko:read_channel: 
DEBUG:netmiko:write_channel: b'\n'
DEBUG:netmiko:read_channel: 
DEBUG:netmiko:write_channel: b'\n'
DEBUG:netmiko:read_channel: 
DEBUG:netmiko:write_channel: b'\n'
DEBUG:netmiko:read_channel: 
RP/0/RP0/CPU0:r2#
RP/0/RP0/CPU0:r2#
RP/0/RP0/CPU0:r2#
DEBUG:netmiko:read_channel: 
DEBUG:netmiko:read_channel: 
RP/0/RP0/CPU0:r2#
RP/0/RP0/CPU0:r2#
RP/0/RP0/CPU0:r2#
DEBUG:netmiko:In disable_paging
DEBUG:netmiko:Command: terminal length 0

DEBUG:netmiko:write_channel: b'terminal length 0\n'
DEBUG:netmiko:Pattern is: RP\/0\/RP0\/CPU0\:r2
DEBUG:netmiko:_read_channel_expect read_data: terminal length 0
Wed Dec  9 07:27:28.677 UTC

DEBUG:netmiko:_read_channel_expect read_data: RP/0/RP0/CPU0:r2#
DEBUG:netmiko:Pattern found: RP\/0\/RP0\/CPU0\:r2 terminal length 0
Wed Dec  9 07:27:28.677 UTC
RP/0/RP0/CPU0:r2#
DEBUG:netmiko:terminal length 0
Wed Dec  9 07:27:28.677 UTC
RP/0/RP0/CPU0:r2#
DEBUG:netmiko:Exiting disable_paging
DEBUG:netmiko:write_channel: b'terminal width 511\n'
DEBUG:netmiko:Pattern is: RP\/0\/RP0\/CPU0\:r2
DEBUG:netmiko:_read_channel_expect read_data: terminal width 511
Wed Dec  9 07:27:29.101 UTC

DEBUG:netmiko:_read_channel_expect read_data: RP/0/RP0/CPU0:r2#
DEBUG:netmiko:Pattern found: RP\/0\/RP0\/CPU0\:r2 terminal width 511
Wed Dec  9 07:27:29.101 UTC
RP/0/RP0/CPU0:r2#
DEBUG:netmiko:read_channel: 
DEBUG:netmiko:read_channel: 
DEBUG:netmiko:write_channel: b'\n'
DEBUG:netmiko:read_channel: 
DEBUG:netmiko:read_channel: 
DEBUG:netmiko:write_channel: b'\n'
DEBUG:netmiko:read_channel: 
DEBUG:netmiko:write_channel: b'\n'
DEBUG:netmiko:read_channel: 
DEBUG:netmiko:write_channel: b'\n'
DEBUG:netmiko:read_channel: 
RP/0/RP0/CPU0:r2#
DEBUG:netmiko:read_channel: 
DEBUG:netmiko:read_channel: 
RP/0/RP0/CPU0:r2#
RP/0/RP0/CPU0:r2#
RP/0/RP0/CPU0:r2#
DEBUG:netmiko:write_channel: b'show run\n'
DEBUG:netmiko:read_channel: 
DEBUG:netmiko:read_channel: 
DEBUG:netmiko:read_channel: show run
Wed Dec  9 07:27:30.590 UTC

DEBUG:netmiko:read_channel: 
DEBUG:netmiko:read_channel: Building configuration...
!! IOS XR Configuration version = 6.4.1
!! Last configuration change at Wed Dec  9 07:26:25 2020 by admin
!
hostname r2
banner motd ;
--------------------------------------------------------------------------
  Router 2 (Cisco IOS XR Sandbox)
--------------------------------------------------------------------------
;
service timestamps log datetime msec
service timestamps debug datetime msec
username admin
 group root-lr
 group cisco-support
 secret 5 $1$A4C9$oaNorr6BXDruE4gDd086L.
!
line console
 timestamp disable
 exec-timeout 0 0
!
call-home
 service active
 contact smart-licensing
 profile CiscoTAC-1
  active
  destination transport-method http
 !
!
interface MgmtEth0/RP0/CPU0/0
 description *** MANAGEMENT INTERFACE ***
 ipv4 address dhcp
!
interface GigabitEthernet0/0/0/0
 shutdown
!
interface GigabitEthernet0/0/0/1
 shutdown
!
interface GigabitEthernet0/0/0/2
 shutdown
!
interface GigabitEthernet0/0/0/3
 shutdown
!
interface GigabitEthernet0/0/0/4
 shutdown
!
router static
 address-family ipv4 unicast
  0.0.0.0/0 192.168.122.1
 !
!
xml agent tty
 iteration off
!
netconf-yang agent
 ssh
!
ssh server v2
ssh server netconf vrf default
end


DEBUG:netmiko:read_channel: 
DEBUG:netmiko:read_channel: RP/0/RP0/CPU0:r2#
DEBUG:paramiko.transport:starting thread (client mode): 0x901c57f0
DEBUG:paramiko.transport:Local version/idstring: SSH-2.0-paramiko_2.4.2
DEBUG:paramiko.transport:Remote version/idstring: SSH-1.99-Cisco-2.0
INFO:paramiko.transport:Connected (version 1.99, client Cisco-2.0)
DEBUG:paramiko.transport:kex algos:['ecdh-sha2-nistp521', 'ecdh-sha2-nistp384', 'ecdh-sha2-nistp256', 'diffie-hellman-group14-sha1'] server key:['ssh-rsa'] client encrypt:['aes128-ctr', 'aes192-ctr', 'aes256-ctr', 'aes128-gcm@openssh.com', 'aes256-gcm@openssh.com'] server encrypt:['aes128-ctr', 'aes192-ctr', 'aes256-ctr', 'aes128-gcm@openssh.com', 'aes256-gcm@openssh.com'] client mac:['hmac-sha2-512', 'hmac-sha2-256', 'hmac-sha1'] server mac:['hmac-sha2-512', 'hmac-sha2-256', 'hmac-sha1'] client compress:['none'] server compress:['none'] client lang:[''] server lang:[''] kex follows?False
DEBUG:paramiko.transport:Kex agreed: ecdh-sha2-nistp256
DEBUG:paramiko.transport:HostKey agreed: ssh-rsa
DEBUG:paramiko.transport:Cipher agreed: aes128-ctr
DEBUG:paramiko.transport:MAC agreed: hmac-sha2-256
DEBUG:paramiko.transport:Compression agreed: none
DEBUG:paramiko.transport:kex engine KexNistp256 specified hash_algo <built-in function openssl_sha256>
DEBUG:paramiko.transport:Switch to new keys ...
DEBUG:paramiko.transport:Adding ssh-rsa host key for [10.10.20.70]:2231: b'0b7fe057af98893860da3ac18b449501'
DEBUG:paramiko.transport:userauth is OK
INFO:paramiko.transport:Authentication (password) successful!
DEBUG:paramiko.transport:[chan 0] Max packet in: 32768 bytes
DEBUG:paramiko.transport:[chan 0] Max packet out: 32768 bytes
DEBUG:paramiko.transport:Secsh channel 0 opened.
DEBUG:paramiko.transport:[chan 0] Sesch channel 0 request ok
DEBUG:paramiko.transport:[chan 0] Sesch channel 0 request ok
DEBUG:netmiko:read_channel: 

RP/0/RP0/CPU0:r2#
DEBUG:netmiko:read_channel: 
DEBUG:netmiko:read_channel: 
DEBUG:netmiko:read_channel: 
DEBUG:netmiko:write_channel: b'\n'
DEBUG:netmiko:read_channel: 
DEBUG:netmiko:read_channel: 
DEBUG:netmiko:write_channel: b'\n'
DEBUG:netmiko:read_channel: 
DEBUG:netmiko:write_channel: b'\n'
DEBUG:netmiko:read_channel: 

DEBUG:netmiko:write_channel: b'\n'
DEBUG:netmiko:read_channel: 
DEBUG:netmiko:write_channel: b'\n'
DEBUG:netmiko:read_channel: 
DEBUG:netmiko:write_channel: b'\n'
DEBUG:netmiko:read_channel: 
DEBUG:netmiko:write_channel: b'\n'
DEBUG:netmiko:read_channel: 
DEBUG:netmiko:write_channel: b'\n'
DEBUG:netmiko:read_channel: 
DEBUG:netmiko:write_channel: b'\n'
DEBUG:netmiko:read_channel: 
DEBUG:netmiko:write_channel: b'\n'
DEBUG:netmiko:read_channel: RP/0/RP0/CPU0:r2#

RP/0/RP0/CPU0:r2#
RP/0/RP0/CPU0:r2#
RP/0/RP0/CPU0:r2#
RP/0/RP0/CPU0:r2#
RP/0/RP0/CPU0:r2#
DEBUG:netmiko:read_channel: 
DEBUG:netmiko:read_channel: 
RP/0/RP0/CPU0:r2#
RP/0/RP0/CPU0:r2#
RP/0/RP0/CPU0:r2#
DEBUG:netmiko:In disable_paging
DEBUG:netmiko:Command: terminal length 0

DEBUG:netmiko:write_channel: b'terminal length 0\n'
DEBUG:netmiko:Pattern is: RP\/0\/RP0\/CPU0\:r2
DEBUG:netmiko:_read_channel_expect read_data: 
RP/0/RP0/CPU0:r2#
DEBUG:netmiko:Pattern found: RP\/0\/RP0\/CPU0\:r2 
RP/0/RP0/CPU0:r2#
DEBUG:netmiko:
RP/0/RP0/CPU0:r2#
DEBUG:netmiko:Exiting disable_paging
DEBUG:netmiko:write_channel: b'terminal width 511\n'
DEBUG:netmiko:Pattern is: RP\/0\/RP0\/CPU0\:r2
DEBUG:netmiko:_read_channel_expect read_data: terminal length 0

DEBUG:netmiko:_read_channel_expect read_data: Wed Dec  9 07:28:21.624 UTC

DEBUG:netmiko:_read_channel_expect read_data: RP/0/RP0/CPU0:r2#
DEBUG:netmiko:Pattern found: RP\/0\/RP0\/CPU0\:r2 terminal length 0
Wed Dec  9 07:28:21.624 UTC
RP/0/RP0/CPU0:r2#
DEBUG:netmiko:read_channel: terminal width 511
Wed Dec  9 07:28:21.891 UTC
RP/0/RP0/CPU0:r2#
DEBUG:netmiko:read_channel: 
DEBUG:netmiko:write_channel: b'\n'
DEBUG:netmiko:read_channel: 
DEBUG:netmiko:read_channel: 
DEBUG:netmiko:write_channel: b'\n'
DEBUG:netmiko:read_channel: 
DEBUG:netmiko:write_channel: b'\n'
DEBUG:netmiko:read_channel: 
RP/0/RP0/CPU0:r2#
DEBUG:netmiko:read_channel: 
DEBUG:netmiko:read_channel: 
DEBUG:netmiko:write_channel: b'xml\n'
DEBUG:netmiko:read_channel: 
DEBUG:netmiko:read_channel: 
RP/0/RP0/CPU0:r2#
RP/0/RP0/CPU0:r2#xml
Wed Dec  9 07:28:22.924 UTC
XML> 
DEBUG:netmiko:read_channel: 
DEBUG:netmiko:read_channel: 
DEBUG:netmiko:read_channel: 
DEBUG:netmiko:write_channel: b'<?xml version="1.0" encoding="UTF-8"?><Request MajorVersion="1" MinorVersion="0"><Lock/></Request>\n'
DEBUG:netmiko:read_channel: 
DEBUG:netmiko:read_channel: 
DEBUG:netmiko:read_channel: <?xml version="1.0" encoding="UTF-8"?>
<Response MajorVersion="1" MinorVersion="0"><Lock/><ResultSummary ErrorCount="0"/></Response>
XML> 
DEBUG:netmiko:read_channel: 
DEBUG:netmiko:write_channel: b'<?xml version="1.0" encoding="UTF-8"?><Request MajorVersion="1" MinorVersion="0"><CLI><Configuration>\n\nlogging console disable\nline console\n exec-timeout 0 0\n absolute-timeout 0\n session-timeout 0\n!\nline default\n exec-timeout 0 0\n absolute-timeout 0\n session-timeout 0\n!\ninterface Bundle-Ether33\n description ==TEST1==\n mtu 9216\n \n bundle maximum-active links 2\n bundle minimum-active links 1\n!\ninterface Bundle-Ether33.1\n description 95014353 National Bank Of Kenya-Nakuru\n vrf NBK\n ipv4 address 1.1.1.1 255.255.255.252\n encapsulation dot1q 3021 second-dot1q 3302\n!\ninterface Bundle-Ether33.2\n description 95014354 National Bank Of Kenya Nakuru Hospital ATM\n vrf NBK\n ipv4 address 2.2.2.2 255.255.255.252\n encapsulation dot1q 3021 second-dot1q 3303\n!\ninterface Bundle-Ether33.3\n description 95014450_Jamii_Bora_Bank-Nakuru_Backup\n vrf JAMII_BORA\n ipv4 address 172.30.17.53 255.255.255.252\n encapsulation dot1q 3021 second-dot1q 3304\n!\ninterface Bundle-Ether33.4\n description 95015815 NBK-Westside Mall Nakuru ATM\n vrf NBK\n ipv4 address 172.30.17.77 255.255.255.252\n encapsulation dot1q 3021 second-dot1q 3311\n!\ninterface MgmtEth0/0/CPU0/0\n shutdown\n!\ninterface GigabitEthernet0/0/0/0\n bundle id 33 mode on\n!\ninterface GigabitEthernet0/0/0/1\n bundle id 33 mode on\n!\ninterface GigabitEthernet0/0/0/2\n shutdown\n!\ninterface GigabitEthernet0/0/0/3\n shutdown\n!\ninterface GigabitEthernet0/0/0/4\n shutdown\n!\ninterface GigabitEthernet0/0/0/5\n shutdown\n!\ninterface GigabitEthernet0/0/0/6\n shutdown\n!\ninterface GigabitEthernet0/0/0/7\n shutdown\n!\nrouter eigrp 200\n address-family ipv4\n !\n vrf NBK\n  address-family ipv4\n   default-metric 1024 100 255 1 1500\n   autonomous-system 500\n   redistribute connected\n   redistribute static\n   interface Bundle-Ether33.1\n   !\n   interface Bundle-Ether33.2\n   !\n   interface Bundle-Ether33.4\n   !\n  !\n !\n!\nend\n\n\n</Configuration></CLI></Request>\n'
DEBUG:netmiko:read_channel: 
DEBUG:netmiko:read_channel: 
DEBUG:netmiko:read_channel: <?xml version="1.0" encoding="UTF-8"?>
<Response MajorVersion="1" MinorVersion="0"><CLI><Configuration/></CLI><ResultSummary ErrorCount="0"/></Response>
XML> 
DEBUG:netmiko:read_channel: 
DEBUG:netmiko:write_channel: b'<?xml version="1.0" encoding="UTF-8"?><Request MajorVersion="1" MinorVersion="0"><CLI><Configuration>show configuration merge</Configuration></CLI></Request>\n'
DEBUG:netmiko:read_channel: 
DEBUG:netmiko:read_channel: 
DEBUG:netmiko:read_channel: 
DEBUG:netmiko:read_channel: 
DEBUG:netmiko:read_channel: 
DEBUG:netmiko:read_channel: <?xml version="1.0" encoding="UTF-8"?>
<Response MajorVersion="1" MinorVersion="0"><CLI><Configuration>
Building configuration...
!! IOS XR Configuration version = 6.4.1
!! Last configuration change at Wed Dec  9 07:26:25 2020 by admin
!
hostname r2
banner motd ;
--------------------------------------------------------------------------
  Router 2 (Cisco IOS XR Sandbox)
--------------------------------------------------------------------------
;
logging console disable
service timestamps log datetime msec
service timestamps debug datetime msec
username admin
 group root-lr
 group cisco-support
 secret 5 $1$A4C9$oaNorr6BXDruE4gDd086L.
!
line console
 timestamp disable
 exec-timeout 0 0
 absolute-timeout 0
 session-timeout 0
!
line default
 exec-timeout 0 0
 absolute-timeout 0
 session-timeout 0
!
call-home
 service active
 contact smart-licensing
 profile CiscoTAC-1
  active
  destination transport-method http
 !
!
interface Bundle-Ether33
 description ==TEST1==
 mtu 9216
 bundle maximum-active links 2
 bundle minimum-active links 1
!
interface Bundle-Ether33.1
 description 95014353 National Bank Of Kenya-Nakuru
 vrf NBK
 ipv4 address 1.1.1.1 255.255.255.252
 encapsulation dot1q 3021 second-dot1q 3302
!
interface Bundle-Ether33.2
 description 95014354 National Bank Of Kenya Nakuru Hospital ATM
 vrf NBK
 ipv4 address 2.2.2.2 255.255.255.252
 encapsulation dot1q 3021 second-dot1q 3303
!
interface Bundle-Ether33.3
 description 95014450_Jamii_Bora_Bank-Nakuru_Backup
 vrf JAMII_BORA
 ipv4 address 172.30.17.53 255.255.255.252
 encapsulation dot1q 3021 second-dot1q 3304
!
interface Bundle-Ether33.4
 description 95015815 NBK-Westside Mall Nakuru ATM
 vrf NBK
 ipv4 address 172.30.17.77 255.255.255.252
 encapsulation dot1q 3021 second-dot1q 3311
!
interface MgmtEth0/RP0/CPU0/0
 description *** MANAGEMENT INTERFACE ***
 ipv4 address dhcp
!
interface MgmtEth0/0/CPU0/0
 shutdown
!
interface GigabitEthernet0/0/0/0
 bundle id 33 mode on
 shutdown
!
interface GigabitEthernet0/0/0/1
 bundle id 33 mode on
 shutdown
!
interface GigabitEthernet0/0/0/2
 shutdown
!
interface GigabitEthernet0/0/0/3
 shutdown
!
interface GigabitEthernet0/0/0/4
 shutdown
!
interface GigabitEthernet0/0/0/5
 shutdown
!
interface GigabitEthernet0/0/0/6
 shutdown
!
interface GigabitEthernet0/0/0/7
 shutdown
!
router static
 address-family ipv4 unicast
  0.0.0.0/0 192.168.122.1
 !
!
xml agent tty
 iteration off
!
netconf-yang agent
 ssh
!
ssh server v2
ssh server netconf vrf default
router eigrp 200
 address-family ipv4
 !
 vrf NBK
  address-family ipv4
   default-metric 1024 100 255 1 1500
   autonomous-system 500
   redistribute connected
   redistribute static
   interface Bundle-Ether33.1
   !
   interface Bundle-Ether33.2
   !
   interface Bundle-Ether33.4
   !
  !
 !
!
end

</Configuration></CLI><ResultSummary ErrorCount="0"/></Response>
XML> 
DEBUG:netmiko:read_channel: 
DEBUG:netmiko:write_channel: b'<?xml version="1.0" encoding="UTF-8"?><Request MajorVersion="1" MinorVersion="0"><CLI><Configuration>show running-config</Configuration></CLI></Request>\n'
DEBUG:netmiko:read_channel: 
DEBUG:netmiko:read_channel: 
DEBUG:netmiko:read_channel: 
DEBUG:netmiko:read_channel: 
DEBUG:netmiko:read_channel: <?xml version="1.0" encoding="UTF-8"?>
<Response MajorVersion="1" MinorVersion="0"><CLI><Configuration>
Building configuration...
!! IOS XR Configuration version = 6.4.1
!! Last configuration change at Wed Dec  9 07:26:25 2020 by admin
!
hostname r2
banner motd ;
--------------------------------------------------------------------------
  Router 2 (Cisco IOS XR Sandbox)
--------------------------------------------------------------------------
;
service timestamps log datetime msec
service timestamps debug datetime msec
username admin
 group root-lr
 group cisco-support
 secret 5 $1$A4C9$oaNorr6BXDruE4gDd086L.
!
line console
 timestamp disable
 exec-timeout 0 0
!
call-home
 service active
 contact smart-licensing
 profile CiscoTAC-1
  active
  destination transport-method http
 !
!
interface MgmtEth0/RP0/CPU0/0
 description *** MANAGEMENT INTERFACE ***
 ipv4 address dhcp
!
interface GigabitEthernet0/0/0/0
 shutdown
!
interface GigabitEthernet0/0/0/1
 shutdown
!
interface GigabitEthernet0/0/0/2
 shutdown
!
interface GigabitEthernet0/0/0/3
 shutdown
!
interface GigabitEthernet0/0/0/4
 shutdown
!
router static
 address-family ipv4 unicast
  0.0.0.0/0 192.168.122.1
 !
!
xml agent tty
 iteration off
!
netconf-yang agent
 ssh
!
ssh server v2
ssh server netconf vrf default
end

</Configuration></CLI><ResultSummary ErrorCount="0"/></Response>
XML> 
DEBUG:netmiko:read_channel: 
DEBUG:netmiko:write_channel: b'<?xml version="1.0" encoding="UTF-8"?><Request MajorVersion="1" MinorVersion="0"><CLI><Configuration>show configuration merge</Configuration></CLI></Request>\n'
DEBUG:netmiko:read_channel: 
DEBUG:netmiko:read_channel: 
DEBUG:netmiko:read_channel: 
DEBUG:netmiko:read_channel: 
DEBUG:netmiko:read_channel: 
DEBUG:netmiko:read_channel: <?xml version="1.0" encoding="UTF-8"?>
<Response MajorVersion="1" MinorVersion="0"><CLI><Configuration>
Building configuration...
!! IOS XR Configuration version = 6.4.1
!! Last configuration change at Wed Dec  9 07:26:25 2020 by admin
!
hostname r2
banner motd ;
--------------------------------------------------------------------------
  Router 2 (Cisco IOS XR Sandbox)
--------------------------------------------------------------------------
;
logging console disable
service timestamps log datetime msec
service timestamps debug datetime msec
username admin
 group root-lr
 group cisco-support
 secret 5 $1$A4C9$oaNorr6BXDruE4gDd086L.
!
line console
 timestamp disable
 exec-timeout 0 0
 absolute-timeout 0
 session-timeout 0
!
line default
 exec-timeout 0 0
 absolute-timeout 0
 session-timeout 0
!
call-home
 service active
 contact smart-licensing
 profile CiscoTAC-1
  active
  destination transport-method http
 !
!
interface Bundle-Ether33
 description ==TEST1==
DEBUG:netmiko:read_channel: 
DEBUG:netmiko:read_channel: 
DEBUG:netmiko:read_channel: 
DEBUG:netmiko:read_channel: 
DEBUG:netmiko:read_channel: 
 mtu 9216
 bundle maximum-active links 2
 bundle minimum-active links 1
!
interface Bundle-Ether33.1
 description 95014353 National Bank Of Kenya-Nakuru
 vrf NBK
 ipv4 address 1.1.1.1 255.255.255.252
 encapsulation dot1q 3021 second-dot1q 3302
!
interface Bundle-Ether33.2
 description 95014354 National Bank Of Kenya Nakuru Hospital ATM
 vrf NBK
 ipv4 address 2.2.2.2 255.255.255.252
 encapsulation dot1q 3021 second-dot1q 3303
!
interface Bundle-Ether33.3
 description 95014450_Jamii_Bora_Bank-Nakuru_Backup
 vrf JAMII_BORA
 ipv4 address 172.30.17.53 255.255.255.252
 encapsulation dot1q 3021 second-dot1q 3304
!
interface Bundle-Ether33.4
 description 95015815 NBK-Westside Mall Nakuru ATM
 vrf NBK
 ipv4 address 172.30.17.77 255.255.255.252
 encapsulation dot1q 3021 second-dot1q 3311
!
interface MgmtEth0/RP0/CPU0/0
 description *** MANAGEMENT INTERFACE ***
 ipv4 address dhcp
!
interface MgmtEth0/0/CPU0/0
 shutdown
!
interface GigabitEthernet0/0/0/0
 bundle id 33 mode on
 shutdown
!
interface GigabitEthernet0/0/0/1
 bundle id 33 mode on
 shutdown
!
interface GigabitEthernet0/0/0/2
 shutdown
!
interface GigabitEthernet0/0/0/3
 shutdown
!
interface GigabitEthernet0/0/0/4
 shutdown
!
interface GigabitEthernet0/0/0/5
 shutdown
!
interface GigabitEthernet0/0/0/6
 shutdown
!
interface GigabitEthernet0/0/0/7
 shutdown
!
router static
 address-family ipv4 unicast
  0.0.0.0/0 192.168.122.1
 !
!
xml agent tty
 iteration off
!
netconf-yang agent
 ssh
!
ssh server v2
ssh server netconf vrf default
router eigrp 200
 address-family ipv4
 !
 vrf NBK
  address-family ipv4
   default-metric 1024 100 255 1 1500
   autonomous-system 500
   redistribute connected
   redistribute static
   interface Bundle-Ether33.1
   !
   interface Bundle-Ether33.2
   !
   interface Bundle-Ether33.4
   !
  !
 !
!
end

</Configuration></CLI><ResultSummary ErrorCount="0"/></Response>
XML> 
DEBUG:netmiko:read_channel: 
DEBUG:netmiko:write_channel: b'<?xml version="1.0" encoding="UTF-8"?><Request MajorVersion="1" MinorVersion="0"><CLI><Configuration>show running-config</Configuration></CLI></Request>\n'
DEBUG:netmiko:read_channel: 
DEBUG:netmiko:read_channel: 
DEBUG:netmiko:read_channel: 
DEBUG:netmiko:read_channel: 
DEBUG:netmiko:read_channel: 
DEBUG:netmiko:read_channel: <?xml version="1.0" encoding="UTF-8"?>
<Response MajorVersion="1" MinorVersion="0"><CLI><Configuration>
Building configuration...
!! IOS XR Configuration version = 6.4.1
!! Last configuration change at Wed Dec  9 07:26:25 2020 by admin
!
hostname r2
banner motd ;
--------------------------------------------------------------------------
  Router 2 (Cisco IOS XR Sandbox)
--------------------------------------------------------------------------
;
service timestamps log datetime msec
service timestamps debug datetime msec
username admin
 group root-lr
 group cisco-support
 secret 5 $1$A4C9$oaNorr6BXDruE4gDd086L.
!
line console
 timestamp disable
 exec-timeout 0 0
!
call-home
 service active
 contact smart-licensing
 profile CiscoTAC-1
  active
  destination transport-method http
 !
!
interface MgmtEth0/RP0/CPU0/0
 description *** MANAGEMENT INTERFACE ***
 ipv4 address dhcp
!
interface GigabitEthernet0/0/0/0
 shutdown
!
interface GigabitEthernet0/0/0/1
 shutdown
!
interface GigabitEthernet0/0/0/2
 shutdown
!
interface GigabitEthernet0/0/0/3
 shutdown
!
interface GigabitEthernet0/0/0/4
 shutdown
!
router static
 address-family ipv4 unicast
  0.0.0.0/0 192.168.122.1
 !
!
xml agent tty
 iteration off
!
netconf-yang agent
 ssh
!
ssh server v2
ssh server netconf vrf default
end

</Configuration></CLI><ResultSummary ErrorCount="0"/></Response>
XML> 
DEBUG:netmiko:read_channel: 
DEBUG:netmiko:write_channel: b'<?xml version="1.0" encoding="UTF-8"?><Request MajorVersion="1" MinorVersion="0"><Commit/></Request>\n'
DEBUG:netmiko:read_channel: 
DEBUG:netmiko:read_channel: 
DEBUG:netmiko:read_channel: 
DEBUG:netmiko:read_channel: 
DEBUG:netmiko:read_channel: 
DEBUG:netmiko:read_channel: 
DEBUG:netmiko:read_channel: 
DEBUG:netmiko:read_channel: 
DEBUG:netmiko:read_channel: 
DEBUG:netmiko:read_channel: 
DEBUG:netmiko:read_channel: 
DEBUG:netmiko:read_channel: 
DEBUG:netmiko:read_channel: 
DEBUG:netmiko:read_channel: 
DEBUG:netmiko:read_channel: 
DEBUG:netmiko:read_channel: 
DEBUG:netmiko:read_channel: 
DEBUG:netmiko:read_channel: 
DEBUG:netmiko:read_channel: 
DEBUG:netmiko:read_channel: 
DEBUG:netmiko:read_channel: 
DEBUG:netmiko:read_channel: 
DEBUG:netmiko:read_channel: 
DEBUG:netmiko:read_channel: 
DEBUG:netmiko:read_channel: 
DEBUG:netmiko:read_channel: 
DEBUG:netmiko:read_channel: 
DEBUG:netmiko:read_channel: 
DEBUG:netmiko:read_channel: 
DEBUG:netmiko:read_channel: 
DEBUG:netmiko:read_channel: 
DEBUG:netmiko:read_channel: 
DEBUG:netmiko:read_channel: 
DEBUG:netmiko:read_channel: 
DEBUG:netmiko:read_channel: 
DEBUG:netmiko:read_channel: 
DEBUG:netmiko:read_channel: 
DEBUG:netmiko:read_channel: 
DEBUG:netmiko:read_channel: 
DEBUG:netmiko:read_channel: 
DEBUG:netmiko:read_channel: 
DEBUG:netmiko:read_channel: 
DEBUG:netmiko:read_channel: 
DEBUG:netmiko:read_channel: 
DEBUG:netmiko:read_channel: <?xml version="1.0" encoding="UTF-8"?>
<Response MajorVersion="1" MinorVersion="0"><Commit CommitID="1000000014"/><ResultSummary ErrorCount="0"/></Response>
DEBUG:netmiko:read_channel: 
DEBUG:netmiko:read_channel: 
DEBUG:netmiko:read_channel: 
DEBUG:netmiko:read_channel: 
DEBUG:netmiko:read_channel: 
DEBUG:netmiko:read_channel: 
XML> 
DEBUG:netmiko:read_channel: 
DEBUG:netmiko:write_channel: b'<?xml version="1.0" encoding="UTF-8"?><Request MajorVersion="1" MinorVersion="0"><Unlock/></Request>\n'
DEBUG:netmiko:read_channel: 
DEBUG:netmiko:read_channel: 
DEBUG:netmiko:read_channel: <?xml version="1.0" encoding="UTF-8"?>
<Response MajorVersion="1" MinorVersion="0"><Unlock/><ResultSummary ErrorCount="0"/></Response>
XML> 
DEBUG:paramiko.transport:[chan 0] EOF sent (0)
DEBUG:paramiko.transport:starting thread (client mode): 0x527b0550
DEBUG:paramiko.transport:Local version/idstring: SSH-2.0-paramiko_2.4.2
DEBUG:paramiko.transport:Remote version/idstring: SSH-1.99-Cisco-2.0
INFO:paramiko.transport:Connected (version 1.99, client Cisco-2.0)
DEBUG:paramiko.transport:kex algos:['ecdh-sha2-nistp521', 'ecdh-sha2-nistp384', 'ecdh-sha2-nistp256', 'diffie-hellman-group14-sha1'] server key:['ssh-rsa'] client encrypt:['aes128-ctr', 'aes192-ctr', 'aes256-ctr', 'aes128-gcm@openssh.com', 'aes256-gcm@openssh.com'] server encrypt:['aes128-ctr', 'aes192-ctr', 'aes256-ctr', 'aes128-gcm@openssh.com', 'aes256-gcm@openssh.com'] client mac:['hmac-sha2-512', 'hmac-sha2-256', 'hmac-sha1'] server mac:['hmac-sha2-512', 'hmac-sha2-256', 'hmac-sha1'] client compress:['none'] server compress:['none'] client lang:[''] server lang:[''] kex follows?False
DEBUG:paramiko.transport:Kex agreed: ecdh-sha2-nistp256
DEBUG:paramiko.transport:HostKey agreed: ssh-rsa
DEBUG:paramiko.transport:Cipher agreed: aes128-ctr
DEBUG:paramiko.transport:MAC agreed: hmac-sha2-256
DEBUG:paramiko.transport:Compression agreed: none
DEBUG:paramiko.transport:kex engine KexNistp256 specified hash_algo <built-in function openssl_sha256>
DEBUG:paramiko.transport:Switch to new keys ...
DEBUG:paramiko.transport:Adding ssh-rsa host key for [10.10.20.70]:2231: b'0b7fe057af98893860da3ac18b449501'
DEBUG:paramiko.transport:userauth is OK
INFO:paramiko.transport:Authentication (password) successful!
DEBUG:paramiko.transport:[chan 0] Max packet in: 32768 bytes
DEBUG:paramiko.transport:[chan 0] Max packet out: 32768 bytes
DEBUG:paramiko.transport:Secsh channel 0 opened.
DEBUG:paramiko.transport:[chan 0] Sesch channel 0 request ok
DEBUG:paramiko.transport:[chan 0] Sesch channel 0 request ok
DEBUG:netmiko:read_channel: 

RP/0/RP0/CPU0:r2#
DEBUG:netmiko:read_channel: 
DEBUG:netmiko:read_channel: 
DEBUG:netmiko:read_channel: 
DEBUG:netmiko:write_channel: b'\n'
DEBUG:netmiko:read_channel: 
DEBUG:netmiko:read_channel: 
DEBUG:netmiko:write_channel: b'\n'
DEBUG:netmiko:read_channel: 
DEBUG:netmiko:write_channel: b'\n'
DEBUG:netmiko:read_channel: 

DEBUG:netmiko:write_channel: b'\n'
DEBUG:netmiko:read_channel: 
DEBUG:netmiko:write_channel: b'\n'
DEBUG:netmiko:read_channel: 
DEBUG:netmiko:write_channel: b'\n'
DEBUG:netmiko:read_channel: 
DEBUG:netmiko:write_channel: b'\n'
DEBUG:netmiko:read_channel: 
DEBUG:netmiko:write_channel: b'\n'
DEBUG:netmiko:read_channel: 
DEBUG:netmiko:write_channel: b'\n'
DEBUG:netmiko:read_channel: 
DEBUG:netmiko:write_channel: b'\n'
DEBUG:netmiko:read_channel: 
DEBUG:netmiko:write_channel: b'\n'
DEBUG:netmiko:read_channel: 
DEBUG:netmiko:write_channel: b'\n'
DEBUG:paramiko.transport:starting thread (client mode): 0x81f117f0
DEBUG:paramiko.transport:Local version/idstring: SSH-2.0-paramiko_2.4.2
DEBUG:paramiko.transport:Remote version/idstring: SSH-1.99-Cisco-2.0
INFO:paramiko.transport:Connected (version 1.99, client Cisco-2.0)
DEBUG:paramiko.transport:kex algos:['ecdh-sha2-nistp521', 'ecdh-sha2-nistp384', 'ecdh-sha2-nistp256', 'diffie-hellman-group14-sha1'] server key:['ssh-rsa'] client encrypt:['aes128-ctr', 'aes192-ctr', 'aes256-ctr', 'aes128-gcm@openssh.com', 'aes256-gcm@openssh.com'] server encrypt:['aes128-ctr', 'aes192-ctr', 'aes256-ctr', 'aes128-gcm@openssh.com', 'aes256-gcm@openssh.com'] client mac:['hmac-sha2-512', 'hmac-sha2-256', 'hmac-sha1'] server mac:['hmac-sha2-512', 'hmac-sha2-256', 'hmac-sha1'] client compress:['none'] server compress:['none'] client lang:[''] server lang:[''] kex follows?False
DEBUG:paramiko.transport:Kex agreed: ecdh-sha2-nistp256
DEBUG:paramiko.transport:HostKey agreed: ssh-rsa
DEBUG:paramiko.transport:Cipher agreed: aes128-ctr
DEBUG:paramiko.transport:MAC agreed: hmac-sha2-256
DEBUG:paramiko.transport:Compression agreed: none
DEBUG:paramiko.transport:kex engine KexNistp256 specified hash_algo <built-in function openssl_sha256>
DEBUG:paramiko.transport:Switch to new keys ...
DEBUG:paramiko.transport:Adding ssh-rsa host key for [10.10.20.70]:2231: b'0b7fe057af98893860da3ac18b449501'
DEBUG:paramiko.transport:userauth is OK
INFO:paramiko.transport:Authentication (password) successful!
DEBUG:paramiko.transport:[chan 0] Max packet in: 32768 bytes
DEBUG:paramiko.transport:[chan 0] Max packet out: 32768 bytes
DEBUG:paramiko.transport:Secsh channel 0 opened.
DEBUG:paramiko.transport:[chan 0] Sesch channel 0 request ok
DEBUG:paramiko.transport:[chan 0] Sesch channel 0 request ok
DEBUG:netmiko:read_channel: 

RP/0/RP0/CPU0:r2#
DEBUG:netmiko:read_channel: 
DEBUG:netmiko:read_channel: 
DEBUG:netmiko:read_channel: 
DEBUG:netmiko:write_channel: b'\n'
DEBUG:netmiko:read_channel: 
DEBUG:netmiko:read_channel: 
DEBUG:netmiko:write_channel: b'\n'
DEBUG:netmiko:read_channel: 
DEBUG:netmiko:write_channel: b'\n'
DEBUG:netmiko:read_channel: 
DEBUG:netmiko:write_channel: b'\n'
DEBUG:netmiko:read_channel: 
DEBUG:netmiko:write_channel: b'\n'
DEBUG:netmiko:read_channel: 
RP/0/RP0/CPU0:r2#
DEBUG:netmiko:read_channel: 
DEBUG:netmiko:read_channel: 
DEBUG:netmiko:In disable_paging
DEBUG:netmiko:Command: terminal length 0

DEBUG:netmiko:write_channel: b'terminal length 0\n'
DEBUG:netmiko:Pattern is: RP\/0\/RP0\/CPU0\:r2
DEBUG:netmiko:_read_channel_expect read_data: 

DEBUG:netmiko:_read_channel_expect read_data: RP/0/RP0/CPU0:r2#
RP/0/RP0/CPU0:r2#
RP/0/RP0/CPU0:r2#
RP/0/RP0/CPU0:r2#
DEBUG:netmiko:Pattern found: RP\/0\/RP0\/CPU0\:r2 
RP/0/RP0/CPU0:r2#
RP/0/RP0/CPU0:r2#
RP/0/RP0/CPU0:r2#
RP/0/RP0/CPU0:r2#
DEBUG:netmiko:
RP/0/RP0/CPU0:r2#
RP/0/RP0/CPU0:r2#
RP/0/RP0/CPU0:r2#
RP/0/RP0/CPU0:r2#
DEBUG:netmiko:Exiting disable_paging
DEBUG:netmiko:write_channel: b'terminal width 511\n'
DEBUG:netmiko:Pattern is: RP\/0\/RP0\/CPU0\:r2
DEBUG:netmiko:_read_channel_expect read_data: terminal length 0

DEBUG:netmiko:_read_channel_expect read_data: Wed Dec  9 07:36:02.008 UTC

DEBUG:netmiko:_read_channel_expect read_data: RP/0/RP0/CPU0:r2#
DEBUG:netmiko:Pattern found: RP\/0\/RP0\/CPU0\:r2 terminal length 0
Wed Dec  9 07:36:02.008 UTC
RP/0/RP0/CPU0:r2#
DEBUG:netmiko:read_channel: terminal width 511
Wed Dec  9 07:36:02.265 UTC
RP/0/RP0/CPU0:r2#
DEBUG:netmiko:read_channel: 
DEBUG:netmiko:write_channel: b'\n'
DEBUG:netmiko:read_channel: 
DEBUG:netmiko:read_channel: 
DEBUG:netmiko:write_channel: b'\n'
DEBUG:netmiko:read_channel: 
DEBUG:netmiko:write_channel: b'\n'
DEBUG:netmiko:read_channel: 
RP/0/RP0/CPU0:r2#
DEBUG:netmiko:read_channel: 
DEBUG:netmiko:read_channel: 
DEBUG:netmiko:write_channel: b'xml\n'
DEBUG:netmiko:read_channel: 
DEBUG:netmiko:read_channel: 
RP/0/RP0/CPU0:r2#
RP/0/RP0/CPU0:r2#xml
Wed Dec  9 07:36:03.295 UTC
XML> 
DEBUG:netmiko:read_channel: 
DEBUG:netmiko:read_channel: 
DEBUG:netmiko:read_channel: 
DEBUG:netmiko:write_channel: b'<?xml version="1.0" encoding="UTF-8"?><Request MajorVersion="1" MinorVersion="0"><Lock/></Request>\n'
DEBUG:netmiko:read_channel: 
DEBUG:netmiko:read_channel: 
DEBUG:netmiko:read_channel: <?xml version="1.0" encoding="UTF-8"?>
<Response MajorVersion="1" MinorVersion="0"><Lock/><ResultSummary ErrorCount="0"/></Response>
XML> 
DEBUG:netmiko:read_channel: 
DEBUG:netmiko:write_channel: b'<?xml version="1.0" encoding="UTF-8"?><Request MajorVersion="1" MinorVersion="0"><CLI><Configuration>\n\nlogging console disable\nline console\n exec-timeout 0 0\n absolute-timeout 0\n session-timeout 0\n!\nline default\n exec-timeout 0 0\n absolute-timeout 0\n session-timeout 0\n!\ninterface Bundle-Ether33\n description ==TEST1==\n mtu 9216\n \n bundle maximum-active links 2\n bundle minimum-active links 1\n!\ninterface Bundle-Ether33.1\n description 95014353 National Bank Of Kenya-Nakuru\n vrf NBK\n ipv4 address 1.1.1.1 255.255.255.252\n encapsulation dot1q 3021 second-dot1q 3302\n!\ninterface Bundle-Ether33.2\n description 95014354 National Bank Of Kenya Nakuru Hospital ATM\n vrf NBK\n ipv4 address 2.2.2.2 255.255.255.252\n encapsulation dot1q 3021 second-dot1q 3303\n!\ninterface Bundle-Ether33.3\n description 95014450_Jamii_Bora_Bank-Nakuru_Backup\n vrf JAMII_BORA\n ipv4 address 172.30.17.53 255.255.255.252\n encapsulation dot1q 3021 second-dot1q 3304\n!\ninterface Bundle-Ether33.4\n description 95015815 NBK-Westside Mall Nakuru ATM\n vrf NBK\n ipv4 address 172.30.17.77 255.255.255.252\n encapsulation dot1q 3021 second-dot1q 3311\n!\ninterface MgmtEth0/0/CPU0/0\n shutdown\n!\ninterface GigabitEthernet0/0/0/0\n bundle id 33 mode on\n!\ninterface GigabitEthernet0/0/0/1\n bundle id 33 mode on\n!\ninterface GigabitEthernet0/0/0/2\n shutdown\n!\ninterface GigabitEthernet0/0/0/3\n shutdown\n!\ninterface GigabitEthernet0/0/0/4\n shutdown\n!\ninterface GigabitEthernet0/0/0/5\n shutdown\n!\ninterface GigabitEthernet0/0/0/6\n shutdown\n!\ninterface GigabitEthernet0/0/0/7\n shutdown\n!\nrouter eigrp 200\n address-family ipv4\n !\n vrf NBK\n  address-family ipv4\n   default-metric 1024 100 255 1 1500\n   autonomous-system 500\n   redistribute connected\n   redistribute static\n   interface Bundle-Ether33.1\n   !\n   interface Bundle-Ether33.2\n   !\n   interface Bundle-Ether33.4\n   !\n  !\n !\n!\nend\n\n\n</Configuration></CLI></Request>\n'
DEBUG:netmiko:read_channel: 
DEBUG:netmiko:read_channel: 
DEBUG:netmiko:read_channel: 
DEBUG:netmiko:read_channel: <?xml version="1.0" encoding="UTF-8"?>
<Response MajorVersion="1" MinorVersion="0"><CLI><Configuration/></CLI><ResultSummary ErrorCount="0"/></Response>
XML> 
DEBUG:netmiko:read_channel: 
DEBUG:netmiko:write_channel: b'<?xml version="1.0" encoding="UTF-8"?><Request MajorVersion="1" MinorVersion="0"><CLI><Configuration>show configuration merge</Configuration></CLI></Request>\n'
DEBUG:netmiko:read_channel: 
DEBUG:netmiko:read_channel: 
DEBUG:netmiko:read_channel: 
DEBUG:netmiko:read_channel: 
DEBUG:netmiko:read_channel: 
DEBUG:netmiko:read_channel: <?xml version="1.0" encoding="UTF-8"?>
<Response MajorVersion="1" MinorVersion="0"><CLI><Configuration>
Building configuration...
!! IOS XR Configuration version = 6.4.1
!! Last configuration change at Wed Dec  9 07:29:02 2020 by admin
!
hostname r2
banner motd ;
--------------------------------------------------------------------------
  Router 2 (Cisco IOS XR Sandbox)
--------------------------------------------------------------------------
;
logging console disable
service timestamps log datetime msec
service timestamps debug datetime msec
username admin
 group root-lr
 group cisco-support
 secret 5 $1$A4C9$oaNorr6BXDruE4gDd086L.
!
line console
 timestamp disable
 exec-timeout 0 0
 absolute-timeout 0
 session-timeout 0
!
line default
 exec-timeout 0 0
 absolute-timeout 0
 session-timeout 0
!
call-home
 service active
 contact smart-licensing
 profile CiscoTAC-1
  active
  destination transport-method http
 !
!
interface Bundle-Ether33
 description ==TEST1==
 mtu 9216
 bundle maximum-active links 2
 bundle minimum-active links 1
!
interface Bundle-Ether33.1
 description 95014353 National Bank Of Kenya-Nakuru
 vrf NBK
 ipv4 address 1.1.1.1 255.255.255.252
 encapsulation dot1q 3021 second-dot1q 3302
!
interface Bundle-Ether33.2
 description 95014354 National Bank Of Kenya Nakuru Hospital ATM
 vrf NBK
 ipv4 address 2.2.2.2 255.255.255.252
 encapsulation dot1q 3021 second-dot1q 3303
!
interface Bundle-Ether33.3
 description 95014450_Jamii_Bora_Bank-Nakuru_Backup
 vrf JAMII_BORA
 ipv4 address 172.30.17.53 255.255.255.252
 encapsulation dot1q 3021 second-dot1q 3304
!
interface Bundle-Ether33.4
 description 95015815 NBK-Westside Mall Nakuru ATM
 vrf NBK
 ipv4 address 172.30.17.77 255.255.255.252
 encapsulation dot1q 3021 second-dot1q 3311
!
interface MgmtEth0/RP0/CPU0/0
 description *** MANAGEMENT INTERFACE ***
 ipv4 address dhcp
!
interface MgmtEth0/0/CPU0/0
 shutdown
!
interface GigabitEthernet0/0/0/0
 bundle id 33 mode on
 shutdown
!
interface GigabitEthernet0/0/0/1
 bundle id 33 mode on
 shutdown
!
interface GigabitEthernet0/0/0/2
 shutdown
!
interface GigabitEthernet0/0/0/3
 shutdown
!
interface GigabitEthernet0/0/0/4
 shutdown
!
interface GigabitEthernet0/0/0/5
 shutdown
!
interface GigabitEthernet0/0/0/6
 shutdown
!
interface GigabitEthernet0/0/0/7
 shutdown
!
interface preconfigure MgmtEth0/0/CPU0/0
 shutdown
!
interface preconfigure GigabitEthernet0/0/0/5
 shutdown
!
interface preconfigure GigabitEthernet0/0/0/6
 shutdown
!
interface preconfigure GigabitEthernet0/0/0/7
 shutdown
!
router static
 address-family ipv4 unicast
  0.0.0.0/0 192.168.122.1
 !
!
xml agent tty
 iteration off
!
netconf-yang agent
 ssh
!
ssh server v2
ssh server netconf vrf default
router eigrp 200
 address-family ipv4
 !
 vrf NBK
  address-family ipv4
   default-metric 1024 100 255 1 1500
   autonomous-system 500
   redistribute connected
   redistribute static
   interface Bundle-Ether33.1
   !
   interface Bundle-Ether33.2
   !
   interface Bundle-Ether33.4
   !
  !
 !
!
end

</Configuration></CLI><ResultSummary ErrorCount="0"/></Response>
XML> 
DEBUG:netmiko:read_channel: 
DEBUG:netmiko:write_channel: b'<?xml version="1.0" encoding="UTF-8"?><Request MajorVersion="1" MinorVersion="0"><CLI><Configuration>show running-config</Configuration></CLI></Request>\n'
DEBUG:netmiko:read_channel: 
DEBUG:netmiko:read_channel: 
DEBUG:netmiko:read_channel: 
DEBUG:netmiko:read_channel: 
DEBUG:netmiko:read_channel: 
DEBUG:netmiko:read_channel: <?xml version="1.0" encoding="UTF-8"?>
<Response MajorVersion="1" MinorVersion="0"><CLI><Configuration>
Building configuration...
!! IOS XR Configuration version = 6.4.1
!! Last configuration change at Wed Dec  9 07:29:02 2020 by admin
!
hostname r2
banner motd ;
--------------------------------------------------------------------------
  Router 2 (Cisco IOS XR Sandbox)
--------------------------------------------------------------------------
;
logging console disable
service timestamps log datetime msec
service timestamps debug datetime msec
username admin
 group root-lr
 group cisco-support
 secret 5 $1$A4C9$oaNorr6BXDruE4gDd086L.
!
line console
 timestamp disable
 exec-timeout 0 0
 absolute-timeout 0
 session-timeout 0
!
line default
 exec-timeout 0 0
 absolute-timeout 0
 session-timeout 0
!
call-home
 service active
 contact smart-licensing
 profile CiscoTAC-1
  active
  destination transport-method http
 !
!
interface Bundle-Ether33
 description ==TEST1==
 mtu 9216
 bundle maximum-active links 2
 bundle minimum-active links 1
!
interface Bundle-Ether33.1
 description 95014353 National Bank Of Kenya-Nakuru
 vrf NBK
 ipv4 address 1.1.1.1 255.255.255.252
 encapsulation dot1q 3021 second-dot1q 3302
!
interface Bundle-Ether33.2
 description 95014354 National Bank Of Kenya Nakuru Hospital ATM
 vrf NBK
 ipv4 address 2.2.2.2 255.255.255.252
 encapsulation dot1q 3021 second-dot1q 3303
!
interface Bundle-Ether33.3
 description 95014450_Jamii_Bora_Bank-Nakuru_Backup
 vrf JAMII_BORA
 ipv4 address 172.30.17.53 255.255.255.252
 encapsulation dot1q 3021 second-dot1q 3304
!
interface Bundle-Ether33.4
 description 95015815 NBK-Westside Mall Nakuru ATM
 vrf NBK
 ipv4 address 172.30.17.77 255.255.255.252
 encapsulation dot1q 3021 second-dot1q 3311
!
interface MgmtEth0/RP0/CPU0/0
 description *** MANAGEMENT INTERFACE ***
 ipv4 address dhcp
!
interface GigabitEthernet0/0/0/0
 bundle id 33 mode on
 shutdown
!
interface GigabitEthernet0/0/0/1
 bundle id 33 mode on
 shutdown
!
interface GigabitEthernet0/0/0/2
 shutdown
!
interface GigabitEthernet0/0/0/3
 shutdown
!
interface GigabitEthernet0/0/0/4
 shutdown
!
interface preconfigure MgmtEth0/0/CPU0/0
 shutdown
!
interface preconfigure GigabitEthernet0/0/0/5
 shutdown
!
interface preconfigure GigabitEthernet0/0/0/6
 shutdown
!
interface preconfigure GigabitEthernet0/0/0/7
 shutdown
!
router static
 address-family ipv4 unicast
  0.0.0.0/0 192.168.122.1
 !
!
xml agent tty
 iteration off
!
netconf-yang agent
 ssh
!
ssh server v2
ssh server netconf vrf default
router eigrp 200
 address-family ipv4
 !
 vrf NBK
  address-family ipv4
   default-metric 1024 100 255 1 1500
   autonomous-system 500
   redistribute connected
   redistribute static
   interface Bundle-Ether33.1
   !
   interface Bundle-Ether33.2
   !
   interface Bundle-Ether33.4
   !
  !
 !
!
end

</Configuration></CLI><ResultSummary ErrorCount="0"/></Response>
XML> 
DEBUG:netmiko:read_channel: 
DEBUG:netmiko:write_channel: b'<?xml version="1.0" encoding="UTF-8"?><Request MajorVersion="1" MinorVersion="0"><CLI><Configuration>show configuration merge</Configuration></CLI></Request>\n'
DEBUG:netmiko:read_channel: 
DEBUG:netmiko:read_channel: 
DEBUG:netmiko:read_channel: 
DEBUG:netmiko:read_channel: 
DEBUG:netmiko:read_channel: 
DEBUG:netmiko:read_channel: <?xml version="1.0" encoding="UTF-8"?>
<Response MajorVersion="1" MinorVersion="0"><CLI><Configuration>
Building configuration...
!! IOS XR Configuration version = 6.4.1
!! Last configuration change at Wed Dec  9 07:29:02 2020 by admin
!
hostname r2
banner motd ;
--------------------------------------------------------------------------
  Router 2 (Cisco IOS XR Sandbox)
--------------------------------------------------------------------------
;
logging console disable
service timestamps log datetime msec
service timestamps debug datetime msec
username admin
 group root-lr
 group cisco-support
 secret 5 $1$A4C9$oaNorr6BXDruE4gDd086L.
!
line console
 timestamp disable
 exec-timeout 0 0
 absolute-timeout 0
 session-timeout 0
!
line default
 exec-timeout 0 0
 absolute-timeout 0
 session-timeout 0
!
call-home
 service active
 contact smart-licensing
 profile CiscoTAC-1
  active
  destination transport-method http
 !
!
interface Bundle-Ether33
 description ==TEST1==
 mtu 9216
 bundle maximum-active links 2
 bundle minimum-active links 1
!
interface Bundle-Ether33.1
 description 95014353 National Bank Of Kenya-Nakuru
 vrf NBK
 ipv4 address 1.1.1.1 255.255.255.252
 encapsulation dot1q 3021 second-dot1q 3302
!
interface Bundle-Ether33.2
 description 95014354 National Bank Of Kenya Nakuru Hospital ATM
 vrf NBK
 ipv4 address 2.2.2.2 255.255.255.252
 encapsulation dot1q 3021 second-dot1q 3303
!
interface Bundle-Ether33.3
 description 95014450_Jamii_Bora_Bank-Nakuru_Backup
 vrf JAMII_BORA
 ipv4 address 172.30.17.53 255.255.255.252
 encapsulation dot1q 3021 second-dot1q 3304
!
interface Bundle-Ether33.4
 description 95015815 NBK-Westside Mall Nakuru ATM
 vrf NBK
 ipv4 address 172.30.17.77 255.255.255.252
 encapsulation dot1q 3021 second-dot1q 3311
!
interface MgmtEth0/RP0/CPU0/0
 description *** MANAGEMENT INTERFACE ***
 ipv4 address dhcp
!
interface MgmtEth0/0/CPU0/0
 shutdown
!
interface GigabitEthernet0/0/0/0
 bundle id 33 mode on
 shutdown
!
interface GigabitEthernet0/0/0/1
 bundle id 33 mode on
 shutdown
!
interface GigabitEthernet0/0/0/2
 shutdown
!
interface GigabitEthernet0/0/0/3
 shutdown
!
interface GigabitEthernet0/0/0/4
 shutdown
!
interface GigabitEthernet0/0/0/5
 shutdown
!
interface GigabitEthernet0/0/0/6
 shutdown
!
interface GigabitEthernet0/0/0/7
 shutdown
!
interface preconfigure MgmtEth0/0/CPU0/0
 shutdown
!
interface preconfigure GigabitEthernet0/0/0/5
 shutdown
!
interface preconfigure GigabitEthernet0/0/0/6
 shutdown
!
interface preconfigure GigabitEthernet0/0/0/7
 shutdown
!
router static
 address-family ipv4 unicast
  0.0.0.0/0 192.168.122.1
 !
!
xml agent tty
 iteration off
!
netconf-yang agent
 ssh
!
ssh server v2
ssh server netconf vrf default
router eigrp 200
 address-family ipv4
 !
 vrf NBK
  address-family ipv4
   default-metric 1024 100 255 1 1500
   autonomous-system 500
   redistribute connected
   redistribute static
   interface Bundle-Ether33.1
   !
   interface Bundle-Ether33.2
   !
   interface Bundle-Ether33.4
   !
  !
 !
!
end

</Configuration></CLI><ResultSummary ErrorCount="0"/></Response>
XML> 
DEBUG:netmiko:read_channel: 
DEBUG:netmiko:write_channel: b'<?xml version="1.0" encoding="UTF-8"?><Request MajorVersion="1" MinorVersion="0"><CLI><Configuration>show running-config</Configuration></CLI></Request>\n'
DEBUG:netmiko:read_channel: 
DEBUG:netmiko:read_channel: 
DEBUG:netmiko:read_channel: 
DEBUG:netmiko:read_channel: 
DEBUG:netmiko:read_channel: 
DEBUG:netmiko:read_channel: <?xml version="1.0" encoding="UTF-8"?>
<Response MajorVersion="1" MinorVersion="0"><CLI><Configuration>
Building configuration...
!! IOS XR Configuration version = 6.4.1
!! Last configuration change at Wed Dec  9 07:29:02 2020 by admin
!
hostname r2
banner motd ;
--------------------------------------------------------------------------
  Router 2 (Cisco IOS XR Sandbox)
--------------------------------------------------------------------------
;
logging console disable
service timestamps log datetime msec
service timestamps debug datetime msec
username admin
 group root-lr
 group cisco-support
 secret 5 $1$A4C9$oaNorr6BXDruE4gDd086L.
!
line console
 timestamp disable
 exec-timeout 0 0
 absolute-timeout 0
 session-timeout 0
!
line default
 exec-timeout 0 0
 absolute-timeout 0
 session-timeout 0
!
call-home
 service active
 contact smart-licensing
 profile CiscoTAC-1
  active
  destination transport-method http
 !
!
interface Bundle-Ether33
 description ==TEST1==
 mtu 9216
 bundle maximum-active links 2
 bundle minimum-active links 1
!
interface Bundle-Ether33.1
 description 95014353 National Bank Of Kenya-Nakuru
 vrf NBK
 ipv4 address 1.1.1.1 255.255.255.252
 encapsulation dot1q 3021 second-dot1q 3302
!
interface Bundle-Ether33.2
 description 95014354 National Bank Of Kenya Nakuru Hospital ATM
 vrf NBK
 ipv4 address 2.2.2.2 255.255.255.252
 encapsulation dot1q 3021 second-dot1q 3303
!
interface Bundle-Ether33.3
 description 95014450_Jamii_Bora_Bank-Nakuru_Backup
 vrf JAMII_BORA
 ipv4 address 172.30.17.53 255.255.255.252
 encapsulation dot1q 3021 second-dot1q 3304
!
interface Bundle-Ether33.4
 description 95015815 NBK-Westside Mall Nakuru ATM
 vrf NBK
 ipv4 address 172.30.17.77 255.255.255.252
 encapsulation dot1q 3021 second-dot1q 3311
!
interface MgmtEth0/RP0/CPU0/0
 description *** MANAGEMENT INTERFACE ***
 ipv4 address dhcp
!
interface GigabitEthernet0/0/0/0
 bundle id 33 mode on
 shutdown
!
interface GigabitEthernet0/0/0/1
 bundle id 33 mode on
 shutdown
!
interface GigabitEthernet0/0/0/2
 shutdown
!
interface GigabitEthernet0/0/0/3
 shutdown
!
interface GigabitEthernet0/0/0/4
 shutdown
!
interface preconfigure MgmtEth0/0/CPU0/0
 shutdown
!
interface preconfigure GigabitEthernet0/0/0/5
 shutdown
!
interface preconfigure GigabitEthernet0/0/0/6
 shutdown
!
interface preconfigure GigabitEthernet0/0/0/7
 shutdown
!
router static
 address-family ipv4 unicast
  0.0.0.0/0 192.168.122.1
 !
!
xml agent tty
 iteration off
!
netconf-yang agent
 ssh
!
ssh server v2
ssh server netconf vrf default
router eigrp 200
 address-family ipv4
 !
 vrf NBK
  address-family ipv4
   default-metric 1024 100 255 1 1500
   autonomous-system 500
   redistribute connected
   redistribute static
   interface Bundle-Ether33.1
   !
   interface Bundle-Ether33.2
   !
   interface Bundle-Ether33.4
   !
  !
 !
!
end

</Configuration></CLI><ResultSummary ErrorCount="0"/></Response>
XML> 
DEBUG:netmiko:read_channel: 
DEBUG:netmiko:write_channel: b'<?xml version="1.0" encoding="UTF-8"?><Request MajorVersion="1" MinorVersion="0"><Clear/></Request>\n'
DEBUG:netmiko:read_channel: 
DEBUG:netmiko:read_channel: 
DEBUG:netmiko:read_channel: <?xml version="1.0" encoding="UTF-8"?>
<Response MajorVersion="1" MinorVersion="0"><Clear/><ResultSummary ErrorCount="0"/></Response>
XML> 
DEBUG:netmiko:read_channel: 
DEBUG:netmiko:write_channel: b'<?xml version="1.0" encoding="UTF-8"?><Request MajorVersion="1" MinorVersion="0"><Unlock/></Request>\n'
DEBUG:netmiko:read_channel: 
DEBUG:netmiko:read_channel: 
DEBUG:netmiko:read_channel: 
DEBUG:netmiko:read_channel: <?xml version="1.0" encoding="UTF-8"?>
<Response MajorVersion="1" MinorVersion="0"><Unlock/><ResultSummary ErrorCount="0"/></Response>
XML> 
DEBUG:paramiko.transport:[chan 0] EOF sent (0)
DEBUG:paramiko.transport:starting thread (client mode): 0x3c7c6780
DEBUG:paramiko.transport:Local version/idstring: SSH-2.0-paramiko_2.4.2
DEBUG:paramiko.transport:Remote version/idstring: SSH-1.99-Cisco-2.0
INFO:paramiko.transport:Connected (version 1.99, client Cisco-2.0)
DEBUG:paramiko.transport:kex algos:['ecdh-sha2-nistp521', 'ecdh-sha2-nistp384', 'ecdh-sha2-nistp256', 'diffie-hellman-group14-sha1'] server key:['ssh-rsa'] client encrypt:['aes128-ctr', 'aes192-ctr', 'aes256-ctr', 'aes128-gcm@openssh.com', 'aes256-gcm@openssh.com'] server encrypt:['aes128-ctr', 'aes192-ctr', 'aes256-ctr', 'aes128-gcm@openssh.com', 'aes256-gcm@openssh.com'] client mac:['hmac-sha2-512', 'hmac-sha2-256', 'hmac-sha1'] server mac:['hmac-sha2-512', 'hmac-sha2-256', 'hmac-sha1'] client compress:['none'] server compress:['none'] client lang:[''] server lang:[''] kex follows?False
DEBUG:paramiko.transport:Kex agreed: ecdh-sha2-nistp256
DEBUG:paramiko.transport:HostKey agreed: ssh-rsa
DEBUG:paramiko.transport:Cipher agreed: aes128-ctr
DEBUG:paramiko.transport:MAC agreed: hmac-sha2-256
DEBUG:paramiko.transport:Compression agreed: none
DEBUG:paramiko.transport:kex engine KexNistp256 specified hash_algo <built-in function openssl_sha256>
DEBUG:paramiko.transport:Switch to new keys ...
DEBUG:paramiko.transport:Adding ssh-rsa host key for [10.10.20.70]:2231: b'0b7fe057af98893860da3ac18b449501'
DEBUG:paramiko.transport:userauth is OK
INFO:paramiko.transport:Authentication (password) successful!
DEBUG:paramiko.transport:[chan 0] Max packet in: 32768 bytes
DEBUG:paramiko.transport:[chan 0] Max packet out: 32768 bytes
DEBUG:paramiko.transport:Secsh channel 0 opened.
DEBUG:paramiko.transport:[chan 0] Sesch channel 0 request ok
DEBUG:paramiko.transport:[chan 0] Sesch channel 0 request ok
DEBUG:netmiko:read_channel: 

RP/0/RP0/CPU0:r2#
DEBUG:netmiko:read_channel: 
DEBUG:netmiko:read_channel: 
DEBUG:netmiko:read_channel: 
DEBUG:netmiko:write_channel: b'\n'
DEBUG:netmiko:read_channel: 
DEBUG:netmiko:read_channel: 
DEBUG:netmiko:write_channel: b'\n'
DEBUG:netmiko:read_channel: 
DEBUG:netmiko:write_channel: b'\n'
DEBUG:netmiko:read_channel: 
RP/0/RP0/CPU0:r2#
DEBUG:netmiko:read_channel: 
DEBUG:netmiko:read_channel: 
DEBUG:netmiko:In disable_paging
DEBUG:netmiko:Command: terminal length 0

DEBUG:netmiko:write_channel: b'terminal length 0\n'
DEBUG:netmiko:Pattern is: RP\/0\/RP0\/CPU0\:r2
DEBUG:netmiko:_read_channel_expect read_data: 

DEBUG:netmiko:_read_channel_expect read_data: RP/0/RP0/CPU0:r2#
RP/0/RP0/CPU0:r2#
DEBUG:netmiko:Pattern found: RP\/0\/RP0\/CPU0\:r2 
RP/0/RP0/CPU0:r2#
RP/0/RP0/CPU0:r2#
DEBUG:netmiko:
RP/0/RP0/CPU0:r2#
RP/0/RP0/CPU0:r2#
DEBUG:netmiko:Exiting disable_paging
DEBUG:netmiko:write_channel: b'terminal width 511\n'
DEBUG:netmiko:Pattern is: RP\/0\/RP0\/CPU0\:r2
DEBUG:netmiko:_read_channel_expect read_data: terminal length 0

DEBUG:netmiko:_read_channel_expect read_data: Wed Dec  9 07:45:51.913 UTC

DEBUG:netmiko:_read_channel_expect read_data: RP/0/RP0/CPU0:r2#
DEBUG:netmiko:Pattern found: RP\/0\/RP0\/CPU0\:r2 terminal length 0
Wed Dec  9 07:45:51.913 UTC
RP/0/RP0/CPU0:r2#
DEBUG:netmiko:read_channel: terminal width 511
Wed Dec  9 07:45:52.151 UTC
RP/0/RP0/CPU0:r2#
DEBUG:netmiko:read_channel: 
DEBUG:netmiko:write_channel: b'\n'
DEBUG:netmiko:read_channel: 
DEBUG:netmiko:read_channel: 
DEBUG:netmiko:write_channel: b'\n'
DEBUG:netmiko:read_channel: 
DEBUG:netmiko:write_channel: b'\n'
DEBUG:netmiko:read_channel: 
RP/0/RP0/CPU0:r2#
DEBUG:netmiko:read_channel: 
DEBUG:netmiko:read_channel: 
DEBUG:netmiko:write_channel: b'xml\n'
DEBUG:netmiko:read_channel: 
DEBUG:netmiko:read_channel: 
RP/0/RP0/CPU0:r2#
RP/0/RP0/CPU0:r2#xml
Wed Dec  9 07:45:53.362 UTC
XML> 
DEBUG:netmiko:read_channel: 
DEBUG:netmiko:read_channel: 
DEBUG:netmiko:read_channel: 
DEBUG:netmiko:write_channel: b'<?xml version="1.0" encoding="UTF-8"?><Request MajorVersion="1" MinorVersion="0"><Lock/></Request>\n'
DEBUG:netmiko:read_channel: 
DEBUG:netmiko:read_channel: 
DEBUG:netmiko:read_channel: <?xml version="1.0" encoding="UTF-8"?>
<Response MajorVersion="1" MinorVersion="0"><Lock/><ResultSummary ErrorCount="0"/></Response>
XML> 
DEBUG:netmiko:read_channel: 
DEBUG:netmiko:write_channel: b'<?xml version="1.0" encoding="UTF-8"?><Request MajorVersion="1" MinorVersion="0"><CLI><Configuration>\n\nlogging console disable\nline console\n exec-timeout 0 0\n absolute-timeout 0\n session-timeout 0\n!\nline default\n exec-timeout 0 0\n absolute-timeout 0\n session-timeout 0\n!\ninterface Bundle-Ether33\n description ==TEST1==\n mtu 9216\n \n bundle maximum-active links 2\n bundle minimum-active links 1\n!\ninterface Bundle-Ether33.1\n description 95014353 National Bank Of Kenya-Nakuru\n vrf NBK\n ipv4 address 1.1.1.1 255.255.255.252\n encapsulation dot1q 3021 second-dot1q 3302\n!\ninterface Bundle-Ether33.2\n description 95014354 National Bank Of Kenya Nakuru Hospital ATM\n vrf NBK\n ipv4 address 2.2.2.2 255.255.255.252\n encapsulation dot1q 3021 second-dot1q 3303\n!\ninterface Bundle-Ether33.3\n description 95014450_Jamii_Bora_Bank-Nakuru_Backup\n vrf JAMII_BORA\n ipv4 address 172.30.17.53 255.255.255.252\n encapsulation dot1q 3021 second-dot1q 3304\n!\ninterface Bundle-Ether33.4\n description 95015815 NBK-Westside Mall Nakuru ATM\n vrf NBK\n ipv4 address 172.30.17.77 255.255.255.252\n encapsulation dot1q 3021 second-dot1q 3311\n\nrouter eigrp 200\n address-family ipv4\n !\n vrf NBK\n  address-family ipv4\n   default-metric 1024 100 255 1 1500\n   autonomous-system 500\n   redistribute connected\n   redistribute static\n   interface Bundle-Ether33.1\n   !\n   interface Bundle-Ether33.2\n   !\n   interface Bundle-Ether33.4\n   !\n  !\n !\n!\nend\n\n\n</Configuration></CLI></Request>\n'
DEBUG:netmiko:read_channel: 
DEBUG:netmiko:read_channel: 
DEBUG:netmiko:read_channel: <?xml version="1.0" encoding="UTF-8"?>
<Response MajorVersion="1" MinorVersion="0"><CLI><Configuration/></CLI><ResultSummary ErrorCount="0"/></Response>
XML> 
DEBUG:netmiko:read_channel: 
DEBUG:netmiko:write_channel: b'<?xml version="1.0" encoding="UTF-8"?><Request MajorVersion="1" MinorVersion="0"><CLI><Configuration>show configuration merge</Configuration></CLI></Request>\n'
DEBUG:netmiko:read_channel: 
DEBUG:netmiko:read_channel: 
DEBUG:netmiko:read_channel: 
DEBUG:netmiko:read_channel: 
DEBUG:netmiko:read_channel: 
DEBUG:netmiko:read_channel: <?xml version="1.0" encoding="UTF-8"?>
<Response MajorVersion="1" MinorVersion="0"><CLI><Configuration>
Building configuration...
!! IOS XR Configuration version = 6.4.1
!! Last configuration change at Wed Dec  9 07:29:02 2020 by admin
!
hostname r2
banner motd ;
--------------------------------------------------------------------------
  Router 2 (Cisco IOS XR Sandbox)
--------------------------------------------------------------------------
;
logging console disable
service timestamps log datetime msec
service timestamps debug datetime msec
username admin
 group root-lr
 group cisco-support
 secret 5 $1$A4C9$oaNorr6BXDruE4gDd086L.
!
line console
 timestamp disable
 exec-timeout 0 0
 absolute-timeout 0
 session-timeout 0
!
line default
 exec-timeout 0 0
 absolute-timeout 0
 session-timeout 0
!
call-home
 service active
 contact smart-licensing
 profile CiscoTAC-1
  active
  destination transport-method http
 !
!
interface Bundle-Ether33
 description ==TEST1==
 mtu 9216
 bundle maximum-active links 2
 bundle minimum-active links 1
!
interface Bundle-Ether33.1
 description 95014353 National Bank Of Kenya-Nakuru
 vrf NBK
 ipv4 address 1.1.1.1 255.255.255.252
 encapsulation dot1q 3021 second-dot1q 3302
!
interface Bundle-Ether33.2
 description 95014354 National Bank Of Kenya Nakuru Hospital ATM
 vrf NBK
 ipv4 address 2.2.2.2 255.255.255.252
 encapsulation dot1q 3021 second-dot1q 3303
!
interface Bundle-Ether33.3
 description 95014450_Jamii_Bora_Bank-Nakuru_Backup
 vrf JAMII_BORA
 ipv4 address 172.30.17.53 255.255.255.252
 encapsulation dot1q 3021 second-dot1q 3304
!
interface Bundle-Ether33.4
 description 95015815 NBK-Westside Mall Nakuru ATM
 vrf NBK
 ipv4 address 172.30.17.77 255.255.255.252
 encapsulation dot1q 3021 second-dot1q 3311
!
interface MgmtEth0/RP0/CPU0/0
 description *** MANAGEMENT INTERFACE ***
 ipv4 address dhcp
!
interface GigabitEthernet0/0/0/0
 bundle id 33 mode on
 shutdown
!
interface GigabitEthernet0/0/0/1
 bundle id 33 mode on
 shutdown
!
interface GigabitEthernet0/0/0/2
 shutdown
!
interface GigabitEthernet0/0/0/3
 shutdown
!
interface GigabitEthernet0/0/0/4
 shutdown
!
interface preconfigure MgmtEth0/0/CPU0/0
 shutdown
!
interface preconfigure GigabitEthernet0/0/0/5
 shutdown
!
interface preconfigure GigabitEthernet0/0/0/6
 shutdown
!
interface preconfigure GigabitEthernet0/0/0/7
 shutdown
!
router static
 address-family ipv4 unicast
  0.0.0.0/0 192.168.122.1
 !
!
xml agent tty
 iteration off
!
netconf-yang agent
 ssh
!
ssh server v2
ssh server netconf vrf default
router eigrp 200
 address-family ipv4
 !
 vrf NBK
  address-family ipv4
   default-metric 1024 100 255 1 1500
   autonomous-system 500
   redistribute connected
   redistribute static
   interface Bundle-Ether33.1
   !
   interface Bundle-Ether33.2
   !
   interface Bundle-Ether33.4
   !
  !
 !
!
end

</Configuration></CLI><ResultSummary ErrorCount="0"/></Response>
XML> 
DEBUG:netmiko:read_channel: 
DEBUG:netmiko:write_channel: b'<?xml version="1.0" encoding="UTF-8"?><Request MajorVersion="1" MinorVersion="0"><CLI><Configuration>show running-config</Configuration></CLI></Request>\n'
DEBUG:netmiko:read_channel: 
DEBUG:netmiko:read_channel: 
DEBUG:netmiko:read_channel: 
DEBUG:netmiko:read_channel: 
DEBUG:netmiko:read_channel: 
DEBUG:netmiko:read_channel: 
DEBUG:netmiko:read_channel: <?xml version="1.0" encoding="UTF-8"?>
<Response MajorVersion="1" MinorVersion="0"><CLI><Configuration>
Building configuration...
!! IOS XR Configuration version = 6.4.1
!! Last configuration change at Wed Dec  9 07:29:02 2020 by admin
!
hostname r2
banner motd ;
--------------------------------------------------------------------------
  Router 2 (Cisco IOS XR Sandbox)
--------------------------------------------------------------------------
;
logging console disable
service timestamps log datetime msec
service timestamps debug datetime msec
username admin
 group root-lr
 group cisco-support
 secret 5 $1$A4C9$oaNorr6BXDruE4gDd086L.
!
line console
 timestamp disable
 exec-timeout 0 0
 absolute-timeout 0
 session-timeout 0
!
line default
 exec-timeout 0 0
 absolute-timeout 0
 session-timeout 0
!
call-home
 service active
 contact smart-licensing
 profile CiscoTAC-1
  active
  destination transport-method http
 !
!
interface Bundle-Ether33
 description ==TEST1==
 mtu 9216
 bundle maximum-active links 2
 bundle minimum-active links 1
!
interface Bundle-Ether33.1
 description 95014353 National Bank Of Kenya-Nakuru
 vrf NBK
 ipv4 address 1.1.1.1 255.255.255.252
 encapsulation dot1q 3021 second-dot1q 3302
!
interface Bundle-Ether33.2
 description 95014354 National Bank Of Kenya Nakuru Hospital ATM
 vrf NBK
 ipv4 address 2.2.2.2 255.255.255.252
 encapsulation dot1q 3021 second-dot1q 3303
!
interface Bundle-Ether33.3
 description 95014450_Jamii_Bora_Bank-Nakuru_Backup
 vrf JAMII_BORA
 ipv4 address 172.30.17.53 255.255.255.252
 encapsulation dot1q 3021 second-dot1q 3304
!
interface Bundle-Ether33.4
 description 95015815 NBK-Westside Mall Nakuru ATM
 vrf NBK
 ipv4 address 172.30.17.77 255.255.255.252
 encapsulation dot1q 3021 second-dot1q 3311
!
interface MgmtEth0/RP0/CPU0/0
 description *** MANAGEMENT INTERFACE ***
 ipv4 address dhcp
!
interface GigabitEthernet0/0/0/0
 bundle id 33 mode on
 shutdown
!
interface GigabitEthernet0/0/0/1
 bundle id 33 mode on
 shutdown
!
interface GigabitEthernet0/0/0/2
 shutdown
!
interface GigabitEthernet0/0/0/3
 shutdown
!
interface GigabitEthernet0/0/0/4
 shutdown
!
interface preconfigure MgmtEth0/0/CPU0/0
 shutdown
!
interface preconfigure GigabitEthernet0/0/0/5
 shutdown
!
interface preconfigure GigabitEthernet0/0/0/6
 shutdown
!
interface preconfigure GigabitEthernet0/0/0/7
 shutdown
!
router static
 address-family ipv4 unicast
  0.0.0.0/0 192.168.122.1
 !
!
xml agent tty
 iteration off
!
netconf-yang agent
 ssh
!
ssh server v2
ssh server netconf vrf default
router eigrp 200
 address-family ipv4
 !
 vrf NBK
  address-family ipv4
   default-metric 1024 100 255 1 1500
   autonomous-system 500
   redistribute connected
   redistribute static
   interface Bundle-Ether33.1
   !
   interface Bundle-Ether33.2
   !
   interface Bundle-Ether33.4
   !
  !
 !
!
end

</Configuration></CLI><ResultSummary ErrorCount="0"/></Response>
XML> 
DEBUG:netmiko:read_channel: 
DEBUG:netmiko:write_channel: b'<?xml version="1.0" encoding="UTF-8"?><Request MajorVersion="1" MinorVersion="0"><CLI><Configuration>show configuration merge</Configuration></CLI></Request>\n'
DEBUG:netmiko:read_channel: 
DEBUG:netmiko:read_channel: 
DEBUG:netmiko:read_channel: 
DEBUG:netmiko:read_channel: 
DEBUG:netmiko:read_channel: 
DEBUG:netmiko:read_channel: 
DEBUG:netmiko:read_channel: <?xml version="1.0" encoding="UTF-8"?>
<Response MajorVersion="1" MinorVersion="0"><CLI><Configuration>
Building configuration...
!! IOS XR Configuration version = 6.4.1
!! Last configuration change at Wed Dec  9 07:29:02 2020 by admin
!
hostname r2
banner motd ;
--------------------------------------------------------------------------
  Router 2 (Cisco IOS XR Sandbox)
--------------------------------------------------------------------------
;
logging console disable
service timestamps log datetime msec
service timestamps debug datetime msec
username admin
 group root-lr
 group cisco-support
 secret 5 $1$A4C9$oaNorr6BXDruE4gDd086L.
!
line console
 timestamp disable
 exec-timeout 0 0
 absolute-timeout 0
 session-timeout 0
!
line default
 exec-timeout 0 0
 absolute-timeout 0
 session-timeout 0
!
call-home
 service active
 contact smart-licensing
 profile CiscoTAC-1
  active
  destination transport-method http
 !
!
interface Bundle-Ether33
 description ==TEST1==
 mtu 9216
 bundle maximum-active links 2
 bundle minimum-active links 1
!
interface Bundle-Ether33.1
 description 95014353 National Bank Of Kenya-Nakuru
 vrf NBK
 ipv4 address 1.1.1.1 255.255.255.252
 encapsulation dot1q 3021 second-dot1q 3302
!
interface Bundle-Ether33.2
 description 95014354 National Bank Of Kenya Nakuru Hospital ATM
 vrf NBK
 ipv4 address 2.2.2.2 255.255.255.252
 encapsulation dot1q 3021 second-dot1q 3303
!
interface Bundle-Ether33.3
 description 95014450_Jamii_Bora_Bank-Nakuru_Backup
 vrf JAMII_BORA
 ipv4 address 172.30.17.53 255.255.255.252
 encapsulation dot1q 3021 second-dot1q 3304
!
interface Bundle-Ether33.4
 description 95015815 NBK-Westside Mall Nakuru ATM
 vrf NBK
 ipv4 address 172.30.17.77 255.255.255.252
 encapsulation dot1q 3021 second-dot1q 3311
!
interface MgmtEth0/RP0/CPU0/0
 description *** MANAGEMENT INTERFACE ***
 ipv4 address dhcp
!
interface GigabitEthernet0/0/0/0
 bundle id 33 mode on
 shutdown
!
interface GigabitEthernet0/0/0/1
 bundle id 33 mode on
 shutdown
!
interface GigabitEthernet0/0/0/2
 shutdown
!
interface GigabitEthernet0/0/0/3
 shutdown
!
interface GigabitEthernet0/0/0/4
 shutdown
!
interface preconfigure MgmtEth0/0/CPU0/0
 shutdown
!
interface preconfigure GigabitEthernet0/0/0/5
 shutdown
!
interface preconfigure GigabitEthernet0/0/0/6
 shutdown
!
interface preconfigure GigabitEthernet0/0/0/7
 shutdown
!
router static
 address-family ipv4 unicast
  0.0.0.0/0 192.168.122.1
 !
!
xml agent tty
 iteration off
!
netconf-yang agent
 ssh
!
ssh server v2
ssh server netconf vrf default
router eigrp 200
 address-family ipv4
 !
 vrf NBK
  address-family ipv4
   default-metric 1024 100 255 1 1500
   autonomous-system 500
   redistribute connected
   redistribute static
   interface Bundle-Ether33.1
   !
   interface Bundle-Ether33.2
   !
   interface Bundle-Ether33.4
   !
  !
 !
!
end

</Configuration></CLI><ResultSummary ErrorCount="0"/></Response>
XML> 
DEBUG:netmiko:read_channel: 
DEBUG:netmiko:write_channel: b'<?xml version="1.0" encoding="UTF-8"?><Request MajorVersion="1" MinorVersion="0"><CLI><Configuration>show running-config</Configuration></CLI></Request>\n'
DEBUG:netmiko:read_channel: 
DEBUG:netmiko:read_channel: 
DEBUG:netmiko:read_channel: 
DEBUG:netmiko:read_channel: 
DEBUG:netmiko:read_channel: 
DEBUG:netmiko:read_channel: <?xml version="1.0" encoding="UTF-8"?>
<Response MajorVersion="1" MinorVersion="0"><CLI><Configuration>
Building configuration...
!! IOS XR Configuration version = 6.4.1
!! Last configuration change at Wed Dec  9 07:29:02 2020 by admin
!
hostname r2
banner motd ;
--------------------------------------------------------------------------
  Router 2 (Cisco IOS XR Sandbox)
--------------------------------------------------------------------------
;
logging console disable
service timestamps log datetime msec
service timestamps debug datetime msec
username admin
 group root-lr
 group cisco-support
 secret 5 $1$A4C9$oaNorr6BXDruE4gDd086L.
!
line console
 timestamp disable
 exec-timeout 0 0
 absolute-timeout 0
 session-timeout 0
!
line default
 exec-timeout 0 0
 absolute-timeout 0
 session-timeout 0
!
call-home
 service active
 contact smart-licensing
 profile CiscoTAC-1
  active
  destination transport-method http
 !
!
interface Bundle-Ether33
 description ==TEST1==
 mtu 9216
 bundle maximum-active links 2
 bundle minimum-active links 1
!
interface Bundle-Ether33.1
 description 95014353 National Bank Of Kenya-Nakuru
 vrf NBK
 ipv4 address 1.1.1.1 255.255.255.252
 encapsulation dot1q 3021 second-dot1q 3302
!
interface Bundle-Ether33.2
 description 95014354 National Bank Of Kenya Nakuru Hospital ATM
 vrf NBK
 ipv4 address 2.2.2.2 255.255.255.252
 encapsulation dot1q 3021 second-dot1q 3303
!
interface Bundle-Ether33.3
 description 95014450_Jamii_Bora_Bank-Nakuru_Backup
 vrf JAMII_BORA
 ipv4 address 172.30.17.53 255.255.255.252
 encapsulation dot1q 3021 second-dot1q 3304
!
interface Bundle-Ether33.4
 description 95015815 NBK-Westside Mall Nakuru ATM
 vrf NBK
 ipv4 address 172.30.17.77 255.255.255.252
 encapsulation dot1q 3021 second-dot1q 3311
!
interface MgmtEth0/RP0/CPU0/0
 description *** MANAGEMENT INTERFACE ***
 ipv4 address dhcp
!
interface GigabitEthernet0/0/0/0
 bundle id 33 mode on
 shutdown
!
interface GigabitEthernet0
DEBUG:netmiko:read_channel: 
DEBUG:netmiko:read_channel: 
DEBUG:netmiko:read_channel: 
DEBUG:netmiko:read_channel: 
DEBUG:netmiko:read_channel: /0/0/1
 bundle id 33 mode on
 shutdown
!
interface GigabitEthernet0/0/0/2
 shutdown
!
interface GigabitEthernet0/0/0/3
 shutdown
!
interface GigabitEthernet0/0/0/4
 shutdown
!
interface preconfigure MgmtEth0/0/CPU0/0
 shutdown
!
interface preconfigure GigabitEthernet0/0/0/5
 shutdown
!
interface preconfigure GigabitEthernet0/0/0/6
 shutdown
!
interface preconfigure GigabitEthernet0/0/0/7
 shutdown
!
router static
 address-family ipv4 unicast
  0.0.0.0/0 192.168.122.1
 !
!
xml agent tty
 iteration off
!
netconf-yang agent
 ssh
!
ssh server v2
ssh server netconf vrf default
router eigrp 200
 address-family ipv4
 !
 vrf NBK
  address-family ipv4
   default-metric 1024 100 255 1 1500
   autonomous-system 500
   redistribute connected
   redistribute static
   interface Bundle-Ether33.1
   !
   interface Bundle-Ether33.2
   !
   interface Bundle-Ether33.4
   !
  !
 !
!
end

</Configuration></CLI><ResultSummary ErrorCount="0"/></Response>
XML> 
DEBUG:netmiko:read_channel: 
DEBUG:netmiko:write_channel: b'<?xml version="1.0" encoding="UTF-8"?><Request MajorVersion="1" MinorVersion="0"><Unlock/></Request>\n'
DEBUG:netmiko:read_channel: 
DEBUG:netmiko:read_channel: 
DEBUG:netmiko:read_channel: <?xml version="1.0" encoding="UTF-8"?>
<Response MajorVersion="1" MinorVersion="0"><Unlock/><ResultSummary ErrorCount="0"/></Response>
XML> 
DEBUG:paramiko.transport:[chan 0] EOF sent (0)
DEBUG:paramiko.transport:starting thread (client mode): 0xbb4581d0
DEBUG:paramiko.transport:Local version/idstring: SSH-2.0-paramiko_2.4.2
DEBUG:paramiko.transport:Remote version/idstring: SSH-1.99-Cisco-2.0
INFO:paramiko.transport:Connected (version 1.99, client Cisco-2.0)
DEBUG:paramiko.transport:kex algos:['ecdh-sha2-nistp521', 'ecdh-sha2-nistp384', 'ecdh-sha2-nistp256', 'diffie-hellman-group14-sha1'] server key:['ssh-rsa'] client encrypt:['aes128-ctr', 'aes192-ctr', 'aes256-ctr', 'aes128-gcm@openssh.com', 'aes256-gcm@openssh.com'] server encrypt:['aes128-ctr', 'aes192-ctr', 'aes256-ctr', 'aes128-gcm@openssh.com', 'aes256-gcm@openssh.com'] client mac:['hmac-sha2-512', 'hmac-sha2-256', 'hmac-sha1'] server mac:['hmac-sha2-512', 'hmac-sha2-256', 'hmac-sha1'] client compress:['none'] server compress:['none'] client lang:[''] server lang:[''] kex follows?False
DEBUG:paramiko.transport:Kex agreed: ecdh-sha2-nistp256
DEBUG:paramiko.transport:HostKey agreed: ssh-rsa
DEBUG:paramiko.transport:Cipher agreed: aes128-ctr
DEBUG:paramiko.transport:MAC agreed: hmac-sha2-256
DEBUG:paramiko.transport:Compression agreed: none
DEBUG:paramiko.transport:kex engine KexNistp256 specified hash_algo <built-in function openssl_sha256>
DEBUG:paramiko.transport:Switch to new keys ...
DEBUG:paramiko.transport:Adding ssh-rsa host key for [10.10.20.70]:2221: b'e1ad3e53cdc053037494810944e7d7d0'
DEBUG:paramiko.transport:userauth is OK
INFO:paramiko.transport:Authentication (password) successful!
DEBUG:paramiko.transport:[chan 0] Max packet in: 32768 bytes
DEBUG:paramiko.transport:[chan 0] Max packet out: 32768 bytes
DEBUG:paramiko.transport:Secsh channel 0 opened.
DEBUG:paramiko.transport:[chan 0] Sesch channel 0 request ok
DEBUG:paramiko.transport:[chan 0] Sesch channel 0 request ok
DEBUG:netmiko:read_channel: 

RP/0/RP0/CPU0:r1#
DEBUG:netmiko:read_channel: 
DEBUG:netmiko:read_channel: 
DEBUG:netmiko:read_channel: 
DEBUG:netmiko:write_channel: b'\n'
DEBUG:netmiko:read_channel: 
DEBUG:netmiko:read_channel: 
DEBUG:netmiko:write_channel: b'\n'
DEBUG:netmiko:read_channel: 
DEBUG:netmiko:write_channel: b'\n'
DEBUG:netmiko:read_channel: 
RP/0/RP0/CPU0:r1#
DEBUG:netmiko:read_channel: 
DEBUG:netmiko:read_channel: 
RP/0/RP0/CPU0:r1#
RP/0/RP0/CPU0:r1#
DEBUG:netmiko:In disable_paging
DEBUG:netmiko:Command: terminal length 0

DEBUG:netmiko:write_channel: b'terminal length 0\n'
DEBUG:netmiko:Pattern is: RP\/0\/RP0\/CPU0\:r1
DEBUG:netmiko:_read_channel_expect read_data: terminal length 0

DEBUG:netmiko:_read_channel_expect read_data: Wed Dec  9 07:52:47.964 UTC
RP/0/RP0/CPU0:r1#
DEBUG:netmiko:Pattern found: RP\/0\/RP0\/CPU0\:r1 terminal length 0
Wed Dec  9 07:52:47.964 UTC
RP/0/RP0/CPU0:r1#
DEBUG:netmiko:terminal length 0
Wed Dec  9 07:52:47.964 UTC
RP/0/RP0/CPU0:r1#
DEBUG:netmiko:Exiting disable_paging
DEBUG:netmiko:write_channel: b'terminal width 511\n'
DEBUG:netmiko:Pattern is: RP\/0\/RP0\/CPU0\:r1
DEBUG:netmiko:_read_channel_expect read_data: terminal width 511

DEBUG:netmiko:_read_channel_expect read_data: Wed Dec  9 07:52:48.376 UTC

DEBUG:netmiko:_read_channel_expect read_data: RP/0/RP0/CPU0:r1#
DEBUG:netmiko:Pattern found: RP\/0\/RP0\/CPU0\:r1 terminal width 511
Wed Dec  9 07:52:48.376 UTC
RP/0/RP0/CPU0:r1#
DEBUG:netmiko:read_channel: 
DEBUG:netmiko:read_channel: 
DEBUG:netmiko:write_channel: b'\n'
DEBUG:netmiko:read_channel: 
DEBUG:netmiko:read_channel: 
DEBUG:netmiko:write_channel: b'\n'
DEBUG:netmiko:read_channel: 
DEBUG:netmiko:write_channel: b'\n'
DEBUG:netmiko:read_channel: 
RP/0/RP0/CPU0:r1#
DEBUG:netmiko:read_channel: 
DEBUG:netmiko:read_channel: 
RP/0/RP0/CPU0:r1#
RP/0/RP0/CPU0:r1#
DEBUG:netmiko:write_channel: b'show run\n'
DEBUG:netmiko:read_channel: 
DEBUG:netmiko:read_channel: 
DEBUG:netmiko:read_channel: show run
Wed Dec  9 07:52:49.709 UTC

DEBUG:netmiko:read_channel: 
DEBUG:netmiko:read_channel: Building configuration...
!! IOS XR Configuration version = 6.4.1

DEBUG:netmiko:read_channel: !! Last configuration change at Sat Jul 28 02:39:47 2018 by ZTP
!
hostname r1
banner motd ;
--------------------------------------------------------------------------
  Router 1 (Cisco IOS XR Sandbox)
--------------------------------------------------------------------------
;
service timestamps log datetime msec
service timestamps debug datetime msec
username admin
 group root-lr
 group cisco-support
 secret 5 $1$A4C9$oaNorr6BXDruE4gDd086L.
!
line console
 timestamp disable
 exec-timeout 0 0
!
vty-pool default 0 4 line-template VTY-TEMPLATE
call-home
 service active
 contact smart-licensing
 profile CiscoTAC-1
  active
  destination transport-method http
 !
!
interface MgmtEth0/RP0/CPU0/0
 description *** MANAGEMENT INTERFACE ***
 ipv4 address dhcp
!
interface GigabitEthernet0/0/0/0
 shutdown
!
interface GigabitEthernet0/0/0/1
 shutdown
!
interface GigabitEthernet0/0/0/2
 shutdown
!
interface GigabitEthernet0/0/0/3
 shutdown
!
interface GigabitEthernet0/0/0/4
 shutdown
!
router static
 address-family ipv4 unicast
  0.0.0.0/0 192.1
DEBUG:netmiko:read_channel: 
DEBUG:netmiko:read_channel: 68.122.1
 !
!
netconf-yang agent
 ssh
!
ssh server v2
ssh server netconf vrf default
end

RP/0/RP0/CPU0:r1#
DEBUG:paramiko.transport:starting thread (client mode): 0xb9621908
DEBUG:paramiko.transport:Local version/idstring: SSH-2.0-paramiko_2.4.2
DEBUG:paramiko.transport:Remote version/idstring: SSH-1.99-Cisco-2.0
INFO:paramiko.transport:Connected (version 1.99, client Cisco-2.0)
DEBUG:paramiko.transport:kex algos:['ecdh-sha2-nistp521', 'ecdh-sha2-nistp384', 'ecdh-sha2-nistp256', 'diffie-hellman-group14-sha1'] server key:['ssh-rsa'] client encrypt:['aes128-ctr', 'aes192-ctr', 'aes256-ctr', 'aes128-gcm@openssh.com', 'aes256-gcm@openssh.com'] server encrypt:['aes128-ctr', 'aes192-ctr', 'aes256-ctr', 'aes128-gcm@openssh.com', 'aes256-gcm@openssh.com'] client mac:['hmac-sha2-512', 'hmac-sha2-256', 'hmac-sha1'] server mac:['hmac-sha2-512', 'hmac-sha2-256', 'hmac-sha1'] client compress:['none'] server compress:['none'] client lang:[''] server lang:[''] kex follows?False
DEBUG:paramiko.transport:Kex agreed: ecdh-sha2-nistp256
DEBUG:paramiko.transport:HostKey agreed: ssh-rsa
DEBUG:paramiko.transport:Cipher agreed: aes128-ctr
DEBUG:paramiko.transport:MAC agreed: hmac-sha2-256
DEBUG:paramiko.transport:Compression agreed: none
DEBUG:paramiko.transport:kex engine KexNistp256 specified hash_algo <built-in function openssl_sha256>
DEBUG:paramiko.transport:Switch to new keys ...
DEBUG:paramiko.transport:Adding ssh-rsa host key for [10.10.20.70]:2231: b'0b7fe057af98893860da3ac18b449501'
DEBUG:paramiko.transport:userauth is OK
INFO:paramiko.transport:Authentication (password) successful!
DEBUG:paramiko.transport:[chan 0] Max packet in: 32768 bytes
DEBUG:paramiko.transport:[chan 0] Max packet out: 32768 bytes
DEBUG:paramiko.transport:Secsh channel 0 opened.
DEBUG:paramiko.transport:[chan 0] Sesch channel 0 request ok
DEBUG:paramiko.transport:[chan 0] Sesch channel 0 request ok
DEBUG:netmiko:read_channel: 

RP/0/RP0/CPU0:r2#
DEBUG:netmiko:read_channel: 
DEBUG:netmiko:read_channel: 
DEBUG:netmiko:read_channel: 
DEBUG:netmiko:write_channel: b'\n'
DEBUG:netmiko:read_channel: 
DEBUG:netmiko:read_channel: 
DEBUG:netmiko:write_channel: b'\n'
DEBUG:netmiko:read_channel: 
DEBUG:netmiko:write_channel: b'\n'
DEBUG:netmiko:read_channel: 
DEBUG:netmiko:write_channel: b'\n'
DEBUG:netmiko:read_channel: 
DEBUG:netmiko:write_channel: b'\n'
DEBUG:netmiko:read_channel: 
DEBUG:netmiko:write_channel: b'\n'
DEBUG:netmiko:read_channel: 
DEBUG:netmiko:write_channel: b'\n'
DEBUG:netmiko:read_channel: 
DEBUG:netmiko:write_channel: b'\n'
DEBUG:netmiko:read_channel: 
DEBUG:netmiko:write_channel: b'\n'
DEBUG:netmiko:read_channel: 
DEBUG:netmiko:write_channel: b'\n'
DEBUG:netmiko:read_channel: 
RP/0/RP0/CPU0:r2#
RP/0/RP0/CPU0:r2#
RP/0/RP0/CPU0:r2#
RP/0/RP0/CPU0:r2#
RP/0/RP0/CPU0:r2#
RP/0/RP0/CPU0:r2#
RP/0/RP0/CPU0:r2#
RP/0/RP0/CPU0:r2#
DEBUG:netmiko:read_channel: 
DEBUG:netmiko:read_channel: 
DEBUG:netmiko:In disable_paging
DEBUG:netmiko:Command: terminal length 0

DEBUG:netmiko:write_channel: b'terminal length 0\n'
DEBUG:netmiko:Pattern is: RP\/0\/RP0\/CPU0\:r2
DEBUG:netmiko:_read_channel_expect read_data: 

DEBUG:netmiko:_read_channel_expect read_data: RP/0/RP0/CPU0:r2#
RP/0/RP0/CPU0:r2#
DEBUG:netmiko:Pattern found: RP\/0\/RP0\/CPU0\:r2 
RP/0/RP0/CPU0:r2#
RP/0/RP0/CPU0:r2#
DEBUG:netmiko:
RP/0/RP0/CPU0:r2#
RP/0/RP0/CPU0:r2#
DEBUG:netmiko:Exiting disable_paging
DEBUG:netmiko:write_channel: b'terminal width 511\n'
DEBUG:netmiko:Pattern is: RP\/0\/RP0\/CPU0\:r2
DEBUG:netmiko:_read_channel_expect read_data: terminal length 0

DEBUG:netmiko:_read_channel_expect read_data: Wed Dec  9 07:52:58.420 UTC

DEBUG:netmiko:_read_channel_expect read_data: RP/0/RP0/CPU0:r2#
DEBUG:netmiko:Pattern found: RP\/0\/RP0\/CPU0\:r2 terminal length 0
Wed Dec  9 07:52:58.420 UTC
RP/0/RP0/CPU0:r2#
DEBUG:netmiko:read_channel: terminal width 511
Wed Dec  9 07:52:58.656 UTC
RP/0/RP0/CPU0:r2#
DEBUG:netmiko:read_channel: 
DEBUG:netmiko:write_channel: b'\n'
DEBUG:netmiko:read_channel: 
DEBUG:netmiko:read_channel: 
DEBUG:netmiko:write_channel: b'\n'
DEBUG:netmiko:read_channel: 
DEBUG:netmiko:write_channel: b'\n'
DEBUG:netmiko:read_channel: 
DEBUG:netmiko:write_channel: b'\n'
DEBUG:netmiko:read_channel: 
RP/0/RP0/CPU0:r2#
DEBUG:netmiko:read_channel: 
DEBUG:netmiko:read_channel: 


DEBUG:netmiko:write_channel: b'show run\n'
DEBUG:netmiko:read_channel: 
DEBUG:netmiko:read_channel: 
DEBUG:netmiko:read_channel: 
DEBUG:netmiko:read_channel: RP/0/RP0/CPU0:r2#
RP/0/RP0/CPU0:r2#
RP/0/RP0/CPU0:r2#show run
Wed Dec  9 07:53:00.302 UTC

DEBUG:paramiko.transport:starting thread (client mode): 0xca4681d0
DEBUG:paramiko.transport:Local version/idstring: SSH-2.0-paramiko_2.4.2
DEBUG:paramiko.transport:Remote version/idstring: SSH-1.99-Cisco-2.0
INFO:paramiko.transport:Connected (version 1.99, client Cisco-2.0)
DEBUG:paramiko.transport:kex algos:['ecdh-sha2-nistp521', 'ecdh-sha2-nistp384', 'ecdh-sha2-nistp256', 'diffie-hellman-group14-sha1'] server key:['ssh-rsa'] client encrypt:['aes128-ctr', 'aes192-ctr', 'aes256-ctr', 'aes128-gcm@openssh.com', 'aes256-gcm@openssh.com'] server encrypt:['aes128-ctr', 'aes192-ctr', 'aes256-ctr', 'aes128-gcm@openssh.com', 'aes256-gcm@openssh.com'] client mac:['hmac-sha2-512', 'hmac-sha2-256', 'hmac-sha1'] server mac:['hmac-sha2-512', 'hmac-sha2-256', 'hmac-sha1'] client compress:['none'] server compress:['none'] client lang:[''] server lang:[''] kex follows?False
DEBUG:paramiko.transport:Kex agreed: ecdh-sha2-nistp256
DEBUG:paramiko.transport:HostKey agreed: ssh-rsa
DEBUG:paramiko.transport:Cipher agreed: aes128-ctr
DEBUG:paramiko.transport:MAC agreed: hmac-sha2-256
DEBUG:paramiko.transport:Compression agreed: none
DEBUG:paramiko.transport:kex engine KexNistp256 specified hash_algo <built-in function openssl_sha256>
DEBUG:paramiko.transport:Switch to new keys ...
DEBUG:paramiko.transport:Adding ssh-rsa host key for [10.10.20.70]:2221: b'e1ad3e53cdc053037494810944e7d7d0'
DEBUG:paramiko.transport:userauth is OK
INFO:paramiko.transport:Authentication (password) successful!
DEBUG:paramiko.transport:[chan 0] Max packet in: 32768 bytes
DEBUG:paramiko.transport:[chan 0] Max packet out: 32768 bytes
DEBUG:paramiko.transport:Secsh channel 0 opened.
DEBUG:paramiko.transport:[chan 0] Sesch channel 0 request ok
DEBUG:paramiko.transport:[chan 0] Sesch channel 0 request ok
DEBUG:netmiko:read_channel: 

RP/0/RP0/CPU0:r1#
DEBUG:netmiko:read_channel: 
DEBUG:netmiko:read_channel: 
DEBUG:netmiko:read_channel: 
DEBUG:netmiko:write_channel: b'\n'
DEBUG:netmiko:read_channel: 
DEBUG:netmiko:read_channel: 
DEBUG:netmiko:write_channel: b'\n'
DEBUG:netmiko:read_channel: 
DEBUG:netmiko:write_channel: b'\n'
DEBUG:netmiko:read_channel: 
RP/0/RP0/CPU0:r1#
DEBUG:netmiko:read_channel: 
DEBUG:netmiko:read_channel: 
DEBUG:netmiko:In disable_paging
DEBUG:netmiko:Command: terminal length 0

DEBUG:netmiko:write_channel: b'terminal length 0\n'
DEBUG:netmiko:Pattern is: RP\/0\/RP0\/CPU0\:r1
DEBUG:netmiko:_read_channel_expect read_data: 
RP/0/RP0/CPU0:r1#

DEBUG:netmiko:Pattern found: RP\/0\/RP0\/CPU0\:r1 
RP/0/RP0/CPU0:r1#

DEBUG:netmiko:
RP/0/RP0/CPU0:r1#

DEBUG:netmiko:Exiting disable_paging
DEBUG:netmiko:write_channel: b'terminal width 511\n'
DEBUG:netmiko:Pattern is: RP\/0\/RP0\/CPU0\:r1
DEBUG:netmiko:_read_channel_expect read_data: RP/0/RP0/CPU0:r1#
DEBUG:netmiko:Pattern found: RP\/0\/RP0\/CPU0\:r1 RP/0/RP0/CPU0:r1#
DEBUG:netmiko:read_channel: 
DEBUG:netmiko:read_channel: 
DEBUG:netmiko:write_channel: b'\n'
DEBUG:netmiko:read_channel: terminal length 0
Wed Dec  9 07:55:33.964 UTC
RP/0/RP0/CPU0:r1#
DEBUG:netmiko:read_channel: 
DEBUG:netmiko:read_channel: terminal width 511
Wed Dec  9 07:55:34.278 UTC
RP/0/RP0/CPU0:r1#
RP/0/RP0/CPU0:r1#
DEBUG:netmiko:write_channel: b'show run\n'
DEBUG:netmiko:read_channel: 
DEBUG:netmiko:read_channel: 
DEBUG:netmiko:read_channel: show run
Wed Dec  9 07:55:34.652 UTC

DEBUG:netmiko:read_channel: 
DEBUG:netmiko:read_channel: Building configuration...
!! IOS XR Configuration version = 6.4.1
!! Last configuration change at Sat Jul 28 02:39:47 2018 by ZTP
!
hostname r1
banner motd ;
--------------------------------------------------------------------------
  Router 1 (Cisco IOS XR Sandbox)
--------------------------------------------------------------------------
;
service timestamps log datetime msec
service timestamps debug datetime msec
username admin
 group root-lr
 group cisco-support
 secret 5 $1$A4C9$oaNorr6BXDruE4gDd086L.
!
line console
 timestamp disable
 exec-timeout 0 0
!
vty-pool default 0 4 line-template VTY-TEMPLATE
call-home
 service active
 contact smart-licensing
 profile CiscoTAC-1
  active
  destination transport-method http
 !
!
interface MgmtEth0/RP0/CPU0/0
 description *** MANAGEMENT INTERFACE ***
 ipv4 address dhcp
!
interface GigabitEthernet0/0/0/0
 shutdown
!
interface GigabitEthernet0/0/0/1
 shutdown
!
interface GigabitEthernet0/0/0/2
 shutdown
!
interface GigabitEthernet0/0/0/3
 shutdown
!
interface GigabitEthernet0/0/0/4
 shutdown
!
router static
 address-family ipv4 unicast
  0.0.0.0/0 192.168.122.1
 !
!
netconf-yang agent
 ssh
!
ssh server v2
ssh server netconf vrf default
end

DEBUG:netmiko:read_channel: 
RP/0/RP0/CPU0:r1#
DEBUG:paramiko.transport:starting thread (client mode): 0xc86319e8
DEBUG:paramiko.transport:Local version/idstring: SSH-2.0-paramiko_2.4.2
DEBUG:paramiko.transport:Remote version/idstring: SSH-1.99-Cisco-2.0
INFO:paramiko.transport:Connected (version 1.99, client Cisco-2.0)
DEBUG:paramiko.transport:kex algos:['ecdh-sha2-nistp521', 'ecdh-sha2-nistp384', 'ecdh-sha2-nistp256', 'diffie-hellman-group14-sha1'] server key:['ssh-rsa'] client encrypt:['aes128-ctr', 'aes192-ctr', 'aes256-ctr', 'aes128-gcm@openssh.com', 'aes256-gcm@openssh.com'] server encrypt:['aes128-ctr', 'aes192-ctr', 'aes256-ctr', 'aes128-gcm@openssh.com', 'aes256-gcm@openssh.com'] client mac:['hmac-sha2-512', 'hmac-sha2-256', 'hmac-sha1'] server mac:['hmac-sha2-512', 'hmac-sha2-256', 'hmac-sha1'] client compress:['none'] server compress:['none'] client lang:[''] server lang:[''] kex follows?False
DEBUG:paramiko.transport:Kex agreed: ecdh-sha2-nistp256
DEBUG:paramiko.transport:HostKey agreed: ssh-rsa
DEBUG:paramiko.transport:Cipher agreed: aes128-ctr
DEBUG:paramiko.transport:MAC agreed: hmac-sha2-256
DEBUG:paramiko.transport:Compression agreed: none
DEBUG:paramiko.transport:kex engine KexNistp256 specified hash_algo <built-in function openssl_sha256>
DEBUG:paramiko.transport:Switch to new keys ...
DEBUG:paramiko.transport:Adding ssh-rsa host key for [10.10.20.70]:2231: b'0b7fe057af98893860da3ac18b449501'
DEBUG:paramiko.transport:userauth is OK
INFO:paramiko.transport:Authentication (password) successful!
DEBUG:paramiko.transport:[chan 0] Max packet in: 32768 bytes
DEBUG:paramiko.transport:[chan 0] Max packet out: 32768 bytes
DEBUG:paramiko.transport:Secsh channel 0 opened.
DEBUG:paramiko.transport:[chan 0] Sesch channel 0 request ok
DEBUG:paramiko.transport:[chan 0] Sesch channel 0 request ok
DEBUG:netmiko:read_channel: 

RP/0/RP0/CPU0:r2#
DEBUG:netmiko:read_channel: 
DEBUG:netmiko:read_channel: 
DEBUG:netmiko:read_channel: 
DEBUG:netmiko:write_channel: b'\n'
DEBUG:netmiko:read_channel: 
DEBUG:netmiko:read_channel: 
DEBUG:netmiko:write_channel: b'\n'
DEBUG:netmiko:read_channel: 
DEBUG:netmiko:write_channel: b'\n'
DEBUG:netmiko:read_channel: 
RP/0/RP0/CPU0:r2#
DEBUG:netmiko:read_channel: 
DEBUG:netmiko:read_channel: 
DEBUG:netmiko:In disable_paging
DEBUG:netmiko:Command: terminal length 0

DEBUG:netmiko:write_channel: b'terminal length 0\n'
DEBUG:netmiko:Pattern is: RP\/0\/RP0\/CPU0\:r2
DEBUG:netmiko:_read_channel_expect read_data: 

DEBUG:netmiko:_read_channel_expect read_data: RP/0/RP0/CPU0:r2#
RP/0/RP0/CPU0:r2#
DEBUG:netmiko:Pattern found: RP\/0\/RP0\/CPU0\:r2 
RP/0/RP0/CPU0:r2#
RP/0/RP0/CPU0:r2#
DEBUG:netmiko:
RP/0/RP0/CPU0:r2#
RP/0/RP0/CPU0:r2#
DEBUG:netmiko:Exiting disable_paging
DEBUG:netmiko:write_channel: b'terminal width 511\n'
DEBUG:netmiko:Pattern is: RP\/0\/RP0\/CPU0\:r2
DEBUG:netmiko:_read_channel_expect read_data: terminal length 0

DEBUG:netmiko:_read_channel_expect read_data: Wed Dec  9 07:55:41.927 UTC
RP/0/RP0/CPU0:r2#
DEBUG:netmiko:Pattern found: RP\/0\/RP0\/CPU0\:r2 terminal length 0
Wed Dec  9 07:55:41.927 UTC
RP/0/RP0/CPU0:r2#
DEBUG:netmiko:read_channel: 
DEBUG:netmiko:read_channel: 
DEBUG:netmiko:write_channel: b'\n'
DEBUG:netmiko:read_channel: terminal width 511
Wed Dec  9 07:55:42.298 UTC
RP/0/RP0/CPU0:r2#
DEBUG:netmiko:read_channel: 
DEBUG:netmiko:read_channel: 
RP/0/RP0/CPU0:r2#
DEBUG:netmiko:write_channel: b'show run\n'
DEBUG:netmiko:read_channel: 
DEBUG:netmiko:read_channel: 
DEBUG:netmiko:read_channel: show run
Wed Dec  9 07:55:43.123 UTC

DEBUG:netmiko:read_channel: 
DEBUG:netmiko:read_channel: Building configuration...
!! IOS XR Configuration version = 6.4.1
!! Last configuration change at Wed Dec  9 07:29:02 2020 by admin
!
hostname r2
banner motd ;
--------------------------------------------------------------------------
  Router 2 (Cisco IOS XR Sandbox)
--------------------------------------------------------------------------
;
logging console disable
service timestamps log datetime msec
service timestamps debug datetime msec
username admin
 group root-lr
 group cisco-support
 secret 5 $1$A4C9$oaNorr6BXDruE4gDd086L.
!
line console
 timestamp disable
 exec-timeout 0 0
 absolute-timeout 0
 session-timeout 0
!
line default
 exec-timeout 0 0
 absolute-timeout 0
 session-timeout 0
!
call-home
 service active
 contact smart-licensing
 profile CiscoTAC-1
  active
  destination transport-method http
 !
!
interface Bundle-Ether33
 description ==TEST1==
 mtu 9216
 bundle maximum-active links 2
 bundle minimum-active links 1
!
interface Bundle-Ether33.1
 description 95014353 National Bank Of Kenya-Nakuru
 vrf NBK
 ipv4 address 1.1.1.1 255.255.255.252
 encapsulation dot1q 3021 second-dot1q 3302
!
interface Bundle-Ether33.2
 description 95014354 National Bank Of Kenya Nakuru Hospital ATM
 vrf NBK
 ipv4 address 2.2.2.2 255.255.255.252
 encapsulation dot1q 3021 second-dot1q 3303
!
interface Bundle-Ether33.3
 description 95014450_Jamii_Bora_Bank-Nakuru_Backup
 vrf JAMII_BORA
 ipv4 address 172.30.17.53 255.255.255.252
 encapsulation dot1q 3021 second-dot1q 3304
!
interface Bundle-Ether33.4
 description 95015815 NBK-Westside Mall Nakuru ATM
 vrf NBK
 ipv4 address 172.30.17.77 255.255.255.252
 encapsulation dot1q 3021 second-dot1q 3311
!
interface MgmtEth0/RP0/CPU0/0
 description *** MANAGEMENT INTERFACE ***
 ipv4 address dhcp
!
interface GigabitEthernet0/0/0/0
 bundle id 33 mode on
 shutdown
!
interface GigabitEthernet0/0/0/1
 bundle id 33 mode on
 shutdown
!
interface GigabitEthernet0/0/0/2
 shutdown
!
interface GigabitEthernet0/0/0/3
 shutdown
!
interface GigabitEthernet0/0/0/4
 shutdown
!
interface preconfigure MgmtEth0/0/CPU0/0
 shutdown
!
interface preconfigure GigabitEthernet0/0/0/5
 shutdown
!
interface preconfigure GigabitEthernet0/0/0/6
 shutdown
!
interface preconfigure GigabitEthernet0/0/0/7
 shutdown
!
router static
 address-family ipv4 unicast
  0.0.0.0/0 192.168.122.1
 !
!
xml agent tty
 iteration off
!
netconf-yang agent
 ssh
!
ssh server v2
ssh server netconf vrf default
router eigrp 200
 address-family ipv4
 !
 vrf NBK
  address-family ipv4
   default-metric 1024 100 255 1 1500
   autonomous-system 500
   redistribute connected
   redistribute static
   interface Bundle-Ether33.1
   !
   interface Bundle-Ether33.2
   !
   interface Bundle-Ether33.4
   !
  !
 !
!
end


DEBUG:netmiko:read_channel: RP/0/RP0/CPU0:r2#
DEBUG:paramiko.transport:starting thread (client mode): 0xb07437f0
DEBUG:paramiko.transport:Local version/idstring: SSH-2.0-paramiko_2.4.2
DEBUG:paramiko.transport:Remote version/idstring: SSH-1.99-Cisco-2.0
INFO:paramiko.transport:Connected (version 1.99, client Cisco-2.0)
DEBUG:paramiko.transport:kex algos:['ecdh-sha2-nistp521', 'ecdh-sha2-nistp384', 'ecdh-sha2-nistp256', 'diffie-hellman-group14-sha1'] server key:['ssh-rsa'] client encrypt:['aes128-ctr', 'aes192-ctr', 'aes256-ctr', 'aes128-gcm@openssh.com', 'aes256-gcm@openssh.com'] server encrypt:['aes128-ctr', 'aes192-ctr', 'aes256-ctr', 'aes128-gcm@openssh.com', 'aes256-gcm@openssh.com'] client mac:['hmac-sha2-512', 'hmac-sha2-256', 'hmac-sha1'] server mac:['hmac-sha2-512', 'hmac-sha2-256', 'hmac-sha1'] client compress:['none'] server compress:['none'] client lang:[''] server lang:[''] kex follows?False
DEBUG:paramiko.transport:Kex agreed: ecdh-sha2-nistp256
DEBUG:paramiko.transport:HostKey agreed: ssh-rsa
DEBUG:paramiko.transport:Cipher agreed: aes128-ctr
DEBUG:paramiko.transport:MAC agreed: hmac-sha2-256
DEBUG:paramiko.transport:Compression agreed: none
DEBUG:paramiko.transport:kex engine KexNistp256 specified hash_algo <built-in function openssl_sha256>
DEBUG:paramiko.transport:Switch to new keys ...
DEBUG:paramiko.transport:Adding ssh-rsa host key for [10.10.20.70]:2221: b'e1ad3e53cdc053037494810944e7d7d0'
DEBUG:paramiko.transport:userauth is OK
INFO:paramiko.transport:Authentication (password) successful!
DEBUG:paramiko.transport:[chan 0] Max packet in: 32768 bytes
DEBUG:paramiko.transport:[chan 0] Max packet out: 32768 bytes
DEBUG:paramiko.transport:Secsh channel 0 opened.
DEBUG:paramiko.transport:[chan 0] Sesch channel 0 request ok
DEBUG:paramiko.transport:[chan 0] Sesch channel 0 request ok
DEBUG:netmiko:read_channel: 

RP/0/RP0/CPU0:r1#
DEBUG:netmiko:read_channel: 
DEBUG:netmiko:read_channel: 
DEBUG:netmiko:read_channel: 
DEBUG:netmiko:write_channel: b'\n'
DEBUG:netmiko:read_channel: 
DEBUG:netmiko:read_channel: 
DEBUG:netmiko:write_channel: b'\n'
DEBUG:netmiko:read_channel: 
DEBUG:netmiko:write_channel: b'\n'
DEBUG:netmiko:read_channel: 
RP/0/RP0/CPU0:r1#
DEBUG:netmiko:read_channel: 
DEBUG:netmiko:read_channel: 
RP/0/RP0/CPU0:r1#
RP/0/RP0/CPU0:r1#
DEBUG:netmiko:In disable_paging
DEBUG:netmiko:Command: terminal length 0

DEBUG:netmiko:write_channel: b'terminal length 0\n'
DEBUG:netmiko:Pattern is: RP\/0\/RP0\/CPU0\:r1
DEBUG:netmiko:_read_channel_expect read_data: terminal length 0

DEBUG:netmiko:_read_channel_expect read_data: Wed Dec  9 09:39:00.356 UTC
RP/0/RP0/CPU0:r1#
DEBUG:netmiko:Pattern found: RP\/0\/RP0\/CPU0\:r1 terminal length 0
Wed Dec  9 09:39:00.356 UTC
RP/0/RP0/CPU0:r1#
DEBUG:netmiko:terminal length 0
Wed Dec  9 09:39:00.356 UTC
RP/0/RP0/CPU0:r1#
DEBUG:netmiko:Exiting disable_paging
DEBUG:netmiko:write_channel: b'terminal width 511\n'
DEBUG:netmiko:Pattern is: RP\/0\/RP0\/CPU0\:r1
DEBUG:netmiko:_read_channel_expect read_data: terminal width 511

DEBUG:netmiko:_read_channel_expect read_data: Wed Dec  9 09:39:00.733 UTC

DEBUG:netmiko:_read_channel_expect read_data: RP/0/RP0/CPU0:r1#
DEBUG:netmiko:Pattern found: RP\/0\/RP0\/CPU0\:r1 terminal width 511
Wed Dec  9 09:39:00.733 UTC
RP/0/RP0/CPU0:r1#
DEBUG:netmiko:read_channel: 
DEBUG:netmiko:read_channel: 
DEBUG:netmiko:write_channel: b'\n'
DEBUG:netmiko:read_channel: 
DEBUG:netmiko:read_channel: 
DEBUG:netmiko:write_channel: b'\n'
DEBUG:netmiko:read_channel: 
DEBUG:netmiko:write_channel: b'\n'
DEBUG:netmiko:read_channel: 
DEBUG:netmiko:write_channel: b'\n'
DEBUG:netmiko:read_channel: 
RP/0/RP0/CPU0:r1#
DEBUG:netmiko:read_channel: 
DEBUG:netmiko:read_channel: 
DEBUG:netmiko:write_channel: b'xml\n'
DEBUG:netmiko:read_channel: 
DEBUG:netmiko:read_channel: 
RP/0/RP0/CPU0:r1#
RP/0/RP0/CPU0:r1#
RP/0/RP0/CPU0:r1#xml
Wed Dec  9 09:39:02.267 UTC
ERROR: 0x24319600 'XML-TTY' detected the 'informational' condition 'The XML TTY Agent has not yet been started.  Check that the configuration 'xml agent tty' has been committed.'
RP/0/RP0/CPU0:r1#
DEBUG:netmiko:read_channel: 
DEBUG:netmiko:read_channel: 
DEBUG:paramiko.transport:starting thread (client mode): 0xbd0d9550
DEBUG:paramiko.transport:Local version/idstring: SSH-2.0-paramiko_2.4.2
DEBUG:paramiko.transport:Remote version/idstring: SSH-1.99-Cisco-2.0
INFO:paramiko.transport:Connected (version 1.99, client Cisco-2.0)
DEBUG:paramiko.transport:kex algos:['ecdh-sha2-nistp521', 'ecdh-sha2-nistp384', 'ecdh-sha2-nistp256', 'diffie-hellman-group14-sha1'] server key:['ssh-rsa'] client encrypt:['aes128-ctr', 'aes192-ctr', 'aes256-ctr', 'aes128-gcm@openssh.com', 'aes256-gcm@openssh.com'] server encrypt:['aes128-ctr', 'aes192-ctr', 'aes256-ctr', 'aes128-gcm@openssh.com', 'aes256-gcm@openssh.com'] client mac:['hmac-sha2-512', 'hmac-sha2-256', 'hmac-sha1'] server mac:['hmac-sha2-512', 'hmac-sha2-256', 'hmac-sha1'] client compress:['none'] server compress:['none'] client lang:[''] server lang:[''] kex follows?False
DEBUG:paramiko.transport:Kex agreed: ecdh-sha2-nistp256
DEBUG:paramiko.transport:HostKey agreed: ssh-rsa
DEBUG:paramiko.transport:Cipher agreed: aes128-ctr
DEBUG:paramiko.transport:MAC agreed: hmac-sha2-256
DEBUG:paramiko.transport:Compression agreed: none
DEBUG:paramiko.transport:kex engine KexNistp256 specified hash_algo <built-in function openssl_sha256>
DEBUG:paramiko.transport:Switch to new keys ...
DEBUG:paramiko.transport:Adding ssh-rsa host key for [10.10.20.70]:2221: b'e1ad3e53cdc053037494810944e7d7d0'
DEBUG:paramiko.transport:userauth is OK
INFO:paramiko.transport:Authentication (password) successful!
DEBUG:paramiko.transport:[chan 0] Max packet in: 32768 bytes
DEBUG:paramiko.transport:[chan 0] Max packet out: 32768 bytes
DEBUG:paramiko.transport:Secsh channel 0 opened.
DEBUG:paramiko.transport:[chan 0] Sesch channel 0 request ok
DEBUG:paramiko.transport:[chan 0] Sesch channel 0 request ok
DEBUG:netmiko:read_channel: 

RP/0/RP0/CPU0:r1#
DEBUG:netmiko:read_channel: 
DEBUG:netmiko:read_channel: 
DEBUG:netmiko:read_channel: 
DEBUG:netmiko:write_channel: b'\n'
DEBUG:netmiko:read_channel: 
DEBUG:netmiko:read_channel: 
DEBUG:netmiko:write_channel: b'\n'
DEBUG:netmiko:read_channel: 
DEBUG:netmiko:write_channel: b'\n'
DEBUG:netmiko:read_channel: 
RP/0/RP0/CPU0:r1#
DEBUG:netmiko:read_channel: 
DEBUG:netmiko:read_channel: 
DEBUG:netmiko:In disable_paging
DEBUG:netmiko:Command: terminal length 0

DEBUG:netmiko:write_channel: b'terminal length 0\n'
DEBUG:netmiko:Pattern is: RP\/0\/RP0\/CPU0\:r1
DEBUG:netmiko:_read_channel_expect read_data: 


DEBUG:netmiko:_read_channel_expect read_data: RP/0/RP0/CPU0:r1#
RP/0/RP0/CPU0:r1#
DEBUG:netmiko:Pattern found: RP\/0\/RP0\/CPU0\:r1 

RP/0/RP0/CPU0:r1#
RP/0/RP0/CPU0:r1#
DEBUG:netmiko:

RP/0/RP0/CPU0:r1#
RP/0/RP0/CPU0:r1#
DEBUG:netmiko:Exiting disable_paging
DEBUG:netmiko:write_channel: b'terminal width 511\n'
DEBUG:netmiko:Pattern is: RP\/0\/RP0\/CPU0\:r1
DEBUG:netmiko:_read_channel_expect read_data: terminal length 0

DEBUG:netmiko:_read_channel_expect read_data: Wed Dec  9 09:39:50.717 UTC

DEBUG:netmiko:_read_channel_expect read_data: RP/0/RP0/CPU0:r1#
DEBUG:netmiko:Pattern found: RP\/0\/RP0\/CPU0\:r1 terminal length 0
Wed Dec  9 09:39:50.717 UTC
RP/0/RP0/CPU0:r1#
DEBUG:netmiko:read_channel: terminal width 511
Wed Dec  9 09:39:50.951 UTC
RP/0/RP0/CPU0:r1#
DEBUG:netmiko:read_channel: 
DEBUG:netmiko:write_channel: b'\n'
DEBUG:netmiko:read_channel: 
DEBUG:netmiko:read_channel: 
DEBUG:netmiko:write_channel: b'\n'
DEBUG:netmiko:read_channel: 
DEBUG:netmiko:write_channel: b'\n'
DEBUG:netmiko:read_channel: 
RP/0/RP0/CPU0:r1#
DEBUG:netmiko:read_channel: 
DEBUG:netmiko:read_channel: 
DEBUG:netmiko:write_channel: b'xml\n'
DEBUG:netmiko:read_channel: 
DEBUG:netmiko:read_channel: 
RP/0/RP0/CPU0:r1#
RP/0/RP0/CPU0:r1#xml
Wed Dec  9 09:39:52.009 UTC
XML> 
DEBUG:netmiko:read_channel: 
DEBUG:netmiko:read_channel: 
DEBUG:netmiko:read_channel: 
DEBUG:netmiko:write_channel: b'<?xml version="1.0" encoding="UTF-8"?><Request MajorVersion="1" MinorVersion="0"><Lock/></Request>\n'
DEBUG:netmiko:read_channel: 
DEBUG:netmiko:read_channel: 
DEBUG:netmiko:read_channel: 
DEBUG:netmiko:read_channel: <?xml version="1.0" encoding="UTF-8"?>
<Response MajorVersion="1" MinorVersion="0"><Lock/><ResultSummary ErrorCount="0"/></Response>
XML> 
DEBUG:netmiko:read_channel: 
DEBUG:netmiko:write_channel: b'<?xml version="1.0" encoding="UTF-8"?><Request MajorVersion="1" MinorVersion="0"><CLI><Configuration>\n\n!! IOS XR Configuration version = 6.4.1\n!! Last configuration change at Wed Dec  9 07:29:02 2020 by admin\n!\nhostname r2\nbanner motd ;\n--------------------------------------------------------------------------\n  Router 2 (Cisco IOS XR Sandbox)\n--------------------------------------------------------------------------\n;\nlogging console disable\nservice timestamps log datetime msec\nservice timestamps debug datetime msec\nusername admin\n group root-lr\n group cisco-support\n secret 5 $1$A4C9$oaNorr6BXDruE4gDd086L.\n!\nline console\n timestamp disable\n exec-timeout 0 0\n absolute-timeout 0\n session-timeout 0\n!\nline default\n exec-timeout 0 0\n absolute-timeout 0\n session-timeout 0\n!\ncall-home\n service active\n contact smart-licensing\n profile CiscoTAC-1\n  active\n  destination transport-method http\n !\n!\ninterface Bundle-Ether33\n description ==TEST1==\n mtu 9216\n bundle maximum-active links 2\n bundle minimum-active links 1\n!\ninterface Bundle-Ether33.1\n description 95014353 National Bank Of Kenya-Nakuru\n vrf NBK\n ipv4 address 1.1.1.1 255.255.255.252\n encapsulation dot1q 3021 second-dot1q 3302\n!\ninterface Bundle-Ether33.2\n description 95014354 National Bank Of Kenya Nakuru Hospital ATM\n vrf NBK\n ipv4 address 2.2.2.2 255.255.255.252\n encapsulation dot1q 3021 second-dot1q 3303\n!\ninterface Bundle-Ether33.3\n description 95014450_Jamii_Bora_Bank-Nakuru_Backup\n vrf JAMII_BORA\n ipv4 address 172.30.17.53 255.255.255.252\n encapsulation dot1q 3021 second-dot1q 3304\n!\ninterface Bundle-Ether33.4\n description 95015815 NBK-Westside Mall Nakuru ATM\n vrf NBK\n ipv4 address 172.30.17.77 255.255.255.252\n encapsulation dot1q 3021 second-dot1q 3311\n!\ninterface MgmtEth0/RP0/CPU0/0\n description *** MANAGEMENT INTERFACE ***\n ipv4 address dhcp\n!\ninterface GigabitEthernet0/0/0/0\n bundle id 33 mode on\n shutdown\n!\ninterface GigabitEthernet0/0/0/1\n bundle id 33 mode on\n shutdown\n!\ninterface GigabitEthernet0/0/0/2\n shutdown\n!\ninterface GigabitEthernet0/0/0/3\n shutdown\n!\ninterface GigabitEthernet0/0/0/4\n shutdown\n!\ninterface preconfigure MgmtEth0/0/CPU0/0\n shutdown\n!\ninterface preconfigure GigabitEthernet0/0/0/5\n shutdown\n!\ninterface preconfigure GigabitEthernet0/0/0/6\n shutdown\n!\ninterface preconfigure GigabitEthernet0/0/0/7\n shutdown\n!\nrouter static\n address-family ipv4 unicast\n  0.0.0.0/0 192.168.122.1\n !\n!\nxml agent tty\n iteration off\n!\nnetconf-yang agent\n ssh\n!\nssh server v2\nssh server netconf vrf default\nrouter eigrp 200\n address-family ipv4\n !\n vrf NBK\n  address-family ipv4\n   default-metric 1024 100 255 1 1500\n   autonomous-system 500\n   redistribute connected\n   redistribute static\n   interface Bundle-Ether33.1\n   !\n   interface Bundle-Ether33.2\n   !\n   interface Bundle-Ether33.4\n   !\n  !\n !\n!\nend\n</Configuration></CLI></Request>\n'
DEBUG:netmiko:read_channel: 
DEBUG:netmiko:read_channel: 
DEBUG:netmiko:read_channel: 
DEBUG:netmiko:read_channel: <?xml version="1.0" encoding="UTF-8"?>
<Response MajorVersion="1" MinorVersion="0"><CLI><Configuration/></CLI><ResultSummary ErrorCount="0"/></Response>
XML> 
DEBUG:netmiko:read_channel: 
DEBUG:netmiko:write_channel: b'<?xml version="1.0" encoding="UTF-8"?><Request MajorVersion="1" MinorVersion="0"><CLI><Configuration>show configuration merge</Configuration></CLI></Request>\n'
DEBUG:netmiko:read_channel: 
DEBUG:netmiko:read_channel: 
DEBUG:netmiko:read_channel: 
DEBUG:netmiko:read_channel: 
DEBUG:netmiko:read_channel: 
DEBUG:netmiko:read_channel: <?xml version="1.0" encoding="UTF-8"?>
<Response MajorVersion="1" MinorVersion="0"><CLI><Configuration>
Building configuration...
!! IOS XR Configuration version = 6.4.1
!! Last configuration change at Wed Dec  9 09:39:36 2020 by admin
!
hostname r2
banner motd ;
--------------------------------------------------------------------------
  Router 2 (Cisco IOS XR Sandbox)
--------------------------------------------------------------------------
;
logging console disable
service timestamps log datetime msec
service timestamps debug datetime msec
username admin
 group root-lr
 group cisco-support
 secret 5 $1$A4C9$oaNorr6BXDruE4gDd086L.
!
line console
 timestamp disable
 exec-timeout 0 0
 absolute-timeout 0
 session-timeout 0
!
line default
 exec-timeout 0 0
 absolute-timeout 0
 session-timeout 0
!
vty-pool default 0 4 line-template VTY-TEMPLATE
call-home
 service active
 contact smart-licensing
 profile CiscoTAC-1
  active
  destination transport-method http
 !
!
interface Bundle-Ether33
 description ==TEST1==
 mtu 9216
 bundle maximum-active links 2
 bundle minimum-active links 1
!
interface Bundle-Ether33.1
 description 95014353 National Bank Of Kenya-Nakuru
 vrf NBK
 ipv4 address 1.1.1.1 255.255.255.252
 encapsulation dot1q 3021 second-dot1q 3302
!
interface Bundle-Ether33.2
 description 95014354 National Bank Of Kenya Nakuru Hospital ATM
 vrf NBK
 ipv4 address 2.2.2.2 255.255.255.252
 encapsulation dot1q 3021 second-dot1q 3303
!
interface Bundle-Ether33.3
 description 95014450_Jamii_Bora_Bank-Nakuru_Backup
 vrf JAMII_BORA
 ipv4 address 172.30.17.53 255.255.255.252
 encapsulation dot1q 3021 second-dot1q 3304
!
interface Bundle-Ether33.4
 description 95015815 NBK-Westside Mall Nakuru ATM
 vrf NBK
 ipv4 address 172.30.17.77 255.255.255.252
 encapsulation dot1q 3021 second-dot1q 3311
!
interface MgmtEth0/RP0/CPU0/0
 description *** MANAGEMENT INTERFACE ***
 ipv4 address dhcp
!
interface GigabitEthernet0/0/0/0
 bundle id 33 
DEBUG:netmiko:read_channel: 
DEBUG:netmiko:read_channel: 
DEBUG:netmiko:read_channel: 
DEBUG:netmiko:read_channel: 
DEBUG:netmiko:read_channel: 
DEBUG:netmiko:read_channel: mode on
 shutdown
!
interface GigabitEthernet0/0/0/1
 bundle id 33 mode on
 shutdown
!
interface GigabitEthernet0/0/0/2
 shutdown
!
interface GigabitEthernet0/0/0/3
 shutdown
!
interface GigabitEthernet0/0/0/4
 shutdown
!
interface preconfigure MgmtEth0/0/CPU0/0
 shutdown
!
interface preconfigure GigabitEthernet0/0/0/5
 shutdown
!
interface preconfigure GigabitEthernet0/0/0/6
 shutdown
!
interface preconfigure GigabitEthernet0/0/0/7
 shutdown
!
router static
 address-family ipv4 unicast
  0.0.0.0/0 192.168.122.1
 !
!
xml agent tty
 iteration off
!
netconf-yang agent
 ssh
!
ssh server v2
ssh server netconf vrf default
router eigrp 200
 address-family ipv4
 !
 vrf NBK
  address-family ipv4
   default-metric 1024 100 255 1 1500
   autonomous-system 500
   redistribute connected
   redistribute static
   interface Bundle-Ether33.1
   !
   interface Bundle-Ether33.2
   !
   interface Bundle-Ether33.4
   !
  !
 !
!
end

</Configuration></CLI><ResultSummary ErrorCount="0"/></Response>
XML> 
DEBUG:netmiko:read_channel: 
DEBUG:netmiko:write_channel: b'<?xml version="1.0" encoding="UTF-8"?><Request MajorVersion="1" MinorVersion="0"><CLI><Configuration>show running-config</Configuration></CLI></Request>\n'
DEBUG:netmiko:read_channel: 
DEBUG:netmiko:read_channel: 
DEBUG:netmiko:read_channel: 
DEBUG:netmiko:read_channel: 
DEBUG:netmiko:read_channel: 
DEBUG:netmiko:read_channel: <?xml version="1.0" encoding="UTF-8"?>
<Response MajorVersion="1" MinorVersion="0"><CLI><Configuration>
Building configuration...
!! IOS XR Configuration version = 6.4.1
!! Last configuration change at Wed Dec  9 09:39:36 2020 by admin
!
hostname r1
banner motd ;
--------------------------------------------------------------------------
  Router 1 (Cisco IOS XR Sandbox)
--------------------------------------------------------------------------
;
service timestamps log datetime msec
service timestamps debug datetime msec
username admin
 group root-lr
 group cisco-support
 secret 5 $1$A4C9$oaNorr6BXDruE4gDd086L.
!
line console
 timestamp disable
 exec-timeout 0 0
!
vty-pool default 0 4 line-template VTY-TEMPLATE
call-home
 service active
 contact smart-licensing
 profile CiscoTAC-1
  active
  destination transport-method http
 !
!
interface MgmtEth0/RP0/CPU0/0
 description *** MANAGEMENT INTERFACE ***
 ipv4 address dhcp
!
interface GigabitEthernet0/0/0/0
 shutdown
!
interface GigabitEthernet0/0/0/1
 shutdown
!
interface GigabitEthernet0/0/0/2
 shutdown
!
interface GigabitEthernet0/0/0/3
 shutdown
!
interface GigabitEthernet0/0/0/4
 shutdown
!
router static
 address-family ipv4 unicast
  0.0.0.0/0 192.168.122.1
 !
!
xml agent tty
 iteration off
!
netconf-yang agent
 ssh
!
ssh server v2
ssh server netconf vrf default
end

</Configuration></CLI><ResultSummary ErrorCount="0"/></Response>
XML> 
DEBUG:netmiko:read_channel: 
DEBUG:netmiko:write_channel: b'<?xml version="1.0" encoding="UTF-8"?><Request MajorVersion="1" MinorVersion="0"><CLI><Configuration>show configuration merge</Configuration></CLI></Request>\n'
DEBUG:netmiko:read_channel: 
DEBUG:netmiko:read_channel: 
DEBUG:netmiko:read_channel: 
DEBUG:netmiko:read_channel: 
DEBUG:netmiko:read_channel: 
DEBUG:netmiko:read_channel: 
DEBUG:netmiko:read_channel: <?xml version="1.0" encoding="UTF-8"?>
<Response MajorVersion="1" MinorVersion="0"><CLI><Configuration>
Building configuration...
!! IOS XR Configuration version = 6.4.1
!! Last configuration change at Wed Dec  9 09:39:36 2020 by admin
!
hostname r2
banner motd ;
--------------------------------------------------------------------------
  Router 2 (Cisco IOS XR Sandbox)
--------------------------------------------------------------------------
;
logging console disable
service timestamps log datetime msec
service timestamps debug datetime msec
username admin
 group root-lr
 group cisco-support
 secret 5 $1$A4C9$oaNorr6BXDruE4gDd086L.
!
line console
 timestamp disable
 exec-timeout 0 0
 absolute-timeout 0
 session-timeout 0
!
line default
 exec-timeout 0 0
 absolute-timeout 0
 session-timeout 0
!
vty-pool default 0 4 line-template VTY-TEMPLATE
call-home
 service active
 contact smart-licensing
 profile CiscoTAC-1
  active
  destination transport-method http
 !
!
interface Bundle-Ether33
 description ==TEST1==
 mtu 9216
 bundle maximum-active links 2
 bundle minimum-active links 1
!
interface Bundle-Ether33.1
 description 95014353 National Bank Of Kenya-Nakuru
 vrf NBK
 ipv4 address 1.1.1.1 255.255.255.252
 encapsulation dot1q 3021 second-dot1q 3302
!
interface Bundle-Ether33.2
 description 95014354 National Bank Of Kenya Nakuru Hospital ATM
 vrf NBK
 ipv4 address 2.2.2.2 255.255.255.252
 encapsulation dot1q 3021 second-dot1q 3303
!
interface Bundle-Ether33.3
 description 95014450_Jamii_Bora_Bank-Nakuru_Backup
 vrf JAMII_BORA
 ipv4 address 172.30.17.53 255.255.255.252
 encapsulation dot1q 3021 second-dot1q 3304
!
interface Bundle-Ether33.4
 description 95015815 NBK-Westside Mall Nakuru ATM
 vrf NBK
 ipv4 address 172.30.17.77 255.255.255.252
 encapsulation dot1q 3021 second-dot1q 3311
!
interface MgmtEth0/RP0/CPU0/0
 description *** MANAGEMENT INTERFACE ***
 ipv4 address dhcp
!
interface GigabitEthernet0/0/0/0
 bundle id 33 mode on
 shutdown
!
interface GigabitEthernet0/0/0/1
 bundle id 33 mode on
 shutdown
!
interface GigabitEthernet0/0/0/2
 shutdown
!
interface GigabitEthernet0/0/0/3
 shutdown
!
interface GigabitEthernet0/0/0/4
 shutdown
!
interface preconfigure MgmtEth0/0/CPU0/0
 shutdown
!
interface preconfigure GigabitEthernet0/0/0/5
 shutdown
!
interface preconfigure GigabitEthernet0/0/0/6
 shutdown
!
interface preconfigure GigabitEthernet0/0/0/7
 shutdown
!
router static
 address-family ipv4 unicast
  0.0.0.0/0 192.168.122.1
 !
!
xml agent tty
 iteration off
!
netconf-yang agent
 ssh
!
ssh server v2
ssh server netconf vrf default
router eigrp 200
 address-family ipv4
 !
 vrf NBK
  address-family ipv4
   default-metric 1024 100 255 1 1500
   autonomous-system 500
   redistribute connected
   redistribute static
   interface Bundle-Ether33.1
   !
   interface Bundle-Ether33.2
   !
   interface Bundle-Ether33.4
   !
  !
 !
!
end

</Configuration></CLI><ResultSummary ErrorCount="0"/></Response>
XML> 
DEBUG:netmiko:read_channel: 
DEBUG:netmiko:write_channel: b'<?xml version="1.0" encoding="UTF-8"?><Request MajorVersion="1" MinorVersion="0"><CLI><Configuration>show running-config</Configuration></CLI></Request>\n'
DEBUG:netmiko:read_channel: 
DEBUG:netmiko:read_channel: 
DEBUG:netmiko:read_channel: 
DEBUG:netmiko:read_channel: 
DEBUG:netmiko:read_channel: <?xml version="1.0" encoding="UTF-8"?>
<Response MajorVersion="1" MinorVersion="0"><CLI><Configuration>
Building configuration...
!! IOS XR Configuration version = 6.4.1
!! Last configuration change at Wed Dec  9 09:39:36 2020 by admin
!
hostname r1
banner motd ;
--------------------------------------------------------------------------
  Router 1 (Cisco IOS XR Sandbox)
--------------------------------------------------------------------------
;
service timestamps log datetime msec
service timestamps debug datetime msec
username admin
 group root-lr
 group cisco-support
 secret 5 $1$A4C9$oaNorr6BXDruE4gDd086L.
!
line console
 timestamp disable
 exec-timeout 0 0
!
vty-pool default 0 4 line-template VTY-TEMPLATE
call-home
 service active
 contact smart-licensing
 profile CiscoTAC-1
  active
  destination transport-method http
 !
!
interface MgmtEth0/RP0/CPU0/0
 description *** MANAGEMENT INTERFACE ***
 ipv4 address dhcp
!
interface GigabitEthernet0/0/0/0
 shutdown
!
interface GigabitEthernet0/0/0/1
 shutdown
!
interface GigabitEthernet0/0/0/2
 shutdown
!
interface GigabitEthernet0/0/0/3
 shutdown
!
interface GigabitEthernet0/0/0/4
 shutdown
!
router static
 address-family ipv4 unicast
  0.0.0.0/0 192.168.122.1
 !
!
xml agent tty
 iteration off
!
netconf-yang agent
 ssh
!
ssh server v2
ssh server netconf vrf default
end

</Configuration></CLI><ResultSummary ErrorCount="0"/></Response>
XML> 
DEBUG:netmiko:read_channel: 
DEBUG:netmiko:write_channel: b'<?xml version="1.0" encoding="UTF-8"?><Request MajorVersion="1" MinorVersion="0"><Clear/></Request>\n'
DEBUG:netmiko:read_channel: 
DEBUG:netmiko:read_channel: 
DEBUG:netmiko:read_channel: <?xml version="1.0" encoding="UTF-8"?>
<Response MajorVersion="1" MinorVersion="0"><Clear/><ResultSummary ErrorCount="0"/></Response>
XML> 
DEBUG:netmiko:read_channel: 
DEBUG:netmiko:write_channel: b'<?xml version="1.0" encoding="UTF-8"?><Request MajorVersion="1" MinorVersion="0"><Unlock/></Request>\n'
DEBUG:netmiko:read_channel: 
DEBUG:netmiko:read_channel: 
DEBUG:netmiko:read_channel: <?xml version="1.0" encoding="UTF-8"?>
<Response MajorVersion="1" MinorVersion="0"><Unlock/><ResultSummary ErrorCount="0"/></Response>
XML> 
DEBUG:paramiko.transport:[chan 0] EOF sent (0)
DEBUG:paramiko.transport:starting thread (client mode): 0x2704e550
DEBUG:paramiko.transport:Local version/idstring: SSH-2.0-paramiko_2.4.2
DEBUG:paramiko.transport:Remote version/idstring: SSH-1.99-Cisco-2.0
INFO:paramiko.transport:Connected (version 1.99, client Cisco-2.0)
DEBUG:paramiko.transport:kex algos:['ecdh-sha2-nistp521', 'ecdh-sha2-nistp384', 'ecdh-sha2-nistp256', 'diffie-hellman-group14-sha1'] server key:['ssh-rsa'] client encrypt:['aes128-ctr', 'aes192-ctr', 'aes256-ctr', 'aes128-gcm@openssh.com', 'aes256-gcm@openssh.com'] server encrypt:['aes128-ctr', 'aes192-ctr', 'aes256-ctr', 'aes128-gcm@openssh.com', 'aes256-gcm@openssh.com'] client mac:['hmac-sha2-512', 'hmac-sha2-256', 'hmac-sha1'] server mac:['hmac-sha2-512', 'hmac-sha2-256', 'hmac-sha1'] client compress:['none'] server compress:['none'] client lang:[''] server lang:[''] kex follows?False
DEBUG:paramiko.transport:Kex agreed: ecdh-sha2-nistp256
DEBUG:paramiko.transport:HostKey agreed: ssh-rsa
DEBUG:paramiko.transport:Cipher agreed: aes128-ctr
DEBUG:paramiko.transport:MAC agreed: hmac-sha2-256
DEBUG:paramiko.transport:Compression agreed: none
DEBUG:paramiko.transport:kex engine KexNistp256 specified hash_algo <built-in function openssl_sha256>
DEBUG:paramiko.transport:Switch to new keys ...
DEBUG:paramiko.transport:Adding ssh-rsa host key for [10.10.20.70]:2221: b'e1ad3e53cdc053037494810944e7d7d0'
DEBUG:paramiko.transport:userauth is OK
INFO:paramiko.transport:Authentication (password) successful!
DEBUG:paramiko.transport:[chan 0] Max packet in: 32768 bytes
DEBUG:paramiko.transport:[chan 0] Max packet out: 32768 bytes
DEBUG:paramiko.transport:Secsh channel 0 opened.
DEBUG:paramiko.transport:[chan 0] Sesch channel 0 request ok
DEBUG:paramiko.transport:[chan 0] Sesch channel 0 request ok
DEBUG:netmiko:read_channel: 

RP/0/RP0/CPU0:r1#
DEBUG:netmiko:read_channel: 
DEBUG:netmiko:read_channel: 
DEBUG:netmiko:read_channel: 
DEBUG:netmiko:write_channel: b'\n'
DEBUG:netmiko:read_channel: 
DEBUG:netmiko:read_channel: 
DEBUG:netmiko:write_channel: b'\n'
DEBUG:netmiko:read_channel: 
DEBUG:netmiko:write_channel: b'\n'
DEBUG:netmiko:read_channel: 
DEBUG:netmiko:write_channel: b'\n'
DEBUG:netmiko:read_channel: 
DEBUG:netmiko:write_channel: b'\n'
DEBUG:netmiko:read_channel: 
DEBUG:netmiko:write_channel: b'\n'
DEBUG:netmiko:read_channel: 
DEBUG:netmiko:write_channel: b'\n'
DEBUG:netmiko:read_channel: 
RP/0/RP0/CPU0:r1#
DEBUG:netmiko:read_channel: 
DEBUG:netmiko:read_channel: 

DEBUG:netmiko:In disable_paging
DEBUG:netmiko:Command: terminal length 0

DEBUG:netmiko:write_channel: b'terminal length 0\n'
DEBUG:netmiko:Pattern is: RP\/0\/RP0\/CPU0\:r1
DEBUG:netmiko:_read_channel_expect read_data: RP/0/RP0/CPU0:r1#

DEBUG:netmiko:Pattern found: RP\/0\/RP0\/CPU0\:r1 RP/0/RP0/CPU0:r1#

DEBUG:netmiko:RP/0/RP0/CPU0:r1#

DEBUG:netmiko:Exiting disable_paging
DEBUG:netmiko:write_channel: b'terminal width 511\n'
DEBUG:netmiko:Pattern is: RP\/0\/RP0\/CPU0\:r1
DEBUG:netmiko:_read_channel_expect read_data: RP/0/RP0/CPU0:r1#
RP/0/RP0/CPU0:r1#
DEBUG:netmiko:Pattern found: RP\/0\/RP0\/CPU0\:r1 RP/0/RP0/CPU0:r1#
RP/0/RP0/CPU0:r1#
DEBUG:netmiko:read_channel: 
RP/0/RP0/CPU0:r1#
RP/0/RP0/CPU0:r1#
RP/0/RP0/CPU0:r1#
DEBUG:netmiko:read_channel: 
DEBUG:netmiko:write_channel: b'\n'
DEBUG:netmiko:read_channel: terminal length 0
Wed Dec  9 09:47:11.561 UTC
RP/0/RP0/CPU0:r1#
DEBUG:netmiko:read_channel: 
DEBUG:netmiko:read_channel: 
DEBUG:netmiko:write_channel: b'xml\n'
DEBUG:netmiko:read_channel: 
DEBUG:netmiko:read_channel: terminal width 511

Wed Dec  9 09:47:11.915 UTC
RP/0/RP0/CPU0:r1#
RP/0/RP0/CPU0:r1#xml
Wed Dec  9 09:47:12.161 UTC
XML> 
DEBUG:netmiko:read_channel: 
DEBUG:netmiko:read_channel: 
DEBUG:netmiko:read_channel: 
DEBUG:netmiko:write_channel: b'<?xml version="1.0" encoding="UTF-8"?><Request MajorVersion="1" MinorVersion="0"><Lock/></Request>\n'
DEBUG:netmiko:read_channel: 
DEBUG:netmiko:read_channel: 
DEBUG:netmiko:read_channel: <?xml version="1.0" encoding="UTF-8"?>
<Response MajorVersion="1" MinorVersion="0"><Lock/><ResultSummary ErrorCount="0"/></Response>
XML> 
DEBUG:netmiko:read_channel: 
DEBUG:netmiko:write_channel: b'<?xml version="1.0" encoding="UTF-8"?><Request MajorVersion="1" MinorVersion="0"><CLI><Configuration>\n\n!! IOS XR Configuration version = 6.4.1\n!! Last configuration change at Wed Dec  9 07:29:02 2020 by admin\n!\n\nbanner motd ;\n--------------------------------------------------------------------------\n  \n--------------------------------------------------------------------------\n;\nlogging console disable\nservice timestamps log datetime msec\nservice timestamps debug datetime msec\nusername admin\n group root-lr\n group cisco-support\n secret 5 $1$A4C9$oaNorr6BXDruE4gDd086L.\n!\nline console\n timestamp disable\n exec-timeout 0 0\n absolute-timeout 0\n session-timeout 0\n!\nline default\n exec-timeout 0 0\n absolute-timeout 0\n session-timeout 0\n!\ncall-home\n service active\n contact smart-licensing\n profile CiscoTAC-1\n  active\n  destination transport-method http\n !\n!\ninterface Bundle-Ether33\n description ==TEST1==\n mtu 9216\n bundle maximum-active links 2\n bundle minimum-active links 1\n!\ninterface Bundle-Ether33.1\n description 95014353 National Bank Of Kenya-Nakuru\n vrf NBK\n ipv4 address 1.1.1.1 255.255.255.252\n encapsulation dot1q 3021 second-dot1q 3302\n!\ninterface Bundle-Ether33.2\n description 95014354 National Bank Of Kenya Nakuru Hospital ATM\n vrf NBK\n ipv4 address 2.2.2.2 255.255.255.252\n encapsulation dot1q 3021 second-dot1q 3303\n!\ninterface Bundle-Ether33.3\n description 95014450_Jamii_Bora_Bank-Nakuru_Backup\n vrf JAMII_BORA\n ipv4 address 172.30.17.53 255.255.255.252\n encapsulation dot1q 3021 second-dot1q 3304\n!\ninterface Bundle-Ether33.4\n description 95015815 NBK-Westside Mall Nakuru ATM\n vrf NBK\n ipv4 address 172.30.17.77 255.255.255.252\n encapsulation dot1q 3021 second-dot1q 3311\n!\ninterface MgmtEth0/RP0/CPU0/0\n description *** MANAGEMENT INTERFACE ***\n ipv4 address dhcp\n!\ninterface GigabitEthernet0/0/0/0\n bundle id 33 mode on\n shutdown\n!\ninterface GigabitEthernet0/0/0/1\n bundle id 33 mode on\n shutdown\n!\ninterface GigabitEthernet0/0/0/2\n shutdown\n!\ninterface GigabitEthernet0/0/0/3\n shutdown\n!\ninterface GigabitEthernet0/0/0/4\n shutdown\n!\ninterface preconfigure MgmtEth0/0/CPU0/0\n shutdown\n!\ninterface preconfigure GigabitEthernet0/0/0/5\n shutdown\n!\ninterface preconfigure GigabitEthernet0/0/0/6\n shutdown\n!\ninterface preconfigure GigabitEthernet0/0/0/7\n shutdown\n!\n\n !\n!\nxml agent tty\n iteration off\n!\nnetconf-yang agent\n ssh\n!\nssh server v2\nssh server netconf vrf default\nrouter eigrp 200\n address-family ipv4\n !\n vrf NBK\n  address-family ipv4\n   default-metric 1024 100 255 1 1500\n   autonomous-system 500\n   redistribute connected\n   redistribute static\n   interface Bundle-Ether33.1\n   !\n   interface Bundle-Ether33.2\n   !\n   interface Bundle-Ether33.4\n   !\n  !\n !\n!\nend\n</Configuration></CLI></Request>\n'
DEBUG:netmiko:read_channel: 
DEBUG:netmiko:read_channel: 
DEBUG:netmiko:read_channel: <?xml version="1.0" encoding="UTF-8"?>
<Response MajorVersion="1" MinorVersion="0"><CLI><Configuration/></CLI><ResultSummary ErrorCount="0"/></Response>
XML> 
DEBUG:netmiko:read_channel: 
DEBUG:netmiko:write_channel: b'<?xml version="1.0" encoding="UTF-8"?><Request MajorVersion="1" MinorVersion="0"><CLI><Configuration>show configuration merge</Configuration></CLI></Request>\n'
DEBUG:netmiko:read_channel: 
DEBUG:netmiko:read_channel: 
DEBUG:netmiko:read_channel: 
DEBUG:netmiko:read_channel: 
DEBUG:netmiko:read_channel: 
DEBUG:netmiko:read_channel: <?xml version="1.0" encoding="UTF-8"?>
<Response MajorVersion="1" MinorVersion="0"><CLI><Configuration>
Building configuration...
!! IOS XR Configuration version = 6.4.1
!! Last configuration change at Wed Dec  9 09:39:36 2020 by admin
!
hostname r1
banner motd ;
--------------------------------------------------------------------------

--------------------------------------------------------------------------
;
logging console disable
service timestamps log datetime msec
service timestamps debug datetime msec
username admin
 group root-lr
 group cisco-support
 secret 5 $1$A4C9$oaNorr6BXDruE4gDd086L.
!
line console
 timestamp disable
 exec-timeout 0 0
 absolute-timeout 0
 session-timeout 0
!
line default
 exec-timeout 0 0
 absolute-timeout 0
 session-timeout 0
!
vty-pool default 0 4 line-template VTY-TEMPLATE
call-home
 service active
 contact smart-licensing
 profile CiscoTAC-1
  active
  destination transport-method http
 !
!
interface Bundle-Ether33
 description ==TEST1==
 mtu 9216
 bundle maximum-active links 2
 bundle minimum-active links 1
!
interface Bundle-Ether33.1
 description 95014353 National Bank Of Kenya-Nakuru
 vrf NBK
 ipv4 address 1.1.1.1 255.255.255.252
 encapsulation dot1q 3021 second-dot1q 3302
!
interface Bundle-Ether33.2
 description 95014354 National Bank Of Kenya Nakuru Hospital ATM
 vrf NBK
 ipv4 address 2.2.2.2 255.255.255.252
 encapsulation dot1q 3021 second-dot1q 3303
!
interface Bundle-Ether33.3
 description 95014450_Jamii_Bora_Bank-Nakuru_Backup
 vrf JAMII_BORA
 ipv4 address 172.30.17.53 255.255.255.252
 encapsulation dot1q 3021 second-dot1q 3304
!
interface Bundle-Ether33.4
 description 95015815 NBK-Westside Mall Nakuru ATM
 vrf NBK
 ipv4 address 172.30.17.77 255.255.255.252
 encapsulation dot1q 3021 second-dot1q 3311
!
interface MgmtEth0/RP0/CPU0/0
 description *** MANAGEMENT INTERFACE ***
 ipv4 address dhcp
!
interface GigabitEthernet0/0/0/0
 bundle id 33 mode on
 shutdown
!
interface GigabitEthernet0/0/0/1
 bundle id 33 mode on
 shutdown
!
interface GigabitEthernet0/0/0/2
 shutdown
!
interface GigabitEthernet0/0/0/3
 shutdown
!
interface GigabitEthernet0/0/0/4
 shutdown
!
interface preconfigure MgmtEth0/0/CPU0/0
 shutdown
!
interface preconfigure GigabitEthernet0/0/0/5
 shutdown
!
interface preconfigure GigabitEthernet0/0/0/6
 shutdown
!
interface preconfigure GigabitEthernet0/0/0/7
 shutdown
!
router static
 address-family ipv4 unicast
  0.0.0.0/0 192.168.122.1
 !
!
xml agent tty
 iteration off
!
netconf-yang agent
 ssh
!
ssh server v2
ssh server netconf vrf default
router eigrp 200
 address-family ipv4
 !
 vrf NBK
  address-family ipv4
   default-metric 1024 100 255 1 1500
   autonomous-system 500
   redistribute connected
   redistribute static
   interface Bundle-Ether33.1
   !
   interface Bundle-Ether33.2
   !
   interface Bundle-Ether33.4
   !
  !
 !
!
end

</Configuration></CLI><ResultSummary ErrorCount="0"/></Response>
XML> 
DEBUG:netmiko:read_channel: 
DEBUG:netmiko:write_channel: b'<?xml version="1.0" encoding="UTF-8"?><Request MajorVersion="1" MinorVersion="0"><CLI><Configuration>show running-config</Configuration></CLI></Request>\n'
DEBUG:netmiko:read_channel: 
DEBUG:netmiko:read_channel: 
DEBUG:netmiko:read_channel: 
DEBUG:netmiko:read_channel: 
DEBUG:netmiko:read_channel: 
DEBUG:netmiko:read_channel: <?xml version="1.0" encoding="UTF-8"?>
<Response MajorVersion="1" MinorVersion="0"><CLI><Configuration>
Building configuration...
!! IOS XR Configuration version = 6.4.1
!! Last configuration change at Wed Dec  9 09:39:36 2020 by admin
!
hostname r1
banner motd ;
--------------------------------------------------------------------------
  Router 1 (Cisco IOS XR Sandbox)
--------------------------------------------------------------------------
;
service timestamps log datetime msec
service timestamps debug datetime msec
username admin
 group root-lr
 group cisco-support
 secret 5 $1$A4C9$oaNorr6BXDruE4gDd086L.
!
line console
 timestamp disable
 exec-timeout 0 0
!
vty-pool default 0 4 line-template VTY-TEMPLATE
call-home
 service active
 contact smart-licensing
 profile CiscoTAC-1
  active
  destination transport-method http
 !
!
interface MgmtEth0/RP0/CPU0/0
 description *** MANAGEMENT INTERFACE ***
 ipv4 address dhcp
!
interface GigabitEthernet0/0/0/0
 shutdown
!
interface GigabitEthernet0/0/0/1
 shutdown
!
interface GigabitEthernet0/0/0/2
 shutdown
!
interface GigabitEthernet0/0/0/3
 shutdown
!
interface GigabitEthernet0/0/0/4
 shutdown
!
router static
 address-family ipv4 unicast
  0.0.0.0/0 192.168.122.1
 !
!
xml agent tty
 iteration off
!
netconf-yang agent
 ssh
!
ssh server v2
ssh server netconf vrf default
end

</Configuration></CLI><ResultSummary ErrorCount="0"/></Response>
XML> 
DEBUG:netmiko:read_channel: 
DEBUG:netmiko:write_channel: b'<?xml version="1.0" encoding="UTF-8"?><Request MajorVersion="1" MinorVersion="0"><CLI><Configuration>show configuration merge</Configuration></CLI></Request>\n'
DEBUG:netmiko:read_channel: 
DEBUG:netmiko:read_channel: 
DEBUG:netmiko:read_channel: 
DEBUG:netmiko:read_channel: 
DEBUG:netmiko:read_channel: 
DEBUG:netmiko:read_channel: 
DEBUG:netmiko:read_channel: 
DEBUG:netmiko:read_channel: 
DEBUG:netmiko:read_channel: 
DEBUG:netmiko:read_channel: <?xml version="1.0" encoding="UTF-8"?>
<Response MajorVersion="1" MinorVersion="0"><CLI><Configuration>
Building configuration...
!! IOS XR Configuration version = 6.4.1
!! Last configuration change at Wed Dec  9 09:39:36 2020 by admin
!
hostname r1
banner motd ;
--------------------------------------------------------------------------

--------------------------------------------------------------------------
;
logging console disable
service timestamps log datetime msec
service timestamps debug datetime msec
username admin
 group root-lr
 group cisco-support
 secret 5 $1$A4C9$oaNorr6BXDruE4gDd086L.
!
line console
 timestamp disable
 exec-timeout 0 0
 absolute-timeout 0
 session-timeout 0
!
line default
 exec-timeout 0 0
 absolute-timeout 0
 session-timeout 0
!
vty-pool default 0 4 line-template VTY-TEMPLATE
call-home
 service active
 contact smart-licensing
 profile CiscoTAC-1
  active
  destination transport-method http
 !
!
interface Bundle-Ether33
 descr
DEBUG:netmiko:read_channel: iption ==TEST1==
 mtu 9216
 bundle maximum-active links 2
 bundle minimum-active links 1
!
interface Bundle-Ether33.1
 description 95014353 National Bank Of Kenya-Nakuru
 vrf NBK
 ipv4 address 1.1.1.1 255.255.255.252
 encapsulation dot1q 3021 second-dot1q 3302
!
interface Bundle-Ether33.2
 description 95014354 National Bank Of Kenya Nakuru Hospital ATM
 vrf NBK
 ipv4 address 2.2.2.2 255.255.255.252
 encapsulation dot1q 3021 second-dot1q 3303
!
interface Bundle-Ether33.3
 description 95014450_Jamii_Bora_Bank-Nakuru_Backup
 vrf JAMII_BORA
 ipv4 address 172.30.17.53 255.255.255.252
 encapsulation dot1q 3021 second-dot1q 3304
!
interface Bundle-Ether33.4
 description 95015815 NBK-Westside Mall Nakuru ATM
 vrf NBK
 ipv4 address 172.30.17.77 255.255.255.252
 encapsulation dot1q 3021 second-dot1q 3311
!
interface MgmtEth0/RP0/CPU0/0
 description *** MANAGEMENT INTERFACE ***
 ipv4 address dhcp
!
interface GigabitEthernet0/0/0/0
 bundle id 33 mode on
 shutdown
!
interface GigabitEthernet0/0/0/1
 bundle id 33 mode on
 shutdown
!
interface GigabitEthernet0/0/0/2
 shutdown
!
interface GigabitEthernet0/0/0/3
 shutdown
!
interface GigabitEthernet0/0/0/4
 shutdown
!
interface preconfigure MgmtEth0/0/CPU0/0
 shutdown
!
interface preconfigure GigabitEthernet0/0/0/5
 shutdown
!
interface preconfigure GigabitEthernet0/0/0/6
 shutdown
!
interface preconfigure GigabitEthernet0/0/0/7
 shutdown
!
router static
 address-family ipv4 unicast
  0.0.0.0/0 192.168.122.1
 !
!
xml agent tty
 iteration off
!
netconf-yang agent
 ssh
!
ssh server v2
ssh server netconf vrf default
router eigrp 200
 address-family ipv4
 !
 vrf NBK
  address-family ipv4
   default-metric 1024 100 255 1 1500
   autonomous-system 500
   redistribute connected
   redistribute static
   interface Bundle-Ether33.1
   !
   interface Bundle-Ether33.2
   !
   interface Bundle-Ether33.4
   !
  !
 !
!
end

</Configuration></CLI><ResultSummary ErrorCount="0"/></Response>
XML> 
DEBUG:netmiko:read_channel: 
DEBUG:netmiko:write_channel: b'<?xml version="1.0" encoding="UTF-8"?><Request MajorVersion="1" MinorVersion="0"><CLI><Configuration>show running-config</Configuration></CLI></Request>\n'
DEBUG:netmiko:read_channel: 
DEBUG:netmiko:read_channel: 
DEBUG:netmiko:read_channel: 
DEBUG:netmiko:read_channel: 
DEBUG:netmiko:read_channel: 
DEBUG:netmiko:read_channel: <?xml version="1.0" encoding="UTF-8"?>
<Response MajorVersion="1" MinorVersion="0"><CLI><Configuration>
Building configuration...
!! IOS XR Configuration version = 6.4.1
!! Last configuration change at Wed Dec  9 09:39:36 2020 by admin
!
hostname r1
banner motd ;
--------------------------------------------------------------------------
  Router 1 (Cisco IOS XR Sandbox)
--------------------------------------------------------------------------
;
service timestamps log datetime msec
service timestamps debug datetime msec
username admin
 group root-lr
 group cisco-support
 secret 5 $1$A4C9$oaNorr6BXDruE4gDd086L.
!
line console
 timestamp disable
 exec-timeout 0 0
!
vty-pool default 0 4 line-template VTY-TEMPLATE
call-home
 service active
 contact smart-licensing
 profile CiscoTAC-1
  active
  destination transport-method http
 !
!
interface MgmtEth0/RP0/CPU0/0
 description *** MANAGEMENT INTERFACE ***
 ipv4 address dhcp
!
interface GigabitEthernet0/0/0/0
 shutdown
!
interface GigabitEthernet0/0/0/1
 shutdown
!
interface GigabitEthernet0/0/0/2
 shutdown
!
interface GigabitEthernet0/0/0/3
 shutdown
!
interface GigabitEthernet0/0/0/4
 shutdown
!
router static
 address-family ipv4 unicast
  0.0.0.0/0 192.168.122.1
 !
!
xml agent tty
 iteration off
!
netconf-yang agent
 ssh
!
ssh server v2
ssh server netconf vrf default
end

</Configuration></CLI><ResultSummary ErrorCount="0"/></Response>
XML> 
DEBUG:netmiko:read_channel: 
DEBUG:netmiko:write_channel: b'<?xml version="1.0" encoding="UTF-8"?><Request MajorVersion="1" MinorVersion="0"><Commit/></Request>\n'
DEBUG:netmiko:read_channel: 
DEBUG:netmiko:read_channel: 
DEBUG:netmiko:read_channel: 
DEBUG:netmiko:read_channel: 
DEBUG:netmiko:read_channel: 
DEBUG:netmiko:read_channel: 
DEBUG:netmiko:read_channel: 
DEBUG:netmiko:read_channel: 
DEBUG:netmiko:read_channel: 
DEBUG:netmiko:read_channel: 
DEBUG:netmiko:read_channel: 
DEBUG:netmiko:read_channel: 
DEBUG:netmiko:read_channel: 
DEBUG:netmiko:read_channel: 
DEBUG:netmiko:read_channel: 
DEBUG:netmiko:read_channel: 
DEBUG:netmiko:read_channel: 
DEBUG:netmiko:read_channel: 
DEBUG:netmiko:read_channel: 
DEBUG:netmiko:read_channel: 
DEBUG:netmiko:read_channel: 
DEBUG:netmiko:read_channel: 
DEBUG:netmiko:read_channel: 
DEBUG:netmiko:read_channel: 
DEBUG:netmiko:read_channel: 
DEBUG:netmiko:read_channel: 
DEBUG:netmiko:read_channel: 
DEBUG:netmiko:read_channel: 
DEBUG:netmiko:read_channel: 
DEBUG:netmiko:read_channel: 
DEBUG:netmiko:read_channel: 
DEBUG:netmiko:read_channel: 
DEBUG:netmiko:read_channel: 
DEBUG:netmiko:read_channel: 
DEBUG:netmiko:read_channel: 
DEBUG:netmiko:read_channel: 
DEBUG:netmiko:read_channel: 
DEBUG:netmiko:read_channel: 
DEBUG:netmiko:read_channel: 
DEBUG:netmiko:read_channel: 
DEBUG:netmiko:read_channel: 
DEBUG:netmiko:read_channel: 
DEBUG:netmiko:read_channel: 
DEBUG:netmiko:read_channel: 
DEBUG:netmiko:read_channel: 
DEBUG:netmiko:read_channel: 
DEBUG:netmiko:read_channel: 
DEBUG:netmiko:read_channel: <?xml version="1.0" encoding="UTF-8"?>
<Response MajorVersion="1" MinorVersion="0"><Commit CommitID="1000000016"/><ResultSummary ErrorCount="0"/></Response>
XML> 
DEBUG:netmiko:read_channel: 
DEBUG:netmiko:write_channel: b'<?xml version="1.0" encoding="UTF-8"?><Request MajorVersion="1" MinorVersion="0"><Unlock/></Request>\n'
DEBUG:netmiko:read_channel: 
DEBUG:netmiko:read_channel: 
DEBUG:netmiko:read_channel: <?xml version="1.0" encoding="UTF-8"?>
<Response MajorVersion="1" MinorVersion="0"><Unlock/><ResultSummary ErrorCount="0"/></Response>
XML> 
DEBUG:paramiko.transport:[chan 0] EOF sent (0)
DEBUG:paramiko.transport:starting thread (client mode): 0xcdbb71d0
DEBUG:paramiko.transport:Local version/idstring: SSH-2.0-paramiko_2.4.2
DEBUG:paramiko.transport:Remote version/idstring: SSH-1.99-Cisco-2.0
INFO:paramiko.transport:Connected (version 1.99, client Cisco-2.0)
DEBUG:paramiko.transport:kex algos:['ecdh-sha2-nistp521', 'ecdh-sha2-nistp384', 'ecdh-sha2-nistp256', 'diffie-hellman-group14-sha1'] server key:['ssh-rsa'] client encrypt:['aes128-ctr', 'aes192-ctr', 'aes256-ctr', 'aes128-gcm@openssh.com', 'aes256-gcm@openssh.com'] server encrypt:['aes128-ctr', 'aes192-ctr', 'aes256-ctr', 'aes128-gcm@openssh.com', 'aes256-gcm@openssh.com'] client mac:['hmac-sha2-512', 'hmac-sha2-256', 'hmac-sha1'] server mac:['hmac-sha2-512', 'hmac-sha2-256', 'hmac-sha1'] client compress:['none'] server compress:['none'] client lang:[''] server lang:[''] kex follows?False
DEBUG:paramiko.transport:Kex agreed: ecdh-sha2-nistp256
DEBUG:paramiko.transport:HostKey agreed: ssh-rsa
DEBUG:paramiko.transport:Cipher agreed: aes128-ctr
DEBUG:paramiko.transport:MAC agreed: hmac-sha2-256
DEBUG:paramiko.transport:Compression agreed: none
DEBUG:paramiko.transport:kex engine KexNistp256 specified hash_algo <built-in function openssl_sha256>
DEBUG:paramiko.transport:Switch to new keys ...
DEBUG:paramiko.transport:Adding ssh-rsa host key for [10.10.20.70]:2221: b'e1ad3e53cdc053037494810944e7d7d0'
DEBUG:paramiko.transport:userauth is OK
INFO:paramiko.transport:Authentication (password) successful!
DEBUG:paramiko.transport:[chan 0] Max packet in: 32768 bytes
DEBUG:paramiko.transport:[chan 0] Max packet out: 32768 bytes
DEBUG:paramiko.transport:Secsh channel 0 opened.
DEBUG:paramiko.transport:[chan 0] Sesch channel 0 request ok
DEBUG:paramiko.transport:[chan 0] Sesch channel 0 request ok
DEBUG:netmiko:read_channel: 

RP/0/RP0/CPU0:r1#
DEBUG:netmiko:read_channel: 
DEBUG:netmiko:read_channel: 
DEBUG:netmiko:read_channel: 
DEBUG:netmiko:write_channel: b'\n'
DEBUG:netmiko:read_channel: 
DEBUG:netmiko:read_channel: 
DEBUG:netmiko:write_channel: b'\n'
DEBUG:netmiko:read_channel: 
DEBUG:netmiko:write_channel: b'\n'
DEBUG:netmiko:read_channel: 
DEBUG:netmiko:write_channel: b'\n'
DEBUG:netmiko:read_channel: 
DEBUG:netmiko:write_channel: b'\n'
DEBUG:netmiko:read_channel: 
DEBUG:netmiko:write_channel: b'\n'
DEBUG:netmiko:read_channel: 
DEBUG:netmiko:write_channel: b'\n'
DEBUG:netmiko:read_channel: 
RP/0/RP0/CPU0:r1#
RP/0/RP0/CPU0:r1#
DEBUG:netmiko:read_channel: 
RP/0/RP0/CPU0:r1#
RP/0/RP0/CPU0:r1#
RP/0/RP0/CPU0:r1#
DEBUG:netmiko:read_channel: 
RP/0/RP0/CPU0:r1#
RP/0/RP0/CPU0:r1#
DEBUG:netmiko:In disable_paging
DEBUG:netmiko:Command: terminal length 0

DEBUG:netmiko:write_channel: b'terminal length 0\n'
DEBUG:netmiko:Pattern is: RP\/0\/RP0\/CPU0\:r1
DEBUG:netmiko:_read_channel_expect read_data: terminal length 0

DEBUG:netmiko:_read_channel_expect read_data: Wed Dec  9 14:39:56.424 UTC

DEBUG:netmiko:_read_channel_expect read_data: RP/0/RP0/CPU0:r1#
DEBUG:netmiko:Pattern found: RP\/0\/RP0\/CPU0\:r1 terminal length 0
Wed Dec  9 14:39:56.424 UTC
RP/0/RP0/CPU0:r1#
DEBUG:netmiko:terminal length 0
Wed Dec  9 14:39:56.424 UTC
RP/0/RP0/CPU0:r1#
DEBUG:netmiko:Exiting disable_paging
DEBUG:netmiko:write_channel: b'terminal width 511\n'
DEBUG:netmiko:Pattern is: RP\/0\/RP0\/CPU0\:r1
DEBUG:netmiko:_read_channel_expect read_data: terminal width 511

DEBUG:netmiko:_read_channel_expect read_data: Wed Dec  9 14:39:56.797 UTC

DEBUG:netmiko:_read_channel_expect read_data: RP/0/RP0/CPU0:r1#
DEBUG:netmiko:Pattern found: RP\/0\/RP0\/CPU0\:r1 terminal width 511
Wed Dec  9 14:39:56.797 UTC
RP/0/RP0/CPU0:r1#
DEBUG:netmiko:read_channel: 
DEBUG:netmiko:read_channel: 
DEBUG:netmiko:write_channel: b'\n'
DEBUG:netmiko:read_channel: 
DEBUG:netmiko:read_channel: 
DEBUG:netmiko:write_channel: b'\n'
DEBUG:netmiko:read_channel: 
DEBUG:netmiko:write_channel: b'\n'
DEBUG:netmiko:read_channel: 
RP/0/RP0/CPU0:r1#
DEBUG:netmiko:read_channel: 
DEBUG:netmiko:read_channel: 
RP/0/RP0/CPU0:r1#
RP/0/RP0/CPU0:r1#
DEBUG:netmiko:write_channel: b'show run\n'
DEBUG:netmiko:read_channel: 
DEBUG:netmiko:read_channel: 
DEBUG:netmiko:read_channel: show run
Wed Dec  9 14:39:58.121 UTC

DEBUG:netmiko:read_channel: 
DEBUG:netmiko:read_channel: 
DEBUG:netmiko:read_channel: Building configuration...
!! IOS XR Configuration version = 6.4.1
!! Last configuration change at Wed Dec  9 09:48:36 2020 by admin
!
hostname r1
banner motd ;
--------------------------------------------------------------------------

--------------------------------------------------------------------------
;
logging console disable
service timestamps log datetime msec
service timestamps debug datetime msec
username admin
 group root-lr
 group cisco-support
 secret 5 $1$A4C9$oaNorr6BXDruE4gDd086L.
!
line console
 timestamp disable
 exec-timeout 0 0
 absolute-timeout 0
 session-timeout 0
!
line default
 exec-timeout 0 0
 absolute-timeout 0
 session-timeout 0
!
vty-pool default 0 4 line-template VTY-TEMPLATE
call-home
 service active
 contact smart-licensing
 profile CiscoTAC-1
  active
  destination transport-method http
 !
!
interface Bundle-Ether33
 description ==TEST1==
 mtu 9216
 bundle maximum-active links 2
 bundle minimum-active links 1
!
interface Bundle-Ether33.1
 description 95014353 National Bank Of Kenya-Nakuru
 vrf NBK
 ipv4 address 1.1.1.1 255.255.255.252
 encapsulation dot1q 3021 secon
DEBUG:netmiko:read_channel: 
DEBUG:netmiko:read_channel: d-dot1q 3302
!
interface Bundle-Ether33.2
 description 95014354 National Bank Of Kenya Nakuru Hospital ATM
 vrf NBK
 ipv4 address 2.2.2.2 255.255.255.252
 encapsulation dot1q 3021 second-dot1q 3303
!
interface Bundle-Ether33.3
 description 95014450_Jamii_Bora_Bank-Nakuru_Backup
 vrf JAMII_BORA
 ipv4 address 172.30.17.53 255.255.255.252
 encapsulation dot1q 3021 second-dot1q 3304
!
interface Bundle-Ether33.4
 description 95015815 NBK-Westside Mall Nakuru ATM
 vrf NBK
 ipv4 address 172.30.17.77 255.255.255.252
 encapsulation dot1q 3021 second-dot1q 3311
!
interface MgmtEth0/RP0/CPU0/0
 description *** MANAGEMENT INTERFACE ***
 ipv4 address dhcp
!
interface GigabitEthernet0/0/0/0
 bundle id 33 mode on
 shutdown
!
interface GigabitEthernet0/0/0/1
 bundle id 33 mode on
 shutdown
!
interface GigabitEthernet0/0/0/2
 shutdown
!
interface GigabitEthernet0/0/0/3
 shutdown
!
interface GigabitEthernet0/0/0/4
 shutdown
!
interface preconfigure MgmtEth0/0/CPU0/0
 shutdown
!
interface preconfigure GigabitEthernet0/0/0/5
 shutdown
!
interface preconfigure GigabitEthernet0/0/0/6
 shutdown
!
interface preconfigure GigabitEthernet0/0/0/7
 shutdown
!
router static
 address-family ipv4 unicast
  0.0.0.0/0 192.168.122.1
 !
!
xml agent tty
 iteration off
!
netconf-yang agent
 ssh
!
ssh server v2
ssh server netconf vrf default
router eigrp 200
 address-family ipv4
 !
 vrf NBK
  address-family ipv4
   default-metric 1024 100 255 1 1500
   autonomous-system 500
   redistribute connected
   redistribute static
   interface Bundle-Ether33.1
   !
   interface Bundle-Ether33.2
   !
   interface Bundle-Ether33.4
   !
  !
 !
!
end

RP/0/RP0/CPU0:r1#
DEBUG:paramiko.transport:starting thread (client mode): 0xc7d4e7f0
DEBUG:paramiko.transport:Local version/idstring: SSH-2.0-paramiko_2.4.2
ERROR:paramiko.transport:Exception: Error reading SSH protocol banner
ERROR:paramiko.transport:Traceback (most recent call last):
ERROR:paramiko.transport:  File "/home/aurora/Documents/Netmiko/netmiko/lib/python3.6/site-packages/paramiko/transport.py", line 2138, in _check_banner
ERROR:paramiko.transport:    buf = self.packetizer.readline(timeout)
ERROR:paramiko.transport:  File "/home/aurora/Documents/Netmiko/netmiko/lib/python3.6/site-packages/paramiko/packet.py", line 367, in readline
ERROR:paramiko.transport:    buf += self._read_timeout(timeout)
ERROR:paramiko.transport:  File "/home/aurora/Documents/Netmiko/netmiko/lib/python3.6/site-packages/paramiko/packet.py", line 563, in _read_timeout
ERROR:paramiko.transport:    raise EOFError()
ERROR:paramiko.transport:EOFError
ERROR:paramiko.transport:
ERROR:paramiko.transport:During handling of the above exception, another exception occurred:
ERROR:paramiko.transport:
ERROR:paramiko.transport:Traceback (most recent call last):
ERROR:paramiko.transport:  File "/home/aurora/Documents/Netmiko/netmiko/lib/python3.6/site-packages/paramiko/transport.py", line 1966, in run
ERROR:paramiko.transport:    self._check_banner()
ERROR:paramiko.transport:  File "/home/aurora/Documents/Netmiko/netmiko/lib/python3.6/site-packages/paramiko/transport.py", line 2143, in _check_banner
ERROR:paramiko.transport:    "Error reading SSH protocol banner" + str(e)
ERROR:paramiko.transport:paramiko.ssh_exception.SSHException: Error reading SSH protocol banner
ERROR:paramiko.transport:
DEBUG:paramiko.transport:starting thread (client mode): 0x830c91d0
DEBUG:paramiko.transport:Local version/idstring: SSH-2.0-paramiko_2.4.2
DEBUG:paramiko.transport:Remote version/idstring: SSH-1.99-Cisco-2.0
INFO:paramiko.transport:Connected (version 1.99, client Cisco-2.0)
DEBUG:paramiko.transport:kex algos:['ecdh-sha2-nistp521', 'ecdh-sha2-nistp384', 'ecdh-sha2-nistp256', 'diffie-hellman-group14-sha1'] server key:['ssh-rsa'] client encrypt:['aes128-ctr', 'aes192-ctr', 'aes256-ctr', 'aes128-gcm@openssh.com', 'aes256-gcm@openssh.com'] server encrypt:['aes128-ctr', 'aes192-ctr', 'aes256-ctr', 'aes128-gcm@openssh.com', 'aes256-gcm@openssh.com'] client mac:['hmac-sha2-512', 'hmac-sha2-256', 'hmac-sha1'] server mac:['hmac-sha2-512', 'hmac-sha2-256', 'hmac-sha1'] client compress:['none'] server compress:['none'] client lang:[''] server lang:[''] kex follows?False
DEBUG:paramiko.transport:Kex agreed: ecdh-sha2-nistp256
DEBUG:paramiko.transport:HostKey agreed: ssh-rsa
DEBUG:paramiko.transport:Cipher agreed: aes128-ctr
DEBUG:paramiko.transport:MAC agreed: hmac-sha2-256
DEBUG:paramiko.transport:Compression agreed: none
DEBUG:paramiko.transport:kex engine KexNistp256 specified hash_algo <built-in function openssl_sha256>
DEBUG:paramiko.transport:Switch to new keys ...
DEBUG:paramiko.transport:Adding ssh-rsa host key for [10.10.20.70]:2221: b'e1ad3e53cdc053037494810944e7d7d0'
DEBUG:paramiko.transport:userauth is OK
INFO:paramiko.transport:Authentication (password) successful!
DEBUG:paramiko.transport:[chan 0] Max packet in: 32768 bytes
DEBUG:paramiko.transport:[chan 0] Max packet out: 32768 bytes
DEBUG:paramiko.transport:Secsh channel 0 opened.
DEBUG:paramiko.transport:[chan 0] Sesch channel 0 request ok
DEBUG:paramiko.transport:[chan 0] Sesch channel 0 request ok
DEBUG:netmiko:read_channel: 

RP/0/RP0/CPU0:r1#
DEBUG:netmiko:read_channel: 
DEBUG:netmiko:read_channel: 
DEBUG:netmiko:read_channel: 
DEBUG:netmiko:write_channel: b'\n'
DEBUG:netmiko:read_channel: 
DEBUG:netmiko:read_channel: 
DEBUG:netmiko:write_channel: b'\n'
DEBUG:netmiko:read_channel: 
RP/0/RP0/CPU0:r1#
DEBUG:netmiko:read_channel: 
DEBUG:netmiko:read_channel: 
RP/0/RP0/CPU0:r1#
DEBUG:netmiko:In disable_paging
DEBUG:netmiko:Command: terminal length 0

DEBUG:netmiko:write_channel: b'terminal length 0\n'
DEBUG:netmiko:Pattern is: RP\/0\/RP0\/CPU0\:r1
DEBUG:netmiko:_read_channel_expect read_data: terminal length 0

DEBUG:netmiko:_read_channel_expect read_data: Wed Dec  9 14:46:03.752 UTC

DEBUG:netmiko:_read_channel_expect read_data: RP/0/RP0/CPU0:r1#
DEBUG:netmiko:Pattern found: RP\/0\/RP0\/CPU0\:r1 terminal length 0
Wed Dec  9 14:46:03.752 UTC
RP/0/RP0/CPU0:r1#
DEBUG:netmiko:terminal length 0
Wed Dec  9 14:46:03.752 UTC
RP/0/RP0/CPU0:r1#
DEBUG:netmiko:Exiting disable_paging
DEBUG:netmiko:write_channel: b'terminal width 511\n'
DEBUG:netmiko:Pattern is: RP\/0\/RP0\/CPU0\:r1
DEBUG:netmiko:_read_channel_expect read_data: terminal width 511

DEBUG:netmiko:_read_channel_expect read_data: Wed Dec  9 14:46:04.110 UTC

DEBUG:netmiko:_read_channel_expect read_data: RP/0/RP0/CPU0:r1#
DEBUG:netmiko:Pattern found: RP\/0\/RP0\/CPU0\:r1 terminal width 511
Wed Dec  9 14:46:04.110 UTC
RP/0/RP0/CPU0:r1#
DEBUG:netmiko:read_channel: 
DEBUG:netmiko:read_channel: 
DEBUG:netmiko:write_channel: b'\n'
DEBUG:netmiko:read_channel: 
DEBUG:netmiko:read_channel: 
DEBUG:netmiko:write_channel: b'\n'
DEBUG:netmiko:read_channel: 
RP/0/RP0/CPU0:r1#
DEBUG:netmiko:read_channel: 
DEBUG:netmiko:read_channel: 
RP/0/RP0/CPU0:r1#
DEBUG:netmiko:write_channel: b'show run\n'
DEBUG:netmiko:read_channel: 
DEBUG:netmiko:read_channel: 
DEBUG:netmiko:read_channel: show run
Wed Dec  9 14:46:05.336 UTC

DEBUG:netmiko:read_channel: 
DEBUG:netmiko:read_channel: Building configuration...
!! IOS XR Configuration version = 6.4.1
!! Last configuration change at Wed Dec  9 14:45:47 2020 by admin
!
hostname r1
banner motd ;
--------------------------------------------------------------------------

--------------------------------------------------------------------------
;
logging console disable
service timestamps log datetime msec
service timestamps debug datetime msec
username admin
 group root-lr
 group cisco-support
 secret 5 $1$A4C9$oaNorr6BXDruE4gDd086L.
!
line console
 timestamp disable
 exec-timeout 0 0
 absolute-timeout 0
 session-timeout 0
!
line default
 exec-timeout 0 0
 absolute-timeout 0
 session-timeout 0
!
vty-pool default 0 4 line-template VTY-TEMPLATE
call-home
 service active
 contact smart-licensing
 profile CiscoTAC-1
  active
  destination transport-method http
 !
!
interface Bundle-Ether33
 description ==TEST1==
 mtu 9216
 bundle maximum-active links 2
 bundle minimum-active links 1
!
interface Bundle-Ether33.1
 description 95014353 National Bank Of Kenya-Nakuru
 vrf NBK
 ipv4 address 1.1.1.1 255.255.255.252
 encapsulation dot1q 3021 second-dot1q 3302
!
interface Bundle-Ether33.2
 description 95014354 National Bank Of Kenya Nakuru Hospital ATM
 vrf NBK
 ipv4 address 2.2.2.2 255.255.255.252
 encapsulation dot1q 3021 second-dot1q 3303
!
interface Bundle-Ether33.3
 description 95014450_Jamii_Bora_Bank-Nakuru_Backup
 vrf JAMII_BORA
 ipv4 address 172.30.17.53 255.255.255.252
 encapsulation dot1q 3021 second-dot1q 3304
!
interface Bundle-Ether33.4
 description 95015815 NBK-Westside Mall Nakuru ATM
 vrf NBK
 ipv4 address 172.30.17.77 255.255.255.252
 encapsulation dot1q 3021 second-dot1q 3311
!
interface Bundle-Ether33.5
 description TEST INTERFACE
!
interface MgmtEth0/RP0/CPU0/0
 description *** MANAGEMENT INTERFACE ***
 ipv4 address dhcp
!
interface GigabitEthernet0/0/0/0
 bundle id 33 mode on
 shutdown
!
interface GigabitEthernet0/0/0/1
 bundle id 33 mode on
 shutdown
!
interface GigabitEthernet0/0/0/2
 shutdown
!
interface GigabitEthernet0/0/0/3
 shutdown
!
interface GigabitEthernet0/0/0/4
 shutdown
!
interface preconfigure MgmtEth0/0/CPU0/0
 shutdown
!
interface preconfigure GigabitEthernet0/0/0/5
 shutdown
!
interface preconfigure GigabitEthernet0/0/0/6
 shutdown
!
interface preconfigure GigabitEthernet0/0/0/7
 shutdown
!
router static
 address-family ipv4 unicast
  0.0.0.0/0 192.168.122.1
 !
!
xml agent tty
 iteration off
!
netconf-yang agent
 ssh
!
ssh server v2
ssh server netconf vrf default
router eigrp 200
 address-family ipv4
 !
 vrf NBK
  address-family ipv4
   default-metric 1024 100 255 1 1500
   autonomous-system 500
   redistribute connected
   redistribute static
   interface Bundle-Ether33.1
   !
   interface Bundle-Ether33.2
   !
   interface Bundle-Ether33.4
   !
  !
 !
!
end

RP/0/RP0/CPU0:r1#
DEBUG:paramiko.transport:starting thread (client mode): 0x81292630
DEBUG:paramiko.transport:Local version/idstring: SSH-2.0-paramiko_2.4.2
DEBUG:paramiko.transport:Remote version/idstring: SSH-1.99-Cisco-2.0
INFO:paramiko.transport:Connected (version 1.99, client Cisco-2.0)
DEBUG:paramiko.transport:kex algos:['ecdh-sha2-nistp521', 'ecdh-sha2-nistp384', 'ecdh-sha2-nistp256', 'diffie-hellman-group14-sha1'] server key:['ssh-rsa'] client encrypt:['aes128-ctr', 'aes192-ctr', 'aes256-ctr', 'aes128-gcm@openssh.com', 'aes256-gcm@openssh.com'] server encrypt:['aes128-ctr', 'aes192-ctr', 'aes256-ctr', 'aes128-gcm@openssh.com', 'aes256-gcm@openssh.com'] client mac:['hmac-sha2-512', 'hmac-sha2-256', 'hmac-sha1'] server mac:['hmac-sha2-512', 'hmac-sha2-256', 'hmac-sha1'] client compress:['none'] server compress:['none'] client lang:[''] server lang:[''] kex follows?False
DEBUG:paramiko.transport:Kex agreed: ecdh-sha2-nistp256
DEBUG:paramiko.transport:HostKey agreed: ssh-rsa
DEBUG:paramiko.transport:Cipher agreed: aes128-ctr
DEBUG:paramiko.transport:MAC agreed: hmac-sha2-256
DEBUG:paramiko.transport:Compression agreed: none
DEBUG:paramiko.transport:kex engine KexNistp256 specified hash_algo <built-in function openssl_sha256>
DEBUG:paramiko.transport:Switch to new keys ...
DEBUG:paramiko.transport:Adding ssh-rsa host key for [10.10.20.70]:2231: b'0b7fe057af98893860da3ac18b449501'
DEBUG:paramiko.transport:userauth is OK
INFO:paramiko.transport:Authentication (password) successful!
DEBUG:paramiko.transport:[chan 0] Max packet in: 32768 bytes
DEBUG:paramiko.transport:[chan 0] Max packet out: 32768 bytes
DEBUG:paramiko.transport:Secsh channel 0 opened.
DEBUG:paramiko.transport:[chan 0] Sesch channel 0 request ok
DEBUG:paramiko.transport:[chan 0] Sesch channel 0 request ok
DEBUG:netmiko:read_channel: 

RP/0/RP0/CPU0:r2#
DEBUG:netmiko:read_channel: 
DEBUG:netmiko:read_channel: 
DEBUG:netmiko:read_channel: 
DEBUG:netmiko:write_channel: b'\n'
DEBUG:netmiko:read_channel: 
DEBUG:netmiko:read_channel: 
DEBUG:netmiko:write_channel: b'\n'
DEBUG:netmiko:read_channel: 
DEBUG:netmiko:write_channel: b'\n'
DEBUG:netmiko:read_channel: 
RP/0/RP0/CPU0:r2#
DEBUG:netmiko:read_channel: 
DEBUG:netmiko:read_channel: 
RP/0/RP0/CPU0:r2#
RP/0/RP0/CPU0:r2#
DEBUG:netmiko:In disable_paging
DEBUG:netmiko:Command: terminal length 0

DEBUG:netmiko:write_channel: b'terminal length 0\n'
DEBUG:netmiko:Pattern is: RP\/0\/RP0\/CPU0\:r2
DEBUG:netmiko:_read_channel_expect read_data: terminal length 0

DEBUG:netmiko:_read_channel_expect read_data: Wed Dec  9 14:46:12.476 UTC

DEBUG:netmiko:_read_channel_expect read_data: RP/0/RP0/CPU0:r2#
DEBUG:netmiko:Pattern found: RP\/0\/RP0\/CPU0\:r2 terminal length 0
Wed Dec  9 14:46:12.476 UTC
RP/0/RP0/CPU0:r2#
DEBUG:netmiko:terminal length 0
Wed Dec  9 14:46:12.476 UTC
RP/0/RP0/CPU0:r2#
DEBUG:netmiko:Exiting disable_paging
DEBUG:netmiko:write_channel: b'terminal width 511\n'
DEBUG:netmiko:Pattern is: RP\/0\/RP0\/CPU0\:r2
DEBUG:netmiko:_read_channel_expect read_data: terminal width 511

DEBUG:netmiko:_read_channel_expect read_data: Wed Dec  9 14:46:12.842 UTC

DEBUG:netmiko:_read_channel_expect read_data: RP/0/RP0/CPU0:r2#
DEBUG:netmiko:Pattern found: RP\/0\/RP0\/CPU0\:r2 terminal width 511
Wed Dec  9 14:46:12.842 UTC
RP/0/RP0/CPU0:r2#
DEBUG:netmiko:read_channel: 
DEBUG:netmiko:read_channel: 
DEBUG:netmiko:write_channel: b'\n'
DEBUG:netmiko:read_channel: 
DEBUG:netmiko:read_channel: 
DEBUG:netmiko:write_channel: b'\n'
DEBUG:netmiko:read_channel: 
RP/0/RP0/CPU0:r2#
DEBUG:netmiko:read_channel: 
DEBUG:netmiko:read_channel: 
RP/0/RP0/CPU0:r2#
DEBUG:netmiko:write_channel: b'show run\n'
DEBUG:netmiko:read_channel: 
DEBUG:netmiko:read_channel: show run

DEBUG:netmiko:read_channel: Wed Dec  9 14:46:14.043 UTC

DEBUG:netmiko:read_channel: Building configuration...
!! IOS XR Configuration version = 6.4.1
!! Last configuration change at Wed Dec  9 07:29:02 2020 by admin
!

DEBUG:netmiko:read_channel: hostname r2
banner motd ;
--------------------------------------------------------------------------
  Router 2 (Cisco IOS XR Sandbox)
--------------------------------------------------------------------------
;
logging console disable
service timestamps log datetime msec
service timestamps debug datetime msec
username admin
 group root-lr
 group cisco-support
 secret 5 $1$A4C9$oaNorr6BXDruE4gDd086L.
!
line console
 timestamp disable
 exec-timeout 0 0
 absolute-timeout 0
 session-timeout 0
!
line default
 exec-timeout 0 0
 absolute-timeout 0
 session-timeout 0
!
call-home
 service active
 contact smart-licensing
 profile CiscoTAC-1
  active
  destination transport-method http
 !
!
interface Bundle-Ether33
 description ==TEST1==
 mtu 9216
 bundle maximum-active links 2
 bundle minimum-active links 1
!
interface Bundle-Ether33.1
 description 95014353 National Bank Of Kenya-Nakuru
 vrf NBK
 ipv4 address 1.1.1.1 255.255.255.252
 encapsulation dot1q 3021 second-dot1q 3302
!
interface Bundle-Ether33.2
 description 95014354 National Bank Of Kenya Nakuru Hospital ATM
 vrf NBK
 ipv4 address 2.2.2.2 255.255.255.252
 encapsulation dot1q 3021 second-dot1q 3303
!
interface Bundle-Ether33.3
 description 95014450_Jamii_Bora_Bank-Nakuru_Backup
 vrf JAMII_BORA
 ipv4 address 172.30.17.53 255.255.255.252
 encapsulation dot1q 3021 second-dot1q 3304
!
interface Bundle-Ether33.4
 description 95015815 NBK-Westside Mall Nakuru ATM
 vrf NBK
 ipv4 address 172.30.17.77 255.255.255.252
 encapsulation dot1q 3021 second-dot1q 3311
!
interface MgmtEth0/RP0/CPU0/0
 description *** MANAGEMENT INTERFACE ***
 ipv4 address dhcp
!
interface GigabitEthernet0/0/0/0
 bundle id 33 mode on
 shutdown
!
interface GigabitEthernet0/0/0/1
 bundle id 33 mode on
 shutdown
!
interface GigabitEthernet0/0/0/2
 shutdown
!
interface GigabitEthernet0/0/0/3
 shutdown
!
interface GigabitEthernet0/0/0/4
 shutdown
!
interface preconfigure MgmtEth0/0/CPU0/0
 shutdown
!
interface preconfigure GigabitEthernet0/0/0/5
 shutdown
!
interface preconfigure GigabitEthernet0/0/0/6
 shutdown
!
interface preconfigure GigabitEthernet0/0/0/7
 shutdown
!
router static
 address-family ipv4 unicast
  0.0.0.0/0 192.168.122.1
 !
!
xml agent tty
 iteration off
!
netconf-yang agent
 ssh
!
ssh server v2
ssh server netconf vrf default
router eigrp 200
 address-family ipv4
 !
 vrf NBK
  address-family ipv4
   default-metric 1024 100 255 1 1500
   autonomous-system 500
   redistribute connected
   redistribute static
   interface Bundle-Ether33.1
   !
   interface Bundle-Ether33.2
   !
   interface Bundle-Ether33.4
   !
  !
 !
!
end

RP/0/RP0/CPU0:r2#
DEBUG:paramiko.transport:starting thread (client mode): 0xc826550
DEBUG:paramiko.transport:Local version/idstring: SSH-2.0-paramiko_2.4.2
DEBUG:paramiko.transport:Remote version/idstring: SSH-1.99-Cisco-2.0
INFO:paramiko.transport:Connected (version 1.99, client Cisco-2.0)
DEBUG:paramiko.transport:kex algos:['ecdh-sha2-nistp521', 'ecdh-sha2-nistp384', 'ecdh-sha2-nistp256', 'diffie-hellman-group14-sha1'] server key:['ssh-rsa'] client encrypt:['aes128-ctr', 'aes192-ctr', 'aes256-ctr', 'aes128-gcm@openssh.com', 'aes256-gcm@openssh.com'] server encrypt:['aes128-ctr', 'aes192-ctr', 'aes256-ctr', 'aes128-gcm@openssh.com', 'aes256-gcm@openssh.com'] client mac:['hmac-sha2-512', 'hmac-sha2-256', 'hmac-sha1'] server mac:['hmac-sha2-512', 'hmac-sha2-256', 'hmac-sha1'] client compress:['none'] server compress:['none'] client lang:[''] server lang:[''] kex follows?False
DEBUG:paramiko.transport:Kex agreed: ecdh-sha2-nistp256
DEBUG:paramiko.transport:HostKey agreed: ssh-rsa
DEBUG:paramiko.transport:Cipher agreed: aes128-ctr
DEBUG:paramiko.transport:MAC agreed: hmac-sha2-256
DEBUG:paramiko.transport:Compression agreed: none
DEBUG:paramiko.transport:kex engine KexNistp256 specified hash_algo <built-in function openssl_sha256>
DEBUG:paramiko.transport:Switch to new keys ...
DEBUG:paramiko.transport:Adding ssh-rsa host key for [10.10.20.70]:2231: b'0b7fe057af98893860da3ac18b449501'
DEBUG:paramiko.transport:userauth is OK
INFO:paramiko.transport:Authentication (password) successful!
DEBUG:paramiko.transport:[chan 0] Max packet in: 32768 bytes
DEBUG:paramiko.transport:[chan 0] Max packet out: 32768 bytes
DEBUG:paramiko.transport:Secsh channel 0 opened.
DEBUG:paramiko.transport:[chan 0] Sesch channel 0 request ok
DEBUG:paramiko.transport:[chan 0] Sesch channel 0 request ok
DEBUG:netmiko:read_channel: 

RP/0/RP0/CPU0:r2#
DEBUG:netmiko:read_channel: 
DEBUG:netmiko:read_channel: 
DEBUG:netmiko:read_channel: 
DEBUG:netmiko:write_channel: b'\n'
DEBUG:netmiko:read_channel: 
DEBUG:netmiko:read_channel: 
DEBUG:netmiko:write_channel: b'\n'
DEBUG:netmiko:read_channel: 
RP/0/RP0/CPU0:r2#
DEBUG:netmiko:read_channel: 
DEBUG:netmiko:read_channel: 
RP/0/RP0/CPU0:r2#
DEBUG:netmiko:In disable_paging
DEBUG:netmiko:Command: terminal length 0

DEBUG:netmiko:write_channel: b'terminal length 0\n'
DEBUG:netmiko:Pattern is: RP\/0\/RP0\/CPU0\:r2
DEBUG:netmiko:_read_channel_expect read_data: terminal length 0

DEBUG:netmiko:_read_channel_expect read_data: Wed Dec  9 14:46:55.322 UTC

DEBUG:netmiko:_read_channel_expect read_data: RP/0/RP0/CPU0:r2#
DEBUG:netmiko:Pattern found: RP\/0\/RP0\/CPU0\:r2 terminal length 0
Wed Dec  9 14:46:55.322 UTC
RP/0/RP0/CPU0:r2#
DEBUG:netmiko:terminal length 0
Wed Dec  9 14:46:55.322 UTC
RP/0/RP0/CPU0:r2#
DEBUG:netmiko:Exiting disable_paging
DEBUG:netmiko:write_channel: b'terminal width 511\n'
DEBUG:netmiko:Pattern is: RP\/0\/RP0\/CPU0\:r2
DEBUG:netmiko:_read_channel_expect read_data: terminal width 511

DEBUG:netmiko:_read_channel_expect read_data: Wed Dec  9 14:46:55.711 UTC

DEBUG:netmiko:_read_channel_expect read_data: RP/0/RP0/CPU0:r2#
DEBUG:netmiko:Pattern found: RP\/0\/RP0\/CPU0\:r2 terminal width 511
Wed Dec  9 14:46:55.711 UTC
RP/0/RP0/CPU0:r2#
DEBUG:netmiko:read_channel: 
DEBUG:netmiko:read_channel: 
DEBUG:netmiko:write_channel: b'\n'
DEBUG:netmiko:read_channel: 
DEBUG:netmiko:read_channel: 
DEBUG:netmiko:write_channel: b'\n'
DEBUG:netmiko:read_channel: 
RP/0/RP0/CPU0:r2#
DEBUG:netmiko:read_channel: 
DEBUG:netmiko:read_channel: 
DEBUG:netmiko:write_channel: b'xml\n'
DEBUG:netmiko:read_channel: 
RP/0/RP0/CPU0:r2#
DEBUG:netmiko:read_channel: 
DEBUG:netmiko:read_channel: xml
Wed Dec  9 14:46:56.778 UTC
XML> 
DEBUG:netmiko:read_channel: 
DEBUG:netmiko:read_channel: 
DEBUG:netmiko:read_channel: 
DEBUG:netmiko:write_channel: b'<?xml version="1.0" encoding="UTF-8"?><Request MajorVersion="1" MinorVersion="0"><Lock/></Request>\n'
DEBUG:netmiko:read_channel: 
DEBUG:netmiko:read_channel: 
DEBUG:netmiko:read_channel: <?xml version="1.0" encoding="UTF-8"?>
<Response MajorVersion="1" MinorVersion="0"><Lock/><ResultSummary ErrorCount="0"/></Response>
XML> 
DEBUG:netmiko:read_channel: 
DEBUG:netmiko:write_channel: b'<?xml version="1.0" encoding="UTF-8"?><Request MajorVersion="1" MinorVersion="0"><CLI><Configuration>\n\n!! IOS XR Configuration version = 6.4.1\n!! Last configuration change at Wed Dec  9 14:45:47 2020 by admin\n!\n\nbanner motd ;\n--------------------------------------------------------------------------\n\n--------------------------------------------------------------------------\n;\nlogging console disable\nservice timestamps log datetime msec\nservice timestamps debug datetime msec\nusername admin\n group root-lr\n group cisco-support\n secret 5 $1$A4C9$oaNorr6BXDruE4gDd086L.\n!\nline console\n timestamp disable\n exec-timeout 0 0\n absolute-timeout 0\n session-timeout 0\n!\nline default\n exec-timeout 0 0\n absolute-timeout 0\n session-timeout 0\n!\nvty-pool default 0 4 line-template VTY-TEMPLATE\ncall-home\n service active\n contact smart-licensing\n profile CiscoTAC-1\n  active\n  destination transport-method http\n !\n!\ninterface Bundle-Ether33\n description ==TEST1==\n mtu 9216\n bundle maximum-active links 2\n bundle minimum-active links 1\n!\ninterface Bundle-Ether33.1\n description 95014353 National Bank Of Kenya-Nakuru\n vrf NBK\n ipv4 address 1.1.1.1 255.255.255.252\n encapsulation dot1q 3021 second-dot1q 3302\n!\ninterface Bundle-Ether33.2\n description 95014354 National Bank Of Kenya Nakuru Hospital ATM\n vrf NBK\n ipv4 address 2.2.2.2 255.255.255.252\n encapsulation dot1q 3021 second-dot1q 3303\n!\ninterface Bundle-Ether33.3\n description 95014450_Jamii_Bora_Bank-Nakuru_Backup\n vrf JAMII_BORA\n ipv4 address 172.30.17.53 255.255.255.252\n encapsulation dot1q 3021 second-dot1q 3304\n!\ninterface Bundle-Ether33.4\n description 95015815 NBK-Westside Mall Nakuru ATM\n vrf NBK\n ipv4 address 172.30.17.77 255.255.255.252\n encapsulation dot1q 3021 second-dot1q 3311\n!\ninterface Bundle-Ether33.5\n description TEST INTERFACE\n!\ninterface MgmtEth0/RP0/CPU0/0\n description *** MANAGEMENT INTERFACE ***\n ipv4 address dhcp\n!\ninterface GigabitEthernet0/0/0/0\n bundle id 33 mode on\n shutdown\n!\ninterface GigabitEthernet0/0/0/1\n bundle id 33 mode on\n shutdown\n!\ninterface GigabitEthernet0/0/0/2\n shutdown\n!\ninterface GigabitEthernet0/0/0/3\n shutdown\n!\ninterface GigabitEthernet0/0/0/4\n shutdown\n!\ninterface preconfigure MgmtEth0/0/CPU0/0\n shutdown\n!\ninterface preconfigure GigabitEthernet0/0/0/5\n shutdown\n!\ninterface preconfigure GigabitEthernet0/0/0/6\n shutdown\n!\ninterface preconfigure GigabitEthernet0/0/0/7\n shutdown\n!\nrouter static\n address-family ipv4 unicast\n  0.0.0.0/0 192.168.122.1\n !\n!\nxml agent tty\n iteration off\n!\nnetconf-yang agent\n ssh\n!\nssh server v2\nssh server netconf vrf default\nrouter eigrp 200\n address-family ipv4\n !\n vrf NBK\n  address-family ipv4\n   default-metric 1024 100 255 1 1500\n   autonomous-system 500\n   redistribute connected\n   redistribute static\n   interface Bundle-Ether33.1\n   !\n   interface Bundle-Ether33.2\n   !\n   interface Bundle-Ether33.4\n   !\n  !\n !\n!\nend\n</Configuration></CLI></Request>\n'
DEBUG:netmiko:read_channel: 
DEBUG:netmiko:read_channel: 
DEBUG:netmiko:read_channel: <?xml version="1.0" encoding="UTF-8"?>
<Response MajorVersion="1" MinorVersion="0"><CLI><Configuration/></CLI><ResultSummary ErrorCount="0"/></Response>
XML> 
DEBUG:netmiko:read_channel: 
DEBUG:netmiko:write_channel: b'<?xml version="1.0" encoding="UTF-8"?><Request MajorVersion="1" MinorVersion="0"><CLI><Configuration>show configuration merge</Configuration></CLI></Request>\n'
DEBUG:netmiko:read_channel: 
DEBUG:netmiko:read_channel: 
DEBUG:netmiko:read_channel: 
DEBUG:netmiko:read_channel: 
DEBUG:netmiko:read_channel: 
DEBUG:netmiko:read_channel: 
DEBUG:netmiko:read_channel: <?xml version="1.0" encoding="UTF-8"?>
<Response MajorVersion="1" MinorVersion="0"><CLI><Configuration>
Building configuration...
!! IOS XR Configuration version = 6.4.1
!! Last configuration change at Wed Dec  9 07:29:02 2020 by admin
!
hostname r2
banner motd ;
--------------------------------------------------------------------------

--------------------------------------------------------------------------
;
logging console disable
service timestamps log datetime msec
service timestamps debug datetime msec
username admin
 group root-lr
 group cisco-support
 secret 5 $1$A4C9$oaNorr6BXDruE4gDd086L.
!
line console
 timestamp disable
 exec-timeout 0 0
 absolute-timeout 0
 session-timeout 0
!
line default
 exec-timeout 0 0
 absolute-timeout 0
 session-timeout 0
!
vty-pool default 0 4 line-template VTY-TEMPLATE
call-home
 service active
 contact smart-licensing
 profile CiscoTAC-1
  active
  destination transport-method http
 !
!
interface Bundle-Ether33
 description ==TEST1==
 mtu 9216
 bundle maximum-active links 2
 bundle minimum-active links 1
!
interface Bundle-Ether33.1
 description 95014353 National Bank Of Kenya-Nakuru
 vrf NBK
 ipv4 address 1.1.1.1 255.255.255.252
 encapsulation dot1q 3021 second-dot1q 3302
!
interface Bundle-Ether33.2
 description 95014354 National Bank Of Kenya Nakuru Hospital ATM
 vrf NBK
 ipv4 address 2.2.2.2 255.255.255.252
 encapsulation dot1q 3021 second-dot1q 3303
!
interface Bundle-Ether33.3
 description 95014450_Jamii_Bora_Bank-Nakuru_Backup
 vrf JAMII_BORA
 ipv4 address 172.30.17.53 255.255.255.252
 encapsulation dot1q 3021 second-dot1q 3304
!
interface Bundle-Ether33.4
 description 95015815 NBK-Westside Mall Nakuru ATM
 vrf NBK
 ipv4 address 172.30.17.77 255.255.255.252
 encapsulation dot1q 3021 second-dot1q 3311
!
interface Bundle-Ether33.5
 description TEST INTERFACE
!
interface MgmtEth0/RP0/CPU0/0
 description *** MANAGEMENT INTERFACE ***
 ipv4 address dhcp
!
interface GigabitEthernet0/0/0/0
 bundle id 33 mode on
 shutdown
!
interface GigabitEthernet0/0/0/1
 bundle id 33 mode on
 shutdown
!
interface GigabitEthernet0/0/0/2
 shutdown
!
interface GigabitEthernet0/0/0/3
 shutdown
!
interface GigabitEthernet0/0/0/4
 shutdown
!
interface preconfigure MgmtEth0/0/CPU0/0
 shutdown
!
interface preconfigure GigabitEthernet0/0/0/5
 shutdown
!
interface preconfigure GigabitEthernet0/0/0/6
 shutdown
!
interface preconfigure GigabitEthernet0/0/0/7
 shutdown
!
router static
 address-family ipv4 unicast
  0.0.0.0/0 192.168.122.1
 !
!
xml agent tty
 iteration off
!
netconf-yang agent
 ssh
!
ssh server v2
ssh server netconf vrf default
router eigrp 200
 address-family ipv4
 !
 vrf NBK
  address-family ipv4
   default-metric 1024 100 255 1 1500
   autonomous-system 500
   redistribute connected
   redistribute static
   interface Bundle-Ether33.1
   !
   interface Bundle-Ether33.2
   !
   interface Bundle-Ether33.4
   !
  !
 !
!
end

</Configuration></CLI><ResultSummary ErrorCount="0"/></Response>
XML> 
DEBUG:netmiko:read_channel: 
DEBUG:netmiko:write_channel: b'<?xml version="1.0" encoding="UTF-8"?><Request MajorVersion="1" MinorVersion="0"><CLI><Configuration>show running-config</Configuration></CLI></Request>\n'
DEBUG:netmiko:read_channel: 
DEBUG:netmiko:read_channel: 
DEBUG:netmiko:read_channel: 
DEBUG:netmiko:read_channel: 
DEBUG:netmiko:read_channel: <?xml version="1.0" encoding="UTF-8"?>
<Response MajorVersion="1" MinorVersion="0"><CLI><Configuration>
Building configuration...
!! IOS XR Configuration version = 6.4.1
!! Last configuration change at Wed Dec  9 07:29:02 2020 by admin
!
hostname r2
banner motd ;
--------------------------------------------------------------------------
  Router 2 (Cisco IOS XR Sandbox)
--------------------------------------------------------------------------
;
logging console disable
service timestamps log datetime msec
service timestamps debug datetime msec
username admin
 group root-lr
 group cisco-support
 secret 5 $1$A4C9$oaNorr6BXDruE4gDd086L.
!
line console
 timestamp disable
 exec-timeout 0 0
 absolute-timeout 0
 session-timeout 0
!
line default
 exec-timeout 0 0
 absolute-timeout 0
 session-timeout 0
!
call-home
 service active
 contact smart-licensing
 profile CiscoTAC-1
  active
  destination transport-method http
 !
!
interface Bundle-Ether33
 description ==TEST1==
 mtu 9216
 bundle maximum-active links 2
 bundle minimum-active links 1
!
interface Bundle-Ether33.1
 description 95014353 National Bank Of Kenya-Nakuru
 vrf NBK
 ipv4 address 1.1.1.1 255.255.255.252
 encapsulation dot1q 3021 second-dot1q 3302
!
interface Bundle-Ether33.2
 description 95014354 National Bank Of Kenya Nakuru Hospital ATM
 vrf NBK
 ipv4 address 2.2.2.2 255.255.255.252
 encapsulation dot1q 3021 second-dot1q 3303
!
interface Bundle-Ether33.3
 description 95014450_Jamii_Bora_Bank-Nakuru_Backup
 vrf JAMII_BORA
 ipv4 address 172.30.17.53 255.255.255.252
 encapsulation dot1q 3021 second-dot1q 3304
!
interface Bundle-Ether33.4
 description 95015815 NBK-Westside Mall Nakuru ATM
 vrf NBK
 ipv4 address 172.30.17.77 255.255.255.252
 encapsulation dot1q 3021 second-dot1q 3311
!
interface MgmtEth0/RP0/CPU0/0
 description *** MANAGEMENT INTERFACE ***
 ipv4 address dhcp
!
interface GigabitEthernet0/0/0/0
 bundle id 33 mode on
 shutdown
!
interface GigabitEthernet0/0/0/1
 bundle id 33 mode on
 shutdown
!
interface GigabitEthernet0/0/0/2
 shutdown
!
interface GigabitEthernet0/0/0/3
 shutdown
!
interface GigabitEthernet0/0/0/4
 shutdown
!
interface preconfigure MgmtEth0/0/CPU0/0
 shutdown
!
interface preconfigure GigabitEthernet0/0/0/5
 shutdown
!
interface preconfigure GigabitEthernet0/0/0/6
 shutdown
!
interface preconfigure GigabitEthernet0/0/0/7
 shutdown
!
router static
 address-family ipv4 unicast
  0.0.0.0/0 192.168.122.1
 !
!
xml agent tty
 iteration off
!
netconf-yang agent
 ssh
!
ssh server v2
ssh server netconf vrf default
router eigrp 200
 address-family ipv4
 !
 vrf NBK
  address-family ipv4
   default-metric 1024 100 255 1 1500
   autonomous-system 500
   redistribute connected
   redistribute static
   interface Bundle-Ether33.1
   !
   interface Bundle-Ether33.2
   !
   interface Bundle-Ether33.4
   !
  !
 !
!
end

</Configuration></CLI><ResultSummary ErrorCount="0"/></Response>
XML> 
DEBUG:netmiko:read_channel: 
DEBUG:netmiko:write_channel: b'<?xml version="1.0" encoding="UTF-8"?><Request MajorVersion="1" MinorVersion="0"><CLI><Configuration>show configuration merge</Configuration></CLI></Request>\n'
DEBUG:netmiko:read_channel: 
DEBUG:netmiko:read_channel: 
DEBUG:netmiko:read_channel: 
DEBUG:netmiko:read_channel: 
DEBUG:netmiko:read_channel: 
DEBUG:netmiko:read_channel: <?xml version="1.0" encoding="UTF-8"?>
<Response MajorVersion="1" MinorVersion="0"><CLI><Configuration>
Building configuration...
!! IOS XR Configuration version = 6.4.1
!! Last configuration change at Wed Dec  9 07:29:02 2020 by admin
!
hostname r2
banner motd ;
--------------------------------------------------------------------------

--------------------------------------------------------------------------
;
logging console disable
service timestamps log datetime msec
service timestamps debug datetime msec
username admin
 group root-lr
 group cisco-support
 secret 5 $1$A4C9$oaNorr6BXDruE4gDd086L.
!
line console
 timestamp disable
 exec-timeout 0 0
 absolute-timeout 0
 session-timeout 0
!
line default
 exec-timeout 0 0
 absolute-timeout 0
 session-timeout 0
!
vty-pool default 0 4 line-template VTY-TEMPLATE
call-home
 service active
 contact smart-licensing
 profile CiscoTAC-1
  active
  destination transport-method http
 !
!
interface Bundle-Ether33
 description ==TEST1==
 mtu 9216
 bundle maximum-active links 2
 bundle minimum-active links 1
!
interface Bundle-Ether33.1
 description 95014353 National Bank Of Kenya-Nakuru
 vrf NBK
 ipv4 address 1.1.1.1 255.255.255.252
 encapsulation dot1q 3021 second-dot1q 3302
!
interface Bundle-Ether33.2
 description 95014354 National Bank Of Kenya Nakuru Hospital ATM
 vrf NBK
 ipv4 address 2.2.2.2 255.255.255.252
 encapsulation dot1q 3021 second-dot1q 3303
!
interface Bundle-Ether33.3
 description 95014450_Jamii_Bora_Bank-Nakuru_Backup
 vrf JAMII_BORA
 ipv4 address 172.30.17.53 255.255.255.252
 encapsulation dot1q 3021 second-dot1q 3304
!
interface Bundle-Ether33.4
 description 95015815 NBK-Westside Mall Nakuru ATM
 vrf NBK
 ipv4 address 172.30.17.77 255.255.255.252
 encapsulation dot1q 3021 second-dot1q 3311
!
interface Bundle-Ether33.5
 description TEST INTERFACE
!
interface MgmtEth0/RP0/CPU0/0
 description *** MANAGEMENT INTERFACE ***
 ipv4 address dhcp
!
interface GigabitEthernet0/0/0/0
 bundle id 33 mode on
 shutdown
!
interface GigabitEthernet0/0/0/1
 bundle id 33 mode on
 shutdown
!
interface GigabitEthernet0/0/0/2
 shutdown
!
interface GigabitEthernet0/0/0/3
 shutdown
!
interface GigabitEthernet0/0/0/4
 shutdown
!
interface preconfigure MgmtEth0/0/CPU0/0
 shutdown
!
interface preconfigure GigabitEthernet0/0/0/5
 shutdown
!
interface preconfigure GigabitEthernet0/0/0/6
 shutdown
!
interface preconfigure GigabitEthernet0/0/0/7
 shutdown
!
router static
 address-family ipv4 unicast
  0.0.0.0/0 192.168.122.1
 !
!
xml agent tty
 iteration off
!
netconf-yang agent
 ssh
!
ssh server v2
ssh server netconf vrf default
router eigrp 200
 address-family ipv4
 !
 vrf NBK
  address-family ipv4
   default-metric 1024 100 255 1 1500
   autonomous-system 500
   redistribute connected
   redistribute static
   interface Bundle-Ether33.1
   !
   interface Bundle-Ether33.2
   !
   interface Bundle-Ether33.4
   !
  !
 !
!
end

</Configuration></CLI><ResultSummary ErrorCount="0"/></Response>
XML> 
DEBUG:netmiko:read_channel: 
DEBUG:netmiko:write_channel: b'<?xml version="1.0" encoding="UTF-8"?><Request MajorVersion="1" MinorVersion="0"><CLI><Configuration>show running-config</Configuration></CLI></Request>\n'
DEBUG:netmiko:read_channel: 
DEBUG:netmiko:read_channel: 
DEBUG:netmiko:read_channel: 
DEBUG:netmiko:read_channel: 
DEBUG:netmiko:read_channel: <?xml version="1.0" encoding="UTF-8"?>
<Response MajorVersion="1" MinorVersion="0"><CLI><Configuration>
Building configuration...
!! IOS XR Configuration version = 6.4.1
!! Last configuration change at Wed Dec  9 07:29:02 2020 by admin
!
hostname r2
banner motd ;
--------------------------------------------------------------------------
  Router 2 (Cisco IOS XR Sandbox)
--------------------------------------------------------------------------
;
logging console disable
service timestamps log datetime msec
service timestamps debug datetime msec
username admin
 group root-lr
 group cisco-support
 secret 5 $1$A4C9$oaNorr6BXDruE4gDd086L.
!
line console
 timestamp disable
 exec-timeout 0 0
 absolute-timeout 0
 session-timeout 0
!
line default
 exec-timeout 0 0
 absolute-timeout 0
 session-timeout 0
!
call-home
 service active
 contact smart-licensing
 profile CiscoTAC-1
  active
  destination transport-method http
 !
!
interface Bundle-Ether33
 description ==TEST1==
 mtu 9216
 bundle maximum-active links 2
 bundle minimum-active links 1
!
interface Bundle-Ether33.1
 description 95014353 National Bank Of Kenya-Nakuru
 vrf NBK
 ipv4 address 1.1.1.1 255.255.255.252
 encapsulation dot1q 3021 second-dot1q 3302
!
interface Bundle-Ether33.2
 description 95014354 National Bank Of Kenya Nakuru Hospital ATM
 vrf NBK
 ipv4 address 2.2.2.2 255.255.255.252
 encapsulation dot1q 3021 second-dot1q 3303
!
interface Bundle-Ether33.3
 description 95014450_Jamii_Bora_Bank-Nakuru_Backup
 vrf JAMII_BORA
 ipv4 address 172.30.17.53 255.255.255.252
 encapsulation dot1q 3021 second-dot1q 3304
!
interface Bundle-Ether33.4
 description 95015815 NBK-Westside Mall Nakuru ATM
 vrf NBK
 ipv4 address 172.30.17.77 255.255.255.252
 encapsulation dot1q 3021 second-dot1q 3311
!
interface MgmtEth0/RP0/CPU0/0
 description *** MANAGEMENT INTERFACE ***
 ipv4 address dhcp
!
interface GigabitEthernet0/0/0/0
 bundle id 33 mode on
 shutdown
!
interface GigabitEthernet0/0/0/1
 bundle id 33 mode on
 shutdown
!
interface GigabitEthernet0/0/0/2
 shutdown
!
interface GigabitEthernet0/0/0/3
 shutdown
!
interface GigabitEthernet0/0/0/4
 shutdown
!
interface preconfigure MgmtEth0/0/CPU0/0
 shutdown
!
interface preconfigure GigabitEthernet0/0/0/5
 shutdown
!
interface preconfigure GigabitEthernet0/0/0/6
 shutdown
!
interface preconfigure GigabitEthernet0/0/0/7
 shutdown
!
router static
 address-family ipv4 unicast
  0.0.0.0/0 192.168.122.1
 !
!
xml agent tty
 iteration off
!
netconf-yang agent
 ssh
!
ssh server v2
ssh server netconf vrf default
router eigrp 200
 address-family ipv4
 !
 vrf NBK
  address-family ipv4
   default-metric 1024 100 255 1 1500
   autonomous-system 500
   redistribute connected
   redistribute static
   interface Bundle-Ether33.1
   !
   interface Bundle-Ether33.2
   !
   interface Bundle-Ether33.4
   !
  !
 !
!
end

</Configuration></CLI><ResultSummary ErrorCount="0"/></Response>
XML> 
DEBUG:netmiko:read_channel: 
DEBUG:netmiko:write_channel: b'<?xml version="1.0" encoding="UTF-8"?><Request MajorVersion="1" MinorVersion="0"><Clear/></Request>\n'
DEBUG:netmiko:read_channel: 
DEBUG:netmiko:read_channel: <?xml version="1.0" encoding="UTF-8"?>
<Response MajorVersion="1" MinorVersion="0"><Clear/><ResultSummary ErrorCount="0"/></Response>
XML> 
DEBUG:netmiko:read_channel: 
DEBUG:netmiko:write_channel: b'<?xml version="1.0" encoding="UTF-8"?><Request MajorVersion="1" MinorVersion="0"><Unlock/></Request>\n'
DEBUG:netmiko:read_channel: 
DEBUG:netmiko:read_channel: 
DEBUG:netmiko:read_channel: 
DEBUG:netmiko:read_channel: 
DEBUG:netmiko:read_channel: 
DEBUG:netmiko:read_channel: 
DEBUG:netmiko:read_channel: <?xml version="1.0" encoding="UTF-8"?>
<Response MajorVersion="1" MinorVersion="0"><Unlock/><ResultSummary ErrorCount="0"/></Response>
XML> 
DEBUG:paramiko.transport:[chan 0] EOF sent (0)
DEBUG:paramiko.transport:starting thread (client mode): 0xf6e907f0
DEBUG:paramiko.transport:Local version/idstring: SSH-2.0-paramiko_2.4.2
DEBUG:paramiko.transport:Remote version/idstring: SSH-1.99-Cisco-2.0
INFO:paramiko.transport:Connected (version 1.99, client Cisco-2.0)
DEBUG:paramiko.transport:kex algos:['ecdh-sha2-nistp521', 'ecdh-sha2-nistp384', 'ecdh-sha2-nistp256', 'diffie-hellman-group14-sha1'] server key:['ssh-rsa'] client encrypt:['aes128-ctr', 'aes192-ctr', 'aes256-ctr', 'aes128-gcm@openssh.com', 'aes256-gcm@openssh.com'] server encrypt:['aes128-ctr', 'aes192-ctr', 'aes256-ctr', 'aes128-gcm@openssh.com', 'aes256-gcm@openssh.com'] client mac:['hmac-sha2-512', 'hmac-sha2-256', 'hmac-sha1'] server mac:['hmac-sha2-512', 'hmac-sha2-256', 'hmac-sha1'] client compress:['none'] server compress:['none'] client lang:[''] server lang:[''] kex follows?False
DEBUG:paramiko.transport:Kex agreed: ecdh-sha2-nistp256
DEBUG:paramiko.transport:HostKey agreed: ssh-rsa
DEBUG:paramiko.transport:Cipher agreed: aes128-ctr
DEBUG:paramiko.transport:MAC agreed: hmac-sha2-256
DEBUG:paramiko.transport:Compression agreed: none
DEBUG:paramiko.transport:kex engine KexNistp256 specified hash_algo <built-in function openssl_sha256>
DEBUG:paramiko.transport:Switch to new keys ...
DEBUG:paramiko.transport:Adding ssh-rsa host key for [10.10.20.70]:2231: b'0b7fe057af98893860da3ac18b449501'
DEBUG:paramiko.transport:userauth is OK
INFO:paramiko.transport:Authentication (password) successful!
DEBUG:paramiko.transport:[chan 0] Max packet in: 32768 bytes
DEBUG:paramiko.transport:[chan 0] Max packet out: 32768 bytes
DEBUG:paramiko.transport:Secsh channel 0 opened.
DEBUG:paramiko.transport:[chan 0] Sesch channel 0 request ok
DEBUG:paramiko.transport:[chan 0] Sesch channel 0 request ok
DEBUG:netmiko:read_channel: 

RP/0/RP0/CPU0:r2#
DEBUG:netmiko:read_channel: 
DEBUG:netmiko:read_channel: 
DEBUG:netmiko:read_channel: 
DEBUG:netmiko:write_channel: b'\n'
DEBUG:netmiko:read_channel: 
DEBUG:netmiko:read_channel: 
DEBUG:netmiko:write_channel: b'\n'
DEBUG:netmiko:read_channel: 
RP/0/RP0/CPU0:r2#
DEBUG:netmiko:read_channel: 
DEBUG:netmiko:read_channel: 
RP/0/RP0/CPU0:r2#
DEBUG:netmiko:In disable_paging
DEBUG:netmiko:Command: terminal length 0

DEBUG:netmiko:write_channel: b'terminal length 0\n'
DEBUG:netmiko:Pattern is: RP\/0\/RP0\/CPU0\:r2
DEBUG:netmiko:_read_channel_expect read_data: terminal length 0

DEBUG:netmiko:_read_channel_expect read_data: Wed Dec  9 14:47:45.529 UTC

DEBUG:netmiko:_read_channel_expect read_data: RP/0/RP0/CPU0:r2#
DEBUG:netmiko:Pattern found: RP\/0\/RP0\/CPU0\:r2 terminal length 0
Wed Dec  9 14:47:45.529 UTC
RP/0/RP0/CPU0:r2#
DEBUG:netmiko:terminal length 0
Wed Dec  9 14:47:45.529 UTC
RP/0/RP0/CPU0:r2#
DEBUG:netmiko:Exiting disable_paging
DEBUG:netmiko:write_channel: b'terminal width 511\n'
DEBUG:netmiko:Pattern is: RP\/0\/RP0\/CPU0\:r2
DEBUG:netmiko:_read_channel_expect read_data: terminal width 511

DEBUG:netmiko:_read_channel_expect read_data: Wed Dec  9 14:47:45.917 UTC
RP/0/RP0/CPU0:r2#
DEBUG:netmiko:Pattern found: RP\/0\/RP0\/CPU0\:r2 terminal width 511
Wed Dec  9 14:47:45.917 UTC
RP/0/RP0/CPU0:r2#
DEBUG:netmiko:read_channel: 
DEBUG:netmiko:read_channel: 
DEBUG:netmiko:write_channel: b'\n'
DEBUG:netmiko:read_channel: 
DEBUG:netmiko:read_channel: 
DEBUG:netmiko:write_channel: b'\n'
DEBUG:netmiko:read_channel: 
RP/0/RP0/CPU0:r2#
DEBUG:netmiko:read_channel: 
DEBUG:netmiko:read_channel: 
DEBUG:netmiko:write_channel: b'xml\n'
DEBUG:netmiko:read_channel: 
RP/0/RP0/CPU0:r2#
DEBUG:netmiko:read_channel: 
DEBUG:netmiko:read_channel: xml
Wed Dec  9 14:47:46.897 UTC
XML> 
DEBUG:netmiko:read_channel: 
DEBUG:netmiko:read_channel: 
DEBUG:netmiko:read_channel: 
DEBUG:netmiko:write_channel: b'<?xml version="1.0" encoding="UTF-8"?><Request MajorVersion="1" MinorVersion="0"><Lock/></Request>\n'
DEBUG:netmiko:read_channel: 
DEBUG:netmiko:read_channel: 
DEBUG:netmiko:read_channel: <?xml version="1.0" encoding="UTF-8"?>
<Response MajorVersion="1" MinorVersion="0"><Lock/><ResultSummary ErrorCount="0"/></Response>
XML> 
DEBUG:netmiko:read_channel: 
DEBUG:netmiko:write_channel: b'<?xml version="1.0" encoding="UTF-8"?><Request MajorVersion="1" MinorVersion="0"><CLI><Configuration>\n\n!! IOS XR Configuration version = 6.4.1\n!! Last configuration change at Wed Dec  9 14:45:47 2020 by admin\n!\n\nbanner motd ;\n--------------------------------------------------------------------------\n\n--------------------------------------------------------------------------\n;\nlogging console disable\nservice timestamps log datetime msec\nservice timestamps debug datetime msec\nusername admin\n group root-lr\n group cisco-support\n secret 5 $1$A4C9$oaNorr6BXDruE4gDd086L.\n!\nline console\n timestamp disable\n exec-timeout 0 0\n absolute-timeout 0\n session-timeout 0\n!\nline default\n exec-timeout 0 0\n absolute-timeout 0\n session-timeout 0\n!\nvty-pool default 0 4 line-template VTY-TEMPLATE\ncall-home\n service active\n contact smart-licensing\n profile CiscoTAC-1\n  active\n  destination transport-method http\n !\n!\ninterface Bundle-Ether33\n description ==TEST1==\n mtu 9216\n bundle maximum-active links 2\n bundle minimum-active links 1\n!\ninterface Bundle-Ether33.1\n description 95014353 National Bank Of Kenya-Nakuru\n vrf NBK\n ipv4 address 1.1.1.1 255.255.255.252\n encapsulation dot1q 3021 second-dot1q 3302\n!\ninterface Bundle-Ether33.2\n description 95014354 National Bank Of Kenya Nakuru Hospital ATM\n vrf NBK\n ipv4 address 2.2.2.2 255.255.255.252\n encapsulation dot1q 3021 second-dot1q 3303\n!\ninterface Bundle-Ether33.3\n description 95014450_Jamii_Bora_Bank-Nakuru_Backup\n vrf JAMII_BORA\n ipv4 address 172.30.17.53 255.255.255.252\n encapsulation dot1q 3021 second-dot1q 3304\n!\ninterface Bundle-Ether33.4\n description 95015815 NBK-Westside Mall Nakuru ATM\n vrf NBK\n ipv4 address 172.30.17.77 255.255.255.252\n encapsulation dot1q 3021 second-dot1q 3311\n!\ninterface Bundle-Ether33.5\n description TEST INTERFACE\n!\ninterface MgmtEth0/RP0/CPU0/0\n description *** MANAGEMENT INTERFACE ***\n ipv4 address dhcp\n!\ninterface GigabitEthernet0/0/0/0\n bundle id 33 mode on\n shutdown\n!\ninterface GigabitEthernet0/0/0/1\n bundle id 33 mode on\n shutdown\n!\ninterface GigabitEthernet0/0/0/2\n shutdown\n!\ninterface GigabitEthernet0/0/0/3\n shutdown\n!\ninterface GigabitEthernet0/0/0/4\n shutdown\n!\ninterface preconfigure MgmtEth0/0/CPU0/0\n shutdown\n!\ninterface preconfigure GigabitEthernet0/0/0/5\n shutdown\n!\ninterface preconfigure GigabitEthernet0/0/0/6\n shutdown\n!\ninterface preconfigure GigabitEthernet0/0/0/7\n shutdown\n!\nrouter static\n address-family ipv4 unicast\n  0.0.0.0/0 192.168.122.1\n !\n!\nxml agent tty\n iteration off\n!\nnetconf-yang agent\n ssh\n!\nssh server v2\nssh server netconf vrf default\nrouter eigrp 200\n address-family ipv4\n !\n vrf NBK\n  address-family ipv4\n   default-metric 1024 100 255 1 1500\n   autonomous-system 500\n   redistribute connected\n   redistribute static\n   interface Bundle-Ether33.1\n   !\n   interface Bundle-Ether33.2\n   !\n   interface Bundle-Ether33.4\n   !\n  !\n !\n!\nend\n</Configuration></CLI></Request>\n'
DEBUG:netmiko:read_channel: 
DEBUG:netmiko:read_channel: 
DEBUG:netmiko:read_channel: <?xml version="1.0" encoding="UTF-8"?>
<Response MajorVersion="1" MinorVersion="0"><CLI><Configuration/></CLI><ResultSummary ErrorCount="0"/></Response>
XML> 
DEBUG:netmiko:read_channel: 
DEBUG:netmiko:write_channel: b'<?xml version="1.0" encoding="UTF-8"?><Request MajorVersion="1" MinorVersion="0"><CLI><Configuration>show configuration merge</Configuration></CLI></Request>\n'
DEBUG:netmiko:read_channel: 
DEBUG:netmiko:read_channel: 
DEBUG:netmiko:read_channel: 
DEBUG:netmiko:read_channel: 
DEBUG:netmiko:read_channel: <?xml version="1.0" encoding="UTF-8"?>
<Response MajorVersion="1" MinorVersion="0"><CLI><Configuration>
Building configuration...
!! IOS XR Configuration version = 6.4.1
!! Last configuration change at Wed Dec  9 07:29:02 2020 by admin
!
hostname r2
banner motd ;
--------------------------------------------------------------------------

--------------------------------------------------------------------------
;
logging console disable
service timestamps log datetime msec
service timestamps debug datetime msec
username admin
 group root-lr
 group cisco-support
 secret 5 $1$A4C9$oaNorr6BXDruE4gDd086L.
!
line console
 timestamp disable
 exec-timeout 0 0
 absolute-timeout 0
 session-timeout 0
!
line default
 exec-timeout 0 0
 absolute-timeout 0
 session-timeout 0
!
vty-pool default 0 4 line-template VTY-TEMPLATE
call-home
 service active
 contact smart-licensing
 profile CiscoTAC-1
  active
  destination transport-method http
 !
!
interface Bundle-Ether33
 description ==TEST1==
 mtu 9216
 bundle maximum-active links 2
 bundle minimum-active links 1
!
interface Bundle-Ether33.1
 description 95014353 National Bank Of Kenya-Nakuru
 vrf NBK
 ipv4 address 1.1.1.1 255.255.255.252
 encapsulation dot1q 3021 second-dot1q 3302
!
interface Bundle-Ether33.2
 description 95014354 National Bank Of Kenya Nakuru Hospital ATM
 vrf NBK
 ipv4 address 2.2.2.2 255.255.255.252
 encapsulation dot1q 3021 second-dot1q 3303
!
interface Bundle-Ether33.3
 description 95014450_Jamii_Bora_Bank-Nakuru_Backup
 vrf JAMII_BORA
 ipv4 address 172.30.17.53 255.255.255.252
 encapsulation dot1q 3021 second-dot1q 3304
!
interface Bundle-Ether33.4
 description 95015815 NBK-Westside Mall Nakuru ATM
 vrf NBK
 ipv4 address 172.30.17.77 255.255.255.252
 encapsulation dot1q 3021 second-dot1q 3311
!
interface Bundle-Ether33.5
 description TEST INTERFACE
!
interface MgmtEth0/RP0/CPU0/0
 description *** MANAGEMENT INTERFACE ***
 ipv4 address dhcp
!
interface GigabitEthe
DEBUG:netmiko:read_channel: 
DEBUG:netmiko:read_channel: 
DEBUG:netmiko:read_channel: 
DEBUG:netmiko:read_channel: rnet0/0/0/0
 bundle id 33 mode on
 shutdown
!
interface GigabitEthernet0/0/0/1
 bundle id 33 mode on
 shutdown
!
interface GigabitEthernet0/0/0/2
 shutdown
!
interface GigabitEthernet0/0/0/3
 shutdown
!
interface GigabitEthernet0/0/0/4
 shutdown
!
interface preconfigure MgmtEth0/0/CPU0/0
 shutdown
!
interface preconfigure GigabitEthernet0/0/0/5
 shutdown
!
interface preconfigure GigabitEthernet0/0/0/6
 shutdown
!
interface preconfigure GigabitEthernet0/0/0/7
 shutdown
!
router static
 address-family ipv4 unicast
  0.0.0.0/0 192.168.122.1
 !
!
xml agent tty
 iteration off
!
netconf-yang agent
 ssh
!
ssh server v2
ssh server netconf vrf default
router eigrp 200
 address-family ipv4
 !
 vrf NBK
  address-family ipv4
   default-metric 1024 100 255 1 1500
   autonomous-system 500
   redistribute connected
   redistribute static
   interface Bundle-Ether33.1
   !
   interface Bundle-Ether33.2
   !
   interface Bundle-Ether33.4
   !
  !
 !
!
end

</Configuration></CLI><ResultSummary ErrorCount="0"/></Response>
XML> 
DEBUG:netmiko:read_channel: 
DEBUG:netmiko:write_channel: b'<?xml version="1.0" encoding="UTF-8"?><Request MajorVersion="1" MinorVersion="0"><CLI><Configuration>show running-config</Configuration></CLI></Request>\n'
DEBUG:netmiko:read_channel: 
DEBUG:netmiko:read_channel: 
DEBUG:netmiko:read_channel: 
DEBUG:netmiko:read_channel: 
DEBUG:netmiko:read_channel: <?xml version="1.0" encoding="UTF-8"?>
<Response MajorVersion="1" MinorVersion="0"><CLI><Configuration>
Building configuration...
!! IOS XR Configuration version = 6.4.1
!! Last configuration change at Wed Dec  9 07:29:02 2020 by admin
!
hostname r2
banner motd ;
--------------------------------------------------------------------------
  Router 2 (Cisco IOS XR Sandbox)
--------------------------------------------------------------------------
;
logging console disable
service timestamps log datetime msec
service timestamps debug datetime msec
username admin
 group root-lr
 group cisco-support
 secret 5 $1$A4C9$oaNorr6BXDruE4gDd086L.
!
line console
 timestamp disable
 exec-timeout 0 0
 absolute-timeout 0
 session-timeout 0
!
line default
 exec-timeout 0 0
 absolute-timeout 0
 session-timeout 0
!
call-home
 service active
 contact smart-licensing
 profile CiscoTAC-1
  active
  destination transport-method http
 !
!
interface Bundle-Ether33
 description ==TEST1==
 mtu 9216
 bundle maximum-active links 2
 bundle minimum-active links 1
!
interface Bundle-Ether33.1
 description 95014353 National Bank Of Kenya-Nakuru
 vrf NBK
 ipv4 address 1.1.1.1 255.255.255.252
 encapsulation dot1q 3021 second-dot1q 3302
!
interface Bundle-Ether33.2
 description 95014354 National Bank Of Kenya Nakuru Hospital ATM
 vrf NBK
 ipv4 address 2.2.2.2 255.255.255.252
 encapsulation dot1q 3021 second-dot1q 3303
!
interface Bundle-Ether33.3
 description 95014450_Jamii_Bora_Bank-Nakuru_Backup
 vrf JAMII_BORA
 ipv4 address 172.30.17.53 255.255.255.252
 encapsulation dot1q 3021 second-dot1q 3304
!
interface Bundle-Ether33.4
 description 95015815 NBK-Westside Mall Nakuru ATM
 vrf NBK
 ipv4 address 172.30.17.77 255.255.255.252
 encapsulation dot1q 3021 second-dot1q 3311
!
interface MgmtEth0/RP0/CPU0/0
 description *** MANAGEMENT INTERFACE ***
 ipv4 address dhcp
!
interface GigabitEthernet0/0/0/0
 bundle id 33 mode on
 shutdown
!
interface GigabitEthernet0/0/0/1
 bundle id 33 mode on
 shutdown
!
interface GigabitEthernet0/0/0/2
 shutdown
!
interface GigabitEthernet0/0/0/3
 shutdown
!
interface GigabitEthernet0/0/0/4
 shutdown
!
interface preconfigure MgmtEth0/0/CPU0/0
 shutdown
!
interface preconfigure GigabitEthernet0/0/0/5
 shutdown
!
interface preconfigure GigabitEthernet0/0/0/6
 shutdown
!
interface preconfigure GigabitEthernet0/0/0/7
 shutdown
!
router static
 address-family ipv4 unicast
  0.0.0.0/0 192.168.122.1
 !
!
xml agent tty
 iteration off
!
netconf-yang agent
 ssh
!
ssh server v2
ssh server netconf vrf default
router eigrp 200
 address-family ipv4
 !
 vrf NBK
  address-family ipv4
   default-metric 1024 100 255 1 1500
   autonomous-system 500
   redistribute connected
   redistribute static
   interface Bundle-Ether33.1
   !
   interface Bundle-Ether33.2
   !
   interface Bundle-Ether33.4
   !
  !
 !
!
end

</Configuration></CLI><ResultSummary ErrorCount="0"/></Response>
XML> 
DEBUG:netmiko:read_channel: 
DEBUG:netmiko:write_channel: b'<?xml version="1.0" encoding="UTF-8"?><Request MajorVersion="1" MinorVersion="0"><CLI><Configuration>show configuration merge</Configuration></CLI></Request>\n'
DEBUG:netmiko:read_channel: 
DEBUG:netmiko:read_channel: 
DEBUG:netmiko:read_channel: 
DEBUG:netmiko:read_channel: 
DEBUG:netmiko:read_channel: 
DEBUG:netmiko:read_channel: <?xml version="1.0" encoding="UTF-8"?>
<Response MajorVersion="1" MinorVersion="0"><CLI><Configuration>
Building configuration...
!! IOS XR Configuration version = 6.4.1
!! Last configuration change at Wed Dec  9 07:29:02 2020 by admin
!
hostname r2
banner motd ;
--------------------------------------------------------------------------

--------------------------------------------------------------------------
;
logging console disable
service timestamps log datetime msec
service timestamps debug datetime msec
username admin
 group root-lr
 group cisco-support
 secret 5 $1$A4C9$oaNorr6BXDruE4gDd086L.
!
line console
 timestamp disable
 exec-timeout 0 0
 absolute-timeout 0
 session-timeout 0
!
line default
 exec-timeout 0 0
 absolute-timeout 0
 session-timeout 0
!
vty-pool default 0 4 line-template VTY-TEMPLATE
call-home
 service active
 contact smart-licensing
 profile CiscoTAC-1
  active
  destination transport-method http
 !
!
interface Bundle-Ether33
 description ==TEST1==
 mtu 9216
 bundle maximum-active links 2
 bundle minimum-active links 1
!
interface Bundle-Ether33.1
 description 95014353 National Bank Of Kenya-Nakuru
 vrf NBK
 ipv4 address 1.1.1.1 255.255.255.252
 encapsulation dot1q 3021 second-dot1q 3302
!
interface Bundle-Ether33.2
 description 95014354 National Bank Of Kenya Nakuru Hospital ATM
 vrf NBK
 ipv4 address 2.2.2.2 255.255.255.252
 encapsulation dot1q 3021 second-dot1q 3303
!
interface Bundle-Ether33.3
 description 95014450_Jamii_Bora_Bank-Nakuru_Backup
 vrf JAMII_BORA
 ipv4 address 172.30.17.53 255.255.255.252
 encapsulation dot1q 3021 second-dot1q 3304
!
interface Bundle-Ether33.4
 description 95015815 NBK-Westside Mall Nakuru ATM
 vrf NBK
 ipv4 address 172.30.17.77 255.255.255.252
 encapsulation dot1q 3021 second-dot1q 3311
!
interface Bundle-Ether33.5
 description TEST INTERFACE
!
interface MgmtEth0/RP0/CPU0/0
 description *** MANAGEMENT INTERFACE ***
 ipv4 address dhcp
!
interface GigabitEthernet0/0/0/0
 bundle id 33 mode on
 shutdown
!
interface GigabitEthernet0/0/0/1
 bundle id 33 mode on
 shutdown
!
interface GigabitEthernet0/0/0/2
 shutdown
!
interface GigabitEthernet0/0/0/3
 shutdown
!
interface GigabitEthernet0/0/0/4
 shutdown
!
interface preconfigure MgmtEth0/0/CPU0/0
 shutdown
!
interface preconfigure GigabitEthernet0/0/0/5
 shutdown
!
interface preconfigure GigabitEthernet0/0/0/6
 shutdown
!
interface preconfigure GigabitEthernet0/0/0/7
 shutdown
!
router static
 address-family ipv4 unicast
  0.0.0.0/0 192.168.122.1
 !
!
xml agent tty
 iteration off
!
netconf-yang agent
 ssh
!
ssh server v2
ssh server netconf vrf default
router eigrp 200
 address-family ipv4
 !
 vrf NBK
  address-family ipv4
   default-metric 1024 100 255 1 1500
   autonomous-system 500
   redistribute connected
   redistribute static
   interface Bundle-Ether33.1
   !
   interface Bundle-Ether33.2
   !
   interface Bundle-Ether33.4
   !
  !
 !
!
end

</Configuration></CLI><ResultSummary ErrorCount="0"/></Response>
XML> 
DEBUG:netmiko:read_channel: 
DEBUG:netmiko:write_channel: b'<?xml version="1.0" encoding="UTF-8"?><Request MajorVersion="1" MinorVersion="0"><CLI><Configuration>show running-config</Configuration></CLI></Request>\n'
DEBUG:netmiko:read_channel: 
DEBUG:netmiko:read_channel: 
DEBUG:netmiko:read_channel: 
DEBUG:netmiko:read_channel: 
DEBUG:netmiko:read_channel: 
DEBUG:netmiko:read_channel: <?xml version="1.0" encoding="UTF-8"?>
<Response MajorVersion="1" MinorVersion="0"><CLI><Configuration>
Building configuration...
!! IOS XR Configuration version = 6.4.1
!! Last configuration change at Wed Dec  9 07:29:02 2020 by admin
!
hostname r2
banner motd ;
--------------------------------------------------------------------------
  Router 2 (Cisco IOS XR Sandbox)
--------------------------------------------------------------------------
;
logging console disable
service timestamps log datetime msec
service timestamps debug datetime msec
username admin
 group root-lr
 group cisco-support
 secret 5 $1$A4C9$oaNorr6BXDruE4gDd086L.
!
line console
 timestamp disable
 exec-timeout 0 0
 absolute-timeout 0
 session-timeout 0
!
line default
 exec-timeout 0 0
 absolute-timeout 0
 session-timeout 0
!
call-home
 service active
 contact smart-licensing
 profile CiscoTAC-1
  active
  destination transport-method http
 !
!
interface Bundle-Ether33
 description ==TEST1==
 mtu 9216
 bundle maximum-active links 2
 bundle minimum-active links 1
!
interface Bundle-Ether33.1
 description 95014353 National Bank Of Kenya-Nakuru
 vrf NBK
 ipv4 address 1.1.1.1 255.255.255.252
 encapsulation dot1q 3021 second-dot1q 3302
!
interface Bundle-Ether33.2
 description 95014354 National Bank Of Kenya Nakuru Hospital ATM
 vrf NBK
 ipv4 address 2.2.2.2 255.255.255.252
 encapsulation dot1q 3021 second-dot1q 3303
!
interface Bundle-Ether33.3
 description 95014450_Jamii_Bora_Bank-Nakuru_Backup
 vrf JAMII_BORA
 ipv4 address 172.30.17.53 255.255.255.252
 encapsulation dot1q 3021 second-dot1q 3304
!
interface Bundle-Ether33.4
 description 95015815 NBK-Westside Mall Nakuru ATM
 vrf NBK
 ipv4 address 172.30.17.77 255.255.255.252
 encapsulation dot1q 3021 second-dot1q 3311
!
interface MgmtEth0/RP0/CPU0/0
 description *** MANAGEMENT INTERFACE ***
 ipv4 address dhcp
!
interface GigabitEthernet0/0/0/0
 bundle id 33 mode on
 shutdown
!
interface GigabitEthernet0/0/0/1
 bundle id 33 mode on
 shutdown
!
interface GigabitEthernet0/0/0/2
 shutdown
!
interface GigabitEthernet0/0/0/3
 shutdown
!
interface GigabitEthernet0/0/0/4
 shutdown
!
interface preconfigure MgmtEth0/0/CPU0/0
 shutdown
!
interface preconfigure GigabitEthernet0/0/0/5
 shutdown
!
interface preconfigure GigabitEthernet0/0/0/6
 shutdown
!
interface preconfigure GigabitEthernet0/0/0/7
 shutdown
!
router static
 address-family ipv4 unicast
  0.0.0.0/0 192.168.122.1
 !
!
xml agent tty
 iteration off
!
netconf-yang agent
 ssh
!
ssh server v2
ssh server netconf vrf default
router eigrp 200
 address-family ipv4
 !
 vrf NBK
  address-family ipv4
   default-metric 1024 100 255 1 1500
   autonomous-system 500
   redistribute connected
   redistribute static
   interface Bundle-Ether33.1
   !
   interface Bundle-Ether33.2
   !
   interface Bundle-Ether33.4
   !
  !
 !
!
end

</Configuration></CLI><ResultSummary ErrorCount="0"/></Response>
XML> 
DEBUG:netmiko:read_channel: 
DEBUG:netmiko:write_channel: b'<?xml version="1.0" encoding="UTF-8"?><Request MajorVersion="1" MinorVersion="0"><Commit/></Request>\n'
DEBUG:netmiko:read_channel: 
DEBUG:netmiko:read_channel: 
DEBUG:netmiko:read_channel: 
DEBUG:netmiko:read_channel: 
DEBUG:netmiko:read_channel: 
DEBUG:netmiko:read_channel: 
DEBUG:netmiko:read_channel: 
DEBUG:netmiko:read_channel: 
DEBUG:netmiko:read_channel: 
DEBUG:netmiko:read_channel: 
DEBUG:netmiko:read_channel: 
DEBUG:netmiko:read_channel: 
DEBUG:netmiko:read_channel: <?xml version="1.0" encoding="UTF-8"?>
<Response MajorVersion="1" MinorVersion="0"><Commit CommitID="1000000015"/><ResultSummary ErrorCount="0"/></Response>
XML> 
DEBUG:netmiko:read_channel: 
DEBUG:netmiko:write_channel: b'<?xml version="1.0" encoding="UTF-8"?><Request MajorVersion="1" MinorVersion="0"><Unlock/></Request>\n'
DEBUG:netmiko:read_channel: 
DEBUG:netmiko:read_channel: 
DEBUG:netmiko:read_channel: <?xml version="1.0" encoding="UTF-8"?>
<Response MajorVersion="1" MinorVersion="0"><Unlock/><ResultSummary ErrorCount="0"/></Response>
XML> 
DEBUG:paramiko.transport:[chan 0] EOF sent (0)
DEBUG:paramiko.transport:starting thread (client mode): 0x6f4091d0
DEBUG:paramiko.transport:Local version/idstring: SSH-2.0-paramiko_2.4.2
DEBUG:paramiko.transport:Remote version/idstring: SSH-1.99-Cisco-2.0
INFO:paramiko.transport:Connected (version 1.99, client Cisco-2.0)
DEBUG:paramiko.transport:kex algos:['ecdh-sha2-nistp521', 'ecdh-sha2-nistp384', 'ecdh-sha2-nistp256', 'diffie-hellman-group14-sha1'] server key:['ssh-rsa'] client encrypt:['aes128-ctr', 'aes192-ctr', 'aes256-ctr', 'aes128-gcm@openssh.com', 'aes256-gcm@openssh.com'] server encrypt:['aes128-ctr', 'aes192-ctr', 'aes256-ctr', 'aes128-gcm@openssh.com', 'aes256-gcm@openssh.com'] client mac:['hmac-sha2-512', 'hmac-sha2-256', 'hmac-sha1'] server mac:['hmac-sha2-512', 'hmac-sha2-256', 'hmac-sha1'] client compress:['none'] server compress:['none'] client lang:[''] server lang:[''] kex follows?False
DEBUG:paramiko.transport:Kex agreed: ecdh-sha2-nistp256
DEBUG:paramiko.transport:HostKey agreed: ssh-rsa
DEBUG:paramiko.transport:Cipher agreed: aes128-ctr
DEBUG:paramiko.transport:MAC agreed: hmac-sha2-256
DEBUG:paramiko.transport:Compression agreed: none
DEBUG:paramiko.transport:kex engine KexNistp256 specified hash_algo <built-in function openssl_sha256>
DEBUG:paramiko.transport:Switch to new keys ...
DEBUG:paramiko.transport:Adding ssh-rsa host key for [10.10.20.70]:2221: b'e1ad3e53cdc053037494810944e7d7d0'
DEBUG:paramiko.transport:userauth is OK
INFO:paramiko.transport:Authentication (password) successful!
DEBUG:paramiko.transport:[chan 0] Max packet in: 32768 bytes
DEBUG:paramiko.transport:[chan 0] Max packet out: 32768 bytes
DEBUG:paramiko.transport:Secsh channel 0 opened.
DEBUG:paramiko.transport:[chan 0] Sesch channel 0 request ok
DEBUG:paramiko.transport:[chan 0] Sesch channel 0 request ok
DEBUG:netmiko:read_channel: 

RP/0/RP0/CPU0:r1#
DEBUG:netmiko:read_channel: 
DEBUG:netmiko:read_channel: 
DEBUG:netmiko:read_channel: 
DEBUG:netmiko:write_channel: b'\n'
DEBUG:netmiko:read_channel: 
DEBUG:netmiko:read_channel: 
DEBUG:netmiko:write_channel: b'\n'
DEBUG:netmiko:read_channel: 
RP/0/RP0/CPU0:r1#
DEBUG:netmiko:read_channel: 
DEBUG:netmiko:read_channel: 
RP/0/RP0/CPU0:r1#
DEBUG:netmiko:In disable_paging
DEBUG:netmiko:Command: terminal length 0

DEBUG:netmiko:write_channel: b'terminal length 0\n'
DEBUG:netmiko:Pattern is: RP\/0\/RP0\/CPU0\:r1
DEBUG:netmiko:_read_channel_expect read_data: terminal length 0

DEBUG:netmiko:_read_channel_expect read_data: Wed Dec  9 14:59:18.396 UTC

DEBUG:netmiko:_read_channel_expect read_data: RP/0/RP0/CPU0:r1#
DEBUG:netmiko:Pattern found: RP\/0\/RP0\/CPU0\:r1 terminal length 0
Wed Dec  9 14:59:18.396 UTC
RP/0/RP0/CPU0:r1#
DEBUG:netmiko:terminal length 0
Wed Dec  9 14:59:18.396 UTC
RP/0/RP0/CPU0:r1#
DEBUG:netmiko:Exiting disable_paging
DEBUG:netmiko:write_channel: b'terminal width 511\n'
DEBUG:netmiko:Pattern is: RP\/0\/RP0\/CPU0\:r1
DEBUG:netmiko:_read_channel_expect read_data: terminal width 511

DEBUG:netmiko:_read_channel_expect read_data: Wed Dec  9 14:59:18.777 UTC

DEBUG:netmiko:_read_channel_expect read_data: RP/0/RP0/CPU0:r1#
DEBUG:netmiko:Pattern found: RP\/0\/RP0\/CPU0\:r1 terminal width 511
Wed Dec  9 14:59:18.777 UTC
RP/0/RP0/CPU0:r1#
DEBUG:netmiko:read_channel: 
DEBUG:netmiko:read_channel: 
DEBUG:netmiko:write_channel: b'\n'
DEBUG:netmiko:read_channel: 
DEBUG:netmiko:read_channel: 
DEBUG:netmiko:write_channel: b'\n'
DEBUG:netmiko:read_channel: 
RP/0/RP0/CPU0:r1#
DEBUG:netmiko:read_channel: 
DEBUG:netmiko:read_channel: 
RP/0/RP0/CPU0:r1#
DEBUG:netmiko:write_channel: b'show run\n'
DEBUG:netmiko:read_channel: 
DEBUG:netmiko:read_channel: show run

DEBUG:netmiko:read_channel: Wed Dec  9 14:59:19.989 UTC

DEBUG:netmiko:read_channel: 
DEBUG:netmiko:read_channel: Building configuration...
!! IOS XR Configuration version = 6.4.1
!! Last configuration change at Wed Dec  9 14:45:47 2020 by admin
!

DEBUG:netmiko:read_channel: hostname r1
banner motd ;
--------------------------------------------------------------------------

--------------------------------------------------------------------------
;
logging console disable
service timestamps log datetime msec
service timestamps debug datetime msec
username admin
 group root-lr
 group cisco-support
 secret 5 $1$A4C9$oaNorr6BXDruE4gDd086L.
!
line console
 timestamp disable
 exec-timeout 0 0
 absolute-timeout 0
 session-timeout 0
!
line default
 exec-timeout 0 0
 absolute-timeout 0
 session-timeout 0
!
vty-pool default 0 4 line-template VTY-TEMPLATE
call-home
 service active
 contact smart-licensing
 profile CiscoTAC-1
  active
  destination transport-method http
 !
!
interface Bundle-Ether33
 description ==TEST1==
 mtu 9216
 bundle maximum-active links 2
 bundle minimum-active links 1
!
interface Bundle-Ether33.1
 description 95014353 National Bank Of Kenya-Nakuru
 vrf NBK
 ipv4 address 1.1.1.1 255.255.255.252
 encapsulation dot1q 3021 second-dot1q 3302
!
interface Bundle-Ether33.2
 description 95014354 National Bank Of Kenya Nakuru Hospital ATM
 vrf NBK
 ipv4 address 2.2.2.2 255.255.255.252
 encapsulation dot1q 3021 second-dot1q 3303
!
interface Bundle-Ether33.3
 description 95014450_Jamii_Bora_Bank-Nakuru_Backup
 vrf JAMII_BORA
 ipv4 address 172.30.17.53 255.255.255.252
 encapsulation dot1q 3021 second-dot1q 3304
!
interface Bundle-Ether33.4
 description 95015815 NBK-Westside Mall Nakuru ATM
 vrf NBK
 ipv4 address 172.30.17.77 255.255.255.252
 encapsulation dot1q 3021 second-dot1q 3311
!
interface Bundle-Ether33.5
 description TEST INTERFACE
!
interface MgmtEth0/RP0/CPU0/0
 description *** MANAGEMENT INTERFACE ***
 ipv4 address dhcp
!
interface GigabitEthernet0/0/0/0
 bundle id 33 mode on
 shutdown
!
interface GigabitEthernet0/0/0/1
 bundle id 33 mode on
 shutdown
!
interface GigabitEthernet0/0/0/2
 shutdown
!
interface GigabitEthernet0/0/0/3
 shutdown
!
interface GigabitEthernet0/0/0/4
 shutdown
!
interface preconfigure MgmtEth0/0/CPU0/0
 shutdown
!
interface preconfigure GigabitEthernet0/0/0/5
 shutdown
!
interface preconfigure GigabitEthernet0/0/0/6
 shutdown
!
interface preconfigure GigabitEthernet0/0/0/7
 shutdown
!
router static
 address-family ipv4 unicast
  0.0.0.0/0 192.168.122.1
 !
!
xml agent tty
 iteration off
!
netconf-yang agent
 ssh
!
ssh server v2
ssh server netconf vrf default
router eigrp 200
 address-family ipv4
 !
 vrf NBK
  address-family ipv4
   default-metric 1024 100 255 1 1500
   autonomous-system 500
   redistribute connected
   redistribute static
   interface Bundle-Ether33.1
   !
   interface Bundle-Ether33.2
   !
   interface Bundle-Ether33.4
   !
  !
 !
!
end

RP/0/RP0/CPU0:r1#
DEBUG:paramiko.transport:starting thread (client mode): 0x6d5d26a0
DEBUG:paramiko.transport:Local version/idstring: SSH-2.0-paramiko_2.4.2
DEBUG:paramiko.transport:Remote version/idstring: SSH-1.99-Cisco-2.0
INFO:paramiko.transport:Connected (version 1.99, client Cisco-2.0)
DEBUG:paramiko.transport:kex algos:['ecdh-sha2-nistp521', 'ecdh-sha2-nistp384', 'ecdh-sha2-nistp256', 'diffie-hellman-group14-sha1'] server key:['ssh-rsa'] client encrypt:['aes128-ctr', 'aes192-ctr', 'aes256-ctr', 'aes128-gcm@openssh.com', 'aes256-gcm@openssh.com'] server encrypt:['aes128-ctr', 'aes192-ctr', 'aes256-ctr', 'aes128-gcm@openssh.com', 'aes256-gcm@openssh.com'] client mac:['hmac-sha2-512', 'hmac-sha2-256', 'hmac-sha1'] server mac:['hmac-sha2-512', 'hmac-sha2-256', 'hmac-sha1'] client compress:['none'] server compress:['none'] client lang:[''] server lang:[''] kex follows?False
DEBUG:paramiko.transport:Kex agreed: ecdh-sha2-nistp256
DEBUG:paramiko.transport:HostKey agreed: ssh-rsa
DEBUG:paramiko.transport:Cipher agreed: aes128-ctr
DEBUG:paramiko.transport:MAC agreed: hmac-sha2-256
DEBUG:paramiko.transport:Compression agreed: none
DEBUG:paramiko.transport:kex engine KexNistp256 specified hash_algo <built-in function openssl_sha256>
DEBUG:paramiko.transport:Switch to new keys ...
DEBUG:paramiko.transport:Adding ssh-rsa host key for [10.10.20.70]:2231: b'0b7fe057af98893860da3ac18b449501'
DEBUG:paramiko.transport:userauth is OK
INFO:paramiko.transport:Authentication (password) successful!
DEBUG:paramiko.transport:[chan 0] Max packet in: 32768 bytes
DEBUG:paramiko.transport:[chan 0] Max packet out: 32768 bytes
DEBUG:paramiko.transport:Secsh channel 0 opened.
DEBUG:paramiko.transport:[chan 0] Sesch channel 0 request ok
DEBUG:paramiko.transport:[chan 0] Sesch channel 0 request ok
DEBUG:netmiko:read_channel: 

RP/0/RP0/CPU0:r2#
DEBUG:netmiko:read_channel: 
DEBUG:netmiko:read_channel: 
DEBUG:netmiko:read_channel: 
DEBUG:netmiko:write_channel: b'\n'
DEBUG:netmiko:read_channel: 
DEBUG:netmiko:read_channel: 
DEBUG:netmiko:write_channel: b'\n'
DEBUG:netmiko:read_channel: 
RP/0/RP0/CPU0:r2#
DEBUG:netmiko:read_channel: 
DEBUG:netmiko:read_channel: 
RP/0/RP0/CPU0:r2#
DEBUG:netmiko:In disable_paging
DEBUG:netmiko:Command: terminal length 0

DEBUG:netmiko:write_channel: b'terminal length 0\n'
DEBUG:netmiko:Pattern is: RP\/0\/RP0\/CPU0\:r2
DEBUG:netmiko:_read_channel_expect read_data: terminal length 0

DEBUG:netmiko:_read_channel_expect read_data: Wed Dec  9 14:59:27.441 UTC

DEBUG:netmiko:_read_channel_expect read_data: RP/0/RP0/CPU0:r2#
DEBUG:netmiko:Pattern found: RP\/0\/RP0\/CPU0\:r2 terminal length 0
Wed Dec  9 14:59:27.441 UTC
RP/0/RP0/CPU0:r2#
DEBUG:netmiko:terminal length 0
Wed Dec  9 14:59:27.441 UTC
RP/0/RP0/CPU0:r2#
DEBUG:netmiko:Exiting disable_paging
DEBUG:netmiko:write_channel: b'terminal width 511\n'
DEBUG:netmiko:Pattern is: RP\/0\/RP0\/CPU0\:r2
DEBUG:netmiko:_read_channel_expect read_data: terminal width 511

DEBUG:netmiko:_read_channel_expect read_data: Wed Dec  9 14:59:27.822 UTC
RP/0/RP0/CPU0:r2#
DEBUG:netmiko:Pattern found: RP\/0\/RP0\/CPU0\:r2 terminal width 511
Wed Dec  9 14:59:27.822 UTC
RP/0/RP0/CPU0:r2#
DEBUG:netmiko:read_channel: 
DEBUG:netmiko:read_channel: 
DEBUG:netmiko:write_channel: b'\n'
DEBUG:netmiko:read_channel: 
DEBUG:netmiko:read_channel: 
DEBUG:netmiko:write_channel: b'\n'
DEBUG:netmiko:read_channel: 
DEBUG:netmiko:write_channel: b'\n'
DEBUG:netmiko:read_channel: 
DEBUG:netmiko:write_channel: b'\n'
DEBUG:netmiko:read_channel: 
DEBUG:netmiko:write_channel: b'\n'
DEBUG:netmiko:read_channel: 
DEBUG:netmiko:write_channel: b'\n'
DEBUG:netmiko:read_channel: 
DEBUG:netmiko:write_channel: b'\n'
DEBUG:netmiko:read_channel: 
DEBUG:netmiko:write_channel: b'\n'
DEBUG:netmiko:read_channel: 
DEBUG:netmiko:write_channel: b'\n'
DEBUG:netmiko:read_channel: 
DEBUG:netmiko:write_channel: b'\n'
DEBUG:netmiko:read_channel: 
DEBUG:netmiko:write_channel: b'\n'
DEBUG:netmiko:read_channel: 
DEBUG:netmiko:write_channel: b'\n'
DEBUG:netmiko:read_channel: 
DEBUG:netmiko:write_channel: b'show run\n'
DEBUG:netmiko:read_channel: 
DEBUG:netmiko:read_channel: 
RP/0/RP0/CPU0:r2#
RP/0/RP0/CPU0:r2#
RP/0/RP0/CPU0:r2#
RP/0/RP0/CPU0:r2#
RP/0/RP0/CPU0:r2#
DEBUG:paramiko.transport:starting thread (client mode): 0x6d1591d0
DEBUG:paramiko.transport:Local version/idstring: SSH-2.0-paramiko_2.4.2
DEBUG:paramiko.transport:Remote version/idstring: SSH-1.99-Cisco-2.0
INFO:paramiko.transport:Connected (version 1.99, client Cisco-2.0)
DEBUG:paramiko.transport:kex algos:['ecdh-sha2-nistp521', 'ecdh-sha2-nistp384', 'ecdh-sha2-nistp256', 'diffie-hellman-group14-sha1'] server key:['ssh-rsa'] client encrypt:['aes128-ctr', 'aes192-ctr', 'aes256-ctr', 'aes128-gcm@openssh.com', 'aes256-gcm@openssh.com'] server encrypt:['aes128-ctr', 'aes192-ctr', 'aes256-ctr', 'aes128-gcm@openssh.com', 'aes256-gcm@openssh.com'] client mac:['hmac-sha2-512', 'hmac-sha2-256', 'hmac-sha1'] server mac:['hmac-sha2-512', 'hmac-sha2-256', 'hmac-sha1'] client compress:['none'] server compress:['none'] client lang:[''] server lang:[''] kex follows?False
DEBUG:paramiko.transport:Kex agreed: ecdh-sha2-nistp256
DEBUG:paramiko.transport:HostKey agreed: ssh-rsa
DEBUG:paramiko.transport:Cipher agreed: aes128-ctr
DEBUG:paramiko.transport:MAC agreed: hmac-sha2-256
DEBUG:paramiko.transport:Compression agreed: none
DEBUG:paramiko.transport:kex engine KexNistp256 specified hash_algo <built-in function openssl_sha256>
DEBUG:paramiko.transport:Switch to new keys ...
DEBUG:paramiko.transport:Adding ssh-rsa host key for [10.10.20.70]:2221: b'e1ad3e53cdc053037494810944e7d7d0'
DEBUG:paramiko.transport:userauth is OK
INFO:paramiko.transport:Authentication (password) successful!
DEBUG:paramiko.transport:[chan 0] Max packet in: 32768 bytes
DEBUG:paramiko.transport:[chan 0] Max packet out: 32768 bytes
DEBUG:paramiko.transport:Secsh channel 0 opened.
DEBUG:paramiko.transport:[chan 0] Sesch channel 0 request ok
DEBUG:paramiko.transport:[chan 0] Sesch channel 0 request ok
DEBUG:netmiko:read_channel: 

RP/0/RP0/CPU0:r1#
DEBUG:netmiko:read_channel: 
DEBUG:netmiko:read_channel: 
DEBUG:netmiko:read_channel: 
DEBUG:netmiko:write_channel: b'\n'
DEBUG:netmiko:read_channel: 
DEBUG:netmiko:read_channel: 
DEBUG:netmiko:write_channel: b'\n'
DEBUG:netmiko:read_channel: 
DEBUG:netmiko:write_channel: b'\n'
DEBUG:netmiko:read_channel: 
RP/0/RP0/CPU0:r1#
DEBUG:netmiko:read_channel: 
RP/0/RP0/CPU0:r1#
DEBUG:netmiko:read_channel: 
DEBUG:netmiko:In disable_paging
DEBUG:netmiko:Command: terminal length 0

DEBUG:netmiko:write_channel: b'terminal length 0\n'
DEBUG:netmiko:Pattern is: RP\/0\/RP0\/CPU0\:r1
DEBUG:netmiko:_read_channel_expect read_data: 

DEBUG:netmiko:_read_channel_expect read_data: RP/0/RP0/CPU0:r1#
DEBUG:netmiko:Pattern found: RP\/0\/RP0\/CPU0\:r1 
RP/0/RP0/CPU0:r1#
DEBUG:netmiko:
RP/0/RP0/CPU0:r1#
DEBUG:netmiko:Exiting disable_paging
DEBUG:netmiko:write_channel: b'terminal width 511\n'
DEBUG:netmiko:Pattern is: RP\/0\/RP0\/CPU0\:r1
DEBUG:netmiko:_read_channel_expect read_data: terminal length 0

DEBUG:netmiko:_read_channel_expect read_data: Wed Dec  9 14:59:58.418 UTC
RP/0/RP0/CPU0:r1#terminal width 511
Wed Dec  9 14:59:58.660 UTC

DEBUG:netmiko:Pattern found: RP\/0\/RP0\/CPU0\:r1 terminal length 0
Wed Dec  9 14:59:58.418 UTC
RP/0/RP0/CPU0:r1#terminal width 511
Wed Dec  9 14:59:58.660 UTC

DEBUG:netmiko:read_channel: RP/0/RP0/CPU0:r1#
DEBUG:netmiko:read_channel: 
DEBUG:netmiko:write_channel: b'\n'
DEBUG:netmiko:read_channel: 
DEBUG:netmiko:read_channel: 
DEBUG:netmiko:write_channel: b'\n'
DEBUG:netmiko:read_channel: 
RP/0/RP0/CPU0:r1#
DEBUG:netmiko:read_channel: 
DEBUG:netmiko:read_channel: 
RP/0/RP0/CPU0:r1#
DEBUG:netmiko:write_channel: b'show run\n'
DEBUG:netmiko:read_channel: 
DEBUG:netmiko:read_channel: 
DEBUG:netmiko:read_channel: show run
Wed Dec  9 15:00:00.374 UTC

DEBUG:netmiko:read_channel: 
DEBUG:netmiko:read_channel: Building configuration...
!! IOS XR Configuration version = 6.4.1
!! Last configuration change at Wed Dec  9 14:45:47 2020 by admin
!
hostname r1
banner motd ;
--------------------------------------------------------------------------

--------------------------------------------------------------------------
;
logging console disable
service timestamps log datetime msec
service timestamps debug datetime msec
username admin
 group root-lr
 group cisco-support
 secret 5 $1$A4C9$oaNorr6BXDruE4gDd086L.
!
line console
 timestamp disable
 exec-timeout 0 0
 absolute-timeout 0
 session-timeout 0
!
line default
 exec-timeout 0 0
 absolute-timeout 0
 session-timeout 0
!
vty-pool default 0 4 line-template VTY-TEMPLATE
call-home
 service active
 contact smart-licensing
 profile CiscoTAC-1
  active
  destination transport-method http
 !
!
interface Bundle-Ether33
 description ==TEST1==
 mtu 9216
 bundle maximum-active links 2
 bundle minimum-active links 1
!
interface Bundle-Ether33.1
 description 95014353 National Bank Of Kenya-Nakuru
 vrf NBK
 ipv4 address 1.1.1.1 255.255.255.252
 encapsulation dot1q 3021 secon
DEBUG:netmiko:read_channel: d-dot1q 3302
!
interface Bundle-Ether33.2
 description 95014354 National Bank Of Kenya Nakuru Hospital ATM
 vrf NBK
 ipv4 address 2.2.2.2 255.255.255.252
 encapsulation dot1q 3021 second-dot1q 3303
!
interface Bundle-Ether33.3
 description 95014450_Jamii_Bora_Bank-Nakuru_Backup
 vrf JAMII_BORA
 ipv4 address 172.30.17.53 255.255.255.252
 encapsulation dot1q 3021 second-dot1q 3304
!
interface Bundle-Ether33.4
 description 95015815 NBK-Westside Mall Nakuru ATM
 vrf NBK
 ipv4 address 172.30.17.77 255.255.255.252
 encapsulation dot1q 3021 second-dot1q 3311
!
interface Bundle-Ether33.5
 description TEST INTERFACE
!
interface MgmtEth0/RP0/CPU0/0
 description *** MANAGEMENT INTERFACE ***
 ipv4 address dhcp
!
interface GigabitEthernet0/0/0/0
 bundle id 33 mode on
 shutdown
!
interface GigabitEthernet0/0/0/1
 bundle id 33 mode on
 shutdown
!
interface GigabitEthernet0/0/0/2
 shutdown
!
interface GigabitEthernet0/0/0/3
 shutdown
!
interface GigabitEthernet0/0/0/4
 shutdown
!
interface preconfigure MgmtEth0/0/CPU0/0
 shutdown
!
interface preconfigure GigabitEthernet0/0/0/5
 shutdown
!
interface preconfigure GigabitEthernet0/0/0/6
 shutdown
!
interface preconfigure GigabitEthernet0/0/0/7
 shutdown
!
router static
 address-family ipv4 unicast
  0.0.0.0/0 192.168.122.1
 !
!
xml agent tty
 iteration off
!
netconf-yang agent
 ssh
!
ssh server v2
ssh server netconf vrf default
router eigrp 200
 address-family ipv4
 !
 vrf NBK
  address-family ipv4
   default-metric 1024 100 255 1 1500
   autonomous-system 500
   redistribute connected
   redistribute static
   interface Bundle-Ether33.1
   !
   interface Bundle-Ether33.2
   !
   interface Bundle-Ether33.4
   !
  !
 !
!
end

RP/0/RP0/CPU0:r1#
DEBUG:paramiko.transport:starting thread (client mode): 0x673127f0
DEBUG:paramiko.transport:Local version/idstring: SSH-2.0-paramiko_2.4.2
DEBUG:paramiko.transport:Remote version/idstring: SSH-1.99-Cisco-2.0
INFO:paramiko.transport:Connected (version 1.99, client Cisco-2.0)
DEBUG:paramiko.transport:kex algos:['ecdh-sha2-nistp521', 'ecdh-sha2-nistp384', 'ecdh-sha2-nistp256', 'diffie-hellman-group14-sha1'] server key:['ssh-rsa'] client encrypt:['aes128-ctr', 'aes192-ctr', 'aes256-ctr', 'aes128-gcm@openssh.com', 'aes256-gcm@openssh.com'] server encrypt:['aes128-ctr', 'aes192-ctr', 'aes256-ctr', 'aes128-gcm@openssh.com', 'aes256-gcm@openssh.com'] client mac:['hmac-sha2-512', 'hmac-sha2-256', 'hmac-sha1'] server mac:['hmac-sha2-512', 'hmac-sha2-256', 'hmac-sha1'] client compress:['none'] server compress:['none'] client lang:[''] server lang:[''] kex follows?False
DEBUG:paramiko.transport:Kex agreed: ecdh-sha2-nistp256
DEBUG:paramiko.transport:HostKey agreed: ssh-rsa
DEBUG:paramiko.transport:Cipher agreed: aes128-ctr
DEBUG:paramiko.transport:MAC agreed: hmac-sha2-256
DEBUG:paramiko.transport:Compression agreed: none
DEBUG:paramiko.transport:kex engine KexNistp256 specified hash_algo <built-in function openssl_sha256>
DEBUG:paramiko.transport:Switch to new keys ...
DEBUG:paramiko.transport:Adding ssh-rsa host key for [10.10.20.70]:2231: b'0b7fe057af98893860da3ac18b449501'
DEBUG:paramiko.transport:userauth is OK
INFO:paramiko.transport:Authentication (password) successful!
DEBUG:paramiko.transport:[chan 0] Max packet in: 32768 bytes
DEBUG:paramiko.transport:[chan 0] Max packet out: 32768 bytes
DEBUG:paramiko.transport:Secsh channel 0 opened.
DEBUG:paramiko.transport:[chan 0] Sesch channel 0 request ok
DEBUG:paramiko.transport:[chan 0] Sesch channel 0 request ok
DEBUG:netmiko:read_channel: 

RP/0/RP0/CPU0:r2#
DEBUG:netmiko:read_channel: 
DEBUG:netmiko:read_channel: 
DEBUG:netmiko:read_channel: 
DEBUG:netmiko:write_channel: b'\n'
DEBUG:netmiko:read_channel: 
DEBUG:netmiko:read_channel: 
DEBUG:netmiko:write_channel: b'\n'
DEBUG:netmiko:read_channel: 
RP/0/RP0/CPU0:r2#
DEBUG:netmiko:read_channel: 
DEBUG:netmiko:read_channel: 
DEBUG:netmiko:In disable_paging
DEBUG:netmiko:Command: terminal length 0

DEBUG:netmiko:write_channel: b'terminal length 0\n'
DEBUG:netmiko:Pattern is: RP\/0\/RP0\/CPU0\:r2
DEBUG:netmiko:_read_channel_expect read_data: 

DEBUG:netmiko:_read_channel_expect read_data: RP/0/RP0/CPU0:r2#
DEBUG:netmiko:Pattern found: RP\/0\/RP0\/CPU0\:r2 
RP/0/RP0/CPU0:r2#
DEBUG:netmiko:
RP/0/RP0/CPU0:r2#
DEBUG:netmiko:Exiting disable_paging
DEBUG:netmiko:write_channel: b'terminal width 511\n'
DEBUG:netmiko:Pattern is: RP\/0\/RP0\/CPU0\:r2
DEBUG:netmiko:_read_channel_expect read_data: terminal length 0

DEBUG:netmiko:_read_channel_expect read_data: Wed Dec  9 15:00:08.332 UTC
RP/0/RP0/CPU0:r2#terminal width 511

DEBUG:netmiko:Pattern found: RP\/0\/RP0\/CPU0\:r2 terminal length 0
Wed Dec  9 15:00:08.332 UTC
RP/0/RP0/CPU0:r2#terminal width 511

DEBUG:netmiko:read_channel: Wed Dec  9 15:00:08.635 UTC
RP/0/RP0/CPU0:r2#
DEBUG:netmiko:read_channel: 
DEBUG:netmiko:write_channel: b'\n'
DEBUG:netmiko:read_channel: 
DEBUG:netmiko:read_channel: 
DEBUG:netmiko:write_channel: b'\n'
DEBUG:netmiko:read_channel: 
DEBUG:netmiko:write_channel: b'\n'
DEBUG:netmiko:read_channel: 

DEBUG:netmiko:write_channel: b'\n'
DEBUG:netmiko:read_channel: 
DEBUG:netmiko:write_channel: b'\n'
DEBUG:netmiko:read_channel: 
DEBUG:netmiko:write_channel: b'\n'
DEBUG:netmiko:read_channel: 
DEBUG:netmiko:write_channel: b'\n'
DEBUG:netmiko:read_channel: RP/0/RP0/CPU0:r2#
RP/0/RP0/CPU0:r2#
RP/0/RP0/CPU0:r2#
DEBUG:netmiko:read_channel: 
RP/0/RP0/CPU0:r2#
RP/0/RP0/CPU0:r2#
DEBUG:netmiko:read_channel: 
RP/0/RP0/CPU0:r2#

DEBUG:netmiko:write_channel: b'show run\n'
DEBUG:netmiko:read_channel: 
DEBUG:netmiko:read_channel: 
DEBUG:netmiko:read_channel: RP/0/RP0/CPU0:r2#show run
Wed Dec  9 15:00:10.294 UTC

DEBUG:paramiko.transport:starting thread (client mode): 0x54e6d7f0
DEBUG:paramiko.transport:Local version/idstring: SSH-2.0-paramiko_2.4.2
DEBUG:paramiko.transport:Remote version/idstring: SSH-1.99-Cisco-2.0
INFO:paramiko.transport:Connected (version 1.99, client Cisco-2.0)
DEBUG:paramiko.transport:kex algos:['ecdh-sha2-nistp521', 'ecdh-sha2-nistp384', 'ecdh-sha2-nistp256', 'diffie-hellman-group14-sha1'] server key:['ssh-rsa'] client encrypt:['aes128-ctr', 'aes192-ctr', 'aes256-ctr', 'aes128-gcm@openssh.com', 'aes256-gcm@openssh.com'] server encrypt:['aes128-ctr', 'aes192-ctr', 'aes256-ctr', 'aes128-gcm@openssh.com', 'aes256-gcm@openssh.com'] client mac:['hmac-sha2-512', 'hmac-sha2-256', 'hmac-sha1'] server mac:['hmac-sha2-512', 'hmac-sha2-256', 'hmac-sha1'] client compress:['none'] server compress:['none'] client lang:[''] server lang:[''] kex follows?False
DEBUG:paramiko.transport:Kex agreed: ecdh-sha2-nistp256
DEBUG:paramiko.transport:HostKey agreed: ssh-rsa
DEBUG:paramiko.transport:Cipher agreed: aes128-ctr
DEBUG:paramiko.transport:MAC agreed: hmac-sha2-256
DEBUG:paramiko.transport:Compression agreed: none
DEBUG:paramiko.transport:kex engine KexNistp256 specified hash_algo <built-in function openssl_sha256>
DEBUG:paramiko.transport:Switch to new keys ...
DEBUG:paramiko.transport:Adding ssh-rsa host key for [10.10.20.70]:2231: b'0b7fe057af98893860da3ac18b449501'
DEBUG:paramiko.transport:userauth is OK
INFO:paramiko.transport:Authentication (password) successful!
DEBUG:paramiko.transport:[chan 0] Max packet in: 32768 bytes
DEBUG:paramiko.transport:[chan 0] Max packet out: 32768 bytes
DEBUG:paramiko.transport:Secsh channel 0 opened.
DEBUG:paramiko.transport:[chan 0] Sesch channel 0 request ok
DEBUG:paramiko.transport:[chan 0] Sesch channel 0 request ok
DEBUG:netmiko:read_channel: 

RP/0/RP0/CPU0:r2#
DEBUG:netmiko:read_channel: 
DEBUG:netmiko:read_channel: 
DEBUG:netmiko:read_channel: 
DEBUG:netmiko:write_channel: b'\n'
DEBUG:netmiko:read_channel: 
DEBUG:netmiko:read_channel: 
DEBUG:netmiko:write_channel: b'\n'
DEBUG:netmiko:read_channel: 
RP/0/RP0/CPU0:r2#
DEBUG:netmiko:read_channel: 
DEBUG:netmiko:read_channel: 

DEBUG:netmiko:In disable_paging
DEBUG:netmiko:Command: terminal length 0

DEBUG:netmiko:write_channel: b'terminal length 0\n'
DEBUG:netmiko:Pattern is: RP\/0\/RP0\/CPU0\:r2
DEBUG:netmiko:_read_channel_expect read_data: RP/0/RP0/CPU0:r2#
DEBUG:netmiko:Pattern found: RP\/0\/RP0\/CPU0\:r2 RP/0/RP0/CPU0:r2#
DEBUG:netmiko:RP/0/RP0/CPU0:r2#
DEBUG:netmiko:Exiting disable_paging
DEBUG:netmiko:write_channel: b'terminal width 511\n'
DEBUG:netmiko:Pattern is: RP\/0\/RP0\/CPU0\:r2
DEBUG:netmiko:_read_channel_expect read_data: terminal length 0
Wed Dec  9 15:02:22.172 UTC
RP/0/RP0/CPU0:r2#
DEBUG:netmiko:Pattern found: RP\/0\/RP0\/CPU0\:r2 terminal length 0
Wed Dec  9 15:02:22.172 UTC
RP/0/RP0/CPU0:r2#
DEBUG:netmiko:read_channel: terminal width 511
Wed Dec  9 15:02:22.664 UTC

DEBUG:netmiko:read_channel: 
DEBUG:netmiko:write_channel: b'\n'
DEBUG:netmiko:read_channel: RP/0/RP0/CPU0:r2#
DEBUG:netmiko:read_channel: 
RP/0/RP0/CPU0:r2#
DEBUG:netmiko:read_channel: 
DEBUG:netmiko:write_channel: b'xml\n'
DEBUG:netmiko:read_channel: 
DEBUG:netmiko:read_channel: xml
Wed Dec  9 15:02:23.165 UTC
XML> 
DEBUG:netmiko:read_channel: 
DEBUG:netmiko:read_channel: 
DEBUG:netmiko:read_channel: 
DEBUG:netmiko:write_channel: b'<?xml version="1.0" encoding="UTF-8"?><Request MajorVersion="1" MinorVersion="0"><Lock/></Request>\n'
DEBUG:netmiko:read_channel: 
DEBUG:netmiko:read_channel: 
DEBUG:netmiko:read_channel: <?xml version="1.0" encoding="UTF-8"?>
<Response MajorVersion="1" MinorVersion="0"><Lock/><ResultSummary ErrorCount="0"/></Response>
XML> 
DEBUG:netmiko:read_channel: 
DEBUG:netmiko:write_channel: b'<?xml version="1.0" encoding="UTF-8"?><Request MajorVersion="1" MinorVersion="0"><CLI><Configuration>\n\n!! IOS XR Configuration version = 6.4.1\n!! Last configuration change at Wed Dec  9 14:45:47 2020 by admin\n!\nhostname r1\nbanner motd ;\n--------------------------------------------------------------------------\n\n--------------------------------------------------------------------------\n;\nlogging console disable\nservice timestamps log datetime msec\nservice timestamps debug datetime msec\nusername admin\n group root-lr\n group cisco-support\n secret 5 $1$A4C9$oaNorr6BXDruE4gDd086L.\n!\nline console\n timestamp disable\n exec-timeout 0 0\n absolute-timeout 0\n session-timeout 0\n!\nline default\n exec-timeout 0 0\n absolute-timeout 0\n session-timeout 0\n!\nvty-pool default 0 4 line-template VTY-TEMPLATE\ncall-home\n service active\n contact smart-licensing\n profile CiscoTAC-1\n  active\n  destination transport-method http\n !\n!\ninterface Bundle-Ether33\n description ==TEST1==\n mtu 9216\n bundle maximum-active links 2\n bundle minimum-active links 1\n!\ninterface Bundle-Ether33.1\n description 95014353 National Bank Of Kenya-Nakuru\n vrf NBK\n ipv4 address 1.1.1.1 255.255.255.252\n encapsulation dot1q 3021 second-dot1q 3302\n!\ninterface Bundle-Ether33.2\n description 95014354 National Bank Of Kenya Nakuru Hospital ATM\n vrf NBK\n ipv4 address 2.2.2.2 255.255.255.252\n encapsulation dot1q 3021 second-dot1q 3303\n!\ninterface Bundle-Ether33.3\n description 95014450_Jamii_Bora_Bank-Nakuru_Backup\n vrf JAMII_BORA\n ipv4 address 172.30.17.53 255.255.255.252\n encapsulation dot1q 3021 second-dot1q 3304\n!\ninterface Bundle-Ether33.4\n description 95015815 NBK-Westside Mall Nakuru ATM\n vrf NBK\n ipv4 address 172.30.17.77 255.255.255.252\n encapsulation dot1q 3021 second-dot1q 3311\n!\ninterface Bundle-Ether33.5\n description TEST INTERFACE\n!\ninterface MgmtEth0/RP0/CPU0/0\n description *** MANAGEMENT INTERFACE ***\n ipv4 address dhcp\n!\ninterface GigabitEthernet0/0/0/0\n bundle id 33 mode on\n shutdown\n!\ninterface GigabitEthernet0/0/0/1\n bundle id 33 mode on\n shutdown\n!\ninterface GigabitEthernet0/0/0/2\n shutdown\n!\ninterface GigabitEthernet0/0/0/3\n shutdown\n!\ninterface GigabitEthernet0/0/0/4\n shutdown\n!\ninterface preconfigure MgmtEth0/0/CPU0/0\n shutdown\n!\ninterface preconfigure GigabitEthernet0/0/0/5\n shutdown\n!\ninterface preconfigure GigabitEthernet0/0/0/6\n shutdown\n!\ninterface preconfigure GigabitEthernet0/0/0/7\n shutdown\n!\nrouter static\n address-family ipv4 unicast\n  0.0.0.0/0 192.168.122.1\n !\n!\nxml agent tty\n iteration off\n!\nnetconf-yang agent\n ssh\n!\nssh server v2\nssh server netconf vrf default\nrouter eigrp 200\n address-family ipv4\n !\n vrf NBK\n  address-family ipv4\n   default-metric 1024 100 255 1 1500\n   autonomous-system 500\n   redistribute connected\n   redistribute static\n   interface Bundle-Ether33.1\n   !\n   interface Bundle-Ether33.2\n   !\n   interface Bundle-Ether33.4\n   !\n  !\n !\n!\nend\n</Configuration></CLI></Request>\n'
DEBUG:netmiko:read_channel: 
DEBUG:netmiko:read_channel: 
DEBUG:netmiko:read_channel: 
DEBUG:netmiko:read_channel: 
DEBUG:netmiko:read_channel: 
DEBUG:netmiko:read_channel: 
DEBUG:netmiko:read_channel: <?xml version="1.0" encoding="UTF-8"?>
<Response MajorVersion="1" MinorVersion="0"><CLI><Configuration/></CLI><ResultSummary ErrorCount="0"/></Response>
XML> 
DEBUG:netmiko:read_channel: 
DEBUG:netmiko:write_channel: b'<?xml version="1.0" encoding="UTF-8"?><Request MajorVersion="1" MinorVersion="0"><CLI><Configuration>show configuration merge</Configuration></CLI></Request>\n'
DEBUG:netmiko:read_channel: 
DEBUG:netmiko:read_channel: 
DEBUG:netmiko:read_channel: 
DEBUG:netmiko:read_channel: 
DEBUG:netmiko:read_channel: 
DEBUG:netmiko:read_channel: <?xml version="1.0" encoding="UTF-8"?>
<Response MajorVersion="1" MinorVersion="0"><CLI><Configuration>
Building configuration...
!! IOS XR Configuration version = 6.4.1
!! Last configuration change at Wed Dec  9 14:47:59 2020 by admin
!
hostname r1
banner motd ;
--------------------------------------------------------------------------

--------------------------------------------------------------------------
;
logging console disable
service timestamps log datetime msec
service timestamps debug datetime msec
username admin
 group root-lr
 group cisco-support
 secret 5 $1$A4C9$oaNorr6BXDruE4gDd086L.
!
line console
 timestamp disable
 exec-timeout 0 0
 absolute-timeout 0
 session-timeout 0
!
line default
 exec-timeout 0 0
 absolute-timeout 0
 session-timeout 0
!
vty-pool default 0 4 line-template VTY-TEMPLATE
call-home
 service active
 contact smart-licensing
 profile CiscoTAC-1
  active
  destination transport-method http
 !
!
interface Bundle-Ether33
 description ==TEST1==
 mtu 9216
 bundle maximum-active links 2
 bundle minimum-active links 1
!
interface Bundle-Ether33.1
 description 95014353 National Bank Of Kenya-Nakuru
 vrf NBK
 ipv4 address 1.1.1.1 255.255.255.252
 encapsulation dot1q 3021 second-dot1q 3302
!
interface Bundle-Ether33.2
 description 95014354 National Bank Of Kenya Nakuru Hospital ATM
 vrf NBK
 ipv4 address 2.2.2.2 255.255.255.252
 encapsulation dot1q 3021 second-dot1q 3303
!
interface Bundle-Ether33.3
 description 95014450_Jamii_Bora_Bank-Nakuru_Backup
 vrf JAMII_BORA
 ipv4 address 172.30.17.53 255.255.255.252
 encapsulation dot1q 3021 second-dot1q 3304
!
interface Bundle-Ether33.4
 description 95015815 NBK-Westside Mall Nakuru ATM
 vrf NBK
 ipv4 address 172.30.17.77 255.255.255.252
 encapsulation dot1q 3021 second-dot1q 3311
!
interface Bundle-Ether33.5
 description TEST INTERFACE
!
interface MgmtEth0/RP0/CPU0/0
 description *** MANAGEMENT INTERFACE ***
 ipv4 address dhcp
!
interface GigabitEthe
DEBUG:netmiko:read_channel: rnet0/0/0/0
 bundle id 33 mode on
 shutdown
!
interface GigabitEthernet0/0/0/1
 bundle id 33 mode on
 shutdown
!
interface GigabitEthernet0/0/0/2
 shutdown
!
interface GigabitEthernet0/0/0/3
 shutdown
!
interface GigabitEthernet0/0/0/4
 shutdown
!
interface preconfigure MgmtEth0/0/CPU0/0
 shutdown
!
interface preconfigure GigabitEthernet0/0/0/5
 shutdown
!
interface preconfigure GigabitEthernet0/0/0/6
 shutdown
!
interface preconfigure GigabitEthernet0/0/0/7
 shutdown
!
router static
 address-family ipv4 unicast
  0.0.0.0/0 192.168.122.1
 !
!
xml agent tty
 iteration off
!
netconf-yang agent
 ssh
!
ssh server v2
ssh server netconf vrf default
router eigrp 200
 address-family ipv4
 !
 vrf NBK
  address-family ipv4
   default-metric 1024 100 255 1 1500
   autonomous-system 500
   redistribute connected
   redistribute static
   interface Bundle-Ether33.1
   !
   interface Bundle-Ether33.2
   !
   interface Bundle-Ether33.4
   !
  !
 !
!
end

</Configuration></CLI><ResultSummary ErrorCount="0"/></Response>
XML> 
DEBUG:netmiko:read_channel: 
DEBUG:netmiko:write_channel: b'<?xml version="1.0" encoding="UTF-8"?><Request MajorVersion="1" MinorVersion="0"><CLI><Configuration>show running-config</Configuration></CLI></Request>\n'
DEBUG:netmiko:read_channel: 
DEBUG:netmiko:read_channel: 
DEBUG:netmiko:read_channel: 
DEBUG:netmiko:read_channel: 
DEBUG:netmiko:read_channel: 
DEBUG:netmiko:read_channel: 
DEBUG:netmiko:read_channel: 
DEBUG:netmiko:read_channel: 
DEBUG:netmiko:read_channel: 
DEBUG:netmiko:read_channel: <?xml version="1.0" encoding="UTF-8"?>
<Response MajorVersion="1" MinorVersion="0"><CLI><Configuration>
Building configuration...
!! IOS XR Configuration version = 6.4.1
!! Last configuration change at Wed Dec  9 14:47:59 2020 by admin
!
hostname r2
banner motd ;
--------------------------------------------------------------------------

--------------------------------------------------------------------------
;
logging console disable
service timestamps log datetime msec
service timestamps debug datetime msec
username admin
 group root-lr
 group cisco-support
 secret 5 $1$A4C9$oaNorr6BXDruE4gDd086L.
!
line console
 timestamp disable
 exec-timeout 0 0
 absolute-timeout 0
 session-timeout 0
!
line default
 exec-timeout 0 0
 absolute-timeout 0
 session-timeout 0
!
vty-pool default 0 4 line-template VTY-TEMPLATE
call-home
 service active
 contact smart-licensing
 profile CiscoTAC-1
  active
  destination transport-method http
 !
!
interface Bundle-Ether33
 descr
DEBUG:netmiko:read_channel: iption ==TEST1==
 mtu 9216
 bundle maximum-active links 2
 bundle minimum-active links 1
!
interface Bundle-Ether33.1
 description 95014353 National Bank Of Kenya-Nakuru
 vrf NBK
 ipv4 address 1.1.1.1 255.255.255.252
 encapsulation dot1q 3021 second-dot1q 3302
!
interface Bundle-Ether33.2
 description 95014354 National Bank Of Kenya Nakuru Hospital ATM
 vrf NBK
 ipv4 address 2.2.2.2 255.255.255.252
 encapsulation dot1q 3021 second-dot1q 3303
!
interface Bundle-Ether33.3
 description 95014450_Jamii_Bora_Bank-Nakuru_Backup
 vrf JAMII_BORA
 ipv4 address 172.30.17.53 255.255.255.252
 encapsulation dot1q 3021 second-dot1q 3304
!
interface Bundle-Ether33.4
 description 95015815 NBK-Westside Mall Nakuru ATM
 vrf NBK
 ipv4 address 172.30.17.77 255.255.255.252
 encapsulation dot1q 3021 second-dot1q 3311
!
interface Bundle-Ether33.5
 description TEST INTERFACE
!
interface MgmtEth0/RP0/CPU0/0
 description *** MANAGEMENT INTERFACE ***
 ipv4 address dhcp
!
interface GigabitEthernet0/0/0/0
 bundle id 33 mode on
 shutdown
!
interface GigabitEthernet0/0/0/1
 bundle id 33 mode on
 shutdown
!
interface GigabitEthernet0/0/0/2
 shutdown
!
interface GigabitEthernet0/0/0/3
 shutdown
!
interface GigabitEthernet0/0/0/4
 shutdown
!
interface preconfigure MgmtEth0/0/CPU0/0
 shutdown
!
interface preconfigure GigabitEthernet0/0/0/5
 shutdown
!
interface preconfigure GigabitEthernet0/0/0/6
 shutdown
!
interface preconfigure GigabitEthernet0/0/0/7
 shutdown
!
router static
 address-family ipv4 unicast
  0.0.0.0/0 192.168.122.1
 !
!
xml agent tty
 iteration off
!
netconf-yang agent
 ssh
!
ssh server v2
ssh server netconf vrf default
router eigrp 200
 address-family ipv4
 !
 vrf NBK
  address-family ipv4
   default-metric 1024 100 255 1 1500
   autonomous-system 500
   redistribute connected
   redistribute static
   interface Bundle-Ether33.1
   !
   interface Bundle-Ether33.2
   !
   interface Bundle-Ether33.4
   !
  !
 !
!
end

</Configuration></CLI><ResultSummary ErrorCount="0"/></Response>
XML> 
DEBUG:netmiko:read_channel: 
DEBUG:netmiko:write_channel: b'<?xml version="1.0" encoding="UTF-8"?><Request MajorVersion="1" MinorVersion="0"><CLI><Configuration>show configuration merge</Configuration></CLI></Request>\n'
DEBUG:netmiko:read_channel: 
DEBUG:netmiko:read_channel: 
DEBUG:netmiko:read_channel: 
DEBUG:netmiko:read_channel: 
DEBUG:netmiko:read_channel: 
DEBUG:netmiko:read_channel: <?xml version="1.0" encoding="UTF-8"?>
<Response MajorVersion="1" MinorVersion="0"><CLI><Configuration>
Building configuration...
!! IOS XR Configuration version = 6.4.1
!! Last configuration change at Wed Dec  9 14:47:59 2020 by admin
!
hostname r1
banner motd ;
--------------------------------------------------------------------------

--------------------------------------------------------------------------
;
logging console disable
service timestamps log datetime msec
service timestamps debug datetime msec
username admin
 group root-lr
 group cisco-support
 secret 5 $1$A4C9$oaNorr6BXDruE4gDd086L.
!
line console
 timestamp disable
 exec-timeout 0 0
 absolute-timeout 0
 session-timeout 0
!
line default
 exec-timeout 0 0
 absolute-timeout 0
 session-timeout 0
!
vty-pool default 0 4 line-template VTY-TEMPLATE
call-home
 service active
 contact smart-licensing
 profile CiscoTAC-1
  active
  destination transport-method http
 !
!
interface Bundle-Ether33
 description ==TEST1==
 mtu 9216
 bundle maximum-active links 2
 bundle minimum-active links 1
!
interface Bundle-Ether33.1
 description 95014353 National Bank Of Kenya-Nakuru
 vrf NBK
 ipv4 address 1.1.1.1 255.255.255.252
 encapsulation dot1q 3021 second-dot1q 3302
!
interface Bundle-Ether33.2
 description 95014354 National Bank Of Kenya Nakuru Hospital ATM
 vrf NBK
 ipv4 address 2.2.2.2 255.255.255.252
 encapsulation dot1q 3021 second-dot1q 3303
!
interface Bundle-Ether33.3
 description 95014450_Jamii_Bora_Bank-Nakuru_Backup
 vrf JAMII_BORA
 ipv4 address 172.30.17.53 255.255.255.252
 encapsulation dot1q 3021 second-dot1q 3304
!
interface Bundle-Ether33.4
 description 95015815 NBK-Westside Mall Nakuru ATM
 vrf NBK
 ipv4 address 172.30.17.77 255.255.255.252
 encapsulation dot1q 3021 second-dot1q 3311
!
interface Bundle-Ether33.5
 description TEST INTERFACE
!
interface MgmtEth0/RP0/CPU0/0
 description *** MANAGEMENT INTERFACE ***
 ipv4 address dhcp
!
interface GigabitEthe
DEBUG:netmiko:read_channel: rnet0/0/0/0
 bundle id 33 mode on
 shutdown
!
interface GigabitEthernet0/0/0/1
 bundle id 33 mode on
 shutdown
!
interface GigabitEthernet0/0/0/2
 shutdown
!
interface GigabitEthernet0/0/0/3
 shutdown
!
interface GigabitEthernet0/0/0/4
 shutdown
!
interface preconfigure MgmtEth0/0/CPU0/0
 shutdown
!
interface preconfigure GigabitEthernet0/0/0/5
 shutdown
!
interface preconfigure GigabitEthernet0/0/0/6
 shutdown
!
interface preconfigure GigabitEthernet0/0/0/7
 shutdown
!
router static
 address-family ipv4 unicast
  0.0.0.0/0 192.168.122.1
 !
!
xml agent tty
 iteration off
!
netconf-yang agent
 ssh
!
ssh server v2
ssh server netconf vrf default
router eigrp 200
 address-family ipv4
 !
 vrf NBK
  address-family ipv4
   default-metric 1024 100 255 1 1500
   autonomous-system 500
   redistribute connected
   redistribute static
   interface Bundle-Ether33.1
   !
   interface Bundle-Ether33.2
   !
   interface Bundle-Ether33.4
   !
  !
 !
!
end

</Configuration></CLI><ResultSummary ErrorCount="0"/></Response>
XML> 
DEBUG:netmiko:read_channel: 
DEBUG:netmiko:write_channel: b'<?xml version="1.0" encoding="UTF-8"?><Request MajorVersion="1" MinorVersion="0"><CLI><Configuration>show running-config</Configuration></CLI></Request>\n'
DEBUG:netmiko:read_channel: 
DEBUG:netmiko:read_channel: 
DEBUG:netmiko:read_channel: 
DEBUG:netmiko:read_channel: 
DEBUG:netmiko:read_channel: 
DEBUG:netmiko:read_channel: <?xml version="1.0" encoding="UTF-8"?>
<Response MajorVersion="1" MinorVersion="0"><CLI><Configuration>
Building configuration...
!! IOS XR Configuration version = 6.4.1
!! Last configuration change at Wed Dec  9 14:47:59 2020 by admin
!
hostname r2
banner motd ;
--------------------------------------------------------------------------

--------------------------------------------------------------------------
;
logging console disable
service timestamps log datetime msec
service timestamps debug datetime msec
username admin
 group root-lr
 group cisco-support
 secret 5 $1$A4C9$oaNorr6BXDruE4gDd086L.
!
line console
 timestamp disable
 exec-timeout 0 0
 absolute-timeout 0
 session-timeout 0
!
line default
 exec-timeout 0 0
 absolute-timeout 0
 session-timeout 0
!
vty-pool default 0 4 line-template VTY-TEMPLATE
call-home
 service active
 contact smart-licensing
 profile CiscoTAC-1
  active
  destination transport-method http
 !
!
interface Bundle-Ether33
 description ==TEST1==
 mtu 9216
 bundle maximum-active links 2
 bundle minimum-active links 1
!
interface Bundle-Ether33.1
 description 95014353 National Bank Of Kenya-Nakuru
 vrf NBK
 ipv4 address 1.1.1.1 255.255.255.252
 encapsulation dot1q 3021 second-dot1q 3302
!
interface Bundle-Ether33.2
 description 95014354 National Bank Of Kenya Nakuru Hospital ATM
 vrf NBK
 ipv4 address 2.2.2.2 255.255.255.252
 encapsulation dot1q 3021 second-dot1q 3303
!
interface Bundle-Ether33.3
 description 95014450_Jamii_Bora_Bank-Nakuru_Backup
 vrf JAMII_BORA
 ipv4 address 172.30.17.53 255.255.255.252
 encapsulation dot1q 3021 second-dot1q 3304
!
interface Bundle-Ether33.4
 description 95015815 NBK-Westside Mall Nakuru ATM
 vrf NBK
 ipv4 address 172.30.17.77 255.255.255.252
 encapsulation dot1q 3021 second-dot1q 3311
!
interface Bundle-Ether33.5
 description TEST INTERFACE
!
interface MgmtEth0/RP0/CPU0/0
 description *** MANAGEMENT INTERFACE ***
 ipv4 address dhcp
!
interface GigabitEthe
DEBUG:netmiko:read_channel: rnet0/0/0/0
 bundle id 33 mode on
 shutdown
!
interface GigabitEthernet0/0/0/1
 bundle id 33 mode on
 shutdown
!
interface GigabitEthernet0/0/0/2
 shutdown
!
interface GigabitEthernet0/0/0/3
 shutdown
!
interface GigabitEthernet0/0/0/4
 shutdown
!
interface preconfigure MgmtEth0/0/CPU0/0
 shutdown
!
interface preconfigure GigabitEthernet0/0/0/5
 shutdown
!
interface preconfigure GigabitEthernet0/0/0/6
 shutdown
!
interface preconfigure GigabitEthernet0/0/0/7
 shutdown
!
router static
 address-family ipv4 unicast
  0.0.0.0/0 192.168.122.1
 !
!
xml agent tty
 iteration off
!
netconf-yang agent
 ssh
!
ssh server v2
ssh server netconf vrf default
router eigrp 200
 address-family ipv4
 !
 vrf NBK
  address-family ipv4
   default-metric 1024 100 255 1 1500
   autonomous-system 500
   redistribute connected
   redistribute static
   interface Bundle-Ether33.1
   !
   interface Bundle-Ether33.2
   !
   interface Bundle-Ether33.4
   !
  !
 !
!
end

</Configuration></CLI><ResultSummary ErrorCount="0"/></Response>
XML> 
DEBUG:netmiko:read_channel: 
DEBUG:netmiko:write_channel: b'<?xml version="1.0" encoding="UTF-8"?><Request MajorVersion="1" MinorVersion="0"><Clear/></Request>\n'
DEBUG:netmiko:read_channel: 
DEBUG:netmiko:read_channel: <?xml version="1.0" encoding="UTF-8"?>
<Response MajorVersion="1" MinorVersion="0"><Clear/><ResultSummary ErrorCount="0"/></Response>
DEBUG:netmiko:read_channel: 
DEBUG:netmiko:read_channel: 
DEBUG:netmiko:read_channel: 
XML> 
DEBUG:netmiko:read_channel: 
DEBUG:netmiko:write_channel: b'<?xml version="1.0" encoding="UTF-8"?><Request MajorVersion="1" MinorVersion="0"><Unlock/></Request>\n'
DEBUG:netmiko:read_channel: 
DEBUG:netmiko:read_channel: 
DEBUG:netmiko:read_channel: <?xml version="1.0" encoding="UTF-8"?>
<Response MajorVersion="1" MinorVersion="0"><Unlock/><ResultSummary ErrorCount="0"/></Response>
DEBUG:netmiko:read_channel: 
DEBUG:netmiko:read_channel: 
XML> 
DEBUG:paramiko.transport:[chan 0] EOF sent (0)
